1 9:1 10:1 13:1 32:1 34:1 44:1 46:1 98:1 103:1 1042:1 1052:1 1053:1 1056:1 1072:1 1073:1 1074:1 1075:1 1076:1 1077:1 1078:1 1079:1 1080:1 1082:1 1083:1 1084:1 1085:1 1086:1 1087:1 1088:1 1089:1 1090:1 1093:1 1094:1 1096:1 1098:1 1103:1 
1 9:1 10:1 13:1 32:1 40:1 41:1 46:1 52:1 69:1 91:1 93:1 98:1 103:1 1041:1 1048:1 1050:1 1054:1 1056:1 1072:1 1074:1 1075:1 1076:1 1077:1 1079:1 1080:1 1082:1 1083:1 1084:1 1085:1 1086:1 1087:1 1088:1 1089:1 1090:1 1094:1 1095:1 1096:1 1097:1 1098:1 1103:1 
1 9:1 10:1 13:1 32:1 46:1 54:1 98:1 103:1 1041:1 1049:1 1050:1 1052:1 1053:1 1054:1 1056:1 1072:1 1074:1 1075:1 1076:1 1077:1 1079:1 1080:1 1082:1 1083:1 1084:1 1085:1 1086:1 1087:1 1088:1 1089:1 1090:1 1091:1 1095:1 1096:1 1098:1 1102:1 1103:1 
1 9:1 10:1 13:1 32:1 34:1 44:1 46:1 98:1 103:1 1040:1 1041:1 1043:1 1048:1 1050:1 1052:1 1056:1 1057:1 1058:1 1059:1 1070:1 1072:1 1073:1 1074:1 1075:1 1076:1 1077:1 1078:1 1079:1 1080:1 1081:1 1082:1 1083:1 1084:1 1085:1 1086:1 1087:1 1088:1 1089:1 1090:1 1091:1 1093:1 1094:1 1095:1 1097:1 1098:1 1103:1 
1 9:1 10:1 13:1 32:1 44:1 46:1 98:1 103:1 1040:1 1042:1 1043:1 1050:1 1057:1 1072:1 1073:1 1074:1 1075:1 1076:1 1077:1 1078:1 1079:1 1080:1 1082:1 1083:1 1084:1 1085:1 1086:1 1088:1 1089:1 1090:1 1091:1 1093:1 1094:1 1095:1 1097:1 1098:1 1103:1 
1 9:1 10:1 13:1 32:1 44:1 46:1 98:1 103:1 1048:1 1072:1 1073:1 1074:1 1075:1 1076:1 1077:1 1078:1 1079:1 1080:1 1081:1 1082:1 1083:1 1084:1 1085:1 1086:1 1087:1 1088:1 1089:1 1090:1 1091:1 1094:1 1095:1 1097:1 1098:1 1103:1 
1 9:1 10:1 13:1 32:1 34:1 46:1 98:1 103:1 1040:1 1043:1 1050:1 1059:1 1062:1 1072:1 1073:1 1074:1 1075:1 1076:1 1077:1 1078:1 1079:1 1080:1 1081:1 1082:1 1083:1 1084:1 1085:1 1086:1 1087:1 1088:1 1089:1 1090:1 1091:1 1092:1 1094:1 1095:1 1097:1 1098:1 1102:1 1103:1 
1 9:1 10:1 13:1 32:1 34:1 44:1 46:1 98:1 103:1 1040:1 1041:1 1051:1 1058:1 1059:1 1072:1 1073:1 1074:1 1075:1 1076:1 1077:1 1078:1 1079:1 1080:1 1082:1 1083:1 1084:1 1085:1 1086:1 1087:1 1088:1 1089:1 1090:1 1091:1 1092:1 1096:1 1098:1 1103:1 
1 9:1 10:1 13:1 32:1 44:1 46:1 98:1 103:1 1072:1 1074:1 1076:1 1077:1 1079:1 1080:1 1082:1 1083:1 1084:1 1085:1 1086:1 1087:1 1088:1 1089:1 1090:1 1091:1 1093:1 1094:1 1095:1 1103:1 
1 9:1 10:1 13:1 32:1 44:1 46:1 48:1 49:1 50:1 56:1 69:1 83:1 84:1 98:1 101:1 103:1 105:1 109:1 115:1 160:1 1040:1 1050:1 1072:1 1074:1 1075:1 1076:1 1077:1 1078:1 1079:1 1080:1 1082:1 1083:1 1084:1 1085:1 1086:1 1087:1 1088:1 1089:1 1090:1 1091:1 1092:1 1094:1 1095:1 1096:1 1098:1 1102:1 1103:1 
1 9:1 10:1 13:1 32:1 44:1 46:1 98:1 103:1 1050:1 1072:1 1073:1 1074:1 1075:1 1076:1 1077:1 1078:1 1079:1 1080:1 1082:1 1083:1 1084:1 1085:1 1086:1 1087:1 1088:1 1089:1 1090:1 1091:1 1092:1 1094:1 1095:1 1096:1 1098:1 
1 9:1 10:1 13:1 32:1 44:1 46:1 98:1 103:1 1042:1 1044:1 1052:1 1054:1 1056:1 1072:1 1073:1 1074:1 1075:1 1076:1 1077:1 1078:1 1079:1 1080:1 1081:1 1082:1 1083:1 1084:1 1085:1 1086:1 1087:1 1088:1 1089:1 1090:1 1091:1 1092:1 1093:1 1094:1 1095:1 1096:1 1097:1 1098:1 1103:1 
1 9:1 10:1 13:1 32:1 44:1 46:1 48:1 50:1 52:1 98:1 103:1 1041:1 1044:1 1053:1 1072:1 1073:1 1074:1 1075:1 1076:1 1077:1 1078:1 1079:1 1080:1 1081:1 1082:1 1083:1 1084:1 1085:1 1086:1 1087:1 1088:1 1089:1 1090:1 1091:1 1094:1 1095:1 1097:1 1098:1 1103:1 
1 9:1 10:1 13:1 32:1 44:1 45:1 46:1 98:1 103:1 1045:1 1057:1 1072:1 1073:1 1074:1 1075:1 1076:1 1077:1 1078:1 1079:1 1080:1 1081:1 1082:1 1083:1 1084:1 1085:1 1086:1 1087:1 1088:1 1089:1 1090:1 1091:1 1092:1 1094:1 1095:1 1096:1 1098:1 1103:1 
1 9:1 10:1 13:1 32:1 34:1 44:1 46:1 98:1 103:1 1045:1 1047:1 1050:1 1055:1 1072:1 1073:1 1074:1 1075:1 1076:1 1077:1 1078:1 1079:1 1080:1 1082:1 1083:1 1084:1 1085:1 1086:1 1087:1 1088:1 1089:1 1090:1 1091:1 1092:1 1094:1 1095:1 1096:1 1097:1 1098:1 1103:1 
1 9:1 10:1 13:1 32:1 44:1 46:1 98:1 103:1 1072:1 1073:1 1074:1 1075:1 1076:1 1077:1 1078:1 1079:1 1080:1 1082:1 1083:1 1084:1 1085:1 1086:1 1087:1 1088:1 1089:1 1090:1 1091:1 1095:1 1097:1 1098:1 1103:1 
1 9:1 10:1 13:1 32:1 44:1 46:1 49:1 50:1 98:1 103:1 1057:1 1063:1 1072:1 1073:1 1074:1 1075:1 1076:1 1077:1 1078:1 1080:1 1082:1 1083:1 1084:1 1085:1 1086:1 1087:1 1088:1 1089:1 1090:1 1091:1 1092:1 1093:1 1094:1 1096:1 1098:1 1103:1 
1 9:1 10:1 13:1 32:1 44:1 46:1 98:1 103:1 1041:1 1050:1 1072:1 1074:1 1075:1 1076:1 1077:1 1078:1 1079:1 1080:1 1081:1 1082:1 1083:1 1084:1 1085:1 1086:1 1087:1 1088:1 1089:1 1090:1 1092:1 1093:1 1094:1 1096:1 1097:1 1098:1 1103:1 
1 9:1 10:1 13:1 32:1 44:1 46:1 98:1 103:1 1054:1 1060:1 1072:1 1073:1 1074:1 1075:1 1076:1 1077:1 1078:1 1079:1 1080:1 1081:1 1082:1 1083:1 1084:1 1085:1 1086:1 1087:1 1088:1 1089:1 1090:1 1091:1 1093:1 1094:1 1095:1 1098:1 1102:1 1103:1 
1 9:1 10:1 13:1 32:1 37:1 44:1 46:1 48:1 49:1 50:1 51:1 52:1 53:1 55:1 98:1 103:1 1041:1 1042:1 1055:1 1057:1 1072:1 1073:1 1074:1 1075:1 1076:1 1077:1 1078:1 1079:1 1080:1 1082:1 1083:1 1084:1 1085:1 1086:1 1087:1 1088:1 1089:1 1090:1 1092:1 1094:1 1098:1 1102:1 1103:1 
1 9:1 10:1 13:1 32:1 44:1 46:1 48:1 50:1 57:1 98:1 103:1 160:1 1041:1 1045:1 1056:1 1059:1 1072:1 1073:1 1074:1 1075:1 1076:1 1077:1 1078:1 1079:1 1080:1 1081:1 1082:1 1083:1 1084:1 1085:1 1086:1 1087:1 1088:1 1089:1 1090:1 1091:1 1092:1 1093:1 1094:1 1095:1 1096:1 1097:1 1098:1 1103:1 
1 9:1 10:1 13:1 32:1 40:1 41:1 44:1 46:1 98:1 103:1 1042:1 1057:1 1072:1 1073:1 1074:1 1075:1 1076:1 1077:1 1079:1 1080:1 1082:1 1083:1 1084:1 1085:1 1086:1 1087:1 1088:1 1089:1 1090:1 1094:1 1095:1 1096:1 1098:1 1103:1 
1 9:1 10:1 13:1 32:1 34:1 44:1 46:1 98:1 103:1 1044:1 1048:1 1050:1 1052:1 1055:1 1057:1 1058:1 1060:1 1072:1 1074:1 1075:1 1076:1 1077:1 1078:1 1080:1 1082:1 1083:1 1084:1 1085:1 1086:1 1087:1 1088:1 1089:1 1090:1 1091:1 1094:1 1095:1 1096:1 1097:1 1098:1 1103:1 
1 9:1 10:1 13:1 32:1 44:1 46:1 98:1 103:1 1072:1 1073:1 1074:1 1075:1 1076:1 1077:1 1078:1 1079:1 1080:1 1082:1 1083:1 1084:1 1085:1 1086:1 1087:1 1088:1 1089:1 1090:1 1091:1 1092:1 1093:1 1095:1 1097:1 1098:1 1103:1 
1 9:1 10:1 13:1 32:1 37:1 40:1 41:1 44:1 46:1 49:1 50:1 53:1 55:1 56:1 98:1 103:1 1045:1 1057:1 1072:1 1073:1 1074:1 1076:1 1077:1 1079:1 1080:1 1081:1 1082:1 1083:1 1084:1 1085:1 1086:1 1087:1 1088:1 1089:1 1090:1 1092:1 1093:1 1094:1 1095:1 1097:1 1098:1 
1 9:1 10:1 13:1 32:1 44:1 46:1 98:1 103:1 1072:1 1073:1 1074:1 1076:1 1077:1 1078:1 1079:1 1080:1 1082:1 1083:1 1085:1 1086:1 1087:1 1088:1 1089:1 1090:1 1092:1 1093:1 1094:1 1095:1 1098:1 1102:1 1103:1 
1 9:1 10:1 13:1 32:1 34:1 44:1 45:1 46:1 98:1 103:1 1053:1 1054:1 1056:1 1072:1 1073:1 1074:1 1075:1 1076:1 1077:1 1078:1 1079:1 1080:1 1082:1 1083:1 1084:1 1085:1 1086:1 1087:1 1088:1 1089:1 1090:1 1091:1 1092:1 1095:1 1096:1 1097:1 1098:1 1102:1 1103:1 
1 9:1 10:1 13:1 32:1 44:1 46:1 48:1 50:1 69:1 83:1 84:1 98:1 101:1 103:1 105:1 109:1 115:1 160:1 1056:1 1063:1 1072:1 1073:1 1074:1 1075:1 1076:1 1077:1 1078:1 1079:1 1080:1 1082:1 1083:1 1084:1 1085:1 1086:1 1087:1 1088:1 1089:1 1090:1 1093:1 1094:1 1095:1 1096:1 1098:1 1103:1 8220:1 
1 9:1 10:1 13:1 32:1 44:1 46:1 98:1 103:1 1041:1 1062:1 1072:1 1073:1 1074:1 1075:1 1076:1 1077:1 1079:1 1080:1 1081:1 1082:1 1083:1 1084:1 1085:1 1086:1 1087:1 1088:1 1089:1 1090:1 1095:1 1096:1 1097:1 1098:1 1103:1 
1 9:1 10:1 13:1 32:1 34:1 44:1 46:1 98:1 103:1 1052:1 1057:1 1062:1 1072:1 1073:1 1074:1 1075:1 1076:1 1077:1 1078:1 1079:1 1080:1 1081:1 1082:1 1083:1 1084:1 1085:1 1086:1 1087:1 1088:1 1089:1 1090:1 1091:1 1092:1 1095:1 1096:1 1097:1 1098:1 1103:1 
1 9:1 10:1 13:1 32:1 34:1 44:1 46:1 54:1 98:1 103:1 1041:1 1050:1 1072:1 1074:1 1075:1 1076:1 1077:1 1078:1 1079:1 1080:1 1081:1 1082:1 1083:1 1084:1 1085:1 1086:1 1087:1 1088:1 1089:1 1090:1 1091:1 1095:1 1097:1 1098:1 1103:1 
1 9:1 10:1 13:1 32:1 40:1 41:1 44:1 45:1 46:1 98:1 103:1 1040:1 1041:1 1045:1 1050:1 1052:1 1053:1 1054:1 1056:1 1057:1 1058:1 1072:1 1073:1 1074:1 1075:1 1076:1 1077:1 1079:1 1080:1 1081:1 1082:1 1083:1 1084:1 1085:1 1086:1 1087:1 1088:1 1089:1 1090:1 1091:1 1093:1 1094:1 1095:1 1096:1 1098:1 1103:1 
1 9:1 10:1 13:1 32:1 34:1 44:1 46:1 98:1 103:1 1056:1 1064:1 1070:1 1072:1 1073:1 1074:1 1075:1 1076:1 1077:1 1078:1 1079:1 1080:1 1081:1 1082:1 1083:1 1084:1 1085:1 1086:1 1087:1 1088:1 1089:1 1090:1 1091:1 1093:1 1094:1 1095:1 1096:1 1098:1 1102:1 1103:1 
1 9:1 10:1 13:1 32:1 44:1 46:1 98:1 103:1 1072:1 1073:1 1074:1 1075:1 1076:1 1077:1 1080:1 1081:1 1082:1 1083:1 1085:1 1086:1 1087:1 1088:1 1089:1 1090:1 1091:1 1093:1 1095:1 1097:1 1098:1 1103:1 
1 9:1 10:1 13:1 32:1 34:1 44:1 46:1 98:1 103:1 1044:1 1052:1 1054:1 1072:1 1073:1 1074:1 1075:1 1076:1 1077:1 1078:1 1079:1 1080:1 1082:1 1083:1 1084:1 1085:1 1086:1 1087:1 1088:1 1089:1 1090:1 1091:1 1092:1 1094:1 1095:1 1096:1 1098:1 1102:1 1103:1 
1 9:1 10:1 13:1 32:1 34:1 44:1 46:1 65:1 67:1 71:1 73:1 80:1 82:1 83:1 97:1 98:1 100:1 101:1 103:1 105:1 108:1 109:1 110:1 111:1 112:1 114:1 115:1 116:1 117:1 118:1 1041:1 1049:1 1055:1 1072:1 1073:1 1074:1 1075:1 1076:1 1077:1 1078:1 1079:1 1080:1 1082:1 1083:1 1084:1 1085:1 1086:1 1087:1 1088:1 1089:1 1090:1 1091:1 1094:1 1097:1 1098:1 1103:1 
1 9:1 10:1 13:1 32:1 44:1 46:1 98:1 103:1 1041:1 1043:1 1052:1 1056:1 1057:1 1070:1 1072:1 1073:1 1074:1 1075:1 1076:1 1077:1 1078:1 1079:1 1080:1 1081:1 1082:1 1083:1 1084:1 1085:1 1086:1 1087:1 1088:1 1089:1 1090:1 1091:1 1092:1 1093:1 1094:1 1095:1 1096:1 1097:1 1098:1 1103:1 8211:1 8221:1 8222:1 
1 9:1 10:1 13:1 32:1 46:1 98:1 103:1 1040:1 1041:1 1044:1 1052:1 1063:1 1072:1 1073:1 1074:1 1075:1 1076:1 1077:1 1078:1 1079:1 1080:1 1082:1 1083:1 1084:1 1085:1 1086:1 1087:1 1088:1 1089:1 1090:1 1091:1 1094:1 1095:1 1096:1 1098:1 1103:1 
1 9:1 10:1 13:1 32:1 34:1 37:1 44:1 45:1 46:1 48:1 49:1 51:1 53:1 55:1 98:1 103:1 1040:1 1041:1 1043:1 1045:1 1048:1 1050:1 1055:1 1070:1 1072:1 1073:1 1074:1 1075:1 1076:1 1077:1 1078:1 1079:1 1080:1 1081:1 1082:1 1083:1 1084:1 1085:1 1086:1 1087:1 1088:1 1089:1 1090:1 1091:1 1094:1 1095:1 1097:1 1098:1 1102:1 1103:1 
1 9:1 10:1 13:1 32:1 34:1 44:1 46:1 98:1 103:1 1040:1 1041:1 1043:1 1044:1 1048:1 1072:1 1073:1 1074:1 1075:1 1076:1 1077:1 1079:1 1080:1 1082:1 1083:1 1084:1 1085:1 1086:1 1087:1 1088:1 1089:1 1090:1 1091:1 1094:1 1096:1 1097:1 1098:1 1103:1 
1 9:1 10:1 13:1 32:1 44:1 46:1 98:1 103:1 1072:1 1073:1 1074:1 1075:1 1076:1 1077:1 1078:1 1079:1 1080:1 1081:1 1082:1 1083:1 1084:1 1085:1 1086:1 1087:1 1088:1 1089:1 1090:1 1091:1 1093:1 1094:1 1096:1 1097:1 1098:1 1103:1 
1 9:1 10:1 13:1 32:1 44:1 46:1 91:1 93:1 98:1 103:1 1072:1 1073:1 1074:1 1076:1 1077:1 1079:1 1080:1 1082:1 1083:1 1084:1 1085:1 1086:1 1087:1 1088:1 1089:1 1090:1 1091:1 1092:1 1094:1 1095:1 1096:1 1097:1 1103:1 
1 9:1 10:1 13:1 32:1 40:1 41:1 44:1 46:1 48:1 49:1 98:1 103:1 1042:1 1043:1 1063:1 1072:1 1073:1 1074:1 1075:1 1076:1 1077:1 1078:1 1079:1 1080:1 1081:1 1082:1 1083:1 1084:1 1085:1 1086:1 1087:1 1088:1 1089:1 1090:1 1091:1 1092:1 1094:1 1095:1 1097:1 8470:1 
1 9:1 10:1 13:1 32:1 44:1 46:1 98:1 103:1 1041:1 1044:1 1064:1 1072:1 1073:1 1074:1 1075:1 1076:1 1077:1 1078:1 1079:1 1080:1 1081:1 1082:1 1083:1 1084:1 1085:1 1086:1 1087:1 1088:1 1089:1 1090:1 1091:1 1094:1 1095:1 1097:1 1100:1 1102:1 1103:1 
1 9:1 10:1 13:1 32:1 46:1 50:1 51:1 98:1 103:1 1057:1 1072:1 1073:1 1074:1 1075:1 1076:1 1077:1 1079:1 1080:1 1082:1 1083:1 1084:1 1085:1 1086:1 1087:1 1088:1 1089:1 1090:1 1094:1 1095:1 1097:1 
1 9:1 10:1 13:1 32:1 44:1 46:1 98:1 103:1 1041:1 1057:1 1061:1 1072:1 1074:1 1075:1 1076:1 1077:1 1078:1 1079:1 1080:1 1082:1 1083:1 1084:1 1085:1 1086:1 1087:1 1088:1 1089:1 1090:1 1091:1 1093:1 1094:1 1095:1 1096:1 1097:1 1098:1 1102:1 1103:1 
1 9:1 10:1 13:1 32:1 44:1 46:1 98:1 103:1 1072:1 1073:1 1074:1 1075:1 1076:1 1077:1 1079:1 1080:1 1082:1 1083:1 1084:1 1085:1 1086:1 1087:1 1088:1 1089:1 1090:1 1093:1 1094:1 1095:1 1097:1 1098:1 1103:1 
1 9:1 10:1 13:1 32:1 44:1 46:1 98:1 103:1 1072:1 1073:1 1074:1 1076:1 1077:1 1079:1 1080:1 1082:1 1083:1 1084:1 1085:1 1086:1 1087:1 1088:1 1089:1 1090:1 1091:1 1092:1 1094:1 1095:1 1097:1 1098:1 1103:1 
1 9:1 10:1 13:1 32:1 44:1 46:1 98:1 103:1 1072:1 1073:1 1074:1 1075:1 1076:1 1077:1 1078:1 1079:1 1080:1 1082:1 1083:1 1084:1 1085:1 1086:1 1087:1 1088:1 1089:1 1090:1 1091:1 1092:1 1093:1 1094:1 1095:1 1096:1 1097:1 1098:1 1103:1 
1 9:1 10:1 13:1 32:1 40:1 41:1 44:1 46:1 48:1 49:1 98:1 103:1 1043:1 1044:1 1048:1 1055:1 1057:1 1058:1 1061:1 1072:1 1073:1 1074:1 1075:1 1076:1 1077:1 1079:1 1080:1 1082:1 1083:1 1084:1 1085:1 1086:1 1087:1 1088:1 1089:1 1090:1 1091:1 1092:1 1094:1 1095:1 1096:1 1098:1 1103:1 8220:1 8221:1 
1 9:1 10:1 13:1 32:1 44:1 46:1 98:1 103:1 1045:1 1072:1 1073:1 1074:1 1076:1 1077:1 1078:1 1079:1 1080:1 1082:1 1083:1 1084:1 1085:1 1086:1 1087:1 1088:1 1089:1 1090:1 1091:1 1095:1 1096:1 1097:1 1098:1 8221:1 
1 9:1 10:1 13:1 32:1 44:1 46:1 98:1 103:1 1072:1 1073:1 1074:1 1075:1 1076:1 1077:1 1079:1 1080:1 1081:1 1082:1 1083:1 1084:1 1085:1 1086:1 1087:1 1088:1 1089:1 1090:1 1093:1 1095:1 1096:1 1097:1 1098:1 1103:1 
1 9:1 10:1 13:1 32:1 34:1 44:1 46:1 98:1 103:1 1048:1 1057:1 1072:1 1074:1 1075:1 1076:1 1077:1 1078:1 1079:1 1080:1 1081:1 1082:1 1083:1 1084:1 1085:1 1086:1 1087:1 1088:1 1089:1 1090:1 1093:1 1095:1 1097:1 1098:1 1103:1 
1 9:1 10:1 13:1 32:1 33:1 44:1 98:1 103:1 1041:1 1053:1 1054:1 1057:1 1072:1 1074:1 1075:1 1076:1 1077:1 1079:1 1080:1 1081:1 1082:1 1083:1 1084:1 1085:1 1086:1 1087:1 1088:1 1089:1 1090:1 1091:1 1093:1 1095:1 1098:1 1103:1 
1 9:1 10:1 13:1 32:1 44:1 46:1 98:1 103:1 1050:1 1061:1 1072:1 1074:1 1076:1 1077:1 1078:1 1079:1 1080:1 1082:1 1083:1 1084:1 1085:1 1086:1 1087:1 1088:1 1089:1 1090:1 1091:1 1093:1 1094:1 1095:1 1097:1 1098:1 1103:1 8221:1 
1 9:1 10:1 13:1 32:1 34:1 37:1 44:1 46:1 51:1 55:1 59:1 98:1 103:1 1043:1 1055:1 1058:1 1072:1 1073:1 1074:1 1075:1 1076:1 1077:1 1078:1 1079:1 1080:1 1082:1 1083:1 1084:1 1085:1 1086:1 1087:1 1088:1 1089:1 1090:1 1091:1 1092:1 1093:1 1095:1 1096:1 1098:1 1103:1 
1 9:1 10:1 13:1 32:1 44:1 46:1 50:1 55:1 98:1 103:1 1040:1 1044:1 1050:1 1053:1 1057:1 1072:1 1073:1 1074:1 1075:1 1076:1 1077:1 1078:1 1079:1 1080:1 1081:1 1082:1 1083:1 1084:1 1085:1 1086:1 1087:1 1088:1 1089:1 1090:1 1093:1 1094:1 1095:1 1096:1 1097:1 1098:1 1103:1 
1 9:1 10:1 13:1 32:1 44:1 46:1 98:1 103:1 1051:1 1056:1 1072:1 1073:1 1074:1 1075:1 1076:1 1077:1 1079:1 1080:1 1082:1 1083:1 1084:1 1085:1 1086:1 1087:1 1088:1 1089:1 1090:1 1091:1 1093:1 1095:1 1096:1 1098:1 1102:1 1103:1 
1 9:1 10:1 13:1 32:1 40:1 41:1 44:1 46:1 98:1 103:1 1048:1 1057:1 1072:1 1073:1 1074:1 1076:1 1077:1 1079:1 1080:1 1081:1 1082:1 1083:1 1085:1 1086:1 1087:1 1088:1 1089:1 1090:1 1091:1 1092:1 1093:1 1094:1 1095:1 1096:1 1097:1 1098:1 1103:1 
1 9:1 10:1 13:1 32:1 46:1 98:1 103:1 1045:1 1057:1 1063:1 1072:1 1073:1 1074:1 1075:1 1076:1 1077:1 1079:1 1080:1 1082:1 1083:1 1085:1 1086:1 1087:1 1088:1 1089:1 1090:1 1094:1 1095:1 1097:1 1098:1 1103:1 
1 9:1 10:1 13:1 32:1 44:1 46:1 98:1 103:1 1054:1 1072:1 1073:1 1074:1 1076:1 1077:1 1079:1 1080:1 1082:1 1083:1 1084:1 1085:1 1086:1 1087:1 1088:1 1089:1 1090:1 1091:1 1092:1 1093:1 1094:1 1095:1 1097:1 1098:1 1103:1 
1 9:1 10:1 13:1 32:1 44:1 46:1 98:1 103:1 1042:1 1045:1 1056:1 1057:1 1072:1 1073:1 1074:1 1075:1 1076:1 1077:1 1079:1 1080:1 1081:1 1082:1 1083:1 1084:1 1085:1 1086:1 1087:1 1088:1 1089:1 1090:1 1093:1 1094:1 1095:1 1097:1 1098:1 1103:1 8211:1 8222:1 
1 9:1 10:1 13:1 32:1 44:1 45:1 46:1 98:1 103:1 1050:1 1053:1 1058:1 1072:1 1073:1 1074:1 1075:1 1076:1 1077:1 1078:1 1079:1 1080:1 1082:1 1083:1 1084:1 1085:1 1086:1 1087:1 1088:1 1089:1 1090:1 1091:1 1092:1 1095:1 1097:1 1098:1 1102:1 1103:1 
1 9:1 10:1 13:1 32:1 34:1 44:1 46:1 48:1 49:1 50:1 98:1 103:1 1050:1 1072:1 1073:1 1074:1 1075:1 1076:1 1077:1 1079:1 1080:1 1081:1 1082:1 1083:1 1084:1 1085:1 1086:1 1087:1 1088:1 1089:1 1090:1 1091:1 1094:1 1095:1 1096:1 1097:1 1098:1 1103:1 8222:1 
1 9:1 10:1 13:1 32:1 44:1 45:1 46:1 59:1 98:1 103:1 1053:1 1054:1 1055:1 1063:1 1072:1 1073:1 1074:1 1075:1 1076:1 1077:1 1078:1 1079:1 1080:1 1081:1 1082:1 1083:1 1084:1 1085:1 1086:1 1087:1 1088:1 1089:1 1090:1 1091:1 1093:1 1094:1 1095:1 1096:1 1098:1 1103:1 8211:1 
1 9:1 10:1 13:1 32:1 34:1 44:1 45:1 46:1 98:1 103:1 1045:1 1050:1 1057:1 1058:1 1060:1 1072:1 1073:1 1074:1 1075:1 1076:1 1077:1 1078:1 1079:1 1080:1 1081:1 1082:1 1083:1 1084:1 1085:1 1086:1 1087:1 1088:1 1089:1 1090:1 1091:1 1093:1 1094:1 1095:1 1096:1 1098:1 1103:1 
1 9:1 10:1 13:1 32:1 44:1 46:1 67:1 80:1 97:1 98:1 101:1 103:1 107:1 108:1 110:1 114:1 116:1 1072:1 1073:1 1074:1 1075:1 1076:1 1077:1 1078:1 1079:1 1080:1 1081:1 1082:1 1083:1 1084:1 1085:1 1086:1 1087:1 1088:1 1089:1 1090:1 1091:1 1092:1 1095:1 1098:1 1103:1 
1 9:1 10:1 13:1 32:1 44:1 46:1 48:1 50:1 98:1 103:1 1041:1 1042:1 1057:1 1071:1 1072:1 1073:1 1074:1 1075:1 1076:1 1077:1 1078:1 1079:1 1080:1 1082:1 1083:1 1084:1 1085:1 1086:1 1087:1 1088:1 1089:1 1090:1 1091:1 1092:1 1093:1 1094:1 1095:1 1097:1 1098:1 1103:1 
1 9:1 10:1 13:1 32:1 40:1 41:1 44:1 46:1 98:1 103:1 1041:1 1045:1 1052:1 1053:1 1057:1 1058:1 1061:1 1070:1 1072:1 1073:1 1074:1 1075:1 1076:1 1077:1 1078:1 1079:1 1080:1 1081:1 1082:1 1083:1 1084:1 1085:1 1086:1 1087:1 1088:1 1089:1 1090:1 1091:1 1093:1 1094:1 1095:1 1096:1 1098:1 1103:1 
1 9:1 10:1 13:1 32:1 44:1 46:1 98:1 103:1 1057:1 1072:1 1073:1 1074:1 1075:1 1076:1 1077:1 1078:1 1079:1 1080:1 1082:1 1083:1 1084:1 1085:1 1086:1 1087:1 1088:1 1089:1 1090:1 1091:1 1093:1 1097:1 1098:1 1103:1 
1 9:1 10:1 13:1 32:1 34:1 40:1 41:1 44:1 45:1 46:1 49:1 50:1 98:1 103:1 1044:1 1052:1 1062:1 1072:1 1073:1 1074:1 1075:1 1076:1 1077:1 1078:1 1079:1 1080:1 1081:1 1082:1 1083:1 1084:1 1085:1 1086:1 1087:1 1088:1 1089:1 1090:1 1091:1 1094:1 1095:1 1096:1 1097:1 1098:1 1103:1 
1 9:1 10:1 13:1 32:1 44:1 46:1 98:1 103:1 1041:1 1042:1 1043:1 1054:1 1055:1 1056:1 1072:1 1073:1 1074:1 1075:1 1076:1 1077:1 1078:1 1079:1 1080:1 1082:1 1083:1 1084:1 1085:1 1086:1 1087:1 1088:1 1089:1 1090:1 1091:1 1093:1 1094:1 1095:1 1096:1 1097:1 1098:1 1103:1 
1 9:1 10:1 13:1 32:1 44:1 46:1 98:1 103:1 1072:1 1073:1 1074:1 1075:1 1076:1 1077:1 1078:1 1079:1 1080:1 1081:1 1082:1 1083:1 1085:1 1086:1 1087:1 1088:1 1089:1 1090:1 1094:1 1095:1 1097:1 1098:1 1103:1 
1 9:1 10:1 13:1 32:1 40:1 41:1 44:1 46:1 98:1 103:1 1072:1 1073:1 1074:1 1075:1 1076:1 1077:1 1079:1 1080:1 1081:1 1082:1 1083:1 1084:1 1085:1 1086:1 1087:1 1088:1 1089:1 1090:1 1091:1 1093:1 1094:1 1095:1 1096:1 1098:1 
1 9:1 10:1 13:1 32:1 34:1 44:1 46:1 98:1 103:1 1040:1 1050:1 1072:1 1073:1 1074:1 1076:1 1077:1 1078:1 1079:1 1080:1 1082:1 1083:1 1084:1 1085:1 1086:1 1087:1 1088:1 1089:1 1090:1 1093:1 1094:1 1095:1 1098:1 1102:1 1103:1 
1 9:1 10:1 13:1 32:1 46:1 98:1 103:1 1058:1 1072:1 1073:1 1074:1 1075:1 1076:1 1077:1 1078:1 1079:1 1080:1 1082:1 1083:1 1084:1 1085:1 1086:1 1087:1 1088:1 1089:1 1090:1 1095:1 1096:1 1097:1 1100:1 1102:1 1103:1 
1 9:1 10:1 13:1 32:1 34:1 44:1 46:1 98:1 103:1 1043:1 1054:1 1057:1 1058:1 1072:1 1073:1 1074:1 1075:1 1076:1 1077:1 1078:1 1079:1 1080:1 1082:1 1083:1 1084:1 1085:1 1086:1 1087:1 1088:1 1089:1 1090:1 1093:1 1095:1 1098:1 1103:1 8222:1 
1 9:1 10:1 13:1 32:1 34:1 44:1 46:1 48:1 52:1 98:1 103:1 1045:1 1053:1 1054:1 1057:1 1058:1 1060:1 1072:1 1073:1 1074:1 1075:1 1076:1 1077:1 1078:1 1079:1 1080:1 1082:1 1083:1 1084:1 1085:1 1086:1 1087:1 1088:1 1089:1 1090:1 1091:1 1093:1 1094:1 1095:1 1097:1 1098:1 1102:1 1103:1 
1 9:1 10:1 13:1 32:1 34:1 44:1 46:1 98:1 103:1 1040:1 1050:1 1051:1 1054:1 1072:1 1073:1 1074:1 1075:1 1076:1 1077:1 1078:1 1079:1 1080:1 1081:1 1082:1 1083:1 1084:1 1085:1 1086:1 1087:1 1088:1 1089:1 1090:1 1092:1 1093:1 1094:1 1095:1 1097:1 1098:1 1102:1 1103:1 
1 9:1 10:1 13:1 32:1 44:1 46:1 98:1 103:1 1042:1 1056:1 1057:1 1072:1 1074:1 1075:1 1076:1 1077:1 1079:1 1080:1 1081:1 1082:1 1083:1 1084:1 1085:1 1086:1 1087:1 1088:1 1089:1 1090:1 1091:1 1095:1 1097:1 1098:1 1103:1 
1 9:1 10:1 13:1 32:1 44:1 45:1 46:1 98:1 103:1 1072:1 1073:1 1074:1 1076:1 1077:1 1078:1 1079:1 1080:1 1081:1 1082:1 1083:1 1084:1 1085:1 1086:1 1087:1 1088:1 1089:1 1090:1 1093:1 1094:1 1095:1 1098:1 1103:1 
1 9:1 10:1 13:1 32:1 44:1 46:1 98:1 103:1 1044:1 1072:1 1073:1 1074:1 1075:1 1076:1 1077:1 1078:1 1079:1 1080:1 1082:1 1083:1 1084:1 1085:1 1086:1 1087:1 1088:1 1089:1 1090:1 1091:1 1093:1 1097:1 1098:1 1103:1 
1 9:1 10:1 13:1 32:1 44:1 46:1 98:1 103:1 1072:1 1074:1 1075:1 1076:1 1077:1 1079:1 1080:1 1082:1 1083:1 1084:1 1085:1 1086:1 1087:1 1088:1 1089:1 1090:1 1095:1 1096:1 1098:1 1103:1 
1 9:1 10:1 13:1 32:1 44:1 46:1 98:1 103:1 1043:1 1053:1 1072:1 1073:1 1074:1 1075:1 1076:1 1077:1 1078:1 1080:1 1082:1 1083:1 1084:1 1085:1 1086:1 1087:1 1088:1 1089:1 1090:1 1091:1 1094:1 1095:1 1097:1 1098:1 1102:1 1103:1 
1 9:1 10:1 13:1 32:1 44:1 46:1 98:1 103:1 1072:1 1073:1 1074:1 1075:1 1076:1 1077:1 1078:1 1079:1 1080:1 1082:1 1083:1 1084:1 1085:1 1086:1 1087:1 1088:1 1089:1 1090:1 1091:1 1093:1 1094:1 1095:1 1098:1 1102:1 1103:1 
1 9:1 10:1 13:1 32:1 44:1 46:1 98:1 103:1 1072:1 1073:1 1074:1 1076:1 1077:1 1078:1 1079:1 1080:1 1081:1 1082:1 1083:1 1084:1 1085:1 1086:1 1087:1 1088:1 1089:1 1090:1 1092:1 1093:1 1094:1 1095:1 1096:1 1097:1 1098:1 1103:1 
1 9:1 10:1 13:1 32:1 34:1 44:1 45:1 46:1 48:1 49:1 53:1 56:1 98:1 103:1 1042:1 1050:1 1052:1 1053:1 1059:1 1072:1 1073:1 1074:1 1075:1 1076:1 1077:1 1079:1 1080:1 1082:1 1083:1 1084:1 1085:1 1086:1 1087:1 1088:1 1089:1 1090:1 1091:1 1093:1 1094:1 1095:1 1097:1 1098:1 1103:1 
1 9:1 10:1 13:1 32:1 34:1 44:1 46:1 98:1 103:1 1041:1 1057:1 1072:1 1073:1 1074:1 1075:1 1077:1 1079:1 1080:1 1082:1 1083:1 1084:1 1085:1 1086:1 1087:1 1088:1 1089:1 1090:1 1094:1 1098:1 1103:1 
1 9:1 10:1 13:1 32:1 44:1 46:1 65:1 97:1 98:1 99:1 100:1 101:1 103:1 104:1 105:1 106:1 109:1 110:1 111:1 114:1 115:1 116:1 119:1 122:1 1072:1 1073:1 1074:1 1075:1 1076:1 1077:1 1078:1 1079:1 1080:1 1082:1 1083:1 1084:1 1085:1 1086:1 1087:1 1088:1 1089:1 1090:1 1091:1 1094:1 1095:1 1096:1 1098:1 1103:1 
1 9:1 10:1 13:1 32:1 44:1 46:1 48:1 49:1 50:1 54:1 55:1 57:1 98:1 103:1 1043:1 1044:1 1058:1 1072:1 1074:1 1075:1 1076:1 1077:1 1078:1 1079:1 1080:1 1081:1 1082:1 1083:1 1084:1 1085:1 1086:1 1087:1 1088:1 1089:1 1090:1 1091:1 1094:1 1097:1 1098:1 1102:1 1103:1 
1 9:1 10:1 13:1 32:1 34:1 44:1 46:1 49:1 57:1 98:1 103:1 1070:1 1072:1 1073:1 1074:1 1075:1 1076:1 1077:1 1079:1 1080:1 1081:1 1082:1 1083:1 1084:1 1085:1 1086:1 1087:1 1088:1 1089:1 1090:1 1091:1 1095:1 1096:1 1098:1 1102:1 1103:1 
1 9:1 10:1 13:1 32:1 37:1 40:1 41:1 44:1 45:1 46:1 49:1 51:1 52:1 53:1 55:1 56:1 98:1 103:1 1040:1 1044:1 1053:1 1055:1 1057:1 1059:1 1061:1 1072:1 1074:1 1075:1 1076:1 1077:1 1078:1 1080:1 1081:1 1082:1 1083:1 1084:1 1085:1 1086:1 1087:1 1088:1 1089:1 1090:1 1091:1 1094:1 1095:1 1097:1 1098:1 1103:1 
1 9:1 10:1 13:1 32:1 44:1 46:1 73:1 80:1 83:1 86:1 98:1 99:1 101:1 103:1 105:1 114:1 116:1 117:1 121:1 1072:1 1073:1 1074:1 1075:1 1076:1 1077:1 1078:1 1079:1 1080:1 1082:1 1083:1 1084:1 1085:1 1086:1 1087:1 1088:1 1089:1 1090:1 1091:1 1092:1 1095:1 1098:1 1103:1 
1 9:1 10:1 13:1 32:1 34:1 44:1 45:1 46:1 49:1 51:1 52:1 98:1 103:1 1042:1 1050:1 1072:1 1073:1 1074:1 1075:1 1076:1 1077:1 1078:1 1079:1 1080:1 1082:1 1083:1 1084:1 1085:1 1086:1 1087:1 1088:1 1089:1 1090:1 1091:1 1095:1 1097:1 1098:1 1103:1 
1 9:1 10:1 13:1 32:1 46:1 98:1 103:1 1040:1 1041:1 1042:1 1057:1 1065:1 1072:1 1074:1 1075:1 1076:1 1077:1 1078:1 1079:1 1080:1 1081:1 1082:1 1083:1 1084:1 1085:1 1086:1 1087:1 1088:1 1089:1 1090:1 1091:1 1095:1 1097:1 1098:1 1102:1 1103:1 
1 9:1 10:1 13:1 32:1 44:1 46:1 98:1 103:1 1042:1 1072:1 1073:1 1074:1 1075:1 1076:1 1077:1 1078:1 1079:1 1080:1 1082:1 1083:1 1084:1 1085:1 1086:1 1087:1 1088:1 1089:1 1090:1 1091:1 1094:1 1095:1 1097:1 1098:1 1103:1 
1 9:1 10:1 13:1 32:1 34:1 44:1 46:1 98:1 103:1 1040:1 1048:1 1050:1 1052:1 1057:1 1058:1 1061:1 1072:1 1073:1 1074:1 1075:1 1076:1 1077:1 1078:1 1079:1 1080:1 1081:1 1082:1 1083:1 1084:1 1085:1 1086:1 1087:1 1088:1 1089:1 1090:1 1091:1 1092:1 1094:1 1096:1 1098:1 1102:1 1103:1 
1 9:1 10:1 13:1 32:1 34:1 44:1 46:1 48:1 53:1 98:1 103:1 1040:1 1051:1 1052:1 1053:1 1054:1 1057:1 1060:1 1072:1 1073:1 1074:1 1075:1 1076:1 1077:1 1078:1 1079:1 1080:1 1081:1 1082:1 1083:1 1084:1 1085:1 1086:1 1087:1 1088:1 1089:1 1090:1 1091:1 1092:1 1094:1 1095:1 1096:1 1098:1 1100:1 1102:1 1103:1 
1 9:1 10:1 13:1 32:1 44:1 46:1 98:1 103:1 1040:1 1072:1 1073:1 1074:1 1076:1 1077:1 1079:1 1080:1 1081:1 1082:1 1083:1 1084:1 1085:1 1086:1 1087:1 1088:1 1089:1 1090:1 1091:1 1094:1 1095:1 1097:1 1098:1 1103:1 
1 9:1 10:1 13:1 32:1 44:1 46:1 98:1 103:1 1057:1 1072:1 1073:1 1074:1 1075:1 1076:1 1077:1 1079:1 1080:1 1081:1 1082:1 1083:1 1084:1 1085:1 1086:1 1087:1 1088:1 1089:1 1090:1 1091:1 1093:1 1094:1 1095:1 1097:1 1098:1 1103:1 
1 9:1 10:1 13:1 32:1 46:1 98:1 103:1 1072:1 1073:1 1074:1 1076:1 1077:1 1078:1 1079:1 1080:1 1081:1 1082:1 1083:1 1084:1 1085:1 1086:1 1087:1 1088:1 1089:1 1090:1 1091:1 1094:1 1098:1 1103:1 
1 9:1 10:1 13:1 32:1 44:1 46:1 98:1 103:1 1072:1 1073:1 1074:1 1075:1 1076:1 1077:1 1079:1 1080:1 1081:1 1082:1 1083:1 1084:1 1085:1 1086:1 1087:1 1088:1 1089:1 1090:1 1091:1 1092:1 1094:1 1095:1 1098:1 1102:1 1103:1 
1 9:1 10:1 13:1 32:1 44:1 46:1 98:1 103:1 1050:1 1057:1 1072:1 1073:1 1074:1 1076:1 1077:1 1078:1 1079:1 1080:1 1082:1 1083:1 1084:1 1085:1 1086:1 1087:1 1088:1 1089:1 1090:1 1091:1 1094:1 1096:1 1098:1 1103:1 
1 9:1 10:1 13:1 32:1 44:1 46:1 48:1 49:1 98:1 103:1 1041:1 1042:1 1044:1 1052:1 1072:1 1073:1 1074:1 1075:1 1076:1 1077:1 1079:1 1080:1 1082:1 1083:1 1085:1 1086:1 1087:1 1088:1 1089:1 1090:1 1091:1 1093:1 1095:1 1097:1 1098:1 1103:1 
1 9:1 10:1 13:1 32:1 40:1 41:1 46:1 48:1 49:1 57:1 98:1 103:1 1052:1 1055:1 1056:1 1072:1 1073:1 1074:1 1075:1 1076:1 1077:1 1079:1 1080:1 1081:1 1082:1 1083:1 1084:1 1085:1 1086:1 1087:1 1088:1 1089:1 1090:1 1091:1 1092:1 1094:1 1103:1 
1 9:1 10:1 13:1 32:1 44:1 46:1 98:1 103:1 1040:1 1041:1 1050:1 1051:1 1072:1 1073:1 1074:1 1075:1 1076:1 1077:1 1078:1 1079:1 1080:1 1081:1 1082:1 1083:1 1084:1 1085:1 1086:1 1087:1 1088:1 1089:1 1090:1 1091:1 1093:1 1095:1 1096:1 1098:1 1103:1 8220:1 8222:1 
1 9:1 10:1 13:1 32:1 44:1 46:1 98:1 103:1 1053:1 1054:1 1072:1 1073:1 1074:1 1076:1 1077:1 1079:1 1080:1 1082:1 1083:1 1084:1 1085:1 1086:1 1087:1 1088:1 1089:1 1090:1 1091:1 1094:1 1095:1 1098:1 1103:1 
1 9:1 10:1 13:1 32:1 44:1 46:1 98:1 103:1 1041:1 1043:1 1045:1 1050:1 1054:1 1056:1 1060:1 1072:1 1073:1 1074:1 1076:1 1077:1 1078:1 1079:1 1080:1 1081:1 1082:1 1083:1 1084:1 1085:1 1086:1 1087:1 1088:1 1089:1 1090:1 1092:1 1094:1 1095:1 1096:1 1097:1 1098:1 1100:1 1102:1 1103:1 
1 9:1 10:1 13:1 32:1 44:1 46:1 98:1 103:1 1040:1 1051:1 1054:1 1057:1 1072:1 1073:1 1074:1 1075:1 1076:1 1077:1 1078:1 1079:1 1080:1 1082:1 1083:1 1084:1 1085:1 1086:1 1087:1 1088:1 1089:1 1090:1 1091:1 1093:1 1094:1 1095:1 1103:1 
1 9:1 10:1 13:1 32:1 44:1 46:1 98:1 103:1 1042:1 1054:1 1058:1 1072:1 1073:1 1074:1 1075:1 1076:1 1077:1 1079:1 1080:1 1082:1 1083:1 1084:1 1085:1 1086:1 1087:1 1088:1 1089:1 1090:1 1094:1 1096:1 1097:1 1098:1 1103:1 8211:1 8220:1 8221:1 
1 9:1 10:1 13:1 32:1 34:1 44:1 46:1 98:1 103:1 1042:1 1044:1 1048:1 1055:1 1057:1 1072:1 1074:1 1075:1 1076:1 1077:1 1078:1 1079:1 1080:1 1081:1 1082:1 1084:1 1085:1 1086:1 1087:1 1088:1 1089:1 1090:1 1091:1 1094:1 1095:1 1096:1 1097:1 1098:1 1103:1 
1 9:1 10:1 13:1 32:1 44:1 45:1 46:1 98:1 103:1 1040:1 1045:1 1050:1 1057:1 1072:1 1073:1 1074:1 1075:1 1076:1 1077:1 1078:1 1079:1 1080:1 1082:1 1083:1 1084:1 1085:1 1086:1 1087:1 1088:1 1089:1 1090:1 1094:1 1096:1 1098:1 1103:1 
1 9:1 10:1 13:1 32:1 44:1 45:1 46:1 98:1 103:1 1041:1 1042:1 1052:1 1060:1 1061:1 1072:1 1073:1 1074:1 1075:1 1076:1 1077:1 1079:1 1080:1 1081:1 1082:1 1083:1 1084:1 1085:1 1086:1 1087:1 1088:1 1089:1 1090:1 1091:1 1093:1 1094:1 1095:1 1096:1 1097:1 1098:1 1103:1 
1 9:1 10:1 13:1 32:1 44:1 46:1 98:1 103:1 1041:1 1043:1 1047:1 1048:1 1072:1 1073:1 1074:1 1075:1 1076:1 1077:1 1078:1 1079:1 1080:1 1082:1 1083:1 1084:1 1085:1 1086:1 1087:1 1088:1 1089:1 1090:1 1094:1 1095:1 1097:1 1103:1 
1 9:1 10:1 13:1 32:1 44:1 46:1 48:1 53:1 98:1 103:1 1052:1 1053:1 1057:1 1072:1 1073:1 1074:1 1075:1 1076:1 1077:1 1078:1 1079:1 1080:1 1082:1 1083:1 1084:1 1085:1 1086:1 1087:1 1088:1 1089:1 1090:1 1091:1 1095:1 1096:1 1098:1 1103:1 8221:1 
1 9:1 10:1 13:1 32:1 34:1 44:1 46:1 48:1 51:1 98:1 103:1 1050:1 1057:1 1060:1 1072:1 1073:1 1074:1 1075:1 1076:1 1077:1 1078:1 1079:1 1080:1 1081:1 1082:1 1083:1 1084:1 1085:1 1086:1 1087:1 1088:1 1089:1 1090:1 1091:1 1094:1 1095:1 1098:1 1103:1 
1 9:1 10:1 13:1 32:1 46:1 49:1 51:1 55:1 73:1 76:1 79:1 80:1 83:1 84:1 98:1 103:1 1072:1 1073:1 1074:1 1076:1 1077:1 1078:1 1079:1 1080:1 1081:1 1082:1 1083:1 1084:1 1085:1 1086:1 1087:1 1088:1 1089:1 1090:1 1091:1 1093:1 1094:1 1095:1 1097:1 1098:1 1103:1 
1 9:1 10:1 13:1 32:1 46:1 98:1 103:1 1040:1 1045:1 1050:1 1055:1 1057:1 1072:1 1073:1 1074:1 1075:1 1076:1 1077:1 1078:1 1079:1 1080:1 1082:1 1083:1 1084:1 1085:1 1086:1 1087:1 1088:1 1089:1 1090:1 1091:1 1092:1 1094:1 1095:1 1098:1 1100:1 1103:1 8211:1 8220:1 8221:1 
1 9:1 10:1 13:1 32:1 34:1 44:1 46:1 49:1 55:1 57:1 59:1 98:1 103:1 1072:1 1073:1 1074:1 1075:1 1076:1 1077:1 1078:1 1079:1 1080:1 1082:1 1083:1 1084:1 1085:1 1086:1 1087:1 1088:1 1089:1 1090:1 1091:1 1092:1 1094:1 1095:1 1097:1 1098:1 1103:1 
1 9:1 10:1 13:1 32:1 34:1 44:1 46:1 98:1 103:1 1048:1 1057:1 1058:1 1059:1 1072:1 1073:1 1074:1 1075:1 1076:1 1077:1 1078:1 1079:1 1080:1 1081:1 1082:1 1083:1 1084:1 1085:1 1086:1 1087:1 1088:1 1089:1 1090:1 1091:1 1094:1 1095:1 1097:1 1098:1 1103:1 
1 9:1 10:1 13:1 32:1 44:1 46:1 98:1 103:1 1042:1 1050:1 1057:1 1072:1 1073:1 1074:1 1075:1 1076:1 1077:1 1079:1 1080:1 1082:1 1083:1 1084:1 1085:1 1086:1 1087:1 1088:1 1089:1 1090:1 1091:1 1093:1 1094:1 1095:1 1096:1 1097:1 1098:1 1103:1 
1 9:1 10:1 13:1 32:1 44:1 46:1 66:1 98:1 101:1 103:1 108:1 109:1 111:1 114:1 1050:1 1072:1 1073:1 1074:1 1076:1 1077:1 1078:1 1079:1 1080:1 1081:1 1082:1 1083:1 1084:1 1085:1 1086:1 1087:1 1088:1 1089:1 1090:1 1091:1 1092:1 1094:1 1095:1 1096:1 1097:1 1103:1 
1 9:1 10:1 13:1 32:1 44:1 46:1 98:1 103:1 1040:1 1061:1 1072:1 1073:1 1074:1 1075:1 1076:1 1077:1 1078:1 1079:1 1080:1 1082:1 1083:1 1084:1 1085:1 1086:1 1087:1 1088:1 1089:1 1090:1 1091:1 1092:1 1093:1 1095:1 1098:1 1103:1 
1 9:1 10:1 13:1 32:1 44:1 46:1 98:1 103:1 1040:1 1072:1 1073:1 1074:1 1075:1 1076:1 1077:1 1078:1 1079:1 1080:1 1082:1 1083:1 1084:1 1085:1 1086:1 1087:1 1088:1 1089:1 1090:1 1091:1 1093:1 1095:1 1096:1 1098:1 1103:1 8221:1 
1 9:1 10:1 13:1 32:1 34:1 37:1 44:1 46:1 51:1 52:1 98:1 103:1 1044:1 1059:1 1072:1 1073:1 1074:1 1075:1 1076:1 1077:1 1078:1 1079:1 1080:1 1081:1 1082:1 1083:1 1084:1 1085:1 1086:1 1087:1 1088:1 1089:1 1090:1 1091:1 1093:1 1094:1 1095:1 1098:1 1102:1 1103:1 
1 9:1 10:1 13:1 32:1 40:1 41:1 44:1 46:1 50:1 53:1 98:1 103:1 1040:1 1041:1 1072:1 1073:1 1074:1 1075:1 1076:1 1077:1 1078:1 1079:1 1080:1 1081:1 1082:1 1083:1 1084:1 1085:1 1086:1 1087:1 1088:1 1089:1 1090:1 1091:1 1093:1 1094:1 1095:1 1097:1 1103:1 
1 9:1 10:1 13:1 32:1 34:1 44:1 46:1 49:1 50:1 98:1 103:1 1040:1 1044:1 1052:1 1057:1 1072:1 1073:1 1074:1 1075:1 1076:1 1077:1 1079:1 1080:1 1082:1 1083:1 1084:1 1085:1 1086:1 1087:1 1088:1 1089:1 1090:1 1092:1 1094:1 1095:1 1096:1 1098:1 1103:1 
1 9:1 10:1 13:1 32:1 44:1 46:1 98:1 103:1 1072:1 1073:1 1074:1 1075:1 1076:1 1077:1 1078:1 1079:1 1080:1 1082:1 1083:1 1084:1 1085:1 1086:1 1087:1 1088:1 1089:1 1090:1 1091:1 1096:1 1097:1 1098:1 1103:1 
1 9:1 10:1 13:1 32:1 37:1 44:1 46:1 48:1 49:1 50:1 53:1 54:1 98:1 103:1 1061:1 1072:1 1073:1 1074:1 1075:1 1076:1 1077:1 1079:1 1080:1 1082:1 1083:1 1084:1 1085:1 1086:1 1087:1 1088:1 1089:1 1090:1 1093:1 1096:1 1098:1 1103:1 
1 9:1 10:1 13:1 32:1 44:1 46:1 48:1 49:1 50:1 57:1 98:1 103:1 1043:1 1072:1 1073:1 1074:1 1075:1 1076:1 1077:1 1079:1 1080:1 1082:1 1083:1 1084:1 1085:1 1086:1 1087:1 1088:1 1089:1 1090:1 1093:1 1094:1 1097:1 1098:1 1102:1 1103:1 
1 9:1 10:1 13:1 32:1 44:1 45:1 46:1 98:1 103:1 1041:1 1044:1 1045:1 1047:1 1055:1 1057:1 1063:1 1072:1 1073:1 1074:1 1075:1 1076:1 1077:1 1078:1 1079:1 1080:1 1081:1 1082:1 1083:1 1084:1 1085:1 1086:1 1087:1 1088:1 1089:1 1090:1 1091:1 1093:1 1094:1 1095:1 1098:1 1103:1 
1 9:1 10:1 13:1 32:1 44:1 46:1 52:1 98:1 103:1 1042:1 1054:1 1057:1 1058:1 1072:1 1073:1 1074:1 1075:1 1076:1 1077:1 1078:1 1079:1 1080:1 1081:1 1082:1 1083:1 1084:1 1085:1 1086:1 1087:1 1088:1 1089:1 1090:1 1091:1 1092:1 1094:1 1095:1 1098:1 1103:1 
1 9:1 10:1 13:1 32:1 44:1 46:1 98:1 103:1 1072:1 1073:1 1074:1 1075:1 1076:1 1077:1 1078:1 1079:1 1080:1 1082:1 1083:1 1084:1 1085:1 1086:1 1087:1 1088:1 1089:1 1090:1 1091:1 1092:1 1097:1 1098:1 1103:1 
1 9:1 10:1 13:1 32:1 44:1 46:1 98:1 103:1 1072:1 1073:1 1074:1 1075:1 1076:1 1077:1 1079:1 1080:1 1081:1 1082:1 1083:1 1084:1 1085:1 1086:1 1087:1 1088:1 1089:1 1090:1 1091:1 1092:1 1094:1 1095:1 1098:1 1103:1 
1 9:1 10:1 13:1 32:1 44:1 46:1 48:1 50:1 98:1 103:1 1040:1 1041:1 1043:1 1044:1 1048:1 1052:1 1054:1 1055:1 1072:1 1074:1 1075:1 1076:1 1077:1 1079:1 1080:1 1082:1 1083:1 1084:1 1085:1 1086:1 1087:1 1088:1 1089:1 1090:1 1093:1 1094:1 1095:1 1098:1 1103:1 8220:1 8221:1 
1 9:1 10:1 13:1 32:1 44:1 46:1 48:1 49:1 50:1 53:1 98:1 103:1 1040:1 1044:1 1045:1 1057:1 1058:1 1072:1 1073:1 1074:1 1075:1 1076:1 1077:1 1079:1 1080:1 1081:1 1082:1 1083:1 1084:1 1085:1 1086:1 1087:1 1088:1 1089:1 1090:1 1091:1 1092:1 1095:1 1097:1 1098:1 
1 9:1 10:1 13:1 32:1 40:1 41:1 46:1 50:1 56:1 98:1 103:1 1044:1 1052:1 1056:1 1057:1 1072:1 1074:1 1075:1 1076:1 1077:1 1079:1 1080:1 1081:1 1082:1 1083:1 1084:1 1085:1 1086:1 1087:1 1088:1 1089:1 1090:1 1091:1 1092:1 1094:1 1096:1 1097:1 1098:1 1103:1 
1 9:1 10:1 13:1 32:1 45:1 46:1 48:1 50:1 55:1 98:1 103:1 1041:1 1058:1 1061:1 1072:1 1073:1 1074:1 1075:1 1076:1 1077:1 1079:1 1080:1 1082:1 1083:1 1084:1 1085:1 1086:1 1087:1 1088:1 1089:1 1090:1 1091:1 1093:1 1095:1 1096:1 1097:1 1098:1 1103:1 8211:1 
1 9:1 10:1 13:1 32:1 46:1 49:1 54:1 98:1 103:1 1041:1 1054:1 1055:1 1057:1 1060:1 1072:1 1073:1 1074:1 1075:1 1076:1 1077:1 1079:1 1080:1 1081:1 1082:1 1083:1 1084:1 1085:1 1086:1 1087:1 1088:1 1089:1 1090:1 1091:1 1092:1 1094:1 1095:1 1096:1 1097:1 1098:1 1103:1 8220:1 8221:1 
1 9:1 10:1 13:1 32:1 34:1 44:1 46:1 98:1 103:1 1041:1 1045:1 1057:1 1058:1 1072:1 1073:1 1074:1 1075:1 1076:1 1077:1 1079:1 1080:1 1081:1 1082:1 1083:1 1084:1 1085:1 1086:1 1087:1 1088:1 1089:1 1090:1 1091:1 1092:1 1094:1 1095:1 1096:1 1097:1 1098:1 1103:1 
1 9:1 10:1 13:1 32:1 44:1 46:1 48:1 49:1 50:1 52:1 98:1 103:1 1072:1 1073:1 1074:1 1075:1 1076:1 1077:1 1079:1 1080:1 1081:1 1082:1 1083:1 1084:1 1085:1 1086:1 1087:1 1088:1 1089:1 1090:1 1091:1 1093:1 1094:1 1095:1 1097:1 1098:1 1103:1 
1 9:1 10:1 13:1 32:1 44:1 46:1 53:1 56:1 98:1 103:1 1057:1 1072:1 1073:1 1074:1 1075:1 1076:1 1077:1 1079:1 1080:1 1081:1 1082:1 1083:1 1084:1 1085:1 1086:1 1087:1 1088:1 1089:1 1090:1 1092:1 1093:1 1095:1 
1 9:1 10:1 13:1 32:1 44:1 46:1 98:1 103:1 1072:1 1073:1 1074:1 1075:1 1076:1 1077:1 1078:1 1079:1 1080:1 1081:1 1082:1 1083:1 1084:1 1085:1 1086:1 1087:1 1088:1 1089:1 1090:1 1091:1 1093:1 1094:1 1095:1 1097:1 1098:1 1103:1 
1 9:1 10:1 13:1 32:1 34:1 44:1 46:1 98:1 103:1 1045:1 1052:1 1063:1 1072:1 1073:1 1074:1 1075:1 1076:1 1077:1 1078:1 1079:1 1080:1 1081:1 1082:1 1083:1 1084:1 1085:1 1086:1 1087:1 1088:1 1089:1 1090:1 1091:1 1095:1 1096:1 1097:1 1098:1 1103:1 
1 9:1 10:1 13:1 32:1 44:1 46:1 65:1 75:1 77:1 83:1 84:1 86:1 97:1 98:1 100:1 101:1 103:1 105:1 109:1 1072:1 1073:1 1074:1 1075:1 1076:1 1077:1 1078:1 1079:1 1080:1 1082:1 1083:1 1084:1 1085:1 1086:1 1087:1 1088:1 1089:1 1090:1 1091:1 1094:1 1096:1 1098:1 1103:1 
1 9:1 10:1 13:1 32:1 34:1 44:1 46:1 98:1 103:1 1040:1 1041:1 1044:1 1048:1 1053:1 1056:1 1057:1 1059:1 1072:1 1073:1 1074:1 1076:1 1077:1 1078:1 1079:1 1080:1 1081:1 1082:1 1083:1 1084:1 1085:1 1086:1 1087:1 1088:1 1089:1 1090:1 1091:1 1094:1 1095:1 1096:1 1097:1 1098:1 1103:1 
1 9:1 10:1 13:1 32:1 44:1 46:1 98:1 103:1 1043:1 1072:1 1073:1 1074:1 1075:1 1076:1 1077:1 1078:1 1079:1 1080:1 1081:1 1082:1 1083:1 1084:1 1085:1 1086:1 1087:1 1088:1 1089:1 1090:1 1091:1 1092:1 1093:1 1095:1 1097:1 1098:1 1103:1 
1 9:1 10:1 13:1 32:1 44:1 46:1 98:1 103:1 1057:1 1072:1 1073:1 1074:1 1075:1 1076:1 1077:1 1079:1 1080:1 1081:1 1082:1 1083:1 1084:1 1085:1 1086:1 1087:1 1088:1 1089:1 1090:1 1095:1 1098:1 1103:1 
1 9:1 10:1 13:1 32:1 34:1 44:1 46:1 98:1 103:1 1047:1 1054:1 1056:1 1057:1 1072:1 1073:1 1074:1 1075:1 1076:1 1077:1 1078:1 1079:1 1080:1 1081:1 1082:1 1083:1 1084:1 1085:1 1086:1 1087:1 1088:1 1089:1 1090:1 1091:1 1094:1 1095:1 1096:1 1097:1 1098:1 1103:1 
1 9:1 10:1 13:1 32:1 44:1 46:1 49:1 51:1 54:1 57:1 98:1 103:1 1040:1 1041:1 1050:1 1052:1 1056:1 1070:1 1072:1 1073:1 1074:1 1076:1 1077:1 1078:1 1079:1 1080:1 1082:1 1083:1 1084:1 1085:1 1086:1 1087:1 1088:1 1089:1 1090:1 1091:1 1092:1 1094:1 1095:1 1098:1 1103:1 
1 9:1 10:1 13:1 32:1 34:1 46:1 98:1 103:1 1052:1 1072:1 1074:1 1075:1 1076:1 1077:1 1079:1 1080:1 1082:1 1083:1 1084:1 1085:1 1086:1 1087:1 1088:1 1089:1 1090:1 1091:1 1095:1 1096:1 1098:1 1102:1 1103:1 
1 9:1 10:1 13:1 32:1 44:1 46:1 98:1 103:1 1072:1 1073:1 1074:1 1075:1 1076:1 1077:1 1079:1 1080:1 1081:1 1082:1 1083:1 1084:1 1085:1 1086:1 1087:1 1088:1 1089:1 1090:1 1091:1 1093:1 1094:1 1095:1 1097:1 1098:1 1103:1 
1 9:1 10:1 13:1 32:1 40:1 41:1 44:1 46:1 49:1 50:1 57:1 98:1 103:1 1040:1 1053:1 1054:1 1055:1 1058:1 1072:1 1073:1 1074:1 1075:1 1076:1 1077:1 1080:1 1081:1 1082:1 1083:1 1084:1 1085:1 1086:1 1087:1 1088:1 1089:1 1090:1 1091:1 1092:1 1093:1 1094:1 1095:1 1096:1 1097:1 1098:1 1103:1 
1 9:1 10:1 13:1 32:1 44:1 46:1 48:1 50:1 98:1 103:1 1041:1 1042:1 1058:1 1072:1 1073:1 1074:1 1076:1 1077:1 1079:1 1080:1 1081:1 1082:1 1083:1 1084:1 1085:1 1086:1 1087:1 1088:1 1089:1 1090:1 1091:1 1092:1 1095:1 1098:1 1103:1 
1 9:1 10:1 13:1 32:1 44:1 46:1 54:1 98:1 103:1 1044:1 1072:1 1073:1 1074:1 1075:1 1076:1 1077:1 1078:1 1079:1 1080:1 1081:1 1082:1 1083:1 1084:1 1085:1 1086:1 1087:1 1088:1 1089:1 1090:1 1091:1 1094:1 1095:1 1097:1 1098:1 1103:1 
1 9:1 10:1 13:1 32:1 44:1 46:1 48:1 56:1 98:1 103:1 1046:1 1072:1 1073:1 1074:1 1075:1 1076:1 1077:1 1078:1 1079:1 1080:1 1081:1 1082:1 1083:1 1084:1 1085:1 1086:1 1087:1 1088:1 1089:1 1090:1 1095:1 1096:1 1097:1 1098:1 1103:1 
1 9:1 10:1 13:1 32:1 44:1 46:1 98:1 103:1 1072:1 1073:1 1074:1 1076:1 1077:1 1078:1 1079:1 1080:1 1082:1 1083:1 1084:1 1085:1 1086:1 1087:1 1088:1 1089:1 1090:1 1091:1 1094:1 1095:1 1096:1 1097:1 1098:1 1103:1 
1 9:1 10:1 13:1 32:1 44:1 46:1 98:1 103:1 1072:1 1073:1 1074:1 1075:1 1076:1 1077:1 1078:1 1079:1 1080:1 1082:1 1083:1 1084:1 1085:1 1086:1 1087:1 1088:1 1089:1 1090:1 1091:1 1093:1 1095:1 1097:1 1098:1 1102:1 1103:1 
1 9:1 10:1 13:1 32:1 34:1 37:1 44:1 46:1 48:1 53:1 54:1 56:1 98:1 103:1 1057:1 1072:1 1073:1 1074:1 1075:1 1076:1 1077:1 1078:1 1079:1 1080:1 1083:1 1084:1 1085:1 1086:1 1087:1 1088:1 1089:1 1090:1 1091:1 1095:1 1097:1 1098:1 1103:1 
1 9:1 10:1 13:1 32:1 40:1 41:1 44:1 46:1 50:1 55:1 98:1 103:1 1041:1 1043:1 1045:1 1050:1 1052:1 1057:1 1072:1 1074:1 1075:1 1076:1 1077:1 1078:1 1079:1 1080:1 1082:1 1083:1 1084:1 1085:1 1086:1 1087:1 1088:1 1089:1 1090:1 1091:1 1093:1 1094:1 1095:1 1096:1 1097:1 1098:1 1103:1 
1 9:1 10:1 13:1 32:1 44:1 46:1 48:1 49:1 53:1 98:1 103:1 1040:1 1053:1 1054:1 1058:1 1072:1 1073:1 1074:1 1075:1 1076:1 1077:1 1078:1 1079:1 1080:1 1081:1 1082:1 1083:1 1084:1 1085:1 1086:1 1087:1 1088:1 1089:1 1090:1 1091:1 1094:1 1095:1 1096:1 1097:1 1098:1 1103:1 
1 9:1 10:1 13:1 32:1 44:1 46:1 49:1 55:1 98:1 103:1 1040:1 1042:1 1057:1 1072:1 1073:1 1074:1 1075:1 1076:1 1077:1 1079:1 1080:1 1081:1 1082:1 1083:1 1085:1 1086:1 1087:1 1088:1 1089:1 1090:1 1091:1 1093:1 1094:1 1095:1 1097:1 1098:1 1103:1 8220:1 8221:1 
1 9:1 10:1 13:1 32:1 37:1 44:1 46:1 49:1 50:1 53:1 98:1 103:1 1044:1 1052:1 1058:1 1063:1 1072:1 1073:1 1074:1 1075:1 1076:1 1077:1 1078:1 1079:1 1080:1 1081:1 1082:1 1083:1 1084:1 1085:1 1086:1 1087:1 1088:1 1089:1 1090:1 1091:1 1093:1 1094:1 1095:1 1098:1 1103:1 
1 9:1 10:1 13:1 32:1 34:1 46:1 98:1 103:1 1040:1 1044:1 1057:1 1072:1 1073:1 1074:1 1075:1 1076:1 1077:1 1078:1 1079:1 1080:1 1081:1 1082:1 1083:1 1084:1 1085:1 1086:1 1087:1 1088:1 1089:1 1090:1 1091:1 1093:1 1095:1 1097:1 1098:1 1103:1 
1 9:1 10:1 13:1 32:1 44:1 46:1 66:1 70:1 97:1 98:1 99:1 103:1 109:1 111:1 114:1 115:1 116:1 117:1 1041:1 1044:1 1055:1 1057:1 1072:1 1073:1 1074:1 1075:1 1076:1 1077:1 1078:1 1079:1 1080:1 1082:1 1083:1 1084:1 1085:1 1086:1 1087:1 1088:1 1089:1 1090:1 1091:1 1092:1 1094:1 1095:1 1098:1 1103:1 
1 9:1 10:1 13:1 32:1 44:1 46:1 48:1 50:1 98:1 103:1 1041:1 1072:1 1073:1 1074:1 1075:1 1076:1 1077:1 1078:1 1079:1 1080:1 1081:1 1082:1 1083:1 1084:1 1085:1 1086:1 1087:1 1088:1 1090:1 1091:1 1092:1 1094:1 1095:1 1098:1 1103:1 8221:1 
1 9:1 10:1 13:1 32:1 44:1 46:1 98:1 103:1 1047:1 1050:1 1059:1 1063:1 1072:1 1073:1 1074:1 1075:1 1076:1 1077:1 1079:1 1080:1 1081:1 1082:1 1083:1 1084:1 1085:1 1086:1 1087:1 1088:1 1089:1 1090:1 1091:1 1094:1 1095:1 1097:1 1098:1 1103:1 
1 9:1 10:1 13:1 32:1 40:1 41:1 46:1 49:1 55:1 98:1 103:1 1040:1 1055:1 1057:1 1058:1 1072:1 1073:1 1074:1 1075:1 1076:1 1077:1 1079:1 1080:1 1082:1 1083:1 1084:1 1085:1 1086:1 1087:1 1088:1 1089:1 1090:1 1091:1 1094:1 1103:1 
1 9:1 10:1 13:1 32:1 44:1 46:1 98:1 103:1 1042:1 1052:1 1055:1 1056:1 1072:1 1073:1 1074:1 1076:1 1077:1 1078:1 1079:1 1080:1 1081:1 1082:1 1083:1 1084:1 1085:1 1086:1 1087:1 1088:1 1089:1 1090:1 1091:1 1095:1 1096:1 1098:1 1103:1 
1 9:1 10:1 13:1 32:1 45:1 46:1 48:1 49:1 50:1 54:1 56:1 57:1 98:1 103:1 160:1 1041:1 1052:1 1072:1 1074:1 1075:1 1076:1 1077:1 1079:1 1080:1 1082:1 1084:1 1085:1 1086:1 1087:1 1088:1 1089:1 1090:1 1094:1 1095:1 1103:1 8221:1 8222:1 
1 9:1 10:1 13:1 32:1 46:1 98:1 103:1 1055:1 1057:1 1072:1 1073:1 1074:1 1075:1 1076:1 1077:1 1079:1 1080:1 1081:1 1082:1 1083:1 1084:1 1085:1 1086:1 1087:1 1088:1 1089:1 1090:1 1091:1 1094:1 1095:1 1098:1 1103:1 
1 9:1 10:1 13:1 32:1 44:1 46:1 47:1 49:1 50:1 52:1 53:1 56:1 98:1 103:1 1050:1 1058:1 1072:1 1073:1 1074:1 1075:1 1076:1 1077:1 1079:1 1080:1 1081:1 1082:1 1083:1 1084:1 1085:1 1086:1 1087:1 1088:1 1089:1 1090:1 1091:1 1094:1 1098:1 1103:1 
1 9:1 10:1 13:1 32:1 44:1 46:1 48:1 49:1 50:1 55:1 56:1 57:1 98:1 103:1 1055:1 1072:1 1073:1 1074:1 1075:1 1076:1 1077:1 1078:1 1079:1 1080:1 1082:1 1083:1 1084:1 1085:1 1086:1 1087:1 1088:1 1089:1 1090:1 1094:1 1095:1 1096:1 1097:1 1098:1 1102:1 1103:1 
1 9:1 10:1 13:1 32:1 34:1 44:1 45:1 46:1 69:1 83:1 84:1 98:1 101:1 103:1 105:1 109:1 115:1 1045:1 1058:1 1059:1 1061:1 1072:1 1073:1 1074:1 1075:1 1076:1 1077:1 1078:1 1079:1 1080:1 1081:1 1082:1 1083:1 1084:1 1085:1 1086:1 1087:1 1088:1 1089:1 1090:1 1091:1 1092:1 1095:1 1098:1 1103:1 
1 9:1 10:1 13:1 32:1 46:1 48:1 49:1 50:1 98:1 103:1 1045:1 1057:1 1063:1 1072:1 1073:1 1074:1 1075:1 1076:1 1077:1 1079:1 1080:1 1082:1 1083:1 1084:1 1085:1 1086:1 1087:1 1088:1 1089:1 1090:1 1093:1 1095:1 1097:1 1098:1 1102:1 1103:1 
1 9:1 10:1 13:1 32:1 44:1 45:1 46:1 98:1 103:1 1050:1 1072:1 1073:1 1074:1 1076:1 1077:1 1078:1 1079:1 1080:1 1081:1 1082:1 1083:1 1085:1 1086:1 1087:1 1088:1 1089:1 1090:1 1094:1 1095:1 1096:1 1097:1 1098:1 1103:1 
1 9:1 10:1 13:1 32:1 44:1 46:1 98:1 103:1 1072:1 1073:1 1074:1 1075:1 1076:1 1077:1 1078:1 1079:1 1080:1 1081:1 1082:1 1083:1 1084:1 1085:1 1086:1 1087:1 1088:1 1089:1 1090:1 1091:1 1092:1 1093:1 1094:1 1096:1 1103:1 8221:1 8222:1 
1 9:1 10:1 13:1 32:1 44:1 46:1 98:1 103:1 1072:1 1074:1 1075:1 1076:1 1077:1 1079:1 1080:1 1082:1 1083:1 1084:1 1085:1 1086:1 1087:1 1088:1 1089:1 1090:1 1091:1 1095:1 1097:1 1103:1 
1 9:1 10:1 13:1 32:1 37:1 46:1 48:1 49:1 50:1 98:1 103:1 1041:1 1053:1 1072:1 1073:1 1074:1 1075:1 1076:1 1077:1 1078:1 1079:1 1080:1 1081:1 1082:1 1083:1 1084:1 1085:1 1086:1 1087:1 1088:1 1089:1 1090:1 1092:1 1095:1 1097:1 1098:1 1103:1 
1 9:1 10:1 13:1 32:1 37:1 44:1 46:1 53:1 98:1 103:1 1072:1 1073:1 1074:1 1075:1 1076:1 1077:1 1078:1 1079:1 1080:1 1082:1 1083:1 1084:1 1085:1 1086:1 1087:1 1088:1 1089:1 1090:1 1091:1 1093:1 1094:1 1095:1 1097:1 1098:1 1103:1 
1 9:1 10:1 13:1 32:1 44:1 46:1 98:1 103:1 1045:1 1053:1 1055:1 1072:1 1073:1 1074:1 1076:1 1077:1 1079:1 1080:1 1082:1 1083:1 1084:1 1085:1 1086:1 1087:1 1088:1 1089:1 1090:1 1091:1 1095:1 1097:1 1098:1 1103:1 
1 9:1 10:1 13:1 32:1 44:1 46:1 98:1 103:1 1040:1 1041:1 1044:1 1049:1 1050:1 1052:1 1053:1 1054:1 1072:1 1073:1 1074:1 1075:1 1076:1 1077:1 1078:1 1079:1 1080:1 1081:1 1082:1 1083:1 1084:1 1085:1 1086:1 1087:1 1088:1 1089:1 1090:1 1091:1 1092:1 1094:1 1095:1 1097:1 1098:1 1102:1 1103:1 8221:1 8222:1 
1 9:1 10:1 13:1 32:1 44:1 46:1 98:1 103:1 1072:1 1073:1 1074:1 1075:1 1076:1 1077:1 1078:1 1079:1 1080:1 1082:1 1083:1 1084:1 1085:1 1086:1 1087:1 1088:1 1089:1 1090:1 1091:1 1093:1 1094:1 1095:1 1097:1 1098:1 1102:1 1103:1 
1 9:1 10:1 13:1 32:1 34:1 46:1 49:1 52:1 98:1 103:1 1056:1 1057:1 1058:1 1072:1 1073:1 1074:1 1075:1 1076:1 1077:1 1079:1 1080:1 1082:1 1083:1 1084:1 1085:1 1086:1 1087:1 1088:1 1089:1 1090:1 1091:1 1094:1 1095:1 1098:1 1103:1 
1 9:1 10:1 13:1 32:1 46:1 48:1 49:1 50:1 52:1 53:1 59:1 98:1 103:1 1040:1 1052:1 1072:1 1073:1 1074:1 1075:1 1076:1 1077:1 1079:1 1080:1 1083:1 1084:1 1085:1 1086:1 1087:1 1088:1 1090:1 1093:1 1094:1 1095:1 1097:1 1098:1 1103:1 
1 9:1 10:1 13:1 32:1 34:1 40:1 41:1 44:1 45:1 46:1 48:1 49:1 53:1 98:1 103:1 1047:1 1048:1 1061:1 1062:1 1072:1 1073:1 1074:1 1075:1 1076:1 1077:1 1078:1 1079:1 1080:1 1081:1 1082:1 1083:1 1084:1 1085:1 1086:1 1087:1 1088:1 1089:1 1090:1 1091:1 1092:1 1093:1 1094:1 1095:1 1098:1 1103:1 
1 9:1 10:1 13:1 32:1 44:1 46:1 98:1 103:1 1041:1 1042:1 1043:1 1046:1 1058:1 1072:1 1073:1 1074:1 1075:1 1076:1 1077:1 1078:1 1079:1 1080:1 1081:1 1082:1 1083:1 1084:1 1085:1 1086:1 1087:1 1088:1 1089:1 1090:1 1091:1 1095:1 1098:1 1103:1 
1 9:1 10:1 13:1 32:1 44:1 45:1 46:1 48:1 50:1 52:1 55:1 98:1 103:1 1041:1 1045:1 1050:1 1057:1 1072:1 1074:1 1075:1 1076:1 1077:1 1079:1 1080:1 1081:1 1082:1 1083:1 1084:1 1085:1 1086:1 1087:1 1088:1 1089:1 1090:1 1091:1 1093:1 1094:1 1095:1 1096:1 1098:1 1103:1 
1 9:1 10:1 13:1 32:1 44:1 46:1 48:1 51:1 98:1 103:1 1048:1 1055:1 1072:1 1073:1 1074:1 1075:1 1076:1 1077:1 1079:1 1080:1 1082:1 1083:1 1084:1 1085:1 1086:1 1087:1 1088:1 1089:1 1090:1 1091:1 1092:1 1093:1 1096:1 1103:1 
1 9:1 10:1 13:1 32:1 44:1 45:1 46:1 98:1 103:1 1043:1 1072:1 1073:1 1074:1 1075:1 1076:1 1077:1 1078:1 1079:1 1080:1 1082:1 1083:1 1084:1 1085:1 1086:1 1087:1 1088:1 1089:1 1090:1 1091:1 1092:1 1093:1 1094:1 1095:1 1097:1 1098:1 1100:1 1102:1 1103:1 
1 9:1 10:1 13:1 32:1 34:1 44:1 46:1 98:1 103:1 1040:1 1048:1 1050:1 1052:1 1053:1 1057:1 1061:1 1072:1 1073:1 1074:1 1075:1 1076:1 1077:1 1079:1 1080:1 1082:1 1083:1 1084:1 1085:1 1086:1 1087:1 1088:1 1089:1 1090:1 1091:1 1093:1 1094:1 1095:1 1098:1 1103:1 
1 9:1 10:1 13:1 32:1 44:1 46:1 49:1 51:1 52:1 53:1 55:1 57:1 98:1 103:1 1045:1 1054:1 1072:1 1073:1 1074:1 1075:1 1076:1 1077:1 1078:1 1079:1 1080:1 1081:1 1082:1 1083:1 1084:1 1085:1 1086:1 1087:1 1088:1 1089:1 1090:1 1095:1 1097:1 1098:1 1103:1 
1 9:1 10:1 13:1 32:1 44:1 46:1 49:1 51:1 52:1 56:1 57:1 98:1 103:1 1043:1 1044:1 1045:1 1057:1 1059:1 1072:1 1073:1 1074:1 1075:1 1076:1 1077:1 1078:1 1079:1 1080:1 1081:1 1082:1 1083:1 1084:1 1085:1 1086:1 1087:1 1088:1 1089:1 1090:1 1091:1 1092:1 1094:1 1095:1 1097:1 1098:1 1100:1 1103:1 
1 9:1 10:1 13:1 32:1 44:1 45:1 46:1 98:1 103:1 1072:1 1074:1 1075:1 1076:1 1077:1 1078:1 1079:1 1080:1 1081:1 1082:1 1083:1 1084:1 1085:1 1086:1 1087:1 1088:1 1089:1 1090:1 1091:1 1094:1 1095:1 1097:1 1098:1 1103:1 
1 9:1 10:1 13:1 32:1 44:1 46:1 98:1 103:1 1040:1 1041:1 1042:1 1044:1 1053:1 1054:1 1058:1 1060:1 1072:1 1073:1 1074:1 1075:1 1076:1 1077:1 1078:1 1079:1 1080:1 1081:1 1082:1 1083:1 1084:1 1085:1 1086:1 1087:1 1088:1 1089:1 1090:1 1091:1 1093:1 1094:1 1096:1 1097:1 1098:1 1102:1 1103:1 
1 9:1 10:1 13:1 32:1 44:1 46:1 98:1 103:1 1049:1 1052:1 1053:1 1072:1 1073:1 1074:1 1075:1 1076:1 1077:1 1078:1 1079:1 1080:1 1082:1 1083:1 1084:1 1085:1 1086:1 1087:1 1088:1 1089:1 1090:1 1091:1 1093:1 1094:1 1096:1 1098:1 1103:1 
1 9:1 10:1 13:1 32:1 44:1 63:1 98:1 103:1 1072:1 1074:1 1075:1 1076:1 1077:1 1079:1 1080:1 1081:1 1082:1 1083:1 1084:1 1085:1 1086:1 1087:1 1088:1 1089:1 1090:1 1091:1 1093:1 1095:1 1097:1 1102:1 1103:1 
1 9:1 10:1 13:1 32:1 44:1 46:1 98:1 103:1 1047:1 1054:1 1056:1 1062:1 1072:1 1073:1 1074:1 1075:1 1076:1 1077:1 1078:1 1079:1 1080:1 1082:1 1083:1 1084:1 1085:1 1086:1 1087:1 1088:1 1089:1 1090:1 1094:1 1097:1 1098:1 1103:1 8221:1 8222:1 
1 9:1 10:1 13:1 32:1 34:1 44:1 46:1 98:1 103:1 1042:1 1046:1 1050:1 1052:1 1072:1 1073:1 1074:1 1075:1 1076:1 1077:1 1079:1 1080:1 1082:1 1083:1 1084:1 1085:1 1086:1 1087:1 1088:1 1089:1 1090:1 1091:1 1095:1 1097:1 1098:1 1103:1 
1 9:1 10:1 13:1 32:1 46:1 48:1 49:1 50:1 51:1 98:1 103:1 1043:1 1044:1 1052:1 1053:1 1062:1 1072:1 1073:1 1074:1 1075:1 1076:1 1077:1 1078:1 1079:1 1080:1 1082:1 1083:1 1085:1 1086:1 1087:1 1088:1 1089:1 1090:1 1091:1 1094:1 1095:1 1097:1 1098:1 1103:1 8211:1 8221:1 8222:1 8470:1 
2 9:1 10:1 13:1 32:1 34:1 44:1 46:1 66:1 68:1 72:1 75:1 97:1 98:1 99:1 100:1 101:1 103:1 104:1 105:1 106:1 107:1 108:1 109:1 110:1 111:1 112:1 114:1 115:1 116:1 117:1 118:1 122:1 263:1 269:1 352:1 382:1 8222:1 
2 9:1 10:1 13:1 32:1 33:1 40:1 41:1 44:1 46:1 63:1 68:1 72:1 77:1 83:1 97:1 98:1 99:1 100:1 101:1 103:1 104:1 105:1 106:1 107:1 108:1 109:1 110:1 111:1 112:1 114:1 115:1 116:1 117:1 118:1 122:1 263:1 269:1 353:1 8220:1 8222:1 
2 9:1 10:1 13:1 32:1 44:1 46:1 66:1 72:1 78:1 79:1 97:1 98:1 99:1 100:1 101:1 102:1 103:1 104:1 105:1 106:1 107:1 108:1 109:1 110:1 111:1 112:1 114:1 115:1 117:1 118:1 122:1 269:1 353:1 382:1 8220:1 8222:1 
2 9:1 10:1 13:1 32:1 44:1 46:1 66:1 72:1 97:1 98:1 99:1 100:1 101:1 102:1 103:1 105:1 106:1 107:1 108:1 109:1 110:1 111:1 112:1 114:1 115:1 116:1 117:1 118:1 122:1 269:1 353:1 
2 9:1 10:1 13:1 32:1 34:1 44:1 46:1 74:1 78:1 80:1 97:1 98:1 99:1 100:1 101:1 103:1 104:1 105:1 106:1 107:1 108:1 109:1 110:1 111:1 112:1 114:1 115:1 116:1 117:1 118:1 122:1 263:1 353:1 
2 9:1 10:1 13:1 32:1 44:1 46:1 48:1 50:1 75:1 83:1 85:1 97:1 98:1 99:1 100:1 101:1 103:1 104:1 105:1 106:1 107:1 108:1 109:1 110:1 111:1 112:1 114:1 115:1 116:1 117:1 118:1 122:1 263:1 269:1 353:1 382:1 
2 9:1 10:1 13:1 32:1 44:1 46:1 66:1 68:1 72:1 84:1 90:1 97:1 98:1 99:1 100:1 101:1 103:1 104:1 105:1 106:1 107:1 108:1 109:1 110:1 111:1 112:1 114:1 115:1 116:1 117:1 118:1 122:1 263:1 382:1 
2 9:1 10:1 13:1 32:1 34:1 44:1 46:1 75:1 77:1 78:1 80:1 86:1 97:1 98:1 100:1 101:1 103:1 104:1 105:1 106:1 107:1 108:1 109:1 110:1 111:1 112:1 114:1 115:1 116:1 117:1 118:1 122:1 263:1 269:1 353:1 
2 9:1 10:1 13:1 32:1 44:1 46:1 48:1 53:1 73:1 97:1 98:1 100:1 101:1 103:1 104:1 105:1 106:1 107:1 108:1 109:1 110:1 111:1 112:1 114:1 115:1 116:1 117:1 118:1 122:1 263:1 269:1 273:1 353:1 382:1 
2 9:1 10:1 13:1 32:1 40:1 41:1 44:1 46:1 48:1 49:1 50:1 51:1 52:1 56:1 65:1 80:1 83:1 86:1 97:1 98:1 99:1 100:1 101:1 105:1 106:1 107:1 108:1 110:1 111:1 112:1 114:1 115:1 116:1 117:1 118:1 122:1 263:1 269:1 
2 9:1 10:1 13:1 32:1 44:1 46:1 49:1 50:1 57:1 68:1 71:1 97:1 98:1 99:1 100:1 101:1 103:1 105:1 106:1 107:1 108:1 109:1 110:1 111:1 112:1 114:1 115:1 116:1 117:1 118:1 122:1 263:1 269:1 353:1 
2 9:1 10:1 13:1 32:1 44:1 46:1 97:1 98:1 99:1 100:1 101:1 103:1 105:1 106:1 107:1 108:1 109:1 110:1 111:1 112:1 114:1 115:1 116:1 117:1 118:1 122:1 269:1 353:1 
2 9:1 10:1 13:1 32:1 34:1 44:1 46:1 48:1 51:1 53:1 71:1 97:1 98:1 99:1 100:1 101:1 103:1 105:1 106:1 107:1 108:1 109:1 110:1 111:1 112:1 114:1 115:1 116:1 117:1 118:1 122:1 263:1 268:1 353:1 382:1 
2 9:1 10:1 13:1 32:1 40:1 41:1 45:1 46:1 49:1 52:1 66:1 69:1 73:1 80:1 83:1 90:1 97:1 98:1 99:1 100:1 101:1 103:1 105:1 106:1 107:1 108:1 109:1 110:1 111:1 112:1 114:1 115:1 116:1 117:1 118:1 
2 9:1 10:1 13:1 32:1 44:1 46:1 97:1 98:1 99:1 100:1 101:1 103:1 104:1 105:1 106:1 107:1 108:1 109:1 110:1 111:1 112:1 114:1 115:1 116:1 117:1 118:1 122:1 263:1 269:1 273:1 382:1 
2 9:1 10:1 13:1 32:1 34:1 44:1 46:1 66:1 72:1 97:1 98:1 99:1 100:1 101:1 105:1 106:1 107:1 108:1 109:1 110:1 111:1 112:1 114:1 115:1 116:1 117:1 118:1 122:1 263:1 269:1 353:1 
2 9:1 10:1 13:1 32:1 34:1 44:1 46:1 68:1 70:1 73:1 78:1 97:1 98:1 99:1 100:1 101:1 102:1 104:1 105:1 106:1 107:1 108:1 109:1 110:1 111:1 112:1 114:1 115:1 116:1 117:1 118:1 119:1 120:1 121:1 122:1 263:1 269:1 353:1 382:1 
2 9:1 10:1 13:1 32:1 46:1 69:1 97:1 98:1 99:1 100:1 101:1 103:1 104:1 105:1 106:1 107:1 108:1 109:1 110:1 111:1 112:1 114:1 115:1 116:1 117:1 118:1 122:1 353:1 
2 9:1 10:1 13:1 32:1 44:1 46:1 83:1 85:1 90:1 97:1 98:1 99:1 100:1 101:1 102:1 103:1 105:1 106:1 107:1 108:1 109:1 110:1 111:1 112:1 114:1 115:1 116:1 117:1 118:1 122:1 263:1 273:1 382:1 
2 9:1 10:1 13:1 32:1 44:1 45:1 46:1 53:1 68:1 75:1 84:1 86:1 97:1 98:1 100:1 101:1 102:1 105:1 106:1 107:1 108:1 109:1 110:1 111:1 112:1 114:1 115:1 116:1 117:1 118:1 122:1 263:1 
2 9:1 10:1 13:1 32:1 40:1 41:1 44:1 45:1 46:1 68:1 69:1 75:1 83:1 84:1 85:1 86:1 97:1 98:1 99:1 100:1 101:1 103:1 105:1 106:1 107:1 108:1 109:1 110:1 111:1 112:1 114:1 115:1 116:1 117:1 118:1 122:1 263:1 269:1 353:1 382:1 
2 9:1 10:1 13:1 32:1 34:1 44:1 46:1 69:1 74:1 91:1 93:1 97:1 98:1 100:1 101:1 103:1 104:1 105:1 106:1 107:1 108:1 109:1 110:1 111:1 112:1 114:1 115:1 116:1 117:1 118:1 122:1 263:1 269:1 353:1 
2 9:1 10:1 13:1 32:1 34:1 44:1 46:1 75:1 97:1 98:1 99:1 100:1 101:1 105:1 106:1 107:1 108:1 109:1 110:1 111:1 112:1 114:1 115:1 116:1 117:1 118:1 122:1 263:1 273:1 382:1 
2 9:1 10:1 13:1 32:1 34:1 44:1 46:1 66:1 71:1 75:1 86:1 87:1 97:1 98:1 99:1 100:1 101:1 103:1 104:1 105:1 106:1 107:1 108:1 109:1 110:1 111:1 112:1 114:1 115:1 116:1 117:1 118:1 121:1 122:1 263:1 269:1 353:1 382:1 
2 9:1 10:1 13:1 32:1 34:1 44:1 46:1 48:1 49:1 50:1 51:1 56:1 65:1 69:1 70:1 77:1 85:1 97:1 98:1 99:1 100:1 101:1 102:1 103:1 105:1 106:1 107:1 108:1 109:1 110:1 111:1 112:1 114:1 115:1 116:1 117:1 118:1 122:1 263:1 269:1 353:1 382:1 
2 9:1 10:1 13:1 32:1 34:1 44:1 46:1 68:1 69:1 83:1 84:1 86:1 97:1 98:1 99:1 100:1 101:1 103:1 105:1 106:1 107:1 108:1 109:1 110:1 111:1 112:1 114:1 115:1 116:1 117:1 118:1 122:1 269:1 273:1 382:1 
2 9:1 10:1 13:1 32:1 40:1 41:1 46:1 77:1 83:1 97:1 98:1 99:1 100:1 101:1 103:1 104:1 105:1 106:1 107:1 108:1 109:1 110:1 111:1 112:1 114:1 115:1 116:1 117:1 118:1 120:1 122:1 
2 9:1 10:1 13:1 32:1 34:1 44:1 45:1 46:1 66:1 69:1 72:1 73:1 74:1 83:1 84:1 91:1 93:1 97:1 98:1 99:1 100:1 101:1 103:1 105:1 106:1 107:1 108:1 109:1 110:1 111:1 112:1 114:1 115:1 116:1 117:1 118:1 122:1 263:1 
2 9:1 10:1 13:1 32:1 34:1 44:1 46:1 66:1 70:1 72:1 85:1 97:1 98:1 99:1 100:1 101:1 102:1 103:1 105:1 106:1 107:1 108:1 109:1 110:1 111:1 112:1 114:1 115:1 116:1 117:1 118:1 122:1 269:1 353:1 382:1 
2 9:1 10:1 13:1 32:1 40:1 41:1 44:1 46:1 65:1 66:1 68:1 69:1 72:1 73:1 76:1 85:1 97:1 98:1 99:1 100:1 101:1 103:1 104:1 105:1 106:1 107:1 108:1 109:1 110:1 111:1 112:1 114:1 115:1 116:1 117:1 118:1 122:1 382:1 
2 9:1 10:1 13:1 32:1 46:1 48:1 54:1 97:1 98:1 99:1 100:1 101:1 102:1 103:1 104:1 105:1 106:1 107:1 108:1 109:1 110:1 111:1 112:1 114:1 115:1 116:1 117:1 118:1 122:1 263:1 353:1 382:1 
2 9:1 10:1 13:1 32:1 34:1 40:1 41:1 44:1 46:1 66:1 70:1 72:1 82:1 83:1 97:1 98:1 99:1 100:1 101:1 102:1 103:1 105:1 106:1 107:1 108:1 109:1 110:1 111:1 112:1 114:1 115:1 116:1 117:1 118:1 122:1 269:1 353:1 382:1 
2 9:1 10:1 13:1 32:1 34:1 44:1 46:1 66:1 97:1 98:1 100:1 101:1 104:1 105:1 106:1 107:1 108:1 109:1 110:1 111:1 112:1 114:1 115:1 116:1 117:1 118:1 122:1 263:1 269:1 353:1 
2 9:1 10:1 13:1 32:1 46:1 48:1 49:1 50:1 51:1 65:1 67:1 72:1 82:1 83:1 97:1 98:1 99:1 100:1 101:1 105:1 106:1 107:1 108:1 109:1 110:1 111:1 112:1 114:1 115:1 116:1 117:1 118:1 122:1 269:1 353:1 382:1 
2 9:1 10:1 13:1 32:1 34:1 40:1 41:1 44:1 45:1 46:1 66:1 69:1 75:1 77:1 79:1 82:1 83:1 84:1 85:1 90:1 97:1 98:1 99:1 100:1 101:1 102:1 103:1 105:1 106:1 107:1 108:1 109:1 110:1 111:1 112:1 114:1 115:1 116:1 117:1 118:1 122:1 269:1 353:1 8230:1 
2 9:1 10:1 13:1 32:1 44:1 46:1 71:1 77:1 84:1 90:1 97:1 98:1 99:1 100:1 101:1 103:1 104:1 105:1 106:1 107:1 108:1 109:1 110:1 111:1 112:1 114:1 115:1 116:1 117:1 118:1 122:1 230:1 232:1 240:1 353:1 
2 9:1 10:1 13:1 32:1 46:1 71:1 73:1 75:1 83:1 91:1 93:1 97:1 98:1 100:1 101:1 103:1 104:1 105:1 106:1 107:1 108:1 109:1 110:1 111:1 112:1 114:1 115:1 116:1 117:1 118:1 121:1 122:1 269:1 
2 9:1 10:1 13:1 32:1 34:1 44:1 45:1 46:1 52:1 66:1 69:1 70:1 72:1 79:1 82:1 83:1 85:1 86:1 90:1 97:1 98:1 99:1 100:1 101:1 103:1 105:1 106:1 107:1 108:1 109:1 110:1 111:1 112:1 114:1 115:1 116:1 117:1 118:1 122:1 263:1 269:1 382:1 
2 9:1 10:1 13:1 32:1 34:1 44:1 45:1 46:1 65:1 77:1 97:1 98:1 100:1 101:1 102:1 103:1 105:1 106:1 107:1 108:1 109:1 110:1 111:1 112:1 114:1 115:1 116:1 117:1 118:1 122:1 263:1 269:1 353:1 
2 9:1 10:1 13:1 32:1 34:1 44:1 46:1 73:1 77:1 82:1 83:1 97:1 98:1 99:1 100:1 101:1 103:1 105:1 106:1 107:1 108:1 109:1 110:1 111:1 112:1 114:1 115:1 116:1 117:1 118:1 122:1 263:1 269:1 273:1 353:1 382:1 
2 9:1 10:1 13:1 32:1 44:1 45:1 46:1 66:1 68:1 70:1 72:1 78:1 83:1 86:1 97:1 98:1 99:1 100:1 101:1 103:1 104:1 105:1 106:1 107:1 108:1 109:1 110:1 111:1 112:1 114:1 115:1 116:1 117:1 118:1 119:1 122:1 263:1 269:1 353:1 382:1 
2 9:1 10:1 13:1 32:1 44:1 46:1 66:1 72:1 82:1 83:1 97:1 98:1 99:1 100:1 101:1 102:1 103:1 104:1 105:1 106:1 107:1 108:1 109:1 110:1 111:1 112:1 114:1 115:1 116:1 117:1 118:1 122:1 263:1 269:1 353:1 382:1 
2 9:1 10:1 13:1 32:1 34:1 44:1 46:1 65:1 67:1 69:1 79:1 83:1 84:1 97:1 98:1 99:1 100:1 101:1 103:1 105:1 106:1 107:1 108:1 109:1 110:1 111:1 112:1 114:1 115:1 116:1 117:1 118:1 120:1 122:1 269:1 353:1 
2 9:1 10:1 13:1 32:1 44:1 46:1 47:1 48:1 49:1 52:1 54:1 97:1 98:1 100:1 101:1 103:1 105:1 106:1 107:1 108:1 109:1 110:1 111:1 112:1 114:1 115:1 116:1 117:1 118:1 122:1 263:1 269:1 273:1 382:1 8230:1 
2 9:1 10:1 13:1 32:1 40:1 41:1 44:1 46:1 65:1 66:1 67:1 68:1 69:1 70:1 72:1 73:1 74:1 75:1 77:1 78:1 79:1 80:1 82:1 83:1 84:1 85:1 97:1 98:1 99:1 100:1 101:1 102:1 103:1 104:1 105:1 106:1 107:1 108:1 109:1 110:1 111:1 112:1 114:1 115:1 116:1 117:1 118:1 119:1 120:1 122:1 262:1 263:1 269:1 352:1 353:1 382:1 8220:1 8222:1 
2 9:1 10:1 13:1 32:1 34:1 44:1 46:1 70:1 75:1 78:1 83:1 97:1 98:1 99:1 100:1 101:1 103:1 105:1 106:1 107:1 108:1 109:1 110:1 111:1 112:1 114:1 115:1 116:1 117:1 118:1 122:1 263:1 269:1 353:1 
2 9:1 10:1 13:1 32:1 44:1 46:1 49:1 53:1 56:1 57:1 75:1 77:1 83:1 97:1 98:1 99:1 100:1 101:1 103:1 105:1 106:1 107:1 108:1 109:1 110:1 111:1 112:1 114:1 115:1 116:1 117:1 118:1 122:1 263:1 353:1 
2 9:1 10:1 13:1 32:1 44:1 46:1 48:1 49:1 50:1 51:1 52:1 54:1 56:1 57:1 75:1 77:1 97:1 98:1 99:1 100:1 101:1 103:1 104:1 105:1 106:1 107:1 108:1 109:1 110:1 111:1 112:1 114:1 115:1 116:1 117:1 118:1 122:1 263:1 269:1 353:1 
2 9:1 10:1 13:1 32:1 44:1 46:1 50:1 52:1 53:1 57:1 69:1 97:1 98:1 99:1 100:1 101:1 103:1 104:1 105:1 106:1 107:1 108:1 109:1 110:1 111:1 112:1 114:1 115:1 116:1 117:1 118:1 122:1 
2 9:1 10:1 13:1 32:1 44:1 46:1 69:1 78:1 80:1 97:1 98:1 99:1 100:1 101:1 102:1 103:1 104:1 105:1 106:1 107:1 108:1 109:1 110:1 111:1 112:1 114:1 115:1 116:1 117:1 118:1 122:1 263:1 269:1 353:1 
2 9:1 10:1 13:1 32:1 40:1 41:1 44:1 46:1 48:1 49:1 65:1 66:1 68:1 72:1 73:1 77:1 82:1 83:1 97:1 98:1 99:1 100:1 101:1 103:1 105:1 106:1 107:1 108:1 109:1 110:1 111:1 112:1 114:1 115:1 116:1 117:1 118:1 122:1 
2 9:1 10:1 13:1 32:1 44:1 46:1 65:1 66:1 69:1 70:1 76:1 83:1 84:1 85:1 97:1 98:1 99:1 100:1 101:1 103:1 104:1 105:1 106:1 107:1 108:1 109:1 110:1 111:1 112:1 114:1 115:1 116:1 117:1 118:1 122:1 263:1 269:1 273:1 353:1 
2 9:1 10:1 13:1 32:1 44:1 46:1 97:1 98:1 99:1 100:1 101:1 102:1 103:1 105:1 106:1 107:1 108:1 109:1 110:1 111:1 112:1 114:1 115:1 116:1 117:1 118:1 122:1 263:1 353:1 382:1 
2 9:1 10:1 13:1 32:1 44:1 46:1 66:1 68:1 72:1 77:1 82:1 83:1 97:1 98:1 99:1 100:1 101:1 103:1 105:1 106:1 107:1 108:1 109:1 110:1 111:1 112:1 114:1 115:1 116:1 117:1 118:1 122:1 263:1 269:1 
2 9:1 10:1 13:1 32:1 46:1 48:1 49:1 66:1 68:1 72:1 73:1 97:1 98:1 99:1 100:1 101:1 102:1 103:1 105:1 106:1 107:1 108:1 109:1 110:1 111:1 112:1 114:1 115:1 116:1 117:1 118:1 122:1 263:1 273:1 353:1 382:1 
2 9:1 10:1 13:1 32:1 34:1 44:1 46:1 59:1 83:1 97:1 98:1 100:1 101:1 103:1 105:1 106:1 107:1 108:1 109:1 110:1 111:1 112:1 114:1 115:1 116:1 117:1 118:1 122:1 263:1 269:1 352:1 353:1 382:1 
2 9:1 10:1 13:1 32:1 40:1 41:1 44:1 46:1 66:1 72:1 83:1 97:1 98:1 99:1 100:1 101:1 103:1 104:1 105:1 106:1 107:1 108:1 109:1 110:1 111:1 112:1 114:1 115:1 116:1 117:1 118:1 122:1 263:1 269:1 273:1 353:1 
2 9:1 10:1 13:1 32:1 44:1 46:1 48:1 50:1 75:1 77:1 83:1 97:1 98:1 99:1 100:1 101:1 102:1 104:1 105:1 106:1 107:1 108:1 109:1 110:1 111:1 112:1 114:1 115:1 116:1 117:1 118:1 263:1 269:1 353:1 
2 9:1 10:1 13:1 32:1 44:1 46:1 75:1 77:1 84:1 97:1 98:1 100:1 101:1 102:1 103:1 104:1 105:1 106:1 107:1 108:1 109:1 110:1 111:1 112:1 114:1 115:1 116:1 117:1 118:1 122:1 263:1 269:1 353:1 382:1 
2 9:1 10:1 13:1 32:1 44:1 46:1 48:1 49:1 50:1 52:1 53:1 66:1 85:1 97:1 98:1 100:1 101:1 103:1 105:1 106:1 107:1 108:1 110:1 111:1 112:1 114:1 115:1 116:1 117:1 118:1 122:1 269:1 273:1 382:1 
2 9:1 10:1 13:1 32:1 39:1 43:1 46:1 49:1 55:1 66:1 72:1 80:1 83:1 97:1 98:1 99:1 100:1 101:1 103:1 105:1 106:1 107:1 108:1 109:1 110:1 111:1 112:1 114:1 115:1 116:1 117:1 118:1 122:1 263:1 269:1 273:1 
2 9:1 10:1 13:1 32:1 45:1 46:1 65:1 67:1 69:1 73:1 78:1 80:1 83:1 84:1 85:1 89:1 97:1 98:1 99:1 100:1 101:1 102:1 103:1 104:1 105:1 106:1 107:1 108:1 109:1 110:1 111:1 112:1 114:1 115:1 116:1 117:1 118:1 122:1 263:1 269:1 353:1 382:1 
2 9:1 10:1 13:1 32:1 40:1 41:1 46:1 66:1 72:1 97:1 98:1 99:1 100:1 101:1 103:1 105:1 106:1 107:1 108:1 109:1 110:1 111:1 112:1 114:1 115:1 116:1 117:1 118:1 122:1 269:1 273:1 382:1 
2 9:1 10:1 13:1 32:1 44:1 46:1 65:1 66:1 72:1 73:1 78:1 79:1 84:1 97:1 98:1 99:1 100:1 101:1 103:1 105:1 106:1 107:1 108:1 109:1 110:1 111:1 112:1 114:1 115:1 116:1 117:1 118:1 122:1 263:1 269:1 353:1 382:1 
2 9:1 10:1 13:1 32:1 40:1 41:1 44:1 46:1 49:1 50:1 65:1 73:1 76:1 77:1 84:1 97:1 98:1 99:1 100:1 101:1 103:1 104:1 105:1 106:1 107:1 108:1 109:1 110:1 111:1 112:1 114:1 115:1 116:1 117:1 118:1 122:1 269:1 353:1 
2 9:1 10:1 13:1 32:1 40:1 41:1 44:1 46:1 48:1 49:1 50:1 54:1 67:1 70:1 73:1 75:1 77:1 80:1 97:1 98:1 99:1 100:1 101:1 103:1 105:1 106:1 107:1 108:1 109:1 110:1 111:1 112:1 114:1 115:1 116:1 117:1 118:1 353:1 382:1 
2 9:1 10:1 13:1 32:1 34:1 46:1 67:1 97:1 98:1 99:1 100:1 101:1 102:1 103:1 104:1 105:1 106:1 107:1 108:1 109:1 110:1 111:1 112:1 114:1 115:1 116:1 117:1 118:1 
2 9:1 10:1 13:1 32:1 44:1 45:1 46:1 97:1 98:1 99:1 100:1 101:1 103:1 105:1 106:1 107:1 108:1 109:1 110:1 111:1 112:1 114:1 115:1 116:1 117:1 118:1 122:1 269:1 353:1 
2 9:1 10:1 13:1 32:1 39:1 44:1 46:1 65:1 83:1 97:1 98:1 100:1 101:1 102:1 103:1 105:1 106:1 107:1 108:1 109:1 110:1 111:1 114:1 115:1 116:1 117:1 118:1 122:1 263:1 269:1 273:1 353:1 
2 9:1 10:1 13:1 32:1 34:1 44:1 46:1 66:1 69:1 83:1 84:1 86:1 91:1 93:1 97:1 98:1 99:1 100:1 101:1 103:1 104:1 105:1 106:1 108:1 109:1 110:1 111:1 112:1 113:1 114:1 115:1 116:1 117:1 118:1 122:1 263:1 353:1 382:1 
2 9:1 10:1 13:1 32:1 40:1 41:1 44:1 46:1 65:1 68:1 69:1 73:1 83:1 97:1 98:1 99:1 100:1 101:1 103:1 105:1 106:1 107:1 108:1 109:1 110:1 111:1 112:1 114:1 115:1 116:1 117:1 118:1 122:1 269:1 273:1 382:1 
2 9:1 10:1 13:1 32:1 44:1 46:1 49:1 50:1 52:1 54:1 97:1 98:1 99:1 100:1 101:1 103:1 105:1 106:1 107:1 108:1 109:1 110:1 111:1 112:1 114:1 115:1 116:1 117:1 118:1 122:1 
2 9:1 10:1 13:1 32:1 44:1 46:1 97:1 98:1 100:1 101:1 103:1 105:1 106:1 107:1 108:1 109:1 110:1 111:1 112:1 114:1 115:1 116:1 117:1 118:1 122:1 263:1 269:1 353:1 382:1 
2 9:1 10:1 13:1 32:1 44:1 46:1 50:1 52:1 97:1 98:1 99:1 100:1 101:1 103:1 104:1 105:1 106:1 107:1 108:1 109:1 110:1 111:1 112:1 114:1 115:1 116:1 117:1 118:1 122:1 269:1 353:1 
2 9:1 10:1 13:1 32:1 44:1 46:1 48:1 49:1 50:1 53:1 54:1 57:1 66:1 72:1 77:1 97:1 98:1 99:1 100:1 101:1 103:1 104:1 105:1 106:1 107:1 108:1 109:1 110:1 111:1 112:1 114:1 115:1 116:1 117:1 118:1 263:1 353:1 
2 9:1 10:1 13:1 32:1 34:1 46:1 66:1 73:1 77:1 78:1 82:1 83:1 84:1 85:1 97:1 98:1 99:1 100:1 101:1 102:1 103:1 104:1 105:1 106:1 107:1 108:1 109:1 110:1 111:1 112:1 114:1 115:1 116:1 117:1 118:1 122:1 263:1 269:1 
2 9:1 10:1 13:1 32:1 44:1 45:1 46:1 50:1 54:1 66:1 75:1 78:1 85:1 97:1 98:1 99:1 100:1 101:1 103:1 104:1 105:1 106:1 107:1 108:1 109:1 110:1 111:1 112:1 114:1 115:1 116:1 117:1 118:1 122:1 269:1 381:1 
2 9:1 10:1 13:1 32:1 44:1 46:1 74:1 75:1 77:1 80:1 84:1 97:1 98:1 99:1 100:1 101:1 103:1 105:1 106:1 107:1 108:1 109:1 110:1 111:1 112:1 114:1 115:1 116:1 117:1 118:1 122:1 263:1 269:1 352:1 
2 9:1 10:1 13:1 32:1 44:1 45:1 46:1 48:1 50:1 65:1 67:1 69:1 72:1 75:1 77:1 78:1 79:1 82:1 83:1 84:1 97:1 98:1 99:1 100:1 101:1 103:1 104:1 105:1 106:1 107:1 108:1 109:1 110:1 111:1 112:1 114:1 115:1 116:1 117:1 118:1 122:1 263:1 269:1 353:1 8211:1 
2 9:1 10:1 13:1 32:1 39:1 44:1 45:1 46:1 49:1 56:1 57:1 67:1 69:1 79:1 82:1 83:1 97:1 98:1 99:1 100:1 101:1 102:1 103:1 104:1 105:1 106:1 107:1 108:1 109:1 110:1 111:1 112:1 114:1 115:1 116:1 117:1 118:1 122:1 269:1 353:1 
2 9:1 10:1 13:1 32:1 44:1 46:1 49:1 57:1 75:1 80:1 97:1 98:1 99:1 100:1 101:1 103:1 105:1 106:1 107:1 108:1 109:1 110:1 111:1 112:1 114:1 115:1 116:1 117:1 118:1 122:1 269:1 
2 9:1 10:1 13:1 32:1 44:1 46:1 48:1 49:1 50:1 65:1 66:1 68:1 73:1 74:1 80:1 83:1 84:1 90:1 97:1 98:1 99:1 100:1 101:1 103:1 105:1 106:1 107:1 108:1 109:1 110:1 111:1 112:1 114:1 115:1 116:1 117:1 118:1 122:1 263:1 269:1 273:1 352:1 353:1 
2 9:1 10:1 13:1 32:1 46:1 66:1 72:1 97:1 98:1 100:1 101:1 102:1 103:1 104:1 105:1 106:1 107:1 108:1 109:1 110:1 111:1 112:1 114:1 115:1 116:1 117:1 118:1 122:1 263:1 269:1 353:1 382:1 
2 9:1 10:1 13:1 32:1 46:1 97:1 98:1 99:1 100:1 101:1 103:1 104:1 105:1 106:1 107:1 108:1 109:1 110:1 111:1 112:1 114:1 115:1 116:1 117:1 118:1 122:1 263:1 269:1 273:1 382:1 
2 9:1 10:1 13:1 32:1 34:1 44:1 46:1 65:1 73:1 80:1 82:1 86:1 97:1 98:1 99:1 100:1 101:1 102:1 103:1 105:1 106:1 107:1 108:1 109:1 110:1 111:1 112:1 114:1 115:1 116:1 117:1 118:1 122:1 
2 9:1 10:1 13:1 32:1 34:1 44:1 46:1 52:1 65:1 78:1 80:1 90:1 97:1 98:1 100:1 101:1 102:1 103:1 104:1 105:1 106:1 107:1 108:1 109:1 110:1 111:1 112:1 114:1 115:1 116:1 117:1 118:1 122:1 263:1 
2 9:1 10:1 13:1 32:1 46:1 50:1 52:1 71:1 75:1 80:1 97:1 98:1 100:1 101:1 103:1 104:1 105:1 106:1 107:1 108:1 109:1 110:1 111:1 112:1 114:1 115:1 116:1 117:1 118:1 122:1 269:1 382:1 
2 9:1 10:1 13:1 32:1 34:1 44:1 46:1 65:1 69:1 71:1 77:1 83:1 84:1 97:1 98:1 99:1 100:1 101:1 102:1 103:1 104:1 105:1 106:1 107:1 108:1 109:1 110:1 111:1 112:1 114:1 115:1 116:1 117:1 118:1 122:1 269:1 353:1 
2 9:1 10:1 13:1 32:1 40:1 41:1 44:1 46:1 49:1 50:1 65:1 69:1 75:1 97:1 98:1 100:1 101:1 103:1 104:1 105:1 106:1 107:1 108:1 109:1 110:1 111:1 112:1 114:1 115:1 116:1 117:1 118:1 122:1 353:1 
2 9:1 10:1 13:1 32:1 34:1 46:1 97:1 98:1 99:1 100:1 101:1 102:1 103:1 105:1 106:1 107:1 108:1 109:1 110:1 111:1 112:1 114:1 115:1 116:1 117:1 118:1 122:1 263:1 382:1 
2 9:1 10:1 13:1 32:1 44:1 46:1 66:1 97:1 98:1 99:1 100:1 101:1 102:1 103:1 104:1 105:1 106:1 107:1 108:1 109:1 110:1 111:1 112:1 114:1 115:1 116:1 117:1 118:1 122:1 269:1 273:1 353:1 382:1 
2 9:1 10:1 13:1 32:1 34:1 40:1 41:1 44:1 46:1 49:1 53:1 65:1 68:1 72:1 78:1 97:1 98:1 100:1 101:1 103:1 104:1 105:1 106:1 107:1 108:1 109:1 110:1 111:1 112:1 114:1 115:1 116:1 117:1 118:1 121:1 122:1 263:1 353:1 
2 9:1 10:1 13:1 32:1 46:1 56:1 73:1 78:1 84:1 97:1 98:1 99:1 100:1 101:1 103:1 105:1 106:1 107:1 108:1 109:1 110:1 111:1 112:1 114:1 115:1 116:1 117:1 118:1 122:1 263:1 269:1 273:1 
2 9:1 10:1 13:1 32:1 46:1 66:1 72:1 74:1 77:1 80:1 97:1 98:1 99:1 100:1 101:1 102:1 103:1 105:1 106:1 107:1 108:1 109:1 110:1 111:1 112:1 114:1 115:1 116:1 117:1 118:1 122:1 263:1 353:1 
2 9:1 10:1 13:1 32:1 34:1 44:1 46:1 80:1 90:1 97:1 98:1 99:1 100:1 101:1 102:1 103:1 105:1 106:1 107:1 108:1 109:1 110:1 111:1 112:1 114:1 115:1 116:1 117:1 118:1 122:1 263:1 269:1 382:1 8222:1 
2 9:1 10:1 13:1 32:1 44:1 46:1 97:1 98:1 100:1 101:1 103:1 105:1 106:1 107:1 108:1 109:1 110:1 111:1 112:1 114:1 115:1 116:1 117:1 118:1 122:1 263:1 273:1 
2 9:1 10:1 13:1 32:1 44:1 46:1 63:1 69:1 85:1 97:1 98:1 99:1 100:1 101:1 102:1 103:1 104:1 105:1 106:1 107:1 108:1 109:1 110:1 111:1 112:1 114:1 115:1 116:1 117:1 118:1 122:1 353:1 
2 9:1 10:1 13:1 32:1 40:1 41:1 44:1 46:1 66:1 76:1 80:1 97:1 98:1 99:1 100:1 101:1 104:1 105:1 106:1 107:1 108:1 109:1 110:1 111:1 112:1 114:1 115:1 116:1 117:1 118:1 122:1 263:1 269:1 382:1 
2 9:1 10:1 13:1 32:1 46:1 97:1 98:1 99:1 100:1 101:1 103:1 104:1 105:1 106:1 107:1 108:1 109:1 110:1 111:1 112:1 114:1 115:1 116:1 117:1 118:1 122:1 263:1 269:1 273:1 353:1 382:1 
2 9:1 10:1 13:1 32:1 44:1 46:1 97:1 98:1 99:1 100:1 101:1 103:1 105:1 106:1 107:1 108:1 109:1 110:1 111:1 112:1 114:1 115:1 116:1 117:1 118:1 122:1 263:1 269:1 353:1 382:1 
2 9:1 10:1 13:1 32:1 40:1 41:1 44:1 46:1 48:1 50:1 55:1 66:1 69:1 74:1 75:1 77:1 82:1 85:1 97:1 98:1 99:1 100:1 101:1 102:1 103:1 104:1 105:1 106:1 107:1 108:1 109:1 110:1 111:1 112:1 114:1 115:1 116:1 117:1 118:1 122:1 263:1 353:1 
2 9:1 10:1 13:1 32:1 40:1 41:1 44:1 46:1 49:1 56:1 65:1 66:1 71:1 78:1 83:1 84:1 97:1 98:1 100:1 101:1 102:1 103:1 104:1 105:1 106:1 107:1 108:1 109:1 110:1 111:1 112:1 114:1 115:1 116:1 117:1 118:1 122:1 263:1 269:1 
2 9:1 10:1 13:1 32:1 44:1 46:1 68:1 69:1 71:1 82:1 83:1 85:1 97:1 98:1 99:1 100:1 101:1 104:1 105:1 106:1 107:1 108:1 109:1 110:1 111:1 112:1 114:1 115:1 116:1 117:1 118:1 122:1 263:1 273:1 382:1 
2 9:1 10:1 13:1 32:1 46:1 70:1 71:1 79:1 97:1 98:1 99:1 100:1 101:1 102:1 103:1 105:1 106:1 107:1 108:1 109:1 110:1 111:1 112:1 114:1 115:1 116:1 117:1 118:1 122:1 263:1 269:1 353:1 
2 9:1 10:1 13:1 32:1 45:1 46:1 49:1 50:1 53:1 57:1 69:1 78:1 85:1 97:1 98:1 99:1 100:1 101:1 103:1 104:1 105:1 106:1 107:1 108:1 109:1 110:1 111:1 112:1 114:1 115:1 116:1 117:1 118:1 122:1 
2 9:1 10:1 13:1 32:1 46:1 78:1 83:1 97:1 98:1 99:1 100:1 101:1 103:1 104:1 105:1 106:1 107:1 108:1 109:1 110:1 111:1 112:1 114:1 115:1 116:1 117:1 118:1 119:1 122:1 
2 9:1 10:1 13:1 32:1 44:1 46:1 97:1 98:1 99:1 100:1 101:1 103:1 104:1 105:1 106:1 107:1 108:1 109:1 110:1 111:1 112:1 114:1 115:1 116:1 117:1 118:1 122:1 263:1 273:1 353:1 382:1 
2 9:1 10:1 13:1 32:1 34:1 44:1 45:1 46:1 68:1 76:1 80:1 86:1 90:1 97:1 98:1 99:1 100:1 101:1 103:1 104:1 105:1 106:1 107:1 108:1 109:1 110:1 111:1 112:1 114:1 115:1 116:1 117:1 118:1 122:1 263:1 273:1 382:1 
2 9:1 10:1 13:1 32:1 44:1 46:1 70:1 78:1 84:1 89:1 97:1 98:1 99:1 100:1 101:1 103:1 104:1 105:1 106:1 107:1 108:1 109:1 110:1 111:1 112:1 114:1 115:1 116:1 117:1 118:1 119:1 232:1 353:1 
2 9:1 10:1 13:1 32:1 34:1 44:1 46:1 48:1 49:1 50:1 53:1 66:1 84:1 97:1 98:1 99:1 100:1 101:1 103:1 104:1 105:1 106:1 107:1 108:1 109:1 110:1 111:1 112:1 114:1 115:1 116:1 117:1 118:1 122:1 269:1 353:1 382:1 
2 9:1 10:1 13:1 32:1 34:1 44:1 46:1 65:1 91:1 93:1 97:1 98:1 99:1 100:1 101:1 103:1 105:1 106:1 107:1 108:1 109:1 110:1 111:1 112:1 114:1 115:1 116:1 117:1 118:1 122:1 263:1 269:1 273:1 382:1 
2 9:1 10:1 13:1 32:1 44:1 45:1 46:1 74:1 75:1 80:1 83:1 97:1 98:1 99:1 100:1 101:1 102:1 104:1 105:1 106:1 107:1 108:1 109:1 110:1 111:1 112:1 114:1 115:1 116:1 117:1 118:1 122:1 
2 9:1 10:1 13:1 32:1 44:1 46:1 97:1 98:1 99:1 100:1 101:1 102:1 103:1 104:1 105:1 106:1 107:1 108:1 109:1 110:1 111:1 112:1 114:1 115:1 116:1 117:1 118:1 122:1 
2 9:1 10:1 13:1 32:1 34:1 44:1 46:1 66:1 68:1 69:1 83:1 84:1 85:1 97:1 98:1 99:1 100:1 101:1 102:1 103:1 104:1 105:1 106:1 107:1 108:1 109:1 110:1 111:1 112:1 114:1 115:1 116:1 117:1 118:1 122:1 263:1 269:1 273:1 353:1 382:1 
2 9:1 10:1 13:1 32:1 46:1 48:1 53:1 76:1 77:1 83:1 97:1 98:1 99:1 100:1 101:1 103:1 105:1 106:1 107:1 108:1 109:1 110:1 111:1 112:1 114:1 115:1 116:1 117:1 118:1 122:1 269:1 353:1 
2 9:1 10:1 13:1 32:1 44:1 45:1 46:1 48:1 49:1 50:1 53:1 69:1 70:1 71:1 77:1 85:1 97:1 98:1 100:1 101:1 102:1 103:1 104:1 105:1 106:1 107:1 108:1 109:1 110:1 111:1 112:1 114:1 115:1 116:1 117:1 118:1 122:1 269:1 353:1 382:1 
2 9:1 10:1 13:1 32:1 44:1 46:1 49:1 56:1 57:1 65:1 73:1 80:1 83:1 97:1 98:1 100:1 101:1 103:1 105:1 106:1 107:1 108:1 109:1 110:1 111:1 112:1 114:1 115:1 116:1 117:1 118:1 122:1 263:1 268:1 269:1 353:1 382:1 
2 9:1 10:1 13:1 32:1 44:1 46:1 66:1 72:1 97:1 98:1 99:1 100:1 101:1 103:1 105:1 106:1 107:1 108:1 109:1 110:1 111:1 112:1 114:1 115:1 116:1 117:1 118:1 122:1 263:1 269:1 353:1 
2 9:1 10:1 13:1 32:1 40:1 41:1 44:1 46:1 52:1 65:1 71:1 77:1 80:1 97:1 98:1 100:1 101:1 103:1 105:1 106:1 107:1 108:1 109:1 110:1 111:1 112:1 114:1 115:1 116:1 117:1 118:1 122:1 269:1 353:1 382:1 
2 9:1 10:1 13:1 32:1 44:1 46:1 66:1 70:1 76:1 97:1 98:1 99:1 100:1 101:1 102:1 103:1 104:1 105:1 106:1 107:1 108:1 109:1 110:1 111:1 112:1 114:1 115:1 116:1 117:1 118:1 122:1 263:1 269:1 353:1 
2 9:1 10:1 13:1 32:1 44:1 46:1 97:1 98:1 100:1 101:1 102:1 103:1 105:1 106:1 107:1 108:1 109:1 110:1 111:1 112:1 114:1 115:1 116:1 117:1 118:1 122:1 263:1 269:1 273:1 353:1 
2 9:1 10:1 13:1 32:1 44:1 46:1 48:1 50:1 55:1 56:1 97:1 98:1 100:1 101:1 103:1 104:1 105:1 106:1 107:1 108:1 109:1 110:1 111:1 112:1 114:1 115:1 116:1 117:1 118:1 122:1 263:1 269:1 353:1 382:1 
2 9:1 10:1 13:1 32:1 44:1 46:1 52:1 54:1 69:1 85:1 97:1 98:1 99:1 100:1 101:1 102:1 103:1 104:1 105:1 106:1 107:1 108:1 109:1 110:1 111:1 112:1 114:1 115:1 116:1 117:1 118:1 122:1 263:1 269:1 273:1 353:1 382:1 
2 9:1 10:1 13:1 32:1 34:1 44:1 46:1 65:1 66:1 71:1 72:1 76:1 78:1 83:1 97:1 98:1 99:1 100:1 101:1 102:1 103:1 104:1 105:1 106:1 107:1 108:1 109:1 110:1 111:1 112:1 114:1 115:1 116:1 117:1 118:1 122:1 263:1 268:1 382:1 
2 9:1 10:1 13:1 32:1 40:1 41:1 44:1 46:1 48:1 49:1 50:1 51:1 52:1 53:1 56:1 57:1 72:1 90:1 97:1 98:1 99:1 100:1 101:1 103:1 104:1 105:1 106:1 107:1 108:1 109:1 110:1 111:1 112:1 114:1 115:1 116:1 117:1 118:1 122:1 263:1 353:1 382:1 
2 9:1 10:1 13:1 32:1 33:1 34:1 44:1 46:1 63:1 73:1 74:1 77:1 84:1 86:1 97:1 98:1 100:1 101:1 103:1 104:1 105:1 106:1 107:1 108:1 109:1 110:1 111:1 112:1 114:1 115:1 116:1 117:1 118:1 122:1 263:1 269:1 273:1 353:1 382:1 
2 9:1 10:1 13:1 32:1 46:1 73:1 97:1 98:1 99:1 100:1 101:1 102:1 103:1 105:1 106:1 107:1 108:1 109:1 110:1 111:1 112:1 114:1 115:1 116:1 117:1 118:1 122:1 263:1 273:1 
2 9:1 10:1 13:1 32:1 34:1 44:1 46:1 86:1 97:1 98:1 99:1 100:1 101:1 103:1 105:1 106:1 107:1 108:1 109:1 110:1 111:1 112:1 114:1 115:1 116:1 117:1 118:1 122:1 353:1 382:1 
2 9:1 10:1 13:1 32:1 44:1 46:1 97:1 98:1 99:1 100:1 101:1 103:1 104:1 105:1 106:1 107:1 108:1 109:1 110:1 111:1 112:1 114:1 115:1 116:1 117:1 118:1 122:1 263:1 269:1 273:1 353:1 
2 9:1 10:1 13:1 32:1 40:1 41:1 44:1 46:1 48:1 49:1 51:1 52:1 53:1 56:1 70:1 82:1 83:1 84:1 97:1 98:1 99:1 100:1 101:1 103:1 105:1 106:1 107:1 108:1 109:1 110:1 111:1 112:1 114:1 115:1 116:1 117:1 118:1 263:1 353:1 382:1 
2 9:1 10:1 13:1 32:1 34:1 44:1 46:1 50:1 57:1 72:1 73:1 77:1 90:1 97:1 98:1 99:1 100:1 101:1 102:1 103:1 104:1 105:1 106:1 107:1 109:1 110:1 111:1 112:1 114:1 115:1 116:1 117:1 118:1 269:1 353:1 382:1 
2 9:1 10:1 13:1 32:1 44:1 46:1 48:1 51:1 54:1 55:1 56:1 57:1 75:1 77:1 97:1 98:1 100:1 101:1 102:1 103:1 104:1 105:1 106:1 107:1 108:1 109:1 110:1 111:1 112:1 114:1 115:1 116:1 117:1 118:1 122:1 273:1 353:1 
2 9:1 10:1 13:1 32:1 44:1 63:1 66:1 82:1 83:1 84:1 97:1 98:1 99:1 100:1 101:1 103:1 105:1 106:1 107:1 108:1 109:1 110:1 111:1 112:1 114:1 115:1 116:1 117:1 118:1 122:1 263:1 269:1 353:1 382:1 
2 9:1 10:1 13:1 32:1 46:1 48:1 49:1 50:1 80:1 82:1 97:1 98:1 99:1 100:1 101:1 103:1 104:1 105:1 106:1 107:1 108:1 109:1 110:1 111:1 112:1 114:1 115:1 116:1 117:1 118:1 122:1 268:1 269:1 273:1 353:1 
2 9:1 10:1 13:1 32:1 44:1 46:1 97:1 98:1 99:1 100:1 101:1 103:1 104:1 105:1 106:1 107:1 108:1 109:1 110:1 111:1 112:1 114:1 115:1 116:1 117:1 118:1 122:1 263:1 
2 9:1 10:1 13:1 32:1 40:1 41:1 46:1 48:1 49:1 56:1 66:1 70:1 72:1 82:1 97:1 98:1 99:1 100:1 101:1 103:1 104:1 105:1 106:1 107:1 108:1 109:1 110:1 111:1 112:1 114:1 115:1 116:1 117:1 118:1 122:1 
2 9:1 10:1 13:1 32:1 44:1 46:1 97:1 98:1 100:1 101:1 102:1 103:1 104:1 105:1 106:1 107:1 108:1 109:1 110:1 111:1 112:1 114:1 115:1 116:1 117:1 118:1 122:1 263:1 269:1 273:1 382:1 
2 9:1 10:1 13:1 32:1 44:1 45:1 46:1 67:1 71:1 74:1 76:1 97:1 98:1 99:1 100:1 101:1 103:1 104:1 105:1 106:1 107:1 108:1 109:1 110:1 111:1 112:1 114:1 115:1 116:1 117:1 118:1 122:1 263:1 269:1 273:1 353:1 382:1 
2 9:1 10:1 13:1 32:1 46:1 68:1 69:1 97:1 98:1 99:1 100:1 101:1 103:1 105:1 106:1 107:1 108:1 109:1 110:1 111:1 112:1 114:1 115:1 116:1 117:1 118:1 122:1 263:1 269:1 382:1 
2 9:1 10:1 13:1 32:1 44:1 46:1 72:1 97:1 98:1 99:1 100:1 101:1 102:1 103:1 104:1 105:1 106:1 107:1 108:1 109:1 110:1 111:1 112:1 114:1 115:1 116:1 117:1 118:1 122:1 269:1 353:1 382:1 
2 9:1 10:1 13:1 32:1 34:1 40:1 41:1 44:1 46:1 65:1 68:1 80:1 82:1 97:1 98:1 99:1 100:1 101:1 102:1 103:1 104:1 105:1 106:1 107:1 108:1 109:1 110:1 111:1 112:1 114:1 115:1 116:1 117:1 118:1 122:1 263:1 273:1 382:1 
2 9:1 10:1 13:1 32:1 44:1 46:1 69:1 73:1 75:1 84:1 97:1 98:1 99:1 100:1 101:1 103:1 105:1 106:1 107:1 108:1 109:1 110:1 111:1 112:1 114:1 115:1 116:1 117:1 118:1 121:1 122:1 353:1 382:1 
2 9:1 10:1 13:1 32:1 40:1 41:1 44:1 46:1 66:1 70:1 72:1 97:1 98:1 99:1 100:1 101:1 103:1 105:1 106:1 107:1 108:1 109:1 110:1 111:1 112:1 114:1 115:1 116:1 117:1 118:1 122:1 
2 9:1 10:1 13:1 32:1 34:1 44:1 46:1 66:1 76:1 83:1 97:1 98:1 99:1 100:1 101:1 103:1 104:1 105:1 106:1 107:1 108:1 109:1 110:1 111:1 112:1 114:1 115:1 116:1 117:1 118:1 122:1 269:1 353:1 
2 9:1 10:1 13:1 32:1 44:1 46:1 66:1 70:1 72:1 82:1 83:1 90:1 97:1 98:1 99:1 100:1 101:1 103:1 105:1 106:1 107:1 108:1 109:1 110:1 111:1 112:1 114:1 115:1 116:1 117:1 118:1 122:1 263:1 269:1 273:1 353:1 
2 9:1 10:1 13:1 32:1 44:1 46:1 65:1 75:1 84:1 97:1 98:1 99:1 100:1 101:1 103:1 104:1 105:1 106:1 107:1 108:1 109:1 110:1 111:1 112:1 114:1 115:1 116:1 117:1 118:1 122:1 263:1 269:1 353:1 
2 9:1 10:1 13:1 32:1 44:1 46:1 72:1 77:1 97:1 98:1 99:1 100:1 101:1 102:1 103:1 104:1 105:1 106:1 107:1 108:1 109:1 110:1 111:1 112:1 114:1 115:1 116:1 117:1 118:1 122:1 263:1 269:1 273:1 353:1 382:1 
2 9:1 10:1 13:1 32:1 34:1 44:1 46:1 65:1 68:1 69:1 71:1 73:1 77:1 78:1 97:1 98:1 99:1 100:1 101:1 102:1 103:1 104:1 105:1 106:1 107:1 108:1 109:1 110:1 111:1 112:1 114:1 115:1 116:1 117:1 118:1 122:1 263:1 269:1 273:1 353:1 381:1 382:1 
2 9:1 10:1 13:1 32:1 40:1 41:1 46:1 67:1 68:1 71:1 80:1 83:1 97:1 98:1 99:1 100:1 101:1 105:1 106:1 107:1 108:1 109:1 110:1 111:1 112:1 114:1 115:1 116:1 117:1 118:1 122:1 269:1 318:1 
2 9:1 10:1 13:1 32:1 44:1 46:1 49:1 50:1 51:1 53:1 97:1 98:1 100:1 101:1 103:1 104:1 105:1 106:1 107:1 108:1 109:1 110:1 111:1 112:1 114:1 115:1 116:1 117:1 118:1 122:1 263:1 353:1 382:1 
2 9:1 10:1 13:1 32:1 44:1 46:1 66:1 84:1 97:1 98:1 99:1 100:1 101:1 102:1 104:1 105:1 106:1 107:1 108:1 109:1 110:1 111:1 112:1 114:1 115:1 116:1 117:1 118:1 122:1 263:1 269:1 353:1 382:1 
2 9:1 10:1 13:1 32:1 34:1 44:1 46:1 49:1 50:1 66:1 85:1 97:1 98:1 99:1 100:1 101:1 102:1 103:1 104:1 105:1 106:1 107:1 108:1 109:1 110:1 111:1 112:1 114:1 115:1 116:1 117:1 118:1 122:1 263:1 269:1 273:1 353:1 
2 9:1 10:1 13:1 32:1 44:1 46:1 97:1 98:1 100:1 101:1 104:1 105:1 106:1 107:1 108:1 109:1 110:1 111:1 112:1 114:1 115:1 116:1 117:1 118:1 122:1 263:1 353:1 382:1 
2 9:1 10:1 13:1 32:1 44:1 46:1 84:1 97:1 98:1 100:1 101:1 103:1 105:1 106:1 107:1 108:1 109:1 110:1 111:1 112:1 114:1 115:1 116:1 117:1 118:1 122:1 263:1 273:1 382:1 
2 9:1 10:1 13:1 32:1 34:1 44:1 46:1 48:1 50:1 53:1 66:1 70:1 72:1 77:1 80:1 97:1 98:1 99:1 100:1 101:1 103:1 105:1 106:1 107:1 108:1 109:1 110:1 111:1 112:1 114:1 115:1 116:1 117:1 118:1 122:1 263:1 269:1 382:1 
2 9:1 10:1 13:1 32:1 34:1 44:1 46:1 65:1 66:1 68:1 69:1 72:1 80:1 83:1 90:1 97:1 98:1 99:1 100:1 101:1 103:1 104:1 105:1 106:1 107:1 108:1 109:1 110:1 111:1 112:1 114:1 115:1 117:1 118:1 122:1 269:1 353:1 382:1 
2 9:1 10:1 13:1 32:1 46:1 47:1 53:1 68:1 69:1 80:1 85:1 86:1 97:1 98:1 99:1 100:1 101:1 103:1 104:1 105:1 106:1 107:1 108:1 109:1 110:1 111:1 112:1 114:1 115:1 116:1 117:1 118:1 121:1 122:1 263:1 269:1 353:1 382:1 
2 9:1 10:1 13:1 32:1 44:1 46:1 48:1 50:1 69:1 74:1 80:1 97:1 98:1 99:1 100:1 101:1 102:1 103:1 105:1 106:1 107:1 108:1 109:1 110:1 111:1 112:1 114:1 115:1 116:1 117:1 118:1 122:1 263:1 269:1 353:1 382:1 
2 9:1 10:1 13:1 32:1 34:1 44:1 46:1 65:1 74:1 78:1 83:1 97:1 98:1 99:1 100:1 101:1 103:1 104:1 105:1 106:1 107:1 108:1 109:1 110:1 111:1 112:1 114:1 115:1 116:1 117:1 118:1 122:1 263:1 273:1 353:1 382:1 
2 9:1 10:1 13:1 32:1 46:1 66:1 72:1 74:1 82:1 83:1 97:1 98:1 100:1 101:1 103:1 105:1 106:1 107:1 108:1 109:1 110:1 111:1 112:1 114:1 115:1 116:1 117:1 118:1 122:1 263:1 269:1 273:1 353:1 382:1 
2 9:1 10:1 13:1 32:1 44:1 46:1 97:1 98:1 99:1 100:1 101:1 103:1 104:1 105:1 106:1 107:1 108:1 109:1 110:1 111:1 112:1 114:1 115:1 116:1 117:1 118:1 122:1 263:1 269:1 273:1 353:1 
2 9:1 10:1 13:1 32:1 44:1 46:1 66:1 97:1 98:1 99:1 100:1 101:1 102:1 103:1 104:1 105:1 106:1 107:1 108:1 109:1 110:1 111:1 112:1 114:1 115:1 116:1 117:1 118:1 122:1 
2 9:1 10:1 13:1 32:1 33:1 44:1 46:1 48:1 49:1 50:1 53:1 54:1 57:1 82:1 83:1 97:1 98:1 100:1 101:1 102:1 104:1 105:1 106:1 107:1 108:1 109:1 110:1 111:1 112:1 114:1 115:1 116:1 117:1 118:1 122:1 263:1 269:1 353:1 
2 9:1 10:1 13:1 32:1 34:1 37:1 44:1 46:1 48:1 49:1 50:1 52:1 53:1 57:1 69:1 75:1 83:1 85:1 97:1 98:1 99:1 100:1 101:1 103:1 104:1 105:1 106:1 107:1 108:1 109:1 110:1 111:1 112:1 114:1 115:1 116:1 117:1 118:1 122:1 263:1 269:1 273:1 353:1 382:1 
2 9:1 10:1 13:1 32:1 34:1 44:1 46:1 66:1 97:1 98:1 99:1 100:1 101:1 103:1 104:1 105:1 106:1 107:1 108:1 109:1 110:1 111:1 112:1 114:1 115:1 116:1 117:1 118:1 122:1 263:1 269:1 353:1 
2 9:1 10:1 13:1 32:1 44:1 46:1 66:1 72:1 97:1 98:1 99:1 100:1 101:1 105:1 106:1 107:1 108:1 109:1 110:1 111:1 112:1 114:1 115:1 116:1 117:1 118:1 122:1 353:1 382:1 
2 9:1 10:1 13:1 32:1 44:1 46:1 66:1 68:1 71:1 72:1 75:1 79:1 80:1 83:1 84:1 97:1 98:1 99:1 100:1 101:1 102:1 103:1 104:1 105:1 106:1 107:1 108:1 109:1 110:1 111:1 112:1 114:1 115:1 116:1 117:1 118:1 122:1 263:1 269:1 273:1 353:1 382:1 
2 9:1 10:1 13:1 32:1 46:1 48:1 49:1 57:1 78:1 97:1 98:1 99:1 100:1 101:1 103:1 104:1 105:1 106:1 107:1 108:1 109:1 110:1 111:1 112:1 114:1 115:1 116:1 117:1 118:1 122:1 
2 9:1 10:1 13:1 32:1 44:1 46:1 80:1 97:1 98:1 99:1 100:1 101:1 103:1 104:1 105:1 106:1 107:1 108:1 109:1 110:1 111:1 112:1 114:1 115:1 116:1 117:1 118:1 122:1 263:1 269:1 353:1 382:1 
2 9:1 10:1 13:1 32:1 34:1 44:1 46:1 70:1 80:1 83:1 97:1 98:1 100:1 101:1 103:1 104:1 105:1 106:1 107:1 108:1 109:1 110:1 111:1 112:1 114:1 115:1 116:1 117:1 118:1 122:1 263:1 269:1 382:1 
2 9:1 10:1 13:1 32:1 44:1 46:1 97:1 98:1 100:1 101:1 105:1 106:1 107:1 108:1 109:1 110:1 111:1 112:1 114:1 115:1 116:1 117:1 118:1 122:1 382:1 
2 9:1 10:1 13:1 32:1 37:1 44:1 45:1 46:1 48:1 49:1 50:1 54:1 66:1 68:1 80:1 97:1 98:1 100:1 101:1 103:1 105:1 106:1 107:1 108:1 109:1 110:1 111:1 112:1 114:1 115:1 116:1 117:1 122:1 269:1 382:1 
2 9:1 10:1 13:1 32:1 46:1 66:1 72:1 83:1 97:1 98:1 99:1 100:1 101:1 102:1 103:1 105:1 106:1 107:1 108:1 109:1 110:1 111:1 112:1 114:1 115:1 116:1 117:1 118:1 122:1 269:1 382:1 
2 9:1 10:1 13:1 32:1 44:1 46:1 83:1 97:1 98:1 100:1 101:1 103:1 104:1 105:1 106:1 107:1 108:1 109:1 110:1 111:1 112:1 114:1 115:1 116:1 117:1 118:1 122:1 382:1 
2 9:1 10:1 13:1 32:1 44:1 46:1 69:1 80:1 97:1 98:1 99:1 100:1 101:1 103:1 104:1 105:1 106:1 107:1 108:1 109:1 110:1 111:1 112:1 114:1 115:1 116:1 117:1 118:1 119:1 122:1 263:1 353:1 
2 9:1 10:1 13:1 32:1 44:1 46:1 97:1 98:1 99:1 100:1 101:1 103:1 104:1 105:1 106:1 107:1 108:1 109:1 110:1 111:1 112:1 114:1 115:1 116:1 117:1 118:1 122:1 382:1 
2 9:1 10:1 13:1 32:1 44:1 46:1 65:1 72:1 74:1 77:1 83:1 86:1 97:1 98:1 99:1 100:1 101:1 103:1 105:1 106:1 107:1 108:1 109:1 110:1 111:1 112:1 114:1 115:1 116:1 117:1 118:1 122:1 263:1 269:1 353:1 382:1 
2 9:1 10:1 13:1 32:1 40:1 41:1 44:1 46:1 83:1 97:1 98:1 99:1 100:1 101:1 102:1 103:1 104:1 105:1 106:1 107:1 108:1 109:1 110:1 111:1 112:1 114:1 115:1 116:1 117:1 118:1 122:1 263:1 269:1 353:1 382:1 
2 9:1 10:1 13:1 32:1 34:1 44:1 46:1 48:1 49:1 50:1 53:1 97:1 98:1 99:1 100:1 101:1 102:1 103:1 104:1 105:1 106:1 107:1 108:1 109:1 110:1 111:1 112:1 114:1 115:1 116:1 118:1 263:1 269:1 
2 9:1 10:1 13:1 32:1 44:1 46:1 75:1 83:1 90:1 97:1 98:1 99:1 100:1 101:1 103:1 104:1 105:1 106:1 107:1 108:1 109:1 110:1 111:1 112:1 114:1 115:1 116:1 117:1 118:1 122:1 269:1 353:1 382:1 
2 9:1 10:1 13:1 32:1 37:1 46:1 54:1 56:1 65:1 66:1 82:1 97:1 98:1 99:1 100:1 101:1 102:1 103:1 104:1 105:1 106:1 107:1 108:1 110:1 111:1 112:1 114:1 115:1 116:1 117:1 118:1 122:1 353:1 382:1 
2 9:1 10:1 13:1 32:1 46:1 69:1 78:1 83:1 85:1 97:1 98:1 99:1 100:1 101:1 102:1 103:1 105:1 106:1 107:1 108:1 109:1 110:1 111:1 112:1 114:1 115:1 116:1 117:1 118:1 121:1 122:1 263:1 382:1 
2 9:1 10:1 13:1 32:1 44:1 46:1 51:1 53:1 97:1 98:1 99:1 100:1 101:1 104:1 105:1 106:1 107:1 108:1 109:1 110:1 111:1 112:1 114:1 115:1 116:1 117:1 118:1 122:1 269:1 273:1 353:1 
2 9:1 10:1 13:1 32:1 44:1 46:1 97:1 98:1 99:1 100:1 101:1 103:1 105:1 106:1 107:1 108:1 109:1 110:1 111:1 112:1 114:1 115:1 116:1 117:1 118:1 122:1 263:1 269:1 353:1 
2 9:1 10:1 13:1 32:1 34:1 44:1 46:1 77:1 80:1 97:1 98:1 100:1 101:1 103:1 105:1 106:1 107:1 108:1 109:1 110:1 111:1 112:1 114:1 115:1 116:1 117:1 118:1 122:1 263:1 269:1 273:1 353:1 382:1 
2 9:1 10:1 13:1 32:1 33:1 34:1 37:1 44:1 46:1 48:1 49:1 51:1 63:1 66:1 77:1 97:1 98:1 99:1 100:1 101:1 103:1 104:1 105:1 106:1 107:1 108:1 109:1 110:1 111:1 112:1 114:1 115:1 116:1 117:1 118:1 122:1 
2 9:1 10:1 13:1 32:1 44:1 46:1 49:1 50:1 75:1 83:1 84:1 97:1 98:1 99:1 100:1 101:1 103:1 105:1 106:1 107:1 108:1 109:1 110:1 111:1 112:1 114:1 115:1 116:1 117:1 118:1 122:1 269:1 273:1 353:1 382:1 
2 9:1 10:1 13:1 32:1 44:1 46:1 83:1 97:1 98:1 100:1 101:1 103:1 105:1 106:1 107:1 108:1 109:1 110:1 111:1 112:1 114:1 115:1 116:1 117:1 118:1 122:1 263:1 353:1 
2 9:1 10:1 13:1 32:1 44:1 46:1 48:1 56:1 97:1 98:1 99:1 100:1 101:1 103:1 104:1 105:1 106:1 107:1 108:1 109:1 110:1 111:1 112:1 114:1 115:1 116:1 117:1 118:1 122:1 263:1 353:1 382:1 
2 9:1 10:1 13:1 32:1 44:1 46:1 65:1 97:1 98:1 100:1 101:1 103:1 105:1 106:1 107:1 108:1 109:1 110:1 111:1 112:1 114:1 115:1 116:1 117:1 118:1 122:1 263:1 269:1 353:1 
2 9:1 10:1 13:1 32:1 44:1 46:1 50:1 56:1 65:1 80:1 83:1 86:1 97:1 98:1 99:1 100:1 101:1 102:1 103:1 105:1 106:1 107:1 108:1 109:1 110:1 111:1 112:1 114:1 115:1 116:1 117:1 118:1 122:1 269:1 353:1 
2 9:1 10:1 13:1 32:1 44:1 46:1 66:1 69:1 72:1 76:1 85:1 97:1 98:1 99:1 100:1 101:1 103:1 104:1 105:1 106:1 107:1 108:1 110:1 111:1 112:1 114:1 115:1 116:1 117:1 118:1 122:1 
2 9:1 10:1 13:1 32:1 44:1 45:1 46:1 85:1 97:1 98:1 99:1 100:1 101:1 103:1 105:1 106:1 107:1 108:1 109:1 110:1 111:1 112:1 114:1 115:1 116:1 117:1 118:1 122:1 263:1 269:1 353:1 382:1 
2 9:1 10:1 13:1 32:1 44:1 46:1 66:1 68:1 72:1 74:1 97:1 98:1 99:1 100:1 101:1 103:1 105:1 106:1 107:1 108:1 109:1 110:1 111:1 112:1 114:1 115:1 116:1 117:1 118:1 120:1 122:1 263:1 382:1 
2 9:1 10:1 13:1 32:1 44:1 46:1 48:1 50:1 51:1 84:1 97:1 98:1 99:1 100:1 101:1 103:1 104:1 105:1 106:1 107:1 108:1 109:1 110:1 111:1 112:1 114:1 115:1 116:1 117:1 118:1 263:1 269:1 
2 9:1 10:1 13:1 32:1 44:1 46:1 82:1 97:1 98:1 99:1 100:1 101:1 102:1 103:1 105:1 106:1 107:1 108:1 109:1 110:1 111:1 112:1 114:1 115:1 116:1 117:1 118:1 122:1 263:1 269:1 
2 9:1 10:1 13:1 32:1 44:1 46:1 80:1 97:1 98:1 99:1 100:1 101:1 103:1 104:1 105:1 106:1 107:1 108:1 109:1 110:1 111:1 112:1 114:1 115:1 116:1 117:1 118:1 122:1 269:1 353:1 
2 9:1 10:1 13:1 32:1 40:1 41:1 44:1 46:1 48:1 51:1 54:1 55:1 68:1 73:1 77:1 78:1 80:1 83:1 97:1 98:1 100:1 101:1 102:1 104:1 105:1 106:1 107:1 108:1 109:1 110:1 111:1 112:1 114:1 115:1 116:1 117:1 118:1 263:1 353:1 
2 9:1 10:1 13:1 32:1 44:1 46:1 48:1 49:1 50:1 72:1 74:1 77:1 78:1 97:1 98:1 99:1 100:1 101:1 102:1 103:1 105:1 106:1 107:1 108:1 109:1 110:1 111:1 112:1 114:1 115:1 116:1 117:1 118:1 122:1 263:1 269:1 353:1 382:1 
2 9:1 10:1 13:1 32:1 44:1 46:1 49:1 50:1 52:1 54:1 55:1 75:1 77:1 82:1 83:1 97:1 98:1 100:1 101:1 103:1 105:1 106:1 107:1 108:1 109:1 110:1 111:1 112:1 114:1 115:1 116:1 117:1 118:1 353:1 
3 9:1 10:1 13:1 32:1 44:1 46:1 48:1 51:1 97:1 98:1 99:1 100:1 101:1 104:1 105:1 106:1 107:1 108:1 109:1 110:1 111:1 114:1 115:1 116:1 117:1 118:1 121:1 122:1 225:1 237:1 269:1 283:1 345:1 353:1 367:1 382:1 
3 9:1 10:1 13:1 32:1 44:1 48:1 50:1 63:1 85:1 86:1 97:1 98:1 99:1 100:1 101:1 102:1 104:1 105:1 106:1 107:1 108:1 109:1 110:1 111:1 112:1 114:1 115:1 116:1 117:1 118:1 121:1 122:1 225:1 233:1 237:1 253:1 283:1 345:1 353:1 367:1 382:1 
3 9:1 10:1 13:1 32:1 44:1 46:1 50:1 52:1 65:1 75:1 78:1 79:1 80:1 86:1 90:1 97:1 98:1 99:1 100:1 101:1 104:1 105:1 106:1 107:1 108:1 110:1 111:1 112:1 114:1 115:1 116:1 117:1 118:1 121:1 122:1 193:1 225:1 237:1 253:1 268:1 269:1 345:1 382:1 
3 9:1 10:1 13:1 32:1 44:1 46:1 97:1 98:1 99:1 100:1 101:1 103:1 104:1 105:1 106:1 107:1 108:1 109:1 110:1 111:1 112:1 114:1 115:1 116:1 117:1 118:1 121:1 122:1 233:1 237:1 253:1 269:1 283:1 345:1 353:1 367:1 382:1 
3 9:1 10:1 13:1 32:1 44:1 46:1 48:1 52:1 83:1 97:1 98:1 99:1 100:1 101:1 104:1 105:1 106:1 107:1 108:1 109:1 110:1 111:1 112:1 114:1 115:1 116:1 117:1 118:1 121:1 122:1 225:1 237:1 253:1 269:1 283:1 345:1 353:1 367:1 382:1 
3 9:1 10:1 13:1 32:1 44:1 46:1 65:1 66:1 67:1 68:1 75:1 80:1 82:1 84:1 86:1 87:1 90:1 97:1 98:1 99:1 100:1 101:1 103:1 104:1 105:1 106:1 107:1 108:1 109:1 110:1 111:1 112:1 114:1 115:1 116:1 117:1 118:1 121:1 122:1 225:1 233:1 237:1 253:1 269:1 283:1 345:1 382:1 
3 9:1 10:1 13:1 32:1 44:1 46:1 66:1 68:1 74:1 75:1 77:1 84:1 97:1 98:1 99:1 100:1 101:1 103:1 104:1 105:1 106:1 107:1 108:1 109:1 110:1 111:1 112:1 114:1 115:1 116:1 117:1 118:1 121:1 122:1 225:1 233:1 237:1 253:1 269:1 271:1 283:1 345:1 352:1 353:1 357:1 367:1 382:1 
3 9:1 10:1 13:1 32:1 44:1 46:1 48:1 56:1 68:1 79:1 83:1 84:1 97:1 98:1 99:1 100:1 101:1 104:1 105:1 106:1 107:1 108:1 109:1 110:1 111:1 112:1 114:1 115:1 116:1 117:1 118:1 121:1 122:1 225:1 233:1 237:1 253:1 269:1 283:1 345:1 353:1 367:1 382:1 
3 9:1 10:1 13:1 32:1 44:1 46:1 69:1 97:1 98:1 99:1 100:1 101:1 104:1 105:1 106:1 107:1 108:1 109:1 110:1 111:1 112:1 114:1 115:1 116:1 117:1 118:1 121:1 122:1 225:1 233:1 237:1 253:1 269:1 283:1 345:1 367:1 382:1 
3 9:1 10:1 13:1 32:1 40:1 41:1 44:1 46:1 97:1 98:1 99:1 100:1 101:1 104:1 105:1 106:1 107:1 108:1 109:1 110:1 111:1 112:1 114:1 115:1 116:1 117:1 118:1 121:1 122:1 225:1 233:1 237:1 269:1 283:1 345:1 353:1 382:1 
3 9:1 10:1 13:1 32:1 44:1 46:1 97:1 98:1 99:1 100:1 101:1 102:1 103:1 104:1 105:1 106:1 107:1 108:1 109:1 110:1 111:1 112:1 114:1 115:1 116:1 117:1 118:1 121:1 122:1 225:1 237:1 253:1 283:1 345:1 367:1 
3 9:1 10:1 13:1 32:1 46:1 48:1 49:1 53:1 65:1 67:1 68:1 76:1 83:1 97:1 98:1 99:1 101:1 104:1 105:1 106:1 107:1 108:1 109:1 110:1 111:1 112:1 114:1 115:1 116:1 117:1 118:1 121:1 122:1 225:1 233:1 237:1 269:1 283:1 345:1 382:1 
3 9:1 10:1 13:1 32:1 40:1 41:1 44:1 46:1 49:1 50:1 51:1 57:1 67:1 69:1 70:1 75:1 79:1 80:1 84:1 86:1 97:1 98:1 99:1 100:1 101:1 103:1 104:1 105:1 106:1 107:1 108:1 109:1 110:1 111:1 112:1 114:1 115:1 116:1 117:1 118:1 121:1 122:1 225:1 233:1 237:1 253:1 268:1 269:1 283:1 345:1 353:1 367:1 
3 9:1 10:1 13:1 32:1 44:1 46:1 68:1 74:1 86:1 97:1 98:1 99:1 100:1 101:1 104:1 105:1 106:1 107:1 108:1 109:1 110:1 111:1 112:1 114:1 115:1 116:1 117:1 118:1 121:1 122:1 225:1 233:1 237:1 269:1 283:1 345:1 353:1 382:1 
3 9:1 10:1 13:1 32:1 44:1 46:1 71:1 75:1 97:1 98:1 99:1 100:1 101:1 104:1 105:1 106:1 107:1 108:1 109:1 110:1 111:1 112:1 114:1 115:1 116:1 117:1 118:1 121:1 122:1 225:1 237:1 250:1 253:1 269:1 345:1 353:1 367:1 382:1 
3 9:1 10:1 13:1 32:1 44:1 46:1 97:1 98:1 99:1 100:1 101:1 102:1 103:1 104:1 105:1 106:1 107:1 108:1 109:1 110:1 111:1 112:1 114:1 115:1 116:1 117:1 118:1 121:1 122:1 225:1 233:1 237:1 253:1 268:1 269:1 283:1 345:1 353:1 367:1 382:1 
3 9:1 10:1 13:1 32:1 44:1 46:1 63:1 67:1 78:1 97:1 98:1 99:1 100:1 101:1 102:1 104:1 105:1 106:1 107:1 108:1 109:1 110:1 111:1 112:1 114:1 115:1 116:1 117:1 118:1 121:1 122:1 
3 9:1 10:1 13:1 32:1 44:1 46:1 77:1 97:1 98:1 99:1 100:1 101:1 104:1 105:1 106:1 107:1 108:1 109:1 110:1 111:1 112:1 114:1 115:1 116:1 117:1 118:1 121:1 122:1 225:1 237:1 253:1 283:1 345:1 367:1 382:1 
3 9:1 10:1 13:1 32:1 34:1 44:1 46:1 72:1 78:1 97:1 98:1 99:1 100:1 101:1 104:1 105:1 106:1 107:1 108:1 109:1 110:1 111:1 112:1 114:1 115:1 116:1 117:1 118:1 121:1 122:1 225:1 233:1 237:1 269:1 283:1 345:1 353:1 382:1 
3 9:1 10:1 13:1 32:1 44:1 46:1 97:1 98:1 99:1 100:1 101:1 102:1 104:1 105:1 106:1 107:1 108:1 109:1 110:1 111:1 112:1 114:1 115:1 116:1 117:1 118:1 121:1 122:1 225:1 233:1 237:1 253:1 283:1 382:1 
3 9:1 10:1 13:1 32:1 44:1 46:1 49:1 55:1 57:1 75:1 82:1 90:1 97:1 98:1 99:1 100:1 101:1 103:1 104:1 105:1 107:1 108:1 109:1 110:1 111:1 112:1 114:1 115:1 116:1 117:1 118:1 122:1 225:1 233:1 237:1 253:1 269:1 283:1 345:1 353:1 367:1 382:1 
3 9:1 10:1 13:1 32:1 44:1 46:1 83:1 84:1 87:1 97:1 98:1 99:1 100:1 101:1 102:1 104:1 105:1 106:1 107:1 108:1 109:1 110:1 111:1 112:1 114:1 115:1 116:1 117:1 118:1 121:1 122:1 225:1 233:1 237:1 269:1 283:1 345:1 353:1 367:1 382:1 
3 9:1 10:1 13:1 32:1 44:1 46:1 97:1 98:1 99:1 100:1 101:1 102:1 104:1 105:1 106:1 107:1 109:1 110:1 111:1 112:1 114:1 115:1 116:1 117:1 118:1 121:1 122:1 225:1 233:1 237:1 253:1 269:1 283:1 345:1 353:1 367:1 382:1 
3 9:1 10:1 13:1 32:1 34:1 44:1 46:1 72:1 74:1 76:1 97:1 98:1 99:1 100:1 101:1 104:1 105:1 106:1 107:1 108:1 109:1 110:1 111:1 112:1 114:1 115:1 116:1 117:1 118:1 121:1 122:1 225:1 233:1 237:1 283:1 345:1 353:1 382:1 
3 9:1 10:1 13:1 32:1 34:1 44:1 46:1 65:1 68:1 77:1 97:1 98:1 99:1 100:1 101:1 102:1 104:1 105:1 106:1 107:1 108:1 109:1 110:1 111:1 112:1 114:1 115:1 116:1 117:1 118:1 121:1 122:1 225:1 233:1 237:1 253:1 269:1 345:1 353:1 367:1 382:1 
3 9:1 10:1 13:1 32:1 40:1 41:1 44:1 46:1 48:1 49:1 51:1 65:1 97:1 98:1 99:1 100:1 101:1 104:1 105:1 106:1 107:1 108:1 109:1 110:1 111:1 112:1 114:1 115:1 116:1 117:1 118:1 121:1 122:1 225:1 233:1 237:1 253:1 269:1 283:1 345:1 353:1 367:1 382:1 
3 9:1 10:1 13:1 32:1 34:1 44:1 46:1 83:1 97:1 98:1 99:1 100:1 101:1 102:1 103:1 104:1 105:1 106:1 107:1 108:1 109:1 110:1 111:1 112:1 114:1 115:1 116:1 117:1 118:1 121:1 122:1 225:1 233:1 237:1 253:1 269:1 283:1 345:1 353:1 382:1 
3 9:1 10:1 13:1 32:1 44:1 46:1 97:1 98:1 99:1 100:1 101:1 103:1 104:1 105:1 106:1 107:1 108:1 109:1 110:1 111:1 112:1 114:1 115:1 116:1 117:1 118:1 121:1 122:1 225:1 233:1 237:1 250:1 253:1 268:1 269:1 283:1 345:1 353:1 367:1 
3 9:1 10:1 13:1 32:1 44:1 46:1 68:1 82:1 97:1 98:1 99:1 100:1 101:1 102:1 103:1 104:1 105:1 106:1 107:1 108:1 109:1 110:1 111:1 112:1 114:1 115:1 116:1 117:1 118:1 121:1 122:1 225:1 233:1 237:1 253:1 268:1 283:1 345:1 353:1 
3 9:1 10:1 13:1 32:1 44:1 46:1 49:1 50:1 54:1 57:1 74:1 83:1 97:1 98:1 99:1 100:1 101:1 104:1 105:1 106:1 107:1 108:1 109:1 110:1 111:1 112:1 114:1 115:1 116:1 117:1 118:1 121:1 122:1 180:1 225:1 233:1 237:1 253:1 345:1 353:1 382:1 
3 9:1 10:1 13:1 32:1 46:1 48:1 51:1 53:1 65:1 68:1 75:1 80:1 83:1 97:1 98:1 99:1 100:1 101:1 103:1 104:1 105:1 106:1 107:1 108:1 109:1 110:1 111:1 112:1 114:1 115:1 116:1 117:1 118:1 121:1 122:1 225:1 233:1 237:1 253:1 268:1 269:1 283:1 345:1 367:1 382:1 
3 9:1 10:1 13:1 32:1 34:1 44:1 46:1 76:1 86:1 97:1 98:1 99:1 100:1 101:1 102:1 103:1 105:1 106:1 107:1 108:1 109:1 110:1 111:1 112:1 114:1 115:1 116:1 117:1 118:1 121:1 122:1 225:1 233:1 237:1 250:1 253:1 269:1 283:1 345:1 353:1 367:1 382:1 
3 9:1 10:1 13:1 32:1 44:1 46:1 75:1 77:1 84:1 86:1 97:1 98:1 99:1 100:1 101:1 102:1 104:1 105:1 106:1 107:1 108:1 109:1 110:1 111:1 112:1 114:1 115:1 116:1 117:1 118:1 121:1 122:1 225:1 233:1 237:1 283:1 345:1 382:1 
3 9:1 10:1 13:1 32:1 34:1 44:1 46:1 48:1 52:1 53:1 68:1 74:1 83:1 86:1 97:1 99:1 100:1 101:1 102:1 103:1 104:1 105:1 107:1 108:1 109:1 110:1 111:1 112:1 114:1 115:1 116:1 117:1 118:1 120:1 121:1 122:1 225:1 233:1 237:1 253:1 269:1 283:1 345:1 353:1 367:1 
3 9:1 10:1 13:1 32:1 40:1 41:1 44:1 46:1 48:1 49:1 53:1 56:1 83:1 97:1 98:1 99:1 100:1 101:1 102:1 104:1 105:1 106:1 107:1 108:1 109:1 110:1 111:1 112:1 114:1 115:1 116:1 117:1 118:1 121:1 122:1 225:1 233:1 237:1 253:1 283:1 345:1 353:1 367:1 382:1 
3 9:1 10:1 13:1 32:1 44:1 46:1 65:1 83:1 97:1 98:1 99:1 100:1 101:1 102:1 104:1 105:1 106:1 107:1 108:1 109:1 110:1 111:1 112:1 114:1 115:1 116:1 117:1 118:1 122:1 225:1 233:1 269:1 328:1 345:1 367:1 382:1 
3 9:1 10:1 13:1 32:1 44:1 46:1 77:1 97:1 98:1 99:1 100:1 101:1 103:1 104:1 105:1 106:1 107:1 108:1 109:1 110:1 111:1 112:1 114:1 115:1 116:1 117:1 118:1 121:1 122:1 225:1 233:1 237:1 253:1 269:1 283:1 345:1 382:1 
3 9:1 10:1 13:1 32:1 44:1 46:1 65:1 69:1 83:1 97:1 98:1 99:1 100:1 101:1 103:1 104:1 105:1 107:1 108:1 109:1 110:1 111:1 112:1 114:1 115:1 116:1 117:1 118:1 121:1 122:1 225:1 233:1 237:1 253:1 268:1 269:1 283:1 353:1 357:1 367:1 382:1 
3 9:1 10:1 13:1 32:1 44:1 48:1 52:1 63:1 97:1 98:1 99:1 100:1 101:1 104:1 105:1 106:1 107:1 108:1 109:1 110:1 111:1 114:1 115:1 116:1 117:1 118:1 121:1 122:1 233:1 283:1 345:1 353:1 367:1 382:1 
3 9:1 10:1 13:1 32:1 34:1 40:1 41:1 44:1 46:1 67:1 68:1 78:1 79:1 83:1 84:1 97:1 98:1 99:1 100:1 101:1 104:1 105:1 106:1 107:1 108:1 109:1 110:1 111:1 112:1 114:1 115:1 116:1 117:1 118:1 121:1 122:1 225:1 237:1 283:1 345:1 353:1 382:1 
3 9:1 10:1 13:1 32:1 44:1 46:1 65:1 68:1 72:1 80:1 82:1 97:1 98:1 99:1 100:1 101:1 103:1 104:1 105:1 106:1 107:1 108:1 109:1 110:1 111:1 112:1 114:1 115:1 116:1 117:1 118:1 121:1 122:1 225:1 233:1 237:1 250:1 269:1 283:1 345:1 353:1 357:1 367:1 
3 9:1 10:1 13:1 32:1 44:1 46:1 49:1 56:1 57:1 77:1 86:1 97:1 98:1 99:1 100:1 101:1 104:1 105:1 106:1 107:1 108:1 109:1 110:1 111:1 112:1 114:1 115:1 116:1 117:1 118:1 120:1 121:1 122:1 225:1 233:1 237:1 253:1 269:1 283:1 345:1 352:1 367:1 
3 9:1 10:1 13:1 32:1 44:1 46:1 75:1 97:1 98:1 99:1 100:1 101:1 102:1 103:1 104:1 105:1 106:1 107:1 108:1 109:1 110:1 111:1 112:1 114:1 115:1 116:1 117:1 118:1 121:1 122:1 225:1 233:1 237:1 250:1 269:1 283:1 345:1 353:1 382:1 8220:1 
3 9:1 10:1 13:1 32:1 44:1 46:1 48:1 50:1 53:1 57:1 68:1 80:1 97:1 98:1 99:1 100:1 101:1 102:1 103:1 104:1 105:1 106:1 107:1 108:1 109:1 110:1 111:1 112:1 114:1 115:1 116:1 117:1 118:1 121:1 122:1 225:1 233:1 237:1 253:1 269:1 283:1 345:1 353:1 367:1 382:1 
3 9:1 10:1 13:1 32:1 44:1 46:1 97:1 98:1 99:1 100:1 101:1 104:1 105:1 106:1 107:1 108:1 109:1 110:1 111:1 112:1 114:1 115:1 116:1 117:1 118:1 121:1 122:1 225:1 233:1 237:1 268:1 269:1 283:1 345:1 353:1 367:1 382:1 
3 9:1 10:1 13:1 32:1 44:1 46:1 78:1 84:1 97:1 98:1 99:1 100:1 101:1 102:1 103:1 104:1 105:1 106:1 107:1 108:1 109:1 110:1 111:1 112:1 114:1 115:1 116:1 117:1 118:1 121:1 122:1 225:1 233:1 237:1 283:1 328:1 345:1 353:1 367:1 8211:1 
3 9:1 10:1 13:1 32:1 44:1 46:1 48:1 50:1 65:1 68:1 75:1 77:1 80:1 97:1 98:1 99:1 100:1 101:1 102:1 103:1 104:1 105:1 106:1 107:1 108:1 109:1 110:1 111:1 112:1 114:1 115:1 116:1 117:1 118:1 121:1 122:1 225:1 233:1 237:1 250:1 253:1 269:1 283:1 345:1 353:1 367:1 382:1 
3 9:1 10:1 13:1 32:1 44:1 46:1 77:1 80:1 82:1 97:1 98:1 99:1 100:1 101:1 103:1 104:1 105:1 106:1 107:1 108:1 109:1 110:1 111:1 112:1 114:1 115:1 116:1 117:1 118:1 121:1 122:1 225:1 233:1 237:1 253:1 268:1 269:1 283:1 345:1 353:1 382:1 
3 9:1 10:1 13:1 32:1 40:1 44:1 46:1 78:1 83:1 97:1 98:1 99:1 100:1 101:1 102:1 104:1 105:1 107:1 108:1 109:1 110:1 111:1 114:1 115:1 116:1 117:1 118:1 122:1 225:1 233:1 237:1 269:1 283:1 345:1 353:1 367:1 382:1 
3 9:1 10:1 13:1 32:1 34:1 40:1 41:1 44:1 46:1 68:1 84:1 97:1 98:1 99:1 100:1 101:1 103:1 104:1 105:1 106:1 107:1 108:1 109:1 110:1 111:1 112:1 114:1 115:1 116:1 117:1 118:1 121:1 122:1 225:1 233:1 237:1 269:1 283:1 345:1 
3 9:1 10:1 13:1 32:1 44:1 46:1 68:1 69:1 72:1 78:1 82:1 97:1 99:1 100:1 101:1 104:1 105:1 106:1 107:1 108:1 109:1 110:1 111:1 112:1 114:1 115:1 116:1 117:1 118:1 121:1 122:1 193:1 225:1 237:1 253:1 269:1 283:1 345:1 382:1 
3 9:1 10:1 13:1 32:1 44:1 46:1 78:1 97:1 98:1 99:1 100:1 101:1 104:1 105:1 106:1 107:1 108:1 109:1 110:1 111:1 112:1 114:1 115:1 116:1 117:1 118:1 121:1 122:1 225:1 233:1 237:1 243:1 283:1 345:1 353:1 382:1 
3 9:1 10:1 13:1 32:1 44:1 46:1 97:1 98:1 99:1 100:1 101:1 104:1 105:1 106:1 107:1 108:1 109:1 110:1 111:1 112:1 114:1 115:1 116:1 117:1 118:1 121:1 122:1 225:1 233:1 237:1 253:1 283:1 345:1 353:1 382:1 
3 9:1 10:1 13:1 32:1 44:1 46:1 97:1 98:1 99:1 100:1 101:1 104:1 105:1 106:1 107:1 108:1 109:1 110:1 111:1 112:1 114:1 115:1 116:1 117:1 118:1 121:1 122:1 225:1 233:1 237:1 253:1 269:1 283:1 345:1 353:1 
3 9:1 10:1 13:1 32:1 44:1 46:1 83:1 97:1 98:1 99:1 100:1 101:1 104:1 105:1 106:1 107:1 108:1 109:1 110:1 111:1 112:1 114:1 115:1 116:1 117:1 118:1 121:1 122:1 225:1 283:1 345:1 353:1 382:1 8220:1 8222:1 
3 9:1 10:1 13:1 32:1 44:1 46:1 48:1 84:1 97:1 98:1 99:1 100:1 101:1 104:1 105:1 106:1 107:1 108:1 110:1 111:1 112:1 114:1 115:1 116:1 117:1 118:1 119:1 121:1 122:1 225:1 233:1 237:1 283:1 345:1 
3 9:1 10:1 13:1 32:1 40:1 41:1 44:1 46:1 50:1 52:1 65:1 68:1 72:1 74:1 76:1 79:1 80:1 82:1 83:1 84:1 86:1 97:1 98:1 99:1 100:1 101:1 103:1 104:1 105:1 106:1 107:1 108:1 109:1 110:1 111:1 112:1 114:1 115:1 116:1 117:1 118:1 121:1 122:1 225:1 233:1 237:1 345:1 353:1 382:1 
3 9:1 10:1 13:1 32:1 44:1 46:1 76:1 78:1 80:1 97:1 98:1 99:1 100:1 101:1 104:1 105:1 106:1 107:1 108:1 109:1 110:1 111:1 112:1 114:1 115:1 116:1 117:1 118:1 121:1 122:1 233:1 237:1 269:1 283:1 345:1 382:1 
3 9:1 10:1 13:1 32:1 40:1 41:1 44:1 46:1 67:1 78:1 97:1 98:1 99:1 100:1 101:1 104:1 105:1 106:1 107:1 108:1 109:1 110:1 111:1 112:1 114:1 115:1 116:1 117:1 118:1 121:1 122:1 225:1 233:1 237:1 345:1 367:1 382:1 
3 9:1 10:1 13:1 32:1 44:1 46:1 77:1 80:1 84:1 97:1 98:1 99:1 100:1 101:1 104:1 105:1 106:1 107:1 108:1 109:1 110:1 111:1 112:1 114:1 115:1 116:1 117:1 118:1 121:1 122:1 225:1 233:1 237:1 253:1 269:1 283:1 357:1 367:1 382:1 
3 9:1 10:1 13:1 32:1 34:1 39:1 40:1 41:1 44:1 46:1 67:1 71:1 74:1 79:1 97:1 98:1 99:1 100:1 101:1 104:1 105:1 106:1 107:1 108:1 109:1 110:1 111:1 112:1 114:1 115:1 116:1 117:1 118:1 121:1 122:1 225:1 233:1 237:1 253:1 269:1 345:1 382:1 
3 9:1 10:1 13:1 32:1 44:1 46:1 97:1 98:1 99:1 100:1 101:1 102:1 104:1 105:1 106:1 107:1 108:1 109:1 110:1 111:1 112:1 114:1 115:1 116:1 117:1 118:1 121:1 122:1 225:1 233:1 237:1 253:1 269:1 283:1 345:1 353:1 382:1 
3 9:1 10:1 13:1 32:1 44:1 46:1 65:1 70:1 72:1 73:1 78:1 80:1 82:1 83:1 97:1 99:1 100:1 101:1 103:1 104:1 105:1 106:1 107:1 108:1 109:1 110:1 111:1 112:1 114:1 115:1 116:1 117:1 118:1 121:1 122:1 225:1 233:1 237:1 268:1 283:1 382:1 
3 9:1 10:1 13:1 32:1 44:1 46:1 97:1 98:1 99:1 100:1 101:1 102:1 104:1 105:1 106:1 107:1 108:1 109:1 110:1 111:1 112:1 114:1 115:1 116:1 117:1 118:1 121:1 122:1 225:1 233:1 237:1 253:1 269:1 283:1 345:1 353:1 
3 9:1 10:1 13:1 32:1 44:1 46:1 90:1 97:1 98:1 99:1 100:1 101:1 104:1 105:1 106:1 107:1 108:1 109:1 110:1 111:1 112:1 114:1 115:1 116:1 118:1 121:1 122:1 225:1 233:1 237:1 253:1 345:1 382:1 8220:1 8230:1 
3 9:1 10:1 13:1 32:1 44:1 46:1 53:1 74:1 80:1 82:1 97:1 98:1 99:1 100:1 101:1 104:1 105:1 106:1 107:1 108:1 109:1 110:1 111:1 112:1 114:1 115:1 116:1 117:1 118:1 120:1 121:1 122:1 225:1 233:1 237:1 253:1 269:1 283:1 353:1 
3 9:1 10:1 13:1 32:1 44:1 46:1 48:1 49:1 50:1 57:1 73:1 75:1 83:1 97:1 98:1 99:1 100:1 101:1 104:1 105:1 106:1 107:1 108:1 109:1 110:1 111:1 112:1 114:1 115:1 116:1 117:1 118:1 121:1 122:1 225:1 233:1 237:1 250:1 283:1 345:1 367:1 382:1 
3 9:1 10:1 13:1 32:1 44:1 46:1 90:1 97:1 98:1 99:1 100:1 101:1 104:1 105:1 106:1 107:1 108:1 109:1 110:1 111:1 112:1 114:1 115:1 116:1 117:1 118:1 121:1 122:1 225:1 233:1 237:1 250:1 253:1 269:1 283:1 328:1 345:1 353:1 367:1 
3 9:1 10:1 13:1 32:1 44:1 46:1 77:1 84:1 97:1 98:1 99:1 100:1 101:1 102:1 103:1 104:1 105:1 106:1 107:1 108:1 109:1 110:1 111:1 112:1 114:1 115:1 116:1 117:1 118:1 121:1 122:1 225:1 233:1 237:1 250:1 253:1 283:1 345:1 353:1 367:1 382:1 
3 9:1 10:1 13:1 32:1 44:1 63:1 68:1 97:1 98:1 99:1 100:1 101:1 103:1 104:1 105:1 106:1 107:1 108:1 109:1 110:1 111:1 112:1 114:1 115:1 116:1 117:1 118:1 121:1 122:1 225:1 233:1 237:1 283:1 345:1 353:1 367:1 8230:1 
3 9:1 10:1 13:1 32:1 34:1 44:1 46:1 47:1 69:1 72:1 77:1 80:1 83:1 97:1 98:1 99:1 100:1 101:1 103:1 105:1 106:1 107:1 108:1 109:1 110:1 111:1 112:1 114:1 115:1 116:1 117:1 118:1 121:1 122:1 225:1 233:1 237:1 253:1 269:1 283:1 328:1 352:1 367:1 382:1 8222:1 
3 9:1 10:1 13:1 32:1 44:1 46:1 97:1 98:1 99:1 100:1 101:1 103:1 104:1 105:1 106:1 107:1 108:1 109:1 110:1 111:1 112:1 114:1 115:1 116:1 117:1 118:1 121:1 122:1 225:1 237:1 253:1 269:1 283:1 345:1 382:1 
3 9:1 10:1 13:1 32:1 44:1 46:1 97:1 98:1 99:1 100:1 101:1 102:1 104:1 105:1 106:1 107:1 108:1 109:1 110:1 111:1 112:1 114:1 115:1 116:1 117:1 118:1 121:1 122:1 
3 9:1 10:1 13:1 32:1 44:1 46:1 65:1 66:1 97:1 98:1 99:1 100:1 101:1 104:1 105:1 106:1 107:1 108:1 109:1 110:1 111:1 112:1 114:1 115:1 116:1 117:1 118:1 121:1 122:1 225:1 233:1 237:1 243:1 283:1 345:1 367:1 382:1 8211:1 8220:1 8222:1 
3 9:1 10:1 13:1 32:1 44:1 46:1 49:1 53:1 97:1 98:1 99:1 100:1 101:1 104:1 105:1 106:1 107:1 108:1 109:1 110:1 111:1 112:1 114:1 115:1 116:1 117:1 118:1 121:1 122:1 233:1 237:1 253:1 269:1 283:1 328:1 345:1 353:1 367:1 382:1 
3 9:1 10:1 13:1 32:1 34:1 44:1 46:1 97:1 98:1 99:1 100:1 101:1 104:1 105:1 106:1 107:1 108:1 109:1 110:1 111:1 112:1 114:1 115:1 116:1 117:1 118:1 121:1 122:1 225:1 233:1 237:1 283:1 345:1 353:1 357:1 367:1 382:1 
3 9:1 10:1 13:1 32:1 34:1 44:1 46:1 74:1 97:1 98:1 99:1 100:1 101:1 102:1 104:1 105:1 106:1 107:1 108:1 109:1 110:1 111:1 112:1 114:1 115:1 116:1 117:1 118:1 121:1 122:1 225:1 233:1 237:1 250:1 253:1 269:1 283:1 345:1 353:1 367:1 382:1 
3 9:1 10:1 13:1 32:1 40:1 41:1 44:1 46:1 97:1 98:1 99:1 100:1 101:1 102:1 104:1 105:1 106:1 107:1 108:1 109:1 110:1 111:1 112:1 114:1 115:1 116:1 117:1 118:1 121:1 122:1 225:1 233:1 237:1 253:1 269:1 283:1 345:1 353:1 382:1 
3 9:1 10:1 13:1 32:1 40:1 46:1 69:1 85:1 97:1 98:1 99:1 100:1 101:1 102:1 103:1 104:1 105:1 106:1 107:1 108:1 109:1 110:1 111:1 112:1 114:1 115:1 116:1 117:1 118:1 121:1 122:1 225:1 237:1 253:1 269:1 283:1 344:1 345:1 367:1 
3 9:1 10:1 13:1 32:1 44:1 46:1 48:1 49:1 50:1 78:1 86:1 97:1 98:1 99:1 100:1 101:1 104:1 105:1 106:1 107:1 108:1 109:1 110:1 111:1 112:1 114:1 115:1 116:1 117:1 118:1 121:1 122:1 167:1 225:1 233:1 237:1 250:1 253:1 269:1 283:1 345:1 382:1 
3 9:1 10:1 13:1 32:1 44:1 46:1 65:1 70:1 73:1 97:1 98:1 99:1 100:1 101:1 105:1 106:1 107:1 108:1 109:1 110:1 111:1 112:1 114:1 115:1 116:1 117:1 118:1 121:1 122:1 233:1 237:1 269:1 283:1 345:1 353:1 382:1 
3 9:1 10:1 13:1 32:1 34:1 44:1 46:1 74:1 78:1 80:1 84:1 97:1 98:1 99:1 100:1 101:1 103:1 104:1 105:1 106:1 107:1 108:1 109:1 110:1 111:1 112:1 114:1 115:1 116:1 117:1 118:1 121:1 122:1 225:1 233:1 237:1 269:1 283:1 345:1 353:1 382:1 
3 9:1 10:1 13:1 32:1 44:1 46:1 67:1 69:1 74:1 80:1 83:1 97:1 98:1 99:1 100:1 101:1 104:1 105:1 107:1 108:1 109:1 110:1 111:1 112:1 114:1 115:1 116:1 117:1 118:1 120:1 121:1 122:1 225:1 233:1 237:1 253:1 269:1 283:1 345:1 
3 9:1 10:1 13:1 32:1 44:1 46:1 48:1 49:1 65:1 70:1 97:1 98:1 99:1 100:1 101:1 102:1 104:1 105:1 106:1 107:1 108:1 109:1 110:1 111:1 112:1 114:1 115:1 116:1 117:1 118:1 121:1 122:1 225:1 233:1 237:1 269:1 283:1 328:1 345:1 353:1 367:1 382:1 
3 9:1 10:1 13:1 32:1 44:1 46:1 66:1 68:1 74:1 75:1 77:1 97:1 98:1 99:1 100:1 101:1 103:1 104:1 105:1 106:1 107:1 108:1 109:1 110:1 111:1 112:1 114:1 115:1 116:1 117:1 118:1 121:1 122:1 225:1 237:1 283:1 345:1 353:1 
3 9:1 10:1 13:1 32:1 34:1 44:1 46:1 66:1 72:1 75:1 79:1 80:1 83:1 84:1 97:1 98:1 99:1 100:1 101:1 102:1 104:1 105:1 106:1 107:1 108:1 109:1 110:1 111:1 112:1 114:1 115:1 116:1 117:1 118:1 120:1 121:1 122:1 225:1 233:1 237:1 268:1 283:1 345:1 353:1 367:1 382:1 
3 9:1 10:1 13:1 32:1 44:1 46:1 56:1 83:1 97:1 98:1 99:1 100:1 101:1 104:1 105:1 106:1 107:1 108:1 109:1 110:1 111:1 112:1 114:1 115:1 116:1 117:1 118:1 121:1 122:1 225:1 233:1 237:1 253:1 345:1 353:1 382:1 
3 9:1 10:1 13:1 32:1 46:1 68:1 80:1 82:1 83:1 97:1 98:1 99:1 100:1 101:1 102:1 104:1 105:1 106:1 107:1 108:1 109:1 110:1 111:1 112:1 114:1 115:1 116:1 117:1 118:1 119:1 121:1 122:1 237:1 345:1 382:1 8211:1 
3 9:1 10:1 13:1 32:1 44:1 46:1 67:1 78:1 83:1 90:1 97:1 98:1 99:1 100:1 101:1 104:1 105:1 107:1 108:1 109:1 110:1 111:1 112:1 114:1 115:1 116:1 117:1 118:1 121:1 122:1 225:1 233:1 237:1 250:1 253:1 269:1 283:1 345:1 353:1 382:1 
3 9:1 10:1 13:1 32:1 40:1 41:1 44:1 46:1 68:1 70:1 72:1 75:1 76:1 84:1 97:1 98:1 99:1 100:1 101:1 103:1 104:1 105:1 106:1 107:1 108:1 109:1 110:1 111:1 112:1 114:1 115:1 116:1 117:1 118:1 121:1 122:1 225:1 233:1 237:1 253:1 283:1 345:1 353:1 367:1 8222:1 
3 9:1 10:1 13:1 32:1 44:1 46:1 86:1 97:1 98:1 99:1 100:1 101:1 104:1 105:1 106:1 107:1 108:1 109:1 110:1 111:1 112:1 114:1 115:1 116:1 117:1 118:1 120:1 121:1 122:1 225:1 233:1 237:1 253:1 283:1 345:1 353:1 382:1 
3 9:1 10:1 13:1 32:1 44:1 46:1 67:1 97:1 98:1 99:1 100:1 101:1 103:1 104:1 105:1 106:1 107:1 108:1 109:1 110:1 111:1 112:1 114:1 115:1 116:1 117:1 118:1 121:1 122:1 225:1 233:1 237:1 283:1 345:1 353:1 357:1 382:1 
3 9:1 10:1 13:1 32:1 44:1 46:1 65:1 67:1 70:1 76:1 79:1 82:1 97:1 98:1 99:1 100:1 101:1 105:1 106:1 107:1 108:1 109:1 110:1 111:1 112:1 114:1 115:1 116:1 117:1 118:1 122:1 225:1 233:1 237:1 283:1 345:1 367:1 
3 9:1 10:1 13:1 32:1 40:1 41:1 44:1 46:1 83:1 84:1 97:1 98:1 99:1 100:1 101:1 103:1 104:1 105:1 106:1 107:1 108:1 109:1 110:1 111:1 112:1 114:1 115:1 116:1 117:1 118:1 121:1 122:1 225:1 233:1 237:1 253:1 269:1 283:1 382:1 
3 9:1 10:1 13:1 32:1 44:1 46:1 74:1 79:1 80:1 83:1 97:1 98:1 99:1 100:1 101:1 102:1 103:1 104:1 105:1 106:1 107:1 108:1 109:1 110:1 111:1 112:1 114:1 115:1 116:1 117:1 118:1 119:1 121:1 122:1 225:1 233:1 237:1 253:1 269:1 283:1 345:1 353:1 367:1 382:1 
3 9:1 10:1 13:1 32:1 44:1 46:1 70:1 75:1 78:1 82:1 97:1 98:1 99:1 100:1 101:1 104:1 105:1 106:1 107:1 108:1 109:1 110:1 111:1 112:1 114:1 115:1 116:1 117:1 118:1 121:1 122:1 225:1 233:1 237:1 269:1 345:1 367:1 
3 9:1 10:1 13:1 32:1 44:1 46:1 65:1 68:1 83:1 84:1 97:1 98:1 99:1 100:1 101:1 102:1 103:1 104:1 105:1 107:1 108:1 109:1 110:1 111:1 112:1 114:1 115:1 116:1 117:1 118:1 119:1 121:1 122:1 233:1 237:1 253:1 283:1 345:1 
3 9:1 10:1 13:1 32:1 34:1 44:1 46:1 70:1 80:1 97:1 98:1 99:1 100:1 101:1 102:1 103:1 105:1 106:1 107:1 108:1 109:1 110:1 111:1 112:1 114:1 115:1 116:1 117:1 118:1 122:1 225:1 233:1 237:1 243:1 250:1 253:1 283:1 345:1 353:1 367:1 382:1 
3 9:1 10:1 13:1 32:1 34:1 44:1 46:1 97:1 98:1 99:1 100:1 101:1 102:1 104:1 105:1 107:1 108:1 109:1 110:1 111:1 112:1 114:1 115:1 116:1 117:1 118:1 121:1 122:1 225:1 233:1 237:1 253:1 269:1 283:1 345:1 357:1 367:1 8222:1 
3 9:1 10:1 13:1 32:1 34:1 44:1 46:1 72:1 97:1 99:1 100:1 101:1 102:1 103:1 104:1 105:1 106:1 107:1 108:1 109:1 110:1 111:1 112:1 114:1 115:1 116:1 117:1 118:1 122:1 225:1 233:1 237:1 253:1 345:1 353:1 367:1 382:1 
3 9:1 10:1 13:1 32:1 34:1 40:1 41:1 44:1 46:1 68:1 74:1 79:1 80:1 83:1 86:1 90:1 97:1 98:1 99:1 100:1 101:1 102:1 104:1 105:1 106:1 107:1 108:1 109:1 110:1 111:1 112:1 114:1 115:1 116:1 117:1 118:1 121:1 122:1 225:1 233:1 237:1 253:1 268:1 269:1 283:1 328:1 344:1 345:1 353:1 367:1 382:1 
3 9:1 10:1 13:1 32:1 44:1 46:1 97:1 99:1 100:1 101:1 104:1 105:1 106:1 107:1 108:1 109:1 110:1 111:1 112:1 114:1 115:1 116:1 117:1 118:1 121:1 122:1 225:1 237:1 283:1 345:1 353:1 382:1 
3 9:1 10:1 13:1 32:1 40:1 41:1 44:1 46:1 48:1 49:1 50:1 55:1 69:1 75:1 77:1 85:1 97:1 98:1 99:1 100:1 101:1 102:1 104:1 105:1 106:1 107:1 108:1 109:1 110:1 111:1 112:1 114:1 115:1 116:1 117:1 118:1 121:1 122:1 225:1 233:1 237:1 243:1 253:1 269:1 283:1 344:1 345:1 353:1 367:1 382:1 
3 9:1 10:1 13:1 32:1 44:1 46:1 97:1 98:1 99:1 100:1 101:1 104:1 105:1 106:1 107:1 108:1 109:1 110:1 111:1 112:1 114:1 115:1 116:1 117:1 118:1 121:1 122:1 225:1 233:1 237:1 253:1 269:1 283:1 345:1 367:1 382:1 
3 9:1 10:1 13:1 32:1 44:1 46:1 52:1 57:1 97:1 98:1 99:1 100:1 101:1 104:1 105:1 106:1 107:1 108:1 109:1 110:1 111:1 112:1 114:1 116:1 117:1 118:1 121:1 122:1 225:1 233:1 237:1 283:1 345:1 353:1 
3 9:1 10:1 13:1 32:1 44:1 46:1 73:1 77:1 83:1 97:1 98:1 99:1 100:1 101:1 102:1 103:1 104:1 105:1 106:1 107:1 108:1 109:1 110:1 111:1 112:1 114:1 115:1 116:1 117:1 118:1 119:1 121:1 122:1 225:1 233:1 237:1 269:1 283:1 
3 9:1 10:1 13:1 32:1 44:1 46:1 48:1 49:1 50:1 51:1 56:1 57:1 65:1 70:1 75:1 97:1 98:1 99:1 100:1 101:1 102:1 104:1 105:1 106:1 107:1 108:1 109:1 110:1 111:1 112:1 114:1 115:1 116:1 117:1 121:1 122:1 233:1 237:1 268:1 353:1 367:1 8220:1 
3 9:1 10:1 13:1 32:1 46:1 67:1 76:1 80:1 86:1 90:1 97:1 98:1 99:1 100:1 101:1 103:1 104:1 105:1 106:1 107:1 108:1 109:1 110:1 111:1 112:1 114:1 115:1 116:1 117:1 118:1 120:1 121:1 122:1 225:1 233:1 237:1 250:1 253:1 269:1 283:1 345:1 353:1 367:1 
3 9:1 10:1 13:1 32:1 44:1 46:1 66:1 72:1 77:1 97:1 99:1 100:1 101:1 104:1 105:1 106:1 107:1 108:1 109:1 110:1 111:1 112:1 114:1 115:1 116:1 117:1 118:1 121:1 122:1 225:1 233:1 237:1 253:1 268:1 269:1 283:1 345:1 353:1 367:1 
3 9:1 10:1 13:1 32:1 44:1 63:1 97:1 98:1 99:1 100:1 101:1 104:1 105:1 106:1 107:1 108:1 109:1 110:1 111:1 112:1 114:1 115:1 116:1 117:1 118:1 120:1 121:1 122:1 225:1 237:1 253:1 269:1 271:1 283:1 345:1 382:1 
3 9:1 10:1 13:1 32:1 40:1 41:1 44:1 46:1 69:1 82:1 97:1 98:1 99:1 100:1 101:1 103:1 104:1 105:1 106:1 107:1 108:1 109:1 110:1 111:1 112:1 114:1 115:1 116:1 117:1 118:1 121:1 122:1 218:1 225:1 233:1 237:1 250:1 253:1 269:1 283:1 345:1 367:1 382:1 
3 9:1 10:1 13:1 32:1 44:1 46:1 97:1 98:1 99:1 100:1 101:1 103:1 104:1 105:1 106:1 107:1 108:1 109:1 110:1 111:1 112:1 114:1 115:1 116:1 117:1 118:1 121:1 122:1 225:1 233:1 237:1 283:1 345:1 353:1 
3 9:1 10:1 13:1 32:1 44:1 46:1 80:1 97:1 98:1 99:1 100:1 101:1 102:1 104:1 105:1 106:1 107:1 108:1 109:1 110:1 111:1 112:1 114:1 115:1 116:1 117:1 118:1 121:1 122:1 225:1 233:1 237:1 250:1 283:1 345:1 382:1 
3 9:1 10:1 13:1 32:1 37:1 44:1 46:1 48:1 49:1 50:1 53:1 77:1 97:1 98:1 99:1 100:1 101:1 104:1 105:1 106:1 107:1 108:1 109:1 110:1 111:1 112:1 114:1 115:1 116:1 117:1 118:1 121:1 122:1 225:1 233:1 237:1 253:1 268:1 269:1 283:1 345:1 367:1 382:1 
3 9:1 10:1 13:1 32:1 44:1 46:1 76:1 80:1 84:1 97:1 98:1 99:1 100:1 101:1 104:1 105:1 106:1 107:1 108:1 109:1 110:1 111:1 112:1 114:1 115:1 116:1 117:1 118:1 121:1 122:1 225:1 233:1 237:1 283:1 345:1 353:1 
3 9:1 10:1 13:1 32:1 44:1 46:1 65:1 70:1 76:1 80:1 97:1 98:1 99:1 100:1 101:1 104:1 105:1 106:1 107:1 108:1 109:1 110:1 111:1 112:1 114:1 115:1 116:1 117:1 118:1 121:1 122:1 225:1 233:1 237:1 250:1 283:1 328:1 345:1 353:1 382:1 8220:1 
3 9:1 10:1 13:1 32:1 44:1 46:1 73:1 76:1 80:1 83:1 84:1 97:1 98:1 99:1 100:1 101:1 103:1 105:1 106:1 107:1 108:1 109:1 110:1 111:1 112:1 114:1 115:1 116:1 117:1 118:1 120:1 121:1 122:1 171:1 225:1 233:1 237:1 268:1 269:1 283:1 345:1 367:1 382:1 
3 9:1 10:1 13:1 32:1 40:1 41:1 44:1 46:1 48:1 49:1 50:1 51:1 55:1 56:1 97:1 98:1 99:1 100:1 101:1 104:1 105:1 106:1 107:1 108:1 109:1 110:1 111:1 112:1 114:1 115:1 116:1 117:1 118:1 121:1 122:1 225:1 233:1 237:1 253:1 269:1 283:1 353:1 367:1 382:1 
3 9:1 10:1 13:1 32:1 44:1 46:1 65:1 69:1 76:1 80:1 82:1 83:1 85:1 97:1 98:1 99:1 100:1 101:1 104:1 105:1 106:1 107:1 108:1 109:1 110:1 111:1 112:1 114:1 115:1 116:1 117:1 118:1 121:1 122:1 225:1 233:1 237:1 253:1 268:1 269:1 283:1 345:1 353:1 367:1 382:1 
3 9:1 10:1 13:1 32:1 44:1 46:1 65:1 83:1 85:1 87:1 97:1 98:1 99:1 100:1 101:1 103:1 104:1 105:1 106:1 107:1 108:1 109:1 110:1 111:1 112:1 114:1 115:1 116:1 117:1 118:1 119:1 121:1 122:1 225:1 233:1 237:1 250:1 253:1 269:1 283:1 345:1 367:1 382:1 
3 9:1 10:1 13:1 32:1 44:1 46:1 97:1 98:1 99:1 100:1 101:1 104:1 105:1 106:1 107:1 108:1 109:1 110:1 111:1 112:1 114:1 115:1 116:1 117:1 118:1 121:1 122:1 225:1 233:1 237:1 253:1 269:1 283:1 367:1 382:1 
3 9:1 10:1 13:1 32:1 44:1 46:1 97:1 98:1 99:1 100:1 101:1 104:1 105:1 106:1 107:1 108:1 109:1 110:1 111:1 112:1 114:1 115:1 116:1 117:1 118:1 121:1 122:1 225:1 233:1 237:1 253:1 283:1 353:1 382:1 
3 9:1 10:1 13:1 32:1 44:1 46:1 48:1 57:1 66:1 68:1 75:1 79:1 80:1 83:1 84:1 97:1 98:1 99:1 100:1 101:1 103:1 104:1 105:1 106:1 107:1 108:1 109:1 110:1 111:1 112:1 114:1 115:1 116:1 117:1 118:1 119:1 121:1 122:1 225:1 233:1 237:1 250:1 253:1 345:1 
3 9:1 10:1 13:1 32:1 44:1 46:1 48:1 50:1 51:1 53:1 68:1 97:1 98:1 99:1 100:1 101:1 105:1 106:1 107:1 108:1 109:1 110:1 111:1 112:1 114:1 115:1 116:1 117:1 118:1 120:1 121:1 122:1 225:1 233:1 237:1 269:1 283:1 328:1 345:1 367:1 382:1 
3 9:1 10:1 13:1 32:1 44:1 46:1 49:1 51:1 54:1 55:1 66:1 97:1 98:1 99:1 100:1 101:1 104:1 105:1 106:1 107:1 108:1 109:1 110:1 111:1 112:1 114:1 115:1 116:1 117:1 118:1 121:1 122:1 225:1 233:1 237:1 253:1 269:1 283:1 345:1 353:1 367:1 382:1 
3 9:1 10:1 13:1 32:1 44:1 46:1 48:1 50:1 97:1 98:1 99:1 100:1 101:1 104:1 105:1 106:1 107:1 108:1 109:1 110:1 111:1 112:1 114:1 115:1 116:1 117:1 118:1 120:1 121:1 122:1 225:1 233:1 237:1 250:1 268:1 269:1 345:1 367:1 382:1 
3 9:1 10:1 13:1 32:1 44:1 46:1 50:1 67:1 73:1 80:1 86:1 97:1 98:1 99:1 100:1 101:1 104:1 105:1 106:1 107:1 108:1 109:1 110:1 111:1 112:1 114:1 115:1 116:1 117:1 118:1 121:1 122:1 225:1 233:1 237:1 243:1 253:1 353:1 367:1 382:1 
3 9:1 10:1 13:1 32:1 46:1 48:1 56:1 75:1 97:1 98:1 99:1 100:1 101:1 102:1 103:1 104:1 105:1 106:1 107:1 108:1 109:1 110:1 111:1 112:1 114:1 115:1 116:1 117:1 118:1 121:1 122:1 225:1 233:1 237:1 250:1 283:1 345:1 353:1 367:1 382:1 
3 9:1 10:1 13:1 32:1 40:1 41:1 44:1 46:1 53:1 55:1 68:1 71:1 72:1 74:1 76:1 77:1 80:1 83:1 86:1 97:1 98:1 99:1 100:1 101:1 102:1 104:1 105:1 107:1 108:1 109:1 110:1 111:1 112:1 114:1 115:1 116:1 117:1 118:1 119:1 121:1 122:1 225:1 237:1 253:1 345:1 353:1 8224:1 
3 9:1 10:1 13:1 32:1 34:1 40:1 41:1 44:1 46:1 97:1 98:1 99:1 100:1 101:1 102:1 104:1 105:1 106:1 107:1 108:1 109:1 110:1 111:1 112:1 114:1 115:1 116:1 117:1 118:1 121:1 122:1 225:1 233:1 237:1 283:1 345:1 353:1 382:1 8222:1 
3 9:1 10:1 13:1 32:1 44:1 46:1 82:1 97:1 98:1 99:1 100:1 101:1 104:1 105:1 106:1 107:1 108:1 109:1 110:1 111:1 112:1 114:1 115:1 116:1 117:1 118:1 121:1 122:1 225:1 233:1 237:1 253:1 283:1 353:1 382:1 8222:1 
3 9:1 10:1 13:1 32:1 44:1 46:1 68:1 69:1 74:1 85:1 97:1 98:1 99:1 100:1 101:1 102:1 104:1 105:1 106:1 107:1 108:1 109:1 110:1 111:1 112:1 114:1 115:1 116:1 117:1 118:1 122:1 233:1 237:1 250:1 253:1 268:1 269:1 283:1 345:1 353:1 367:1 
3 9:1 10:1 13:1 32:1 44:1 46:1 48:1 51:1 53:1 70:1 75:1 76:1 79:1 83:1 97:1 98:1 99:1 100:1 101:1 102:1 104:1 105:1 106:1 107:1 108:1 109:1 110:1 111:1 112:1 114:1 115:1 116:1 117:1 118:1 122:1 225:1 233:1 237:1 253:1 268:1 269:1 283:1 345:1 353:1 382:1 8211:1 
3 9:1 10:1 13:1 32:1 44:1 46:1 49:1 56:1 76:1 97:1 98:1 99:1 100:1 101:1 104:1 105:1 106:1 107:1 108:1 109:1 110:1 111:1 112:1 114:1 115:1 116:1 117:1 118:1 121:1 122:1 218:1 225:1 233:1 237:1 250:1 253:1 269:1 283:1 345:1 
3 9:1 10:1 13:1 32:1 44:1 46:1 97:1 98:1 99:1 100:1 101:1 102:1 104:1 105:1 106:1 107:1 108:1 109:1 110:1 111:1 112:1 114:1 115:1 116:1 117:1 118:1 121:1 122:1 225:1 237:1 253:1 283:1 328:1 345:1 353:1 367:1 382:1 
3 9:1 10:1 13:1 32:1 44:1 46:1 48:1 51:1 53:1 75:1 77:1 79:1 83:1 86:1 90:1 97:1 98:1 99:1 100:1 101:1 104:1 105:1 106:1 107:1 108:1 109:1 110:1 111:1 112:1 114:1 115:1 116:1 117:1 118:1 121:1 122:1 225:1 233:1 237:1 268:1 269:1 283:1 382:1 
3 9:1 10:1 13:1 32:1 46:1 97:1 99:1 100:1 101:1 104:1 105:1 106:1 107:1 108:1 109:1 110:1 111:1 112:1 114:1 115:1 116:1 117:1 118:1 122:1 225:1 237:1 269:1 283:1 345:1 382:1 
3 9:1 10:1 13:1 32:1 40:1 41:1 44:1 46:1 97:1 98:1 99:1 100:1 101:1 104:1 105:1 106:1 107:1 108:1 109:1 110:1 111:1 112:1 114:1 115:1 116:1 117:1 118:1 121:1 122:1 225:1 233:1 237:1 253:1 269:1 283:1 345:1 353:1 382:1 
3 9:1 10:1 13:1 32:1 44:1 46:1 48:1 49:1 50:1 54:1 56:1 67:1 78:1 97:1 98:1 99:1 100:1 101:1 104:1 105:1 106:1 107:1 108:1 109:1 110:1 111:1 112:1 114:1 115:1 116:1 117:1 118:1 121:1 122:1 225:1 237:1 253:1 269:1 283:1 328:1 345:1 353:1 367:1 382:1 
3 9:1 10:1 13:1 32:1 44:1 46:1 82:1 86:1 90:1 97:1 98:1 99:1 100:1 101:1 102:1 103:1 104:1 105:1 106:1 107:1 108:1 109:1 110:1 111:1 112:1 114:1 115:1 116:1 117:1 118:1 121:1 122:1 225:1 233:1 237:1 253:1 269:1 283:1 345:1 367:1 382:1 
3 9:1 10:1 13:1 32:1 44:1 46:1 65:1 78:1 80:1 86:1 97:1 98:1 99:1 100:1 101:1 102:1 104:1 105:1 106:1 107:1 108:1 109:1 110:1 111:1 112:1 114:1 115:1 116:1 117:1 118:1 121:1 122:1 225:1 233:1 237:1 250:1 253:1 269:1 283:1 328:1 345:1 353:1 382:1 
3 9:1 10:1 13:1 32:1 34:1 44:1 46:1 79:1 97:1 98:1 99:1 100:1 101:1 104:1 105:1 106:1 107:1 108:1 109:1 110:1 111:1 112:1 114:1 115:1 116:1 117:1 118:1 121:1 122:1 225:1 233:1 237:1 253:1 268:1 269:1 283:1 345:1 367:1 
3 9:1 10:1 13:1 32:1 46:1 49:1 68:1 82:1 86:1 97:1 98:1 99:1 100:1 101:1 103:1 104:1 105:1 106:1 107:1 108:1 109:1 110:1 111:1 112:1 114:1 115:1 116:1 117:1 118:1 122:1 225:1 237:1 253:1 268:1 269:1 345:1 353:1 
3 9:1 10:1 13:1 32:1 44:1 46:1 70:1 71:1 74:1 75:1 76:1 78:1 84:1 89:1 97:1 98:1 99:1 100:1 101:1 104:1 105:1 106:1 107:1 108:1 109:1 110:1 111:1 112:1 114:1 115:1 116:1 117:1 118:1 119:1 121:1 122:1 225:1 237:1 253:1 283:1 345:1 353:1 382:1 
3 9:1 10:1 13:1 32:1 44:1 46:1 69:1 97:1 98:1 99:1 100:1 101:1 102:1 103:1 104:1 105:1 106:1 107:1 108:1 109:1 110:1 111:1 112:1 114:1 115:1 116:1 117:1 118:1 120:1 121:1 122:1 225:1 233:1 237:1 253:1 269:1 328:1 345:1 352:1 367:1 8211:1 8220:1 
3 9:1 10:1 13:1 32:1 44:1 46:1 86:1 90:1 97:1 98:1 99:1 100:1 101:1 104:1 105:1 106:1 107:1 108:1 109:1 110:1 111:1 112:1 114:1 115:1 116:1 117:1 118:1 121:1 122:1 225:1 237:1 269:1 283:1 345:1 353:1 382:1 8220:1 
3 9:1 10:1 13:1 32:1 44:1 46:1 68:1 77:1 97:1 98:1 99:1 100:1 101:1 104:1 105:1 106:1 107:1 108:1 109:1 110:1 111:1 112:1 114:1 115:1 116:1 117:1 118:1 121:1 122:1 225:1 233:1 237:1 268:1 283:1 345:1 353:1 367:1 382:1 
3 9:1 10:1 13:1 32:1 44:1 46:1 80:1 97:1 98:1 99:1 100:1 101:1 103:1 104:1 105:1 106:1 107:1 108:1 109:1 110:1 111:1 112:1 114:1 115:1 116:1 117:1 118:1 119:1 121:1 122:1 225:1 233:1 237:1 243:1 253:1 283:1 345:1 353:1 
3 9:1 10:1 13:1 32:1 44:1 46:1 78:1 80:1 97:1 98:1 99:1 100:1 101:1 104:1 105:1 106:1 107:1 108:1 109:1 110:1 111:1 112:1 114:1 115:1 116:1 117:1 118:1 121:1 122:1 225:1 233:1 237:1 250:1 253:1 269:1 283:1 345:1 353:1 382:1 
3 9:1 10:1 13:1 32:1 44:1 63:1 83:1 97:1 98:1 99:1 100:1 101:1 104:1 105:1 106:1 107:1 108:1 109:1 110:1 111:1 112:1 114:1 115:1 116:1 117:1 118:1 121:1 122:1 225:1 233:1 237:1 253:1 269:1 283:1 345:1 367:1 381:1 382:1 
3 9:1 10:1 13:1 32:1 44:1 46:1 97:1 98:1 99:1 100:1 101:1 103:1 104:1 105:1 106:1 107:1 108:1 109:1 110:1 111:1 112:1 114:1 115:1 116:1 117:1 118:1 121:1 122:1 225:1 233:1 237:1 250:1 269:1 283:1 345:1 367:1 
3 9:1 10:1 13:1 32:1 46:1 50:1 68:1 72:1 85:1 97:1 98:1 99:1 100:1 101:1 104:1 105:1 106:1 107:1 108:1 109:1 110:1 111:1 112:1 114:1 115:1 116:1 117:1 118:1 121:1 122:1 225:1 233:1 237:1 253:1 269:1 283:1 353:1 357:1 382:1 8211:1 
3 9:1 10:1 13:1 32:1 40:1 41:1 44:1 46:1 48:1 50:1 56:1 66:1 97:1 98:1 99:1 100:1 101:1 104:1 105:1 106:1 107:1 108:1 109:1 110:1 111:1 112:1 114:1 115:1 116:1 117:1 118:1 121:1 122:1 225:1 233:1 237:1 253:1 269:1 283:1 345:1 353:1 357:1 382:1 8230:1 
3 9:1 10:1 13:1 32:1 44:1 46:1 66:1 68:1 72:1 79:1 83:1 97:1 98:1 99:1 100:1 101:1 104:1 105:1 106:1 107:1 108:1 109:1 110:1 111:1 112:1 114:1 115:1 116:1 117:1 118:1 122:1 225:1 233:1 237:1 253:1 268:1 269:1 283:1 345:1 353:1 367:1 382:1 
3 9:1 10:1 13:1 32:1 44:1 46:1 53:1 55:1 97:1 98:1 99:1 100:1 101:1 104:1 105:1 106:1 107:1 108:1 109:1 110:1 111:1 112:1 114:1 115:1 116:1 117:1 118:1 121:1 122:1 225:1 233:1 237:1 253:1 269:1 283:1 345:1 353:1 367:1 382:1 
3 9:1 10:1 13:1 32:1 44:1 46:1 97:1 98:1 99:1 100:1 101:1 102:1 104:1 105:1 106:1 107:1 108:1 109:1 110:1 111:1 112:1 114:1 115:1 116:1 117:1 118:1 121:1 122:1 225:1 233:1 237:1 250:1 253:1 269:1 283:1 345:1 357:1 367:1 
3 9:1 10:1 13:1 32:1 44:1 46:1 73:1 74:1 97:1 99:1 100:1 101:1 105:1 106:1 107:1 108:1 109:1 110:1 111:1 112:1 114:1 115:1 116:1 117:1 118:1 121:1 122:1 225:1 233:1 237:1 250:1 345:1 382:1 
3 9:1 10:1 13:1 32:1 42:1 46:1 48:1 49:1 50:1 51:1 67:1 68:1 69:1 75:1 86:1 97:1 99:1 100:1 101:1 103:1 104:1 105:1 106:1 107:1 108:1 109:1 110:1 111:1 112:1 114:1 115:1 116:1 117:1 118:1 120:1 121:1 122:1 225:1 233:1 237:1 253:1 269:1 283:1 345:1 352:1 367:1 382:1 
3 9:1 10:1 13:1 32:1 44:1 46:1 73:1 97:1 98:1 99:1 100:1 101:1 102:1 104:1 105:1 106:1 107:1 108:1 109:1 110:1 111:1 112:1 114:1 115:1 116:1 117:1 118:1 120:1 121:1 122:1 225:1 233:1 237:1 250:1 269:1 283:1 328:1 382:1 
3 9:1 10:1 13:1 32:1 34:1 44:1 46:1 75:1 76:1 83:1 86:1 90:1 97:1 98:1 99:1 100:1 101:1 102:1 103:1 104:1 105:1 106:1 107:1 108:1 109:1 110:1 111:1 112:1 114:1 115:1 116:1 117:1 118:1 121:1 122:1 225:1 233:1 237:1 253:1 269:1 283:1 345:1 353:1 367:1 382:1 
3 9:1 10:1 13:1 32:1 40:1 41:1 44:1 46:1 86:1 97:1 98:1 99:1 100:1 101:1 104:1 105:1 106:1 107:1 108:1 109:1 110:1 111:1 112:1 114:1 115:1 116:1 117:1 118:1 121:1 122:1 225:1 233:1 237:1 250:1 253:1 269:1 283:1 345:1 353:1 
3 9:1 10:1 13:1 32:1 44:1 46:1 48:1 51:1 97:1 98:1 99:1 100:1 101:1 102:1 104:1 105:1 106:1 107:1 108:1 109:1 110:1 111:1 112:1 114:1 115:1 116:1 117:1 118:1 121:1 122:1 225:1 233:1 237:1 253:1 269:1 283:1 345:1 353:1 367:1 382:1 
3 9:1 10:1 13:1 32:1 34:1 44:1 46:1 66:1 75:1 79:1 83:1 86:1 97:1 98:1 99:1 100:1 101:1 104:1 105:1 106:1 107:1 108:1 109:1 110:1 111:1 112:1 114:1 115:1 116:1 117:1 118:1 121:1 122:1 225:1 237:1 253:1 268:1 269:1 283:1 345:1 353:1 367:1 382:1 
3 9:1 10:1 13:1 32:1 44:1 46:1 65:1 71:1 73:1 74:1 77:1 79:1 82:1 83:1 97:1 98:1 99:1 100:1 101:1 102:1 103:1 105:1 106:1 107:1 108:1 109:1 110:1 111:1 112:1 114:1 115:1 116:1 117:1 118:1 121:1 122:1 225:1 233:1 237:1 253:1 269:1 283:1 345:1 353:1 
3 9:1 10:1 13:1 32:1 46:1 50:1 68:1 74:1 75:1 80:1 86:1 97:1 99:1 100:1 101:1 104:1 105:1 106:1 107:1 108:1 109:1 110:1 111:1 112:1 114:1 115:1 116:1 117:1 118:1 121:1 122:1 225:1 233:1 237:1 268:1 269:1 345:1 353:1 
3 9:1 10:1 13:1 32:1 44:1 46:1 65:1 66:1 67:1 69:1 73:1 74:1 75:1 77:1 80:1 83:1 86:1 97:1 98:1 99:1 100:1 101:1 103:1 104:1 105:1 106:1 107:1 108:1 109:1 110:1 111:1 112:1 114:1 115:1 116:1 117:1 118:1 120:1 121:1 122:1 225:1 233:1 237:1 250:1 269:1 283:1 345:1 353:1 367:1 382:1 
3 9:1 10:1 13:1 32:1 44:1 46:1 83:1 97:1 98:1 99:1 100:1 101:1 104:1 105:1 106:1 107:1 108:1 109:1 110:1 111:1 112:1 114:1 115:1 116:1 117:1 118:1 121:1 122:1 225:1 233:1 237:1 283:1 345:1 382:1 
3 9:1 10:1 13:1 32:1 44:1 46:1 79:1 80:1 82:1 97:1 98:1 99:1 100:1 101:1 102:1 103:1 104:1 105:1 106:1 107:1 108:1 109:1 110:1 111:1 112:1 114:1 115:1 116:1 117:1 118:1 119:1 121:1 122:1 225:1 233:1 237:1 250:1 269:1 283:1 345:1 357:1 382:1 
3 9:1 10:1 13:1 32:1 44:1 63:1 75:1 97:1 98:1 99:1 100:1 101:1 104:1 105:1 106:1 107:1 108:1 109:1 110:1 111:1 112:1 114:1 115:1 116:1 117:1 118:1 121:1 122:1 225:1 233:1 237:1 269:1 283:1 382:1 
3 9:1 10:1 13:1 32:1 34:1 44:1 46:1 48:1 50:1 53:1 65:1 66:1 75:1 77:1 83:1 86:1 97:1 98:1 99:1 100:1 101:1 102:1 104:1 105:1 106:1 107:1 108:1 109:1 110:1 111:1 112:1 114:1 115:1 116:1 117:1 118:1 121:1 122:1 225:1 233:1 237:1 243:1 253:1 269:1 283:1 345:1 353:1 357:1 367:1 382:1 
3 9:1 10:1 13:1 32:1 34:1 44:1 46:1 79:1 80:1 86:1 97:1 98:1 99:1 100:1 101:1 102:1 103:1 104:1 105:1 106:1 107:1 108:1 109:1 110:1 111:1 114:1 115:1 116:1 117:1 118:1 122:1 225:1 237:1 253:1 283:1 345:1 353:1 
3 9:1 10:1 13:1 32:1 44:1 46:1 70:1 83:1 86:1 97:1 98:1 99:1 100:1 101:1 104:1 105:1 106:1 107:1 108:1 109:1 110:1 111:1 112:1 114:1 115:1 116:1 117:1 118:1 121:1 122:1 225:1 233:1 237:1 250:1 269:1 283:1 328:1 344:1 353:1 367:1 
3 9:1 10:1 13:1 32:1 44:1 46:1 65:1 66:1 67:1 86:1 97:1 98:1 99:1 100:1 101:1 104:1 105:1 106:1 107:1 108:1 109:1 110:1 111:1 112:1 114:1 115:1 116:1 117:1 118:1 121:1 122:1 225:1 237:1 269:1 283:1 345:1 367:1 382:1 8222:1 8230:1 
3 9:1 10:1 13:1 32:1 44:1 46:1 97:1 98:1 99:1 100:1 101:1 104:1 105:1 106:1 107:1 108:1 109:1 110:1 111:1 112:1 114:1 115:1 116:1 117:1 118:1 121:1 122:1 225:1 237:1 253:1 283:1 345:1 353:1 367:1 382:1 
3 9:1 10:1 13:1 32:1 44:1 46:1 83:1 97:1 98:1 99:1 100:1 101:1 102:1 103:1 105:1 106:1 107:1 108:1 109:1 110:1 111:1 112:1 114:1 115:1 116:1 117:1 118:1 121:1 122:1 225:1 233:1 237:1 269:1 345:1 353:1 382:1 
3 9:1 10:1 13:1 32:1 44:1 46:1 71:1 82:1 83:1 86:1 87:1 97:1 98:1 99:1 100:1 101:1 104:1 105:1 106:1 107:1 108:1 109:1 110:1 111:1 112:1 114:1 115:1 116:1 117:1 118:1 122:1 225:1 237:1 269:1 345:1 382:1 
3 9:1 10:1 13:1 32:1 44:1 46:1 97:1 98:1 99:1 100:1 101:1 103:1 104:1 105:1 106:1 107:1 108:1 109:1 110:1 111:1 112:1 114:1 115:1 116:1 117:1 118:1 121:1 122:1 225:1 233:1 237:1 253:1 269:1 283:1 345:1 352:1 353:1 
3 9:1 10:1 13:1 32:1 44:1 46:1 73:1 82:1 97:1 98:1 99:1 100:1 101:1 102:1 104:1 105:1 106:1 107:1 108:1 109:1 110:1 111:1 112:1 114:1 115:1 116:1 117:1 118:1 121:1 122:1 225:1 233:1 237:1 253:1 269:1 283:1 345:1 353:1 367:1 382:1 8220:1 8222:1 
3 9:1 10:1 13:1 32:1 44:1 46:1 65:1 66:1 69:1 70:1 75:1 79:1 80:1 82:1 84:1 85:1 97:1 99:1 100:1 101:1 102:1 104:1 105:1 106:1 107:1 108:1 109:1 110:1 111:1 112:1 114:1 115:1 116:1 117:1 118:1 121:1 122:1 233:1 237:1 250:1 268:1 269:1 283:1 345:1 
3 9:1 10:1 13:1 32:1 44:1 46:1 75:1 77:1 83:1 97:1 98:1 99:1 100:1 101:1 104:1 105:1 106:1 107:1 108:1 109:1 110:1 111:1 112:1 114:1 115:1 116:1 117:1 118:1 121:1 122:1 225:1 233:1 237:1 253:1 269:1 283:1 345:1 353:1 367:1 382:1 
3 9:1 10:1 13:1 32:1 44:1 63:1 72:1 97:1 98:1 99:1 100:1 101:1 104:1 105:1 106:1 107:1 108:1 109:1 110:1 111:1 112:1 114:1 115:1 116:1 117:1 118:1 121:1 122:1 225:1 237:1 253:1 269:1 283:1 353:1 
3 9:1 10:1 13:1 32:1 44:1 46:1 74:1 80:1 97:1 98:1 99:1 100:1 101:1 104:1 105:1 106:1 107:1 108:1 109:1 110:1 111:1 112:1 114:1 115:1 116:1 117:1 118:1 121:1 122:1 225:1 233:1 237:1 253:1 269:1 283:1 382:1 8220:1 
3 9:1 10:1 13:1 32:1 44:1 46:1 48:1 49:1 51:1 53:1 55:1 56:1 80:1 97:1 98:1 99:1 100:1 101:1 104:1 105:1 106:1 107:1 108:1 109:1 110:1 111:1 112:1 114:1 115:1 116:1 117:1 118:1 121:1 122:1 225:1 233:1 237:1 253:1 269:1 283:1 345:1 367:1 
3 9:1 10:1 13:1 32:1 41:1 44:1 46:1 97:1 98:1 99:1 100:1 101:1 104:1 105:1 106:1 107:1 108:1 109:1 110:1 111:1 112:1 114:1 115:1 116:1 117:1 118:1 121:1 122:1 225:1 233:1 237:1 253:1 269:1 283:1 353:1 367:1 
3 9:1 10:1 13:1 32:1 44:1 46:1 48:1 50:1 97:1 98:1 99:1 100:1 101:1 104:1 105:1 106:1 107:1 108:1 109:1 110:1 111:1 112:1 114:1 115:1 116:1 117:1 118:1 120:1 121:1 122:1 225:1 233:1 237:1 253:1 269:1 283:1 345:1 367:1 382:1 
3 9:1 10:1 13:1 32:1 40:1 41:1 44:1 46:1 66:1 69:1 78:1 97:1 98:1 99:1 100:1 101:1 102:1 104:1 105:1 106:1 107:1 108:1 109:1 110:1 111:1 112:1 114:1 115:1 116:1 117:1 118:1 121:1 122:1 225:1 233:1 237:1 253:1 269:1 283:1 345:1 367:1 382:1 
3 9:1 10:1 13:1 32:1 44:1 46:1 97:1 98:1 99:1 100:1 101:1 104:1 105:1 106:1 107:1 108:1 109:1 110:1 111:1 112:1 114:1 115:1 116:1 117:1 118:1 121:1 122:1 225:1 233:1 237:1 253:1 269:1 283:1 345:1 353:1 357:1 382:1 
3 9:1 10:1 13:1 32:1 44:1 46:1 78:1 97:1 98:1 99:1 100:1 101:1 102:1 103:1 105:1 106:1 107:1 108:1 109:1 110:1 111:1 112:1 114:1 115:1 116:1 117:1 118:1 121:1 122:1 225:1 233:1 237:1 253:1 268:1 269:1 283:1 345:1 382:1 
3 9:1 10:1 13:1 32:1 44:1 46:1 79:1 97:1 98:1 99:1 100:1 101:1 103:1 104:1 105:1 106:1 107:1 108:1 109:1 110:1 111:1 112:1 114:1 115:1 116:1 117:1 118:1 121:1 122:1 225:1 237:1 253:1 269:1 283:1 345:1 382:1 
3 9:1 10:1 13:1 32:1 44:1 46:1 97:1 98:1 99:1 100:1 101:1 104:1 105:1 106:1 107:1 108:1 109:1 110:1 111:1 112:1 114:1 115:1 116:1 117:1 118:1 121:1 122:1 225:1 233:1 237:1 253:1 271:1 283:1 345:1 353:1 382:1 
3 9:1 10:1 13:1 32:1 44:1 46:1 48:1 50:1 51:1 53:1 97:1 99:1 100:1 101:1 104:1 105:1 106:1 107:1 108:1 109:1 110:1 111:1 112:1 114:1 115:1 116:1 117:1 118:1 120:1 121:1 122:1 225:1 237:1 253:1 283:1 345:1 353:1 382:1 
3 9:1 10:1 13:1 32:1 40:1 41:1 44:1 46:1 48:1 50:1 65:1 69:1 71:1 78:1 83:1 87:1 97:1 98:1 99:1 100:1 101:1 104:1 105:1 106:1 107:1 108:1 109:1 110:1 111:1 112:1 114:1 115:1 116:1 117:1 118:1 119:1 121:1 122:1 225:1 233:1 237:1 250:1 253:1 269:1 283:1 345:1 353:1 382:1 8230:1 
3 9:1 10:1 13:1 32:1 44:1 46:1 48:1 54:1 83:1 97:1 99:1 100:1 101:1 104:1 105:1 106:1 107:1 108:1 109:1 110:1 111:1 112:1 114:1 115:1 116:1 117:1 118:1 121:1 122:1 225:1 233:1 237:1 253:1 269:1 283:1 345:1 353:1 357:1 367:1 382:1 
3 9:1 10:1 13:1 32:1 37:1 44:1 46:1 50:1 56:1 97:1 98:1 99:1 100:1 101:1 104:1 105:1 106:1 107:1 108:1 109:1 110:1 111:1 112:1 114:1 115:1 116:1 117:1 118:1 121:1 122:1 225:1 233:1 237:1 253:1 283:1 345:1 353:1 367:1 382:1 
3 9:1 10:1 13:1 32:1 44:1 46:1 76:1 97:1 98:1 99:1 100:1 101:1 104:1 105:1 107:1 108:1 109:1 110:1 111:1 112:1 114:1 115:1 116:1 117:1 118:1 121:1 122:1 225:1 233:1 237:1 253:1 269:1 283:1 353:1 367:1 382:1 
3 9:1 10:1 13:1 32:1 44:1 46:1 65:1 97:1 98:1 99:1 100:1 101:1 104:1 105:1 107:1 108:1 109:1 110:1 111:1 112:1 114:1 115:1 116:1 117:1 118:1 121:1 122:1 218:1 225:1 237:1 269:1 283:1 367:1 382:1 
3 9:1 10:1 13:1 32:1 44:1 46:1 65:1 97:1 98:1 99:1 100:1 101:1 103:1 104:1 105:1 106:1 107:1 108:1 109:1 110:1 111:1 112:1 114:1 115:1 116:1 117:1 118:1 121:1 122:1 225:1 233:1 237:1 253:1 283:1 345:1 353:1 367:1 382:1 
3 9:1 10:1 13:1 32:1 44:1 46:1 97:1 98:1 99:1 100:1 101:1 102:1 103:1 104:1 105:1 107:1 108:1 109:1 110:1 111:1 112:1 114:1 115:1 116:1 117:1 118:1 121:1 122:1 225:1 233:1 237:1 243:1 253:1 283:1 353:1 382:1 
3 9:1 10:1 13:1 32:1 44:1 46:1 64:1 68:1 78:1 86:1 97:1 98:1 99:1 100:1 101:1 104:1 105:1 106:1 107:1 108:1 109:1 110:1 111:1 112:1 114:1 115:1 116:1 117:1 118:1 119:1 121:1 122:1 225:1 233:1 237:1 253:1 269:1 283:1 345:1 353:1 367:1 382:1 
3 9:1 10:1 13:1 32:1 44:1 46:1 97:1 98:1 99:1 100:1 101:1 103:1 104:1 105:1 106:1 107:1 108:1 109:1 110:1 111:1 112:1 114:1 115:1 116:1 117:1 118:1 121:1 122:1 225:1 233:1 237:1 253:1 269:1 283:1 345:1 367:1 382:1 
4 9:1 10:1 13:1 32:1 44:1 45:1 46:1 65:1 66:1 68:1 70:1 73:1 77:1 82:1 83:1 97:1 98:1 99:1 100:1 101:1 102:1 103:1 105:1 106:1 108:1 109:1 110:1 111:1 112:1 113:1 114:1 115:1 116:1 117:1 118:1 121:1 233:1 241:1 
4 9:1 10:1 13:1 32:1 44:1 45:1 46:1 65:1 67:1 68:1 72:1 76:1 80:1 82:1 86:1 97:1 98:1 99:1 100:1 101:1 102:1 103:1 104:1 105:1 106:1 108:1 109:1 110:1 111:1 112:1 113:1 114:1 115:1 116:1 117:1 118:1 121:1 225:1 233:1 241:1 243:1 8220:1 8221:1 
4 9:1 10:1 13:1 32:1 34:1 44:1 45:1 46:1 48:1 49:1 50:1 53:1 57:1 65:1 66:1 67:1 69:1 76:1 77:1 79:1 80:1 82:1 84:1 85:1 97:1 98:1 99:1 100:1 101:1 102:1 103:1 104:1 105:1 106:1 107:1 108:1 109:1 110:1 111:1 112:1 114:1 115:1 116:1 117:1 118:1 225:1 237:1 243:1 250:1 
4 9:1 10:1 13:1 32:1 40:1 41:1 44:1 45:1 46:1 49:1 51:1 56:1 65:1 66:1 70:1 71:1 76:1 77:1 78:1 82:1 84:1 85:1 97:1 98:1 99:1 100:1 101:1 102:1 103:1 104:1 105:1 106:1 107:1 108:1 109:1 110:1 111:1 112:1 113:1 114:1 115:1 116:1 117:1 118:1 121:1 233:1 237:1 243:1 
4 9:1 10:1 13:1 32:1 34:1 44:1 45:1 46:1 65:1 69:1 78:1 82:1 84:1 97:1 98:1 99:1 100:1 101:1 103:1 104:1 105:1 108:1 109:1 110:1 111:1 112:1 113:1 114:1 115:1 116:1 117:1 118:1 121:1 225:1 233:1 241:1 243:1 
4 9:1 10:1 13:1 32:1 44:1 45:1 46:1 63:1 65:1 66:1 68:1 80:1 82:1 97:1 98:1 99:1 100:1 101:1 103:1 105:1 108:1 109:1 110:1 111:1 112:1 113:1 114:1 115:1 116:1 117:1 118:1 121:1 191:1 233:1 243:1 
4 9:1 10:1 13:1 32:1 44:1 45:1 46:1 65:1 78:1 80:1 82:1 97:1 98:1 99:1 100:1 101:1 102:1 103:1 105:1 106:1 108:1 109:1 110:1 111:1 112:1 113:1 114:1 115:1 116:1 117:1 118:1 120:1 121:1 122:1 225:1 237:1 243:1 
4 9:1 10:1 13:1 32:1 36:1 44:1 45:1 46:1 48:1 49:1 51:1 65:1 69:1 82:1 83:1 97:1 98:1 99:1 100:1 101:1 102:1 103:1 104:1 105:1 106:1 108:1 109:1 110:1 111:1 112:1 113:1 114:1 115:1 116:1 117:1 118:1 120:1 121:1 237:1 243:1 
4 9:1 10:1 13:1 32:1 44:1 45:1 46:1 59:1 65:1 81:1 82:1 97:1 98:1 99:1 100:1 101:1 102:1 103:1 104:1 105:1 106:1 108:1 109:1 110:1 111:1 112:1 113:1 114:1 115:1 116:1 117:1 118:1 120:1 121:1 225:1 237:1 241:1 243:1 
4 9:1 10:1 13:1 32:1 45:1 46:1 48:1 49:1 52:1 55:1 56:1 57:1 65:1 76:1 82:1 83:1 97:1 98:1 99:1 100:1 101:1 102:1 103:1 104:1 105:1 108:1 109:1 110:1 111:1 112:1 113:1 114:1 115:1 116:1 117:1 118:1 121:1 122:1 225:1 233:1 243:1 250:1 
4 9:1 10:1 13:1 32:1 37:1 40:1 41:1 44:1 45:1 46:1 48:1 49:1 51:1 52:1 56:1 57:1 65:1 69:1 82:1 85:1 97:1 98:1 99:1 100:1 101:1 103:1 105:1 108:1 109:1 110:1 111:1 112:1 114:1 115:1 116:1 117:1 118:1 121:1 122:1 233:1 243:1 
4 9:1 10:1 13:1 32:1 36:1 44:1 45:1 46:1 48:1 49:1 51:1 53:1 65:1 67:1 80:1 82:1 85:1 97:1 98:1 99:1 100:1 101:1 103:1 104:1 105:1 108:1 109:1 110:1 111:1 112:1 113:1 114:1 115:1 116:1 117:1 118:1 120:1 121:1 225:1 243:1 251:1 8220:1 8221:1 
4 9:1 10:1 13:1 32:1 40:1 41:1 44:1 45:1 46:1 65:1 66:1 77:1 82:1 84:1 86:1 97:1 98:1 99:1 100:1 101:1 102:1 103:1 104:1 105:1 108:1 109:1 110:1 111:1 112:1 113:1 114:1 115:1 116:1 117:1 118:1 120:1 121:1 122:1 225:1 233:1 243:1 
4 9:1 10:1 13:1 32:1 44:1 45:1 46:1 49:1 51:1 52:1 56:1 65:1 67:1 69:1 72:1 74:1 76:1 80:1 82:1 83:1 85:1 97:1 98:1 99:1 100:1 101:1 102:1 103:1 104:1 105:1 106:1 107:1 108:1 109:1 110:1 111:1 112:1 113:1 114:1 115:1 116:1 117:1 118:1 119:1 121:1 225:1 233:1 237:1 243:1 250:1 
4 9:1 10:1 13:1 32:1 44:1 45:1 46:1 65:1 68:1 69:1 74:1 82:1 83:1 97:1 98:1 99:1 100:1 101:1 102:1 103:1 104:1 105:1 106:1 107:1 108:1 109:1 110:1 111:1 112:1 113:1 114:1 115:1 116:1 117:1 118:1 120:1 121:1 225:1 243:1 8220:1 8221:1 
4 9:1 10:1 13:1 32:1 44:1 45:1 65:1 66:1 67:1 70:1 71:1 78:1 82:1 97:1 98:1 99:1 100:1 101:1 102:1 103:1 104:1 105:1 108:1 109:1 110:1 111:1 112:1 114:1 115:1 116:1 117:1 118:1 121:1 225:1 243:1 250:1 8220:1 8221:1 
4 9:1 10:1 13:1 32:1 40:1 41:1 44:1 45:1 48:1 49:1 52:1 55:1 56:1 59:1 65:1 67:1 69:1 70:1 78:1 82:1 83:1 84:1 89:1 97:1 100:1 101:1 103:1 105:1 108:1 109:1 110:1 111:1 112:1 113:1 114:1 115:1 116:1 117:1 118:1 121:1 225:1 237:1 
4 9:1 10:1 13:1 32:1 40:1 41:1 44:1 45:1 46:1 65:1 67:1 70:1 71:1 82:1 84:1 97:1 98:1 99:1 100:1 101:1 102:1 103:1 104:1 105:1 106:1 108:1 109:1 110:1 111:1 112:1 113:1 114:1 115:1 116:1 117:1 118:1 121:1 122:1 237:1 241:1 243:1 250:1 
4 9:1 10:1 13:1 32:1 44:1 45:1 46:1 65:1 76:1 82:1 97:1 98:1 99:1 100:1 101:1 102:1 103:1 105:1 108:1 109:1 110:1 111:1 112:1 113:1 114:1 115:1 116:1 117:1 118:1 120:1 225:1 233:1 243:1 
4 9:1 10:1 13:1 32:1 44:1 45:1 46:1 65:1 82:1 97:1 99:1 100:1 101:1 102:1 103:1 104:1 105:1 106:1 108:1 109:1 110:1 111:1 112:1 113:1 114:1 115:1 116:1 117:1 118:1 121:1 122:1 225:1 
4 9:1 10:1 13:1 32:1 34:1 44:1 45:1 46:1 65:1 69:1 73:1 74:1 80:1 82:1 97:1 98:1 99:1 100:1 101:1 102:1 103:1 104:1 105:1 107:1 108:1 110:1 111:1 112:1 113:1 114:1 115:1 116:1 117:1 118:1 121:1 243:1 
4 9:1 10:1 13:1 32:1 44:1 45:1 46:1 65:1 67:1 77:1 82:1 97:1 98:1 99:1 100:1 101:1 102:1 103:1 104:1 105:1 106:1 108:1 109:1 110:1 111:1 112:1 113:1 114:1 115:1 116:1 117:1 118:1 119:1 121:1 225:1 243:1 250:1 
4 9:1 10:1 13:1 32:1 44:1 45:1 46:1 48:1 50:1 53:1 65:1 82:1 97:1 98:1 99:1 100:1 101:1 102:1 103:1 104:1 105:1 108:1 109:1 110:1 111:1 112:1 113:1 114:1 115:1 116:1 117:1 118:1 121:1 225:1 237:1 241:1 243:1 
4 9:1 10:1 13:1 32:1 44:1 45:1 46:1 65:1 67:1 76:1 82:1 97:1 98:1 99:1 100:1 101:1 104:1 105:1 108:1 109:1 110:1 111:1 112:1 113:1 114:1 115:1 116:1 117:1 118:1 121:1 225:1 233:1 237:1 243:1 250:1 8221:1 
4 9:1 10:1 13:1 32:1 44:1 45:1 46:1 48:1 49:1 50:1 59:1 65:1 67:1 69:1 71:1 73:1 77:1 80:1 82:1 97:1 99:1 100:1 101:1 102:1 103:1 105:1 106:1 108:1 109:1 110:1 111:1 112:1 113:1 114:1 115:1 116:1 117:1 118:1 120:1 121:1 122:1 225:1 241:1 243:1 
4 9:1 10:1 13:1 32:1 34:1 44:1 45:1 46:1 65:1 67:1 68:1 80:1 82:1 83:1 97:1 98:1 99:1 100:1 101:1 102:1 103:1 105:1 108:1 109:1 110:1 111:1 112:1 113:1 114:1 115:1 116:1 117:1 118:1 121:1 122:1 225:1 233:1 237:1 243:1 
4 9:1 10:1 13:1 32:1 44:1 45:1 46:1 65:1 69:1 82:1 97:1 98:1 99:1 100:1 101:1 102:1 103:1 105:1 106:1 108:1 109:1 110:1 111:1 112:1 113:1 114:1 115:1 116:1 117:1 118:1 121:1 243:1 8220:1 8221:1 
4 9:1 10:1 13:1 32:1 44:1 45:1 46:1 59:1 65:1 70:1 73:1 76:1 82:1 97:1 98:1 99:1 100:1 101:1 102:1 103:1 104:1 105:1 106:1 108:1 109:1 110:1 111:1 112:1 113:1 114:1 115:1 116:1 117:1 118:1 121:1 122:1 225:1 233:1 237:1 241:1 243:1 
4 9:1 10:1 13:1 32:1 44:1 45:1 46:1 65:1 66:1 67:1 68:1 69:1 71:1 72:1 73:1 75:1 76:1 78:1 82:1 84:1 97:1 98:1 99:1 100:1 101:1 102:1 103:1 104:1 105:1 108:1 109:1 110:1 111:1 112:1 113:1 114:1 115:1 116:1 117:1 118:1 121:1 122:1 233:1 237:1 243:1 
4 9:1 10:1 13:1 32:1 37:1 44:1 45:1 46:1 48:1 50:1 51:1 53:1 56:1 65:1 69:1 72:1 76:1 82:1 97:1 98:1 99:1 100:1 101:1 102:1 103:1 104:1 105:1 108:1 109:1 110:1 111:1 112:1 113:1 114:1 115:1 116:1 117:1 118:1 120:1 121:1 122:1 225:1 241:1 243:1 8220:1 8221:1 
4 9:1 10:1 13:1 32:1 44:1 45:1 46:1 48:1 57:1 65:1 72:1 76:1 79:1 80:1 82:1 97:1 98:1 99:1 100:1 101:1 103:1 104:1 105:1 106:1 108:1 109:1 110:1 111:1 112:1 113:1 114:1 115:1 116:1 117:1 118:1 120:1 121:1 122:1 237:1 243:1 263:1 269:1 8220:1 8221:1 
4 9:1 10:1 13:1 32:1 34:1 44:1 45:1 46:1 65:1 67:1 69:1 76:1 77:1 78:1 82:1 97:1 98:1 99:1 100:1 101:1 102:1 104:1 105:1 107:1 108:1 109:1 110:1 111:1 112:1 113:1 114:1 115:1 116:1 117:1 118:1 120:1 121:1 201:1 225:1 233:1 237:1 243:1 
4 9:1 10:1 13:1 32:1 44:1 45:1 46:1 65:1 67:1 70:1 71:1 82:1 85:1 89:1 97:1 98:1 99:1 100:1 101:1 102:1 103:1 105:1 108:1 109:1 110:1 111:1 112:1 113:1 114:1 115:1 116:1 117:1 118:1 122:1 237:1 250:1 
4 9:1 10:1 13:1 32:1 37:1 44:1 45:1 46:1 48:1 52:1 56:1 57:1 65:1 66:1 69:1 80:1 82:1 83:1 97:1 98:1 99:1 100:1 101:1 102:1 103:1 104:1 105:1 108:1 109:1 110:1 111:1 112:1 113:1 114:1 115:1 116:1 117:1 118:1 121:1 225:1 237:1 241:1 250:1 
4 9:1 10:1 13:1 32:1 44:1 45:1 46:1 65:1 68:1 75:1 76:1 82:1 97:1 98:1 99:1 100:1 101:1 102:1 103:1 105:1 106:1 108:1 109:1 110:1 111:1 112:1 114:1 115:1 116:1 117:1 118:1 119:1 121:1 122:1 225:1 
4 9:1 10:1 13:1 32:1 39:1 44:1 45:1 46:1 65:1 69:1 78:1 80:1 82:1 83:1 86:1 97:1 98:1 99:1 100:1 101:1 102:1 103:1 104:1 105:1 106:1 108:1 109:1 110:1 111:1 112:1 113:1 114:1 115:1 116:1 117:1 118:1 121:1 122:1 225:1 237:1 243:1 8220:1 8221:1 
4 9:1 10:1 13:1 32:1 44:1 45:1 46:1 53:1 57:1 65:1 66:1 68:1 70:1 77:1 82:1 97:1 98:1 99:1 100:1 101:1 102:1 103:1 104:1 105:1 106:1 108:1 109:1 110:1 111:1 112:1 113:1 114:1 115:1 116:1 117:1 118:1 121:1 122:1 225:1 233:1 237:1 241:1 243:1 250:1 
4 9:1 10:1 13:1 32:1 44:1 45:1 46:1 56:1 65:1 67:1 69:1 82:1 97:1 98:1 99:1 100:1 101:1 102:1 105:1 108:1 109:1 110:1 111:1 112:1 113:1 114:1 115:1 116:1 117:1 118:1 120:1 122:1 225:1 243:1 8220:1 8221:1 
4 9:1 10:1 13:1 32:1 44:1 45:1 46:1 65:1 82:1 97:1 99:1 100:1 101:1 103:1 104:1 105:1 108:1 109:1 110:1 111:1 112:1 113:1 114:1 115:1 116:1 117:1 121:1 122:1 237:1 250:1 
4 9:1 10:1 13:1 32:1 44:1 45:1 46:1 48:1 49:1 50:1 65:1 68:1 71:1 82:1 83:1 86:1 97:1 98:1 99:1 100:1 101:1 105:1 108:1 109:1 110:1 111:1 112:1 113:1 114:1 115:1 116:1 117:1 121:1 
4 9:1 10:1 13:1 32:1 44:1 45:1 46:1 64:1 65:1 67:1 82:1 97:1 98:1 99:1 100:1 101:1 102:1 103:1 104:1 105:1 108:1 109:1 110:1 111:1 112:1 114:1 115:1 116:1 117:1 118:1 119:1 121:1 122:1 225:1 237:1 243:1 8220:1 8221:1 
4 9:1 10:1 13:1 32:1 39:1 40:1 41:1 44:1 45:1 46:1 50:1 63:1 65:1 67:1 69:1 71:1 76:1 78:1 82:1 83:1 85:1 90:1 97:1 98:1 99:1 100:1 101:1 102:1 103:1 104:1 105:1 106:1 108:1 109:1 110:1 111:1 112:1 113:1 114:1 115:1 116:1 117:1 118:1 119:1 120:1 121:1 122:1 191:1 225:1 233:1 237:1 243:1 250:1 
4 9:1 10:1 13:1 32:1 44:1 45:1 46:1 65:1 66:1 74:1 76:1 77:1 82:1 97:1 98:1 99:1 100:1 101:1 103:1 104:1 105:1 106:1 108:1 109:1 110:1 111:1 112:1 113:1 114:1 115:1 116:1 117:1 118:1 243:1 
4 9:1 10:1 13:1 32:1 44:1 45:1 46:1 48:1 50:1 53:1 57:1 65:1 67:1 69:1 70:1 72:1 73:1 74:1 76:1 80:1 82:1 83:1 84:1 97:1 98:1 99:1 100:1 101:1 102:1 103:1 105:1 106:1 108:1 109:1 110:1 111:1 112:1 113:1 114:1 115:1 116:1 117:1 118:1 121:1 122:1 225:1 233:1 237:1 241:1 243:1 250:1 
4 9:1 10:1 13:1 32:1 40:1 41:1 44:1 45:1 46:1 53:1 54:1 65:1 77:1 78:1 82:1 83:1 97:1 98:1 99:1 100:1 101:1 103:1 105:1 106:1 108:1 109:1 110:1 111:1 112:1 113:1 114:1 115:1 116:1 117:1 118:1 121:1 233:1 237:1 241:1 243:1 
4 9:1 10:1 13:1 32:1 44:1 45:1 46:1 65:1 69:1 74:1 82:1 97:1 98:1 99:1 100:1 101:1 102:1 104:1 105:1 107:1 108:1 109:1 110:1 111:1 112:1 113:1 114:1 115:1 116:1 117:1 118:1 121:1 122:1 225:1 243:1 8220:1 8221:1 
4 9:1 10:1 13:1 32:1 34:1 44:1 45:1 46:1 65:1 82:1 97:1 98:1 99:1 100:1 101:1 102:1 103:1 104:1 105:1 108:1 109:1 110:1 111:1 112:1 113:1 114:1 115:1 116:1 117:1 118:1 225:1 233:1 237:1 243:1 
4 9:1 10:1 13:1 32:1 44:1 45:1 46:1 48:1 49:1 50:1 52:1 56:1 65:1 68:1 76:1 77:1 80:1 82:1 97:1 98:1 99:1 100:1 101:1 103:1 105:1 107:1 108:1 109:1 110:1 111:1 114:1 115:1 116:1 117:1 122:1 225:1 243:1 
4 9:1 10:1 13:1 32:1 44:1 45:1 46:1 65:1 66:1 68:1 71:1 76:1 77:1 80:1 81:1 82:1 84:1 97:1 98:1 99:1 100:1 101:1 102:1 103:1 105:1 106:1 108:1 109:1 110:1 111:1 112:1 113:1 114:1 115:1 116:1 117:1 120:1 121:1 233:1 237:1 243:1 
4 9:1 10:1 13:1 32:1 34:1 44:1 45:1 46:1 48:1 50:1 53:1 54:1 65:1 66:1 67:1 77:1 78:1 82:1 83:1 86:1 97:1 98:1 99:1 100:1 101:1 102:1 103:1 104:1 105:1 108:1 109:1 110:1 111:1 112:1 113:1 114:1 115:1 116:1 117:1 118:1 121:1 237:1 241:1 243:1 
4 9:1 10:1 13:1 32:1 44:1 45:1 46:1 49:1 65:1 67:1 71:1 76:1 77:1 82:1 83:1 84:1 97:1 98:1 99:1 100:1 101:1 102:1 103:1 104:1 105:1 106:1 108:1 109:1 110:1 111:1 112:1 113:1 114:1 115:1 116:1 117:1 118:1 121:1 122:1 225:1 237:1 243:1 
4 9:1 10:1 13:1 32:1 41:1 44:1 45:1 46:1 48:1 55:1 65:1 66:1 71:1 82:1 83:1 97:1 98:1 99:1 100:1 101:1 103:1 104:1 105:1 106:1 108:1 109:1 110:1 111:1 112:1 113:1 114:1 115:1 116:1 117:1 118:1 121:1 122:1 237:1 241:1 8216:1 8221:1 
4 9:1 10:1 13:1 32:1 44:1 45:1 46:1 65:1 82:1 97:1 98:1 99:1 100:1 101:1 102:1 103:1 104:1 105:1 108:1 109:1 110:1 111:1 112:1 113:1 114:1 115:1 116:1 117:1 120:1 121:1 237:1 243:1 
4 9:1 10:1 13:1 32:1 34:1 44:1 45:1 46:1 65:1 68:1 70:1 73:1 82:1 83:1 84:1 97:1 98:1 99:1 100:1 101:1 103:1 104:1 105:1 108:1 109:1 110:1 111:1 112:1 113:1 114:1 115:1 116:1 117:1 118:1 121:1 122:1 233:1 237:1 243:1 
4 9:1 10:1 13:1 32:1 44:1 45:1 46:1 65:1 69:1 82:1 97:1 98:1 99:1 100:1 101:1 102:1 103:1 105:1 108:1 109:1 110:1 111:1 112:1 113:1 114:1 115:1 116:1 117:1 118:1 121:1 122:1 237:1 241:1 243:1 8220:1 8221:1 
4 9:1 10:1 13:1 32:1 44:1 45:1 46:1 65:1 69:1 82:1 85:1 97:1 98:1 99:1 100:1 101:1 102:1 103:1 105:1 106:1 108:1 109:1 110:1 111:1 112:1 113:1 114:1 115:1 116:1 117:1 118:1 120:1 121:1 225:1 237:1 241:1 243:1 250:1 
4 9:1 10:1 13:1 32:1 40:1 41:1 44:1 45:1 46:1 65:1 66:1 69:1 80:1 82:1 83:1 97:1 98:1 99:1 100:1 101:1 102:1 103:1 104:1 105:1 108:1 109:1 110:1 111:1 112:1 114:1 115:1 116:1 117:1 120:1 121:1 122:1 225:1 233:1 250:1 
4 9:1 10:1 13:1 32:1 39:1 40:1 41:1 44:1 45:1 46:1 49:1 51:1 52:1 57:1 65:1 67:1 68:1 74:1 76:1 77:1 80:1 82:1 83:1 85:1 97:1 98:1 99:1 100:1 101:1 103:1 104:1 105:1 108:1 109:1 110:1 111:1 112:1 114:1 115:1 116:1 117:1 118:1 121:1 122:1 243:1 250:1 
4 9:1 10:1 13:1 32:1 44:1 45:1 46:1 65:1 66:1 72:1 74:1 82:1 84:1 97:1 98:1 99:1 100:1 101:1 102:1 103:1 104:1 105:1 108:1 109:1 110:1 111:1 112:1 113:1 114:1 115:1 116:1 117:1 119:1 121:1 243:1 
4 9:1 10:1 13:1 32:1 34:1 44:1 45:1 46:1 65:1 70:1 72:1 76:1 78:1 82:1 83:1 89:1 97:1 99:1 100:1 101:1 103:1 104:1 105:1 108:1 109:1 110:1 111:1 112:1 113:1 114:1 115:1 116:1 117:1 118:1 243:1 
4 9:1 10:1 13:1 32:1 44:1 45:1 46:1 49:1 54:1 65:1 67:1 68:1 69:1 71:1 74:1 80:1 82:1 97:1 98:1 99:1 100:1 101:1 102:1 103:1 104:1 105:1 106:1 108:1 109:1 110:1 111:1 112:1 114:1 115:1 116:1 117:1 118:1 119:1 121:1 122:1 233:1 
4 9:1 10:1 13:1 32:1 45:1 46:1 65:1 82:1 97:1 98:1 99:1 100:1 101:1 102:1 103:1 104:1 105:1 108:1 109:1 110:1 111:1 112:1 113:1 114:1 115:1 116:1 117:1 118:1 122:1 237:1 241:1 243:1 250:1 
4 9:1 10:1 13:1 32:1 34:1 44:1 45:1 46:1 65:1 70:1 80:1 82:1 97:1 99:1 100:1 101:1 102:1 105:1 106:1 108:1 109:1 110:1 111:1 112:1 113:1 114:1 115:1 116:1 117:1 118:1 120:1 122:1 225:1 233:1 237:1 243:1 
4 9:1 10:1 13:1 32:1 34:1 44:1 45:1 46:1 65:1 67:1 74:1 76:1 77:1 78:1 82:1 83:1 84:1 86:1 97:1 98:1 99:1 100:1 101:1 104:1 105:1 106:1 108:1 109:1 110:1 111:1 112:1 113:1 114:1 115:1 116:1 117:1 118:1 120:1 237:1 243:1 250:1 
4 9:1 10:1 13:1 32:1 44:1 45:1 46:1 49:1 56:1 65:1 69:1 82:1 86:1 97:1 98:1 99:1 100:1 101:1 102:1 103:1 104:1 105:1 108:1 109:1 110:1 111:1 112:1 113:1 114:1 115:1 116:1 117:1 118:1 121:1 122:1 225:1 237:1 241:1 243:1 250:1 8220:1 8221:1 
4 9:1 10:1 13:1 32:1 44:1 45:1 46:1 48:1 49:1 50:1 65:1 69:1 76:1 82:1 83:1 84:1 89:1 97:1 98:1 99:1 100:1 101:1 102:1 103:1 104:1 105:1 108:1 109:1 110:1 111:1 112:1 114:1 115:1 116:1 117:1 118:1 120:1 121:1 122:1 237:1 250:1 
4 9:1 10:1 13:1 32:1 37:1 40:1 41:1 44:1 45:1 46:1 48:1 49:1 50:1 52:1 57:1 59:1 65:1 66:1 67:1 69:1 73:1 77:1 82:1 83:1 84:1 86:1 97:1 98:1 99:1 100:1 101:1 102:1 103:1 104:1 105:1 106:1 108:1 109:1 110:1 111:1 112:1 114:1 115:1 116:1 117:1 118:1 120:1 121:1 122:1 225:1 233:1 237:1 243:1 
4 9:1 10:1 13:1 32:1 44:1 45:1 46:1 65:1 67:1 69:1 82:1 86:1 97:1 99:1 100:1 101:1 102:1 103:1 104:1 105:1 108:1 109:1 110:1 111:1 112:1 113:1 114:1 115:1 116:1 117:1 118:1 120:1 121:1 243:1 8220:1 8221:1 
4 9:1 10:1 13:1 32:1 44:1 45:1 46:1 48:1 50:1 55:1 65:1 66:1 69:1 71:1 76:1 80:1 82:1 85:1 97:1 98:1 99:1 100:1 101:1 102:1 103:1 104:1 105:1 106:1 108:1 109:1 110:1 111:1 112:1 113:1 114:1 115:1 116:1 117:1 118:1 121:1 122:1 225:1 233:1 237:1 241:1 243:1 250:1 8211:1 
4 9:1 10:1 13:1 32:1 44:1 45:1 46:1 48:1 51:1 65:1 70:1 82:1 97:1 98:1 99:1 100:1 101:1 102:1 103:1 105:1 108:1 109:1 110:1 111:1 112:1 113:1 114:1 115:1 116:1 117:1 121:1 122:1 243:1 
4 9:1 10:1 13:1 32:1 34:1 44:1 45:1 46:1 65:1 76:1 82:1 84:1 97:1 99:1 100:1 101:1 103:1 105:1 108:1 109:1 110:1 111:1 112:1 113:1 114:1 115:1 116:1 117:1 118:1 121:1 233:1 
4 9:1 10:1 13:1 32:1 37:1 40:1 41:1 44:1 45:1 46:1 48:1 49:1 53:1 55:1 65:1 67:1 78:1 82:1 86:1 97:1 98:1 99:1 100:1 101:1 102:1 103:1 105:1 106:1 108:1 109:1 110:1 111:1 112:1 113:1 114:1 115:1 116:1 117:1 118:1 120:1 121:1 122:1 225:1 243:1 
4 9:1 10:1 13:1 32:1 45:1 46:1 48:1 50:1 65:1 74:1 80:1 82:1 97:1 99:1 100:1 101:1 102:1 105:1 108:1 109:1 110:1 111:1 112:1 113:1 114:1 115:1 116:1 117:1 118:1 121:1 225:1 233:1 241:1 
4 9:1 10:1 13:1 32:1 44:1 45:1 46:1 65:1 68:1 82:1 97:1 98:1 99:1 100:1 101:1 102:1 103:1 104:1 105:1 108:1 109:1 110:1 111:1 112:1 113:1 114:1 115:1 116:1 117:1 118:1 120:1 121:1 122:1 233:1 241:1 243:1 250:1 
4 9:1 10:1 13:1 32:1 44:1 45:1 46:1 65:1 67:1 69:1 73:1 80:1 82:1 83:1 97:1 98:1 99:1 100:1 101:1 102:1 103:1 105:1 108:1 109:1 110:1 111:1 112:1 113:1 114:1 115:1 116:1 117:1 118:1 120:1 121:1 122:1 225:1 243:1 
4 9:1 10:1 13:1 32:1 44:1 45:1 46:1 65:1 69:1 76:1 82:1 97:1 98:1 99:1 100:1 101:1 103:1 104:1 105:1 106:1 108:1 109:1 110:1 111:1 112:1 113:1 114:1 115:1 116:1 117:1 118:1 121:1 225:1 233:1 243:1 8220:1 8221:1 
4 9:1 10:1 13:1 32:1 44:1 45:1 46:1 65:1 66:1 71:1 73:1 77:1 82:1 84:1 97:1 99:1 100:1 101:1 102:1 103:1 105:1 108:1 109:1 110:1 111:1 112:1 113:1 114:1 115:1 116:1 117:1 118:1 121:1 233:1 237:1 241:1 243:1 
4 9:1 10:1 13:1 32:1 44:1 45:1 46:1 65:1 68:1 69:1 71:1 72:1 82:1 97:1 98:1 99:1 100:1 101:1 102:1 103:1 104:1 105:1 108:1 109:1 110:1 111:1 112:1 113:1 114:1 115:1 116:1 117:1 118:1 121:1 122:1 225:1 
4 9:1 10:1 13:1 32:1 37:1 44:1 45:1 46:1 48:1 50:1 54:1 55:1 57:1 65:1 66:1 73:1 80:1 82:1 97:1 98:1 99:1 100:1 101:1 102:1 103:1 105:1 108:1 109:1 110:1 111:1 112:1 113:1 114:1 115:1 116:1 117:1 118:1 121:1 122:1 233:1 237:1 243:1 
4 9:1 10:1 13:1 32:1 44:1 45:1 46:1 63:1 65:1 68:1 76:1 78:1 79:1 82:1 83:1 97:1 98:1 99:1 100:1 101:1 102:1 103:1 104:1 105:1 106:1 108:1 109:1 110:1 111:1 112:1 113:1 114:1 115:1 116:1 117:1 118:1 120:1 121:1 122:1 191:1 243:1 8220:1 8221:1 
4 9:1 10:1 13:1 32:1 34:1 44:1 45:1 46:1 63:1 65:1 69:1 70:1 76:1 77:1 79:1 82:1 83:1 84:1 85:1 97:1 98:1 99:1 100:1 101:1 103:1 104:1 105:1 108:1 109:1 110:1 111:1 112:1 113:1 114:1 115:1 116:1 117:1 118:1 120:1 121:1 122:1 225:1 233:1 243:1 
4 9:1 10:1 13:1 32:1 34:1 44:1 45:1 46:1 65:1 67:1 68:1 69:1 82:1 96:1 97:1 98:1 99:1 100:1 101:1 103:1 105:1 108:1 109:1 110:1 111:1 112:1 113:1 114:1 115:1 116:1 117:1 118:1 121:1 237:1 243:1 
4 9:1 10:1 13:1 32:1 40:1 41:1 44:1 45:1 46:1 65:1 66:1 67:1 70:1 73:1 80:1 82:1 97:1 98:1 99:1 100:1 101:1 103:1 105:1 108:1 109:1 110:1 111:1 112:1 113:1 114:1 115:1 116:1 117:1 225:1 241:1 250:1 
4 9:1 10:1 13:1 32:1 44:1 45:1 46:1 63:1 65:1 69:1 82:1 97:1 98:1 99:1 100:1 101:1 102:1 103:1 105:1 106:1 108:1 109:1 110:1 111:1 112:1 113:1 114:1 115:1 116:1 117:1 118:1 121:1 122:1 191:1 225:1 233:1 237:1 243:1 250:1 
4 9:1 10:1 13:1 32:1 40:1 41:1 44:1 45:1 46:1 48:1 50:1 51:1 65:1 68:1 69:1 77:1 82:1 83:1 97:1 98:1 99:1 100:1 101:1 102:1 103:1 104:1 105:1 108:1 109:1 110:1 111:1 112:1 114:1 115:1 116:1 117:1 118:1 121:1 186:1 225:1 233:1 237:1 
4 9:1 10:1 13:1 32:1 45:1 46:1 65:1 67:1 69:1 72:1 82:1 83:1 97:1 98:1 99:1 100:1 101:1 102:1 103:1 104:1 105:1 106:1 108:1 109:1 110:1 111:1 112:1 113:1 114:1 115:1 116:1 117:1 118:1 120:1 243:1 
4 9:1 10:1 13:1 32:1 44:1 45:1 46:1 65:1 67:1 69:1 70:1 82:1 83:1 97:1 98:1 99:1 100:1 101:1 103:1 105:1 108:1 109:1 110:1 111:1 112:1 113:1 114:1 115:1 116:1 117:1 118:1 120:1 121:1 237:1 243:1 
4 9:1 10:1 13:1 32:1 44:1 45:1 46:1 48:1 49:1 53:1 65:1 71:1 72:1 78:1 79:1 80:1 82:1 83:1 97:1 99:1 100:1 101:1 102:1 103:1 105:1 107:1 108:1 109:1 110:1 111:1 112:1 114:1 115:1 116:1 117:1 118:1 225:1 237:1 243:1 
4 9:1 10:1 13:1 32:1 44:1 45:1 46:1 48:1 51:1 52:1 54:1 57:1 65:1 66:1 67:1 73:1 76:1 77:1 80:1 82:1 86:1 97:1 98:1 99:1 100:1 101:1 102:1 103:1 105:1 108:1 109:1 110:1 111:1 112:1 114:1 115:1 116:1 117:1 118:1 120:1 121:1 122:1 176:1 225:1 233:1 243:1 
4 9:1 10:1 13:1 32:1 44:1 45:1 46:1 65:1 82:1 97:1 98:1 99:1 100:1 101:1 102:1 103:1 104:1 105:1 108:1 109:1 110:1 111:1 112:1 113:1 114:1 115:1 116:1 117:1 118:1 121:1 233:1 
4 9:1 10:1 13:1 32:1 44:1 45:1 46:1 65:1 67:1 77:1 82:1 86:1 97:1 99:1 100:1 101:1 103:1 104:1 105:1 108:1 109:1 110:1 111:1 114:1 115:1 116:1 117:1 122:1 225:1 241:1 243:1 
4 9:1 10:1 13:1 32:1 40:1 41:1 44:1 45:1 46:1 65:1 68:1 79:1 82:1 97:1 98:1 99:1 100:1 101:1 102:1 103:1 104:1 105:1 106:1 108:1 109:1 110:1 111:1 112:1 114:1 115:1 116:1 117:1 118:1 120:1 121:1 122:1 225:1 237:1 243:1 
4 9:1 10:1 13:1 32:1 34:1 44:1 45:1 46:1 49:1 50:1 65:1 67:1 68:1 70:1 77:1 80:1 82:1 83:1 86:1 97:1 98:1 99:1 100:1 101:1 102:1 105:1 106:1 108:1 109:1 110:1 111:1 112:1 113:1 114:1 115:1 116:1 117:1 121:1 241:1 243:1 
4 9:1 10:1 13:1 32:1 40:1 41:1 44:1 45:1 46:1 49:1 53:1 65:1 67:1 69:1 71:1 76:1 77:1 80:1 82:1 83:1 97:1 98:1 99:1 100:1 101:1 102:1 103:1 104:1 105:1 108:1 109:1 110:1 111:1 112:1 113:1 114:1 115:1 116:1 117:1 121:1 122:1 225:1 237:1 243:1 
4 9:1 10:1 13:1 32:1 34:1 44:1 45:1 46:1 49:1 52:1 65:1 68:1 82:1 84:1 97:1 98:1 99:1 100:1 101:1 102:1 103:1 104:1 105:1 106:1 108:1 109:1 110:1 111:1 112:1 113:1 114:1 115:1 116:1 117:1 118:1 119:1 120:1 121:1 122:1 237:1 243:1 250:1 
4 9:1 10:1 13:1 32:1 38:1 44:1 45:1 46:1 56:1 65:1 67:1 76:1 77:1 79:1 80:1 82:1 83:1 97:1 98:1 99:1 100:1 101:1 103:1 104:1 105:1 108:1 109:1 110:1 111:1 112:1 113:1 114:1 115:1 116:1 117:1 118:1 120:1 121:1 122:1 225:1 243:1 
4 9:1 10:1 13:1 32:1 34:1 44:1 45:1 46:1 65:1 82:1 83:1 97:1 98:1 99:1 100:1 101:1 102:1 103:1 104:1 105:1 106:1 108:1 109:1 110:1 111:1 112:1 113:1 114:1 115:1 116:1 117:1 121:1 237:1 243:1 
4 9:1 10:1 13:1 32:1 44:1 45:1 46:1 55:1 65:1 68:1 69:1 82:1 97:1 99:1 100:1 101:1 102:1 103:1 105:1 108:1 109:1 110:1 111:1 112:1 113:1 114:1 115:1 116:1 117:1 118:1 225:1 237:1 241:1 243:1 250:1 
4 9:1 10:1 13:1 32:1 34:1 45:1 46:1 48:1 49:1 65:1 71:1 82:1 83:1 97:1 99:1 100:1 101:1 102:1 103:1 104:1 105:1 108:1 109:1 110:1 111:1 112:1 114:1 115:1 116:1 117:1 118:1 120:1 121:1 225:1 243:1 
4 9:1 10:1 13:1 32:1 34:1 44:1 45:1 46:1 50:1 65:1 82:1 97:1 98:1 99:1 100:1 101:1 103:1 104:1 105:1 106:1 108:1 109:1 110:1 111:1 112:1 113:1 114:1 115:1 116:1 117:1 119:1 122:1 225:1 243:1 
4 9:1 10:1 13:1 32:1 44:1 45:1 46:1 54:1 59:1 65:1 78:1 80:1 82:1 89:1 97:1 98:1 99:1 100:1 101:1 102:1 103:1 105:1 106:1 108:1 109:1 110:1 111:1 112:1 113:1 114:1 115:1 116:1 117:1 118:1 225:1 233:1 241:1 243:1 8220:1 8221:1 
4 9:1 10:1 13:1 32:1 45:1 46:1 65:1 66:1 67:1 71:1 72:1 75:1 76:1 82:1 83:1 88:1 97:1 99:1 100:1 101:1 103:1 104:1 105:1 106:1 108:1 109:1 110:1 111:1 112:1 113:1 114:1 115:1 116:1 117:1 121:1 122:1 225:1 237:1 
4 9:1 10:1 13:1 32:1 44:1 45:1 46:1 59:1 65:1 82:1 97:1 98:1 99:1 100:1 101:1 102:1 103:1 105:1 108:1 109:1 110:1 111:1 112:1 113:1 114:1 115:1 116:1 117:1 118:1 121:1 122:1 225:1 237:1 243:1 250:1 
4 9:1 10:1 13:1 32:1 40:1 41:1 44:1 45:1 46:1 65:1 67:1 69:1 77:1 78:1 79:1 82:1 83:1 84:1 85:1 90:1 97:1 98:1 99:1 100:1 101:1 102:1 103:1 104:1 105:1 108:1 109:1 110:1 111:1 112:1 114:1 115:1 116:1 117:1 118:1 120:1 121:1 122:1 233:1 237:1 243:1 
4 9:1 10:1 13:1 32:1 44:1 45:1 46:1 65:1 66:1 69:1 72:1 77:1 82:1 83:1 97:1 98:1 99:1 100:1 101:1 102:1 103:1 104:1 105:1 106:1 108:1 109:1 110:1 111:1 112:1 113:1 114:1 115:1 116:1 117:1 118:1 120:1 121:1 122:1 225:1 237:1 241:1 243:1 250:1 
4 9:1 10:1 13:1 32:1 44:1 45:1 46:1 48:1 50:1 53:1 57:1 65:1 67:1 70:1 82:1 83:1 97:1 98:1 99:1 100:1 101:1 102:1 105:1 106:1 108:1 109:1 110:1 111:1 112:1 114:1 115:1 116:1 117:1 121:1 122:1 237:1 243:1 
4 9:1 10:1 13:1 32:1 34:1 40:1 41:1 44:1 45:1 46:1 65:1 66:1 76:1 82:1 97:1 98:1 99:1 100:1 101:1 103:1 104:1 105:1 106:1 108:1 109:1 110:1 111:1 112:1 113:1 114:1 115:1 116:1 117:1 122:1 237:1 250:1 
4 9:1 10:1 13:1 32:1 44:1 45:1 46:1 65:1 72:1 82:1 86:1 97:1 98:1 99:1 100:1 101:1 102:1 103:1 105:1 106:1 108:1 109:1 110:1 111:1 112:1 113:1 114:1 115:1 116:1 117:1 118:1 121:1 225:1 233:1 237:1 241:1 250:1 8220:1 8221:1 
4 9:1 10:1 13:1 32:1 44:1 45:1 46:1 65:1 66:1 67:1 69:1 70:1 76:1 77:1 80:1 82:1 83:1 97:1 98:1 99:1 100:1 101:1 102:1 103:1 104:1 105:1 106:1 108:1 109:1 110:1 111:1 112:1 113:1 114:1 115:1 116:1 117:1 118:1 120:1 121:1 225:1 237:1 243:1 8211:1 
4 9:1 10:1 13:1 32:1 34:1 45:1 46:1 65:1 82:1 97:1 98:1 99:1 100:1 101:1 102:1 103:1 104:1 105:1 108:1 109:1 110:1 111:1 112:1 113:1 114:1 115:1 116:1 117:1 118:1 120:1 121:1 122:1 225:1 233:1 243:1 
4 9:1 10:1 13:1 32:1 36:1 37:1 44:1 45:1 46:1 48:1 49:1 50:1 65:1 70:1 77:1 82:1 83:1 85:1 97:1 98:1 99:1 100:1 101:1 103:1 105:1 108:1 109:1 110:1 111:1 112:1 113:1 114:1 115:1 116:1 117:1 118:1 120:1 121:1 241:1 243:1 8220:1 8221:1 
4 9:1 10:1 13:1 32:1 44:1 45:1 46:1 65:1 82:1 97:1 98:1 99:1 100:1 101:1 102:1 103:1 104:1 105:1 108:1 109:1 110:1 111:1 112:1 113:1 114:1 115:1 116:1 117:1 118:1 121:1 122:1 225:1 233:1 237:1 241:1 8220:1 8221:1 
4 9:1 10:1 13:1 32:1 40:1 41:1 44:1 45:1 46:1 65:1 69:1 71:1 73:1 82:1 97:1 98:1 99:1 100:1 101:1 102:1 103:1 104:1 105:1 106:1 108:1 109:1 110:1 111:1 112:1 113:1 114:1 115:1 116:1 117:1 118:1 120:1 225:1 233:1 237:1 241:1 243:1 250:1 
4 9:1 10:1 13:1 32:1 36:1 44:1 45:1 46:1 48:1 51:1 54:1 65:1 66:1 67:1 69:1 71:1 77:1 80:1 82:1 97:1 98:1 99:1 100:1 101:1 102:1 103:1 105:1 106:1 108:1 109:1 110:1 111:1 112:1 113:1 114:1 115:1 116:1 117:1 118:1 121:1 122:1 225:1 233:1 237:1 243:1 
4 9:1 10:1 13:1 32:1 36:1 44:1 45:1 46:1 48:1 49:1 50:1 53:1 65:1 67:1 71:1 78:1 80:1 82:1 83:1 97:1 98:1 99:1 100:1 101:1 102:1 103:1 105:1 106:1 108:1 109:1 110:1 111:1 112:1 113:1 114:1 115:1 116:1 117:1 118:1 120:1 121:1 122:1 233:1 237:1 241:1 243:1 8220:1 8221:1 
4 9:1 10:1 13:1 32:1 34:1 37:1 40:1 41:1 44:1 45:1 46:1 49:1 50:1 55:1 65:1 70:1 71:1 76:1 77:1 78:1 79:1 82:1 97:1 98:1 99:1 100:1 101:1 103:1 104:1 105:1 106:1 108:1 109:1 110:1 111:1 112:1 113:1 114:1 115:1 116:1 117:1 120:1 121:1 122:1 243:1 
4 9:1 10:1 13:1 32:1 37:1 40:1 41:1 44:1 45:1 46:1 47:1 48:1 49:1 51:1 53:1 54:1 56:1 57:1 59:1 65:1 69:1 73:1 82:1 97:1 98:1 99:1 100:1 101:1 102:1 103:1 105:1 106:1 107:1 108:1 109:1 110:1 111:1 112:1 114:1 115:1 116:1 117:1 118:1 121:1 122:1 225:1 241:1 243:1 250:1 
4 9:1 10:1 13:1 32:1 37:1 40:1 41:1 44:1 45:1 46:1 48:1 49:1 52:1 53:1 56:1 65:1 69:1 70:1 74:1 82:1 90:1 97:1 98:1 99:1 100:1 101:1 102:1 103:1 104:1 105:1 106:1 108:1 109:1 110:1 111:1 112:1 113:1 114:1 115:1 116:1 117:1 118:1 120:1 121:1 122:1 225:1 233:1 237:1 243:1 
4 9:1 10:1 13:1 32:1 44:1 45:1 46:1 65:1 68:1 69:1 70:1 73:1 74:1 80:1 82:1 85:1 97:1 98:1 99:1 100:1 101:1 102:1 103:1 104:1 105:1 106:1 107:1 108:1 109:1 110:1 111:1 112:1 113:1 114:1 115:1 116:1 117:1 118:1 121:1 122:1 237:1 241:1 243:1 250:1 
4 9:1 10:1 13:1 32:1 34:1 39:1 44:1 45:1 46:1 65:1 69:1 80:1 82:1 83:1 97:1 98:1 99:1 100:1 101:1 103:1 104:1 105:1 108:1 109:1 110:1 111:1 112:1 113:1 114:1 115:1 116:1 117:1 118:1 122:1 225:1 233:1 237:1 241:1 243:1 
4 9:1 10:1 13:1 32:1 44:1 45:1 46:1 48:1 49:1 65:1 67:1 71:1 73:1 78:1 82:1 83:1 84:1 88:1 97:1 98:1 99:1 100:1 101:1 102:1 103:1 104:1 105:1 106:1 108:1 109:1 110:1 111:1 112:1 114:1 115:1 116:1 117:1 118:1 119:1 121:1 225:1 237:1 250:1 8220:1 8221:1 
4 9:1 10:1 13:1 32:1 44:1 45:1 46:1 48:1 50:1 53:1 65:1 67:1 72:1 73:1 76:1 78:1 82:1 83:1 97:1 98:1 99:1 100:1 101:1 102:1 103:1 104:1 105:1 108:1 109:1 110:1 111:1 112:1 113:1 114:1 115:1 116:1 117:1 118:1 121:1 122:1 186:1 225:1 237:1 243:1 
4 9:1 10:1 13:1 32:1 45:1 46:1 65:1 80:1 82:1 97:1 98:1 99:1 100:1 101:1 102:1 103:1 104:1 105:1 108:1 109:1 110:1 111:1 112:1 114:1 115:1 116:1 117:1 118:1 121:1 122:1 233:1 243:1 250:1 
4 9:1 10:1 13:1 32:1 44:1 45:1 46:1 59:1 65:1 66:1 67:1 69:1 76:1 77:1 79:1 82:1 97:1 98:1 99:1 100:1 101:1 102:1 103:1 104:1 105:1 106:1 108:1 109:1 110:1 111:1 112:1 113:1 114:1 115:1 116:1 117:1 118:1 120:1 121:1 122:1 225:1 233:1 241:1 243:1 
4 9:1 10:1 13:1 32:1 44:1 45:1 46:1 48:1 49:1 51:1 52:1 53:1 57:1 65:1 66:1 67:1 70:1 76:1 77:1 80:1 82:1 83:1 84:1 86:1 89:1 97:1 98:1 99:1 100:1 101:1 102:1 104:1 105:1 108:1 109:1 110:1 111:1 112:1 113:1 114:1 115:1 116:1 117:1 118:1 119:1 121:1 225:1 233:1 243:1 
4 9:1 10:1 13:1 32:1 44:1 45:1 46:1 59:1 65:1 71:1 77:1 79:1 80:1 82:1 97:1 98:1 99:1 100:1 101:1 103:1 104:1 105:1 106:1 108:1 109:1 110:1 111:1 112:1 113:1 114:1 115:1 116:1 117:1 118:1 120:1 122:1 243:1 
4 9:1 10:1 13:1 32:1 44:1 45:1 46:1 65:1 67:1 68:1 69:1 70:1 71:1 73:1 74:1 76:1 77:1 78:1 79:1 80:1 82:1 86:1 97:1 98:1 99:1 100:1 101:1 102:1 103:1 104:1 105:1 106:1 108:1 109:1 110:1 111:1 112:1 113:1 114:1 115:1 116:1 117:1 118:1 121:1 122:1 225:1 233:1 237:1 241:1 243:1 8216:1 8217:1 8220:1 8221:1 
4 9:1 10:1 13:1 32:1 44:1 45:1 46:1 65:1 82:1 97:1 98:1 99:1 100:1 101:1 102:1 103:1 105:1 106:1 108:1 109:1 110:1 111:1 112:1 113:1 114:1 115:1 116:1 117:1 118:1 121:1 122:1 225:1 241:1 243:1 
4 9:1 10:1 13:1 32:1 44:1 45:1 46:1 65:1 67:1 69:1 72:1 77:1 78:1 82:1 83:1 89:1 97:1 98:1 99:1 100:1 101:1 102:1 103:1 104:1 105:1 108:1 109:1 110:1 111:1 112:1 113:1 114:1 115:1 116:1 117:1 118:1 121:1 233:1 241:1 243:1 
4 9:1 10:1 13:1 32:1 34:1 44:1 45:1 46:1 65:1 66:1 82:1 97:1 98:1 99:1 100:1 101:1 102:1 103:1 105:1 106:1 108:1 109:1 110:1 111:1 112:1 113:1 114:1 115:1 116:1 117:1 118:1 121:1 122:1 225:1 
4 9:1 10:1 13:1 32:1 40:1 41:1 44:1 45:1 46:1 48:1 50:1 52:1 53:1 55:1 65:1 66:1 67:1 68:1 69:1 71:1 76:1 80:1 82:1 97:1 98:1 99:1 100:1 101:1 102:1 103:1 104:1 105:1 106:1 107:1 108:1 109:1 110:1 111:1 112:1 113:1 114:1 115:1 116:1 117:1 118:1 121:1 122:1 233:1 237:1 243:1 8220:1 8221:1 
4 9:1 10:1 13:1 32:1 44:1 45:1 46:1 65:1 67:1 68:1 72:1 82:1 90:1 97:1 99:1 100:1 101:1 102:1 103:1 104:1 105:1 106:1 108:1 109:1 110:1 111:1 112:1 113:1 114:1 115:1 116:1 117:1 118:1 121:1 122:1 225:1 233:1 237:1 243:1 
4 9:1 10:1 13:1 32:1 44:1 45:1 46:1 65:1 66:1 67:1 69:1 70:1 76:1 77:1 78:1 82:1 83:1 97:1 98:1 99:1 100:1 101:1 102:1 103:1 104:1 105:1 106:1 108:1 109:1 110:1 111:1 112:1 113:1 114:1 115:1 116:1 117:1 118:1 120:1 121:1 237:1 241:1 243:1 8220:1 8221:1 
4 9:1 10:1 13:1 32:1 44:1 45:1 46:1 65:1 66:1 68:1 69:1 70:1 77:1 78:1 79:1 80:1 82:1 83:1 84:1 85:1 97:1 98:1 99:1 100:1 101:1 102:1 103:1 105:1 106:1 108:1 109:1 110:1 111:1 112:1 113:1 114:1 115:1 116:1 117:1 121:1 122:1 225:1 
4 9:1 10:1 13:1 32:1 37:1 44:1 45:1 46:1 48:1 49:1 50:1 65:1 66:1 68:1 70:1 71:1 73:1 74:1 80:1 82:1 97:1 98:1 99:1 100:1 101:1 104:1 105:1 106:1 108:1 109:1 110:1 111:1 112:1 113:1 114:1 115:1 116:1 117:1 118:1 122:1 225:1 231:1 237:1 
4 9:1 10:1 13:1 32:1 34:1 44:1 45:1 46:1 65:1 76:1 77:1 82:1 97:1 98:1 99:1 100:1 101:1 102:1 103:1 104:1 105:1 106:1 108:1 109:1 110:1 111:1 112:1 113:1 114:1 115:1 116:1 117:1 118:1 121:1 122:1 225:1 237:1 250:1 
4 9:1 10:1 13:1 32:1 44:1 45:1 46:1 65:1 77:1 82:1 97:1 98:1 99:1 100:1 101:1 102:1 103:1 104:1 105:1 108:1 109:1 110:1 111:1 112:1 113:1 114:1 115:1 116:1 117:1 118:1 121:1 122:1 237:1 243:1 
4 9:1 10:1 13:1 32:1 44:1 45:1 46:1 65:1 82:1 97:1 98:1 99:1 100:1 101:1 102:1 103:1 105:1 108:1 109:1 110:1 111:1 112:1 113:1 114:1 115:1 116:1 117:1 118:1 121:1 225:1 233:1 237:1 243:1 
4 9:1 10:1 13:1 32:1 44:1 45:1 46:1 65:1 68:1 69:1 77:1 82:1 86:1 97:1 98:1 99:1 100:1 101:1 103:1 104:1 105:1 106:1 108:1 109:1 110:1 111:1 112:1 113:1 114:1 115:1 116:1 117:1 118:1 121:1 122:1 233:1 237:1 241:1 243:1 
4 9:1 10:1 13:1 32:1 44:1 45:1 46:1 48:1 50:1 56:1 65:1 67:1 69:1 70:1 73:1 79:1 80:1 82:1 97:1 98:1 99:1 100:1 101:1 102:1 103:1 104:1 105:1 106:1 108:1 109:1 110:1 111:1 112:1 113:1 114:1 115:1 116:1 117:1 118:1 122:1 225:1 233:1 241:1 243:1 8220:1 8221:1 
4 9:1 10:1 13:1 32:1 44:1 45:1 46:1 65:1 71:1 73:1 79:1 82:1 97:1 98:1 99:1 100:1 101:1 102:1 103:1 104:1 105:1 108:1 109:1 110:1 111:1 112:1 113:1 114:1 115:1 116:1 117:1 118:1 119:1 121:1 233:1 237:1 241:1 243:1 
4 9:1 10:1 13:1 32:1 45:1 63:1 65:1 80:1 82:1 97:1 98:1 99:1 100:1 101:1 102:1 103:1 105:1 108:1 109:1 110:1 111:1 113:1 114:1 115:1 116:1 117:1 118:1 121:1 122:1 191:1 237:1 
4 9:1 10:1 13:1 32:1 44:1 45:1 46:1 65:1 67:1 82:1 85:1 97:1 98:1 99:1 100:1 101:1 102:1 103:1 104:1 105:1 106:1 108:1 109:1 110:1 111:1 112:1 113:1 114:1 115:1 116:1 117:1 118:1 121:1 122:1 225:1 233:1 237:1 243:1 250:1 
4 9:1 10:1 13:1 32:1 44:1 45:1 46:1 65:1 66:1 70:1 73:1 80:1 82:1 83:1 84:1 97:1 98:1 99:1 100:1 101:1 102:1 103:1 104:1 105:1 108:1 109:1 110:1 111:1 112:1 113:1 114:1 115:1 116:1 117:1 118:1 121:1 122:1 237:1 243:1 250:1 
4 9:1 10:1 13:1 32:1 44:1 45:1 46:1 65:1 67:1 68:1 70:1 71:1 72:1 82:1 97:1 98:1 99:1 100:1 101:1 102:1 103:1 105:1 108:1 109:1 110:1 111:1 112:1 113:1 114:1 115:1 116:1 117:1 118:1 122:1 225:1 233:1 237:1 243:1 
4 9:1 10:1 13:1 32:1 44:1 45:1 46:1 65:1 82:1 97:1 98:1 99:1 100:1 101:1 102:1 103:1 104:1 105:1 106:1 108:1 109:1 110:1 111:1 112:1 113:1 114:1 115:1 116:1 117:1 118:1 121:1 122:1 225:1 237:1 250:1 
4 9:1 10:1 13:1 32:1 44:1 45:1 46:1 65:1 66:1 67:1 71:1 74:1 77:1 80:1 82:1 97:1 98:1 99:1 100:1 101:1 102:1 103:1 105:1 106:1 108:1 109:1 110:1 111:1 112:1 113:1 114:1 115:1 116:1 117:1 118:1 120:1 121:1 225:1 237:1 241:1 243:1 250:1 
4 9:1 10:1 13:1 32:1 44:1 45:1 46:1 65:1 66:1 69:1 75:1 82:1 97:1 98:1 99:1 100:1 101:1 102:1 103:1 104:1 105:1 107:1 108:1 109:1 110:1 111:1 112:1 113:1 114:1 115:1 116:1 117:1 118:1 121:1 122:1 233:1 237:1 243:1 250:1 
4 9:1 10:1 13:1 32:1 44:1 45:1 46:1 65:1 67:1 70:1 81:1 82:1 97:1 98:1 99:1 100:1 101:1 102:1 103:1 104:1 105:1 106:1 107:1 108:1 109:1 110:1 111:1 112:1 113:1 114:1 115:1 116:1 117:1 118:1 120:1 121:1 122:1 225:1 233:1 237:1 243:1 250:1 8220:1 8221:1 
4 9:1 10:1 13:1 32:1 44:1 45:1 46:1 48:1 49:1 50:1 51:1 54:1 55:1 56:1 57:1 65:1 73:1 76:1 78:1 82:1 97:1 98:1 99:1 100:1 101:1 102:1 103:1 105:1 108:1 109:1 110:1 111:1 112:1 114:1 115:1 116:1 117:1 118:1 121:1 122:1 186:1 225:1 237:1 243:1 8220:1 8221:1 
4 9:1 10:1 13:1 32:1 40:1 41:1 44:1 45:1 46:1 65:1 67:1 72:1 76:1 82:1 97:1 98:1 99:1 100:1 101:1 102:1 103:1 104:1 105:1 106:1 108:1 109:1 110:1 111:1 112:1 113:1 114:1 115:1 116:1 117:1 118:1 121:1 122:1 225:1 233:1 237:1 241:1 8220:1 8221:1 
4 9:1 10:1 13:1 32:1 44:1 45:1 46:1 65:1 69:1 82:1 97:1 98:1 99:1 100:1 101:1 102:1 103:1 104:1 105:1 106:1 108:1 109:1 110:1 111:1 112:1 113:1 114:1 115:1 116:1 117:1 118:1 225:1 237:1 243:1 
4 9:1 10:1 13:1 32:1 45:1 46:1 65:1 66:1 67:1 72:1 82:1 97:1 98:1 99:1 100:1 101:1 103:1 105:1 108:1 109:1 110:1 111:1 112:1 114:1 115:1 116:1 117:1 118:1 121:1 122:1 237:1 243:1 
4 9:1 10:1 13:1 32:1 44:1 45:1 46:1 49:1 50:1 59:1 65:1 66:1 67:1 68:1 72:1 74:1 77:1 78:1 79:1 80:1 82:1 83:1 84:1 86:1 89:1 97:1 98:1 99:1 100:1 101:1 103:1 104:1 105:1 106:1 108:1 109:1 110:1 111:1 112:1 113:1 114:1 115:1 116:1 117:1 118:1 121:1 122:1 186:1 225:1 233:1 241:1 243:1 
4 9:1 10:1 13:1 32:1 44:1 45:1 46:1 48:1 49:1 50:1 53:1 65:1 66:1 67:1 70:1 71:1 73:1 76:1 82:1 83:1 97:1 98:1 99:1 100:1 101:1 102:1 103:1 105:1 108:1 109:1 110:1 111:1 112:1 114:1 115:1 116:1 117:1 118:1 121:1 122:1 237:1 243:1 
4 9:1 10:1 13:1 32:1 44:1 45:1 46:1 65:1 66:1 82:1 97:1 98:1 99:1 100:1 101:1 102:1 103:1 105:1 106:1 108:1 109:1 110:1 111:1 112:1 113:1 114:1 115:1 116:1 117:1 118:1 121:1 233:1 237:1 243:1 
4 9:1 10:1 13:1 32:1 40:1 41:1 44:1 45:1 46:1 65:1 67:1 69:1 80:1 82:1 83:1 97:1 98:1 99:1 100:1 101:1 103:1 105:1 107:1 108:1 109:1 110:1 111:1 112:1 114:1 115:1 116:1 117:1 118:1 119:1 121:1 225:1 243:1 250:1 8211:1 
4 9:1 10:1 13:1 32:1 44:1 45:1 46:1 49:1 50:1 56:1 57:1 65:1 69:1 82:1 97:1 98:1 99:1 100:1 101:1 102:1 103:1 105:1 106:1 108:1 109:1 110:1 111:1 112:1 113:1 114:1 115:1 116:1 117:1 118:1 120:1 121:1 122:1 225:1 233:1 237:1 241:1 243:1 
4 9:1 10:1 13:1 32:1 44:1 45:1 46:1 65:1 67:1 74:1 82:1 97:1 98:1 99:1 100:1 101:1 103:1 105:1 108:1 109:1 110:1 111:1 112:1 113:1 114:1 115:1 116:1 117:1 118:1 121:1 122:1 237:1 243:1 
4 9:1 10:1 13:1 32:1 45:1 46:1 65:1 70:1 80:1 82:1 97:1 99:1 100:1 101:1 102:1 105:1 107:1 108:1 109:1 110:1 111:1 112:1 113:1 114:1 115:1 116:1 117:1 118:1 121:1 225:1 237:1 243:1 
4 9:1 10:1 13:1 32:1 44:1 45:1 46:1 65:1 67:1 73:1 74:1 82:1 97:1 98:1 99:1 100:1 101:1 102:1 103:1 104:1 105:1 106:1 108:1 109:1 110:1 111:1 112:1 113:1 114:1 115:1 116:1 117:1 118:1 121:1 122:1 237:1 243:1 
4 9:1 10:1 13:1 32:1 33:1 34:1 44:1 45:1 46:1 54:1 57:1 65:1 67:1 68:1 69:1 71:1 77:1 78:1 80:1 82:1 97:1 98:1 99:1 100:1 101:1 102:1 103:1 104:1 105:1 108:1 109:1 110:1 111:1 112:1 114:1 115:1 116:1 117:1 118:1 120:1 121:1 122:1 243:1 
4 9:1 10:1 13:1 32:1 40:1 41:1 44:1 45:1 46:1 65:1 70:1 80:1 82:1 83:1 97:1 98:1 99:1 100:1 101:1 102:1 103:1 104:1 105:1 106:1 108:1 109:1 110:1 111:1 112:1 113:1 114:1 115:1 116:1 117:1 118:1 120:1 121:1 122:1 225:1 237:1 243:1 250:1 8220:1 8221:1 
4 9:1 10:1 13:1 32:1 44:1 45:1 46:1 65:1 69:1 71:1 72:1 76:1 77:1 80:1 82:1 83:1 86:1 97:1 98:1 99:1 100:1 101:1 102:1 103:1 105:1 106:1 108:1 109:1 110:1 111:1 112:1 114:1 115:1 116:1 117:1 118:1 121:1 122:1 233:1 237:1 241:1 243:1 
4 9:1 10:1 13:1 32:1 44:1 45:1 46:1 63:1 65:1 67:1 68:1 82:1 84:1 97:1 98:1 99:1 100:1 101:1 103:1 104:1 105:1 106:1 108:1 109:1 110:1 111:1 112:1 113:1 114:1 115:1 116:1 117:1 118:1 121:1 191:1 233:1 243:1 250:1 
4 9:1 10:1 13:1 32:1 36:1 44:1 45:1 46:1 48:1 53:1 65:1 68:1 69:1 74:1 76:1 77:1 82:1 85:1 97:1 98:1 99:1 100:1 101:1 102:1 103:1 104:1 105:1 108:1 109:1 110:1 111:1 112:1 114:1 115:1 116:1 117:1 118:1 121:1 122:1 225:1 233:1 241:1 243:1 250:1 8220:1 8221:1 
4 9:1 10:1 13:1 32:1 44:1 45:1 46:1 48:1 49:1 50:1 65:1 67:1 69:1 71:1 72:1 77:1 78:1 82:1 84:1 85:1 97:1 99:1 100:1 101:1 102:1 103:1 104:1 105:1 106:1 107:1 108:1 109:1 110:1 111:1 112:1 113:1 114:1 115:1 116:1 117:1 118:1 120:1 121:1 233:1 237:1 243:1 250:1 
4 9:1 10:1 13:1 32:1 44:1 45:1 46:1 65:1 67:1 71:1 82:1 83:1 97:1 98:1 99:1 100:1 101:1 102:1 103:1 104:1 105:1 108:1 109:1 110:1 111:1 112:1 113:1 114:1 115:1 116:1 117:1 118:1 121:1 225:1 237:1 241:1 243:1 
4 9:1 10:1 13:1 32:1 44:1 45:1 46:1 65:1 69:1 80:1 82:1 85:1 97:1 98:1 99:1 100:1 101:1 102:1 103:1 104:1 105:1 106:1 107:1 108:1 109:1 110:1 111:1 112:1 113:1 114:1 115:1 116:1 117:1 118:1 121:1 122:1 225:1 237:1 
4 9:1 10:1 13:1 32:1 37:1 45:1 46:1 48:1 51:1 65:1 77:1 82:1 97:1 98:1 99:1 100:1 101:1 102:1 103:1 104:1 105:1 106:1 108:1 109:1 110:1 111:1 112:1 113:1 114:1 115:1 116:1 117:1 121:1 225:1 233:1 243:1 250:1 
4 9:1 10:1 13:1 32:1 44:1 45:1 46:1 48:1 51:1 65:1 71:1 82:1 97:1 98:1 99:1 100:1 101:1 102:1 103:1 104:1 105:1 108:1 109:1 110:1 111:1 112:1 113:1 114:1 115:1 116:1 117:1 118:1 121:1 225:1 241:1 243:1 250:1 
4 9:1 10:1 13:1 32:1 34:1 44:1 45:1 46:1 65:1 82:1 83:1 97:1 98:1 99:1 100:1 101:1 102:1 103:1 105:1 108:1 109:1 110:1 111:1 112:1 113:1 114:1 115:1 116:1 117:1 118:1 121:1 250:1 
4 9:1 10:1 13:1 32:1 44:1 45:1 46:1 65:1 67:1 68:1 73:1 80:1 82:1 84:1 97:1 99:1 100:1 101:1 102:1 103:1 105:1 106:1 108:1 109:1 110:1 111:1 112:1 114:1 115:1 116:1 117:1 118:1 121:1 122:1 237:1 243:1 
4 9:1 10:1 13:1 32:1 45:1 46:1 65:1 82:1 97:1 98:1 99:1 100:1 101:1 102:1 103:1 104:1 105:1 108:1 109:1 110:1 111:1 112:1 113:1 114:1 115:1 116:1 117:1 118:1 120:1 121:1 243:1 
4 9:1 10:1 13:1 32:1 44:1 45:1 46:1 63:1 65:1 69:1 76:1 82:1 85:1 97:1 98:1 99:1 100:1 101:1 102:1 103:1 104:1 105:1 106:1 108:1 109:1 110:1 111:1 112:1 113:1 114:1 115:1 116:1 117:1 118:1 121:1 122:1 191:1 225:1 243:1 250:1 
4 9:1 10:1 13:1 32:1 44:1 45:1 46:1 65:1 69:1 73:1 76:1 78:1 82:1 84:1 85:1 97:1 98:1 99:1 100:1 101:1 102:1 103:1 105:1 106:1 108:1 109:1 110:1 111:1 112:1 113:1 114:1 115:1 116:1 117:1 122:1 225:1 233:1 243:1 
4 9:1 10:1 13:1 32:1 37:1 44:1 45:1 46:1 48:1 49:1 50:1 54:1 65:1 80:1 82:1 97:1 98:1 99:1 100:1 101:1 102:1 103:1 104:1 105:1 108:1 109:1 110:1 111:1 112:1 114:1 115:1 116:1 117:1 118:1 122:1 225:1 233:1 241:1 243:1 250:1 
4 9:1 10:1 13:1 32:1 45:1 46:1 65:1 82:1 97:1 98:1 99:1 100:1 101:1 102:1 103:1 104:1 105:1 108:1 109:1 110:1 111:1 112:1 114:1 115:1 116:1 117:1 118:1 121:1 237:1 
4 9:1 10:1 13:1 32:1 34:1 44:1 45:1 46:1 65:1 68:1 71:1 74:1 78:1 82:1 89:1 97:1 98:1 99:1 100:1 101:1 103:1 105:1 106:1 108:1 109:1 110:1 111:1 112:1 113:1 114:1 115:1 116:1 117:1 118:1 120:1 122:1 225:1 237:1 243:1 
4 9:1 10:1 13:1 32:1 44:1 45:1 46:1 65:1 68:1 72:1 74:1 76:1 82:1 83:1 97:1 98:1 99:1 100:1 101:1 102:1 103:1 104:1 105:1 106:1 108:1 109:1 110:1 111:1 112:1 113:1 114:1 115:1 116:1 117:1 118:1 121:1 225:1 233:1 237:1 241:1 243:1 
4 9:1 10:1 13:1 32:1 44:1 45:1 46:1 65:1 67:1 76:1 82:1 83:1 97:1 98:1 99:1 100:1 101:1 102:1 103:1 104:1 105:1 106:1 108:1 109:1 110:1 111:1 112:1 113:1 114:1 115:1 116:1 117:1 118:1 121:1 122:1 233:1 237:1 
4 9:1 10:1 13:1 32:1 44:1 45:1 46:1 65:1 66:1 72:1 82:1 97:1 98:1 99:1 100:1 101:1 102:1 104:1 105:1 106:1 108:1 109:1 110:1 111:1 112:1 113:1 114:1 115:1 116:1 117:1 118:1 121:1 122:1 225:1 241:1 243:1 
4 9:1 10:1 13:1 32:1 34:1 40:1 41:1 44:1 45:1 46:1 48:1 49:1 50:1 65:1 67:1 69:1 75:1 82:1 83:1 97:1 98:1 99:1 100:1 101:1 102:1 103:1 104:1 105:1 108:1 109:1 110:1 111:1 112:1 113:1 114:1 115:1 116:1 117:1 118:1 121:1 225:1 233:1 243:1 250:1 
4 9:1 10:1 13:1 32:1 44:1 45:1 46:1 65:1 66:1 67:1 71:1 77:1 79:1 82:1 83:1 84:1 97:1 98:1 99:1 100:1 101:1 102:1 103:1 104:1 105:1 106:1 108:1 109:1 110:1 111:1 112:1 113:1 114:1 115:1 116:1 117:1 118:1 122:1 243:1 
4 9:1 10:1 13:1 32:1 44:1 45:1 46:1 65:1 69:1 80:1 82:1 97:1 98:1 99:1 100:1 101:1 102:1 103:1 104:1 105:1 108:1 109:1 110:1 111:1 112:1 113:1 114:1 115:1 116:1 117:1 118:1 119:1 121:1 122:1 225:1 237:1 
4 9:1 10:1 13:1 32:1 34:1 44:1 45:1 46:1 55:1 65:1 80:1 82:1 84:1 97:1 98:1 99:1 100:1 101:1 103:1 104:1 105:1 106:1 108:1 109:1 110:1 111:1 112:1 113:1 114:1 115:1 116:1 117:1 118:1 121:1 225:1 233:1 237:1 241:1 243:1 
4 9:1 10:1 13:1 32:1 37:1 44:1 45:1 46:1 48:1 49:1 50:1 51:1 53:1 54:1 57:1 65:1 67:1 77:1 80:1 82:1 97:1 98:1 99:1 100:1 101:1 102:1 103:1 105:1 108:1 109:1 110:1 111:1 112:1 113:1 114:1 115:1 116:1 117:1 118:1 120:1 122:1 237:1 243:1 250:1 
4 9:1 10:1 13:1 32:1 44:1 45:1 46:1 65:1 66:1 67:1 69:1 70:1 77:1 82:1 97:1 98:1 99:1 100:1 101:1 102:1 103:1 105:1 106:1 108:1 109:1 110:1 111:1 112:1 113:1 114:1 115:1 116:1 117:1 121:1 122:1 225:1 237:1 241:1 250:1 8220:1 8221:1 
4 9:1 10:1 13:1 32:1 40:1 41:1 45:1 46:1 65:1 68:1 69:1 71:1 76:1 77:1 82:1 83:1 84:1 97:1 98:1 99:1 100:1 101:1 102:1 103:1 104:1 105:1 106:1 108:1 109:1 110:1 111:1 112:1 113:1 114:1 115:1 116:1 117:1 118:1 120:1 121:1 122:1 225:1 233:1 237:1 250:1 
4 9:1 10:1 13:1 32:1 44:1 45:1 46:1 56:1 57:1 65:1 66:1 67:1 68:1 77:1 82:1 85:1 97:1 98:1 99:1 100:1 101:1 102:1 103:1 104:1 105:1 108:1 109:1 110:1 111:1 112:1 113:1 114:1 115:1 116:1 117:1 118:1 120:1 121:1 122:1 233:1 243:1 8220:1 8221:1 
4 9:1 10:1 13:1 32:1 44:1 45:1 46:1 47:1 48:1 49:1 50:1 65:1 69:1 76:1 77:1 82:1 83:1 97:1 99:1 100:1 101:1 102:1 103:1 104:1 105:1 108:1 109:1 110:1 111:1 112:1 113:1 114:1 115:1 116:1 117:1 118:1 120:1 121:1 122:1 237:1 243:1 
4 9:1 10:1 13:1 32:1 34:1 44:1 45:1 46:1 65:1 76:1 78:1 82:1 97:1 98:1 99:1 100:1 101:1 102:1 104:1 105:1 108:1 109:1 110:1 111:1 112:1 113:1 114:1 115:1 116:1 117:1 118:1 121:1 122:1 241:1 243:1 
4 9:1 10:1 13:1 32:1 44:1 45:1 46:1 48:1 49:1 50:1 51:1 52:1 65:1 68:1 69:1 76:1 77:1 82:1 83:1 84:1 97:1 98:1 99:1 100:1 101:1 102:1 103:1 105:1 106:1 108:1 109:1 110:1 111:1 112:1 113:1 114:1 115:1 116:1 117:1 118:1 120:1 121:1 122:1 233:1 241:1 243:1 250:1 8220:1 8221:1 
4 9:1 10:1 13:1 32:1 44:1 45:1 46:1 63:1 65:1 68:1 76:1 82:1 97:1 98:1 99:1 100:1 101:1 102:1 103:1 105:1 108:1 109:1 110:1 111:1 112:1 113:1 114:1 115:1 116:1 117:1 118:1 121:1 191:1 225:1 233:1 237:1 250:1 
4 9:1 10:1 13:1 32:1 44:1 45:1 46:1 65:1 68:1 78:1 82:1 83:1 97:1 98:1 99:1 100:1 101:1 102:1 103:1 104:1 105:1 106:1 108:1 109:1 110:1 111:1 112:1 113:1 114:1 115:1 116:1 117:1 118:1 233:1 237:1 241:1 243:1 
4 9:1 10:1 13:1 32:1 44:1 45:1 46:1 65:1 76:1 82:1 97:1 98:1 99:1 100:1 101:1 102:1 103:1 105:1 108:1 109:1 110:1 111:1 112:1 113:1 114:1 115:1 116:1 117:1 118:1 121:1 122:1 225:1 237:1 
4 9:1 10:1 13:1 32:1 44:1 45:1 46:1 65:1 82:1 97:1 98:1 99:1 100:1 101:1 102:1 105:1 108:1 109:1 110:1 111:1 112:1 114:1 115:1 116:1 117:1 118:1 120:1 121:1 122:1 225:1 233:1 241:1 243:1 
4 9:1 10:1 13:1 32:1 44:1 45:1 46:1 65:1 66:1 67:1 69:1 76:1 77:1 78:1 82:1 86:1 97:1 98:1 99:1 100:1 101:1 102:1 103:1 104:1 105:1 108:1 109:1 110:1 111:1 112:1 113:1 114:1 115:1 116:1 117:1 118:1 120:1 121:1 122:1 225:1 233:1 237:1 243:1 8220:1 8221:1 
4 9:1 10:1 13:1 32:1 44:1 45:1 46:1 65:1 76:1 80:1 82:1 83:1 97:1 98:1 99:1 100:1 101:1 102:1 103:1 104:1 105:1 106:1 108:1 109:1 110:1 111:1 112:1 113:1 114:1 115:1 116:1 117:1 118:1 121:1 122:1 225:1 233:1 237:1 250:1 8220:1 8221:1 
4 9:1 10:1 13:1 32:1 44:1 45:1 46:1 50:1 51:1 65:1 67:1 68:1 76:1 77:1 80:1 82:1 87:1 97:1 98:1 99:1 100:1 101:1 102:1 103:1 104:1 105:1 106:1 108:1 109:1 110:1 111:1 112:1 113:1 114:1 115:1 116:1 117:1 118:1 121:1 122:1 237:1 243:1 
5 9:1 10:1 13:1 32:1 44:1 45:1 46:1 48:1 53:1 69:1 71:1 76:1 80:1 83:1 97:1 98:1 99:1 100:1 101:1 102:1 104:1 105:1 106:1 108:1 109:1 110:1 111:1 112:1 113:1 114:1 115:1 116:1 117:1 118:1 120:1 121:1 122:1 171:1 187:1 225:1 233:1 237:1 241:1 243:1 
5 9:1 10:1 13:1 32:1 44:1 45:1 46:1 67:1 68:1 69:1 79:1 82:1 83:1 97:1 99:1 100:1 101:1 102:1 103:1 104:1 105:1 106:1 108:1 109:1 110:1 111:1 112:1 114:1 115:1 116:1 117:1 118:1 121:1 122:1 225:1 237:1 241:1 243:1 
5 9:1 10:1 13:1 32:1 44:1 45:1 46:1 69:1 77:1 83:1 97:1 98:1 99:1 100:1 101:1 104:1 105:1 108:1 109:1 110:1 111:1 112:1 113:1 114:1 115:1 116:1 117:1 118:1 121:1 237:1 
5 9:1 10:1 13:1 32:1 44:1 45:1 46:1 69:1 83:1 97:1 98:1 99:1 100:1 101:1 103:1 104:1 105:1 108:1 109:1 110:1 111:1 112:1 113:1 114:1 115:1 116:1 117:1 118:1 121:1 122:1 225:1 237:1 241:1 243:1 
5 9:1 10:1 13:1 32:1 44:1 45:1 46:1 69:1 77:1 83:1 97:1 98:1 99:1 100:1 101:1 102:1 103:1 104:1 105:1 106:1 108:1 109:1 110:1 111:1 112:1 113:1 114:1 115:1 116:1 117:1 118:1 120:1 225:1 237:1 
5 9:1 10:1 13:1 32:1 34:1 44:1 45:1 46:1 65:1 67:1 69:1 83:1 97:1 98:1 99:1 100:1 101:1 103:1 104:1 105:1 106:1 108:1 109:1 110:1 111:1 112:1 113:1 114:1 115:1 116:1 117:1 121:1 237:1 243:1 
5 9:1 10:1 13:1 32:1 37:1 40:1 41:1 45:1 46:1 48:1 49:1 59:1 69:1 70:1 83:1 97:1 98:1 99:1 100:1 101:1 103:1 104:1 105:1 108:1 109:1 110:1 111:1 112:1 113:1 114:1 115:1 116:1 117:1 118:1 120:1 121:1 237:1 243:1 
5 9:1 10:1 13:1 32:1 34:1 40:1 41:1 45:1 46:1 48:1 49:1 50:1 52:1 65:1 66:1 69:1 73:1 78:1 83:1 86:1 88:1 97:1 98:1 99:1 100:1 101:1 103:1 104:1 105:1 106:1 108:1 109:1 110:1 111:1 112:1 113:1 114:1 115:1 116:1 117:1 118:1 120:1 121:1 225:1 243:1 250:1 
5 9:1 10:1 13:1 32:1 44:1 45:1 46:1 67:1 69:1 71:1 77:1 83:1 97:1 98:1 99:1 100:1 101:1 103:1 104:1 105:1 108:1 109:1 110:1 111:1 112:1 113:1 114:1 115:1 116:1 117:1 120:1 121:1 122:1 225:1 233:1 237:1 243:1 250:1 
5 9:1 10:1 13:1 32:1 44:1 45:1 46:1 65:1 68:1 69:1 70:1 76:1 77:1 79:1 80:1 83:1 97:1 98:1 99:1 100:1 101:1 102:1 103:1 104:1 105:1 106:1 108:1 109:1 110:1 111:1 112:1 113:1 114:1 115:1 116:1 117:1 118:1 121:1 122:1 225:1 243:1 250:1 
5 9:1 10:1 13:1 32:1 40:1 41:1 44:1 45:1 46:1 65:1 66:1 68:1 69:1 72:1 77:1 83:1 84:1 97:1 98:1 99:1 100:1 101:1 102:1 103:1 104:1 105:1 106:1 108:1 109:1 110:1 111:1 112:1 113:1 114:1 115:1 116:1 117:1 118:1 121:1 122:1 225:1 233:1 237:1 246:1 250:1 252:1 
5 9:1 10:1 13:1 32:1 44:1 45:1 46:1 69:1 83:1 89:1 97:1 98:1 99:1 100:1 101:1 102:1 103:1 104:1 105:1 106:1 108:1 109:1 110:1 111:1 112:1 113:1 114:1 115:1 116:1 117:1 121:1 122:1 225:1 241:1 243:1 
5 9:1 10:1 13:1 32:1 44:1 45:1 46:1 69:1 83:1 87:1 89:1 97:1 98:1 99:1 100:1 101:1 102:1 103:1 104:1 105:1 106:1 108:1 109:1 110:1 111:1 112:1 113:1 114:1 115:1 116:1 117:1 120:1 121:1 225:1 241:1 243:1 250:1 
5 9:1 10:1 13:1 32:1 44:1 45:1 46:1 66:1 69:1 76:1 83:1 97:1 98:1 99:1 100:1 101:1 102:1 103:1 104:1 105:1 106:1 108:1 109:1 110:1 111:1 112:1 113:1 114:1 115:1 116:1 117:1 118:1 121:1 122:1 171:1 187:1 225:1 233:1 237:1 241:1 243:1 250:1 
5 9:1 10:1 13:1 32:1 34:1 44:1 45:1 46:1 48:1 52:1 55:1 69:1 77:1 78:1 80:1 83:1 97:1 98:1 99:1 100:1 101:1 102:1 103:1 104:1 105:1 106:1 108:1 109:1 110:1 111:1 112:1 113:1 114:1 115:1 116:1 117:1 118:1 121:1 225:1 237:1 241:1 243:1 250:1 
5 9:1 10:1 13:1 32:1 44:1 45:1 46:1 66:1 69:1 83:1 97:1 98:1 99:1 100:1 101:1 102:1 103:1 104:1 105:1 106:1 108:1 109:1 110:1 111:1 112:1 113:1 114:1 115:1 116:1 117:1 118:1 121:1 171:1 187:1 225:1 237:1 243:1 
5 9:1 10:1 13:1 32:1 44:1 45:1 46:1 69:1 70:1 77:1 83:1 97:1 99:1 100:1 101:1 102:1 105:1 108:1 109:1 110:1 111:1 112:1 113:1 114:1 115:1 116:1 117:1 118:1 121:1 122:1 225:1 233:1 237:1 243:1 
5 9:1 10:1 13:1 32:1 40:1 41:1 44:1 45:1 46:1 48:1 49:1 50:1 52:1 53:1 68:1 69:1 73:1 83:1 97:1 98:1 99:1 100:1 101:1 102:1 103:1 104:1 105:1 106:1 108:1 109:1 110:1 111:1 112:1 113:1 114:1 115:1 116:1 117:1 121:1 225:1 241:1 243:1 
5 9:1 10:1 13:1 32:1 44:1 45:1 46:1 65:1 69:1 71:1 72:1 76:1 77:1 83:1 97:1 98:1 99:1 100:1 101:1 102:1 103:1 104:1 105:1 106:1 108:1 109:1 110:1 111:1 112:1 113:1 114:1 115:1 116:1 117:1 118:1 120:1 121:1 122:1 171:1 187:1 225:1 237:1 241:1 243:1 250:1 
5 9:1 10:1 13:1 32:1 44:1 45:1 46:1 65:1 67:1 69:1 76:1 78:1 83:1 97:1 98:1 99:1 100:1 101:1 102:1 103:1 105:1 108:1 109:1 110:1 111:1 112:1 113:1 114:1 115:1 116:1 117:1 118:1 120:1 122:1 225:1 233:1 237:1 243:1 
5 9:1 10:1 13:1 32:1 39:1 44:1 45:1 46:1 49:1 50:1 57:1 69:1 70:1 80:1 83:1 97:1 98:1 99:1 100:1 101:1 102:1 103:1 104:1 105:1 106:1 108:1 109:1 110:1 111:1 112:1 113:1 114:1 115:1 116:1 117:1 118:1 120:1 121:1 122:1 233:1 241:1 243:1 
5 9:1 10:1 13:1 32:1 44:1 45:1 46:1 48:1 49:1 51:1 52:1 54:1 57:1 67:1 69:1 72:1 76:1 82:1 83:1 97:1 98:1 99:1 100:1 101:1 102:1 103:1 104:1 105:1 106:1 108:1 109:1 110:1 111:1 112:1 113:1 114:1 115:1 116:1 117:1 118:1 121:1 171:1 187:1 233:1 237:1 241:1 
5 9:1 10:1 13:1 32:1 44:1 45:1 46:1 48:1 49:1 50:1 52:1 54:1 67:1 69:1 71:1 72:1 74:1 77:1 79:1 83:1 88:1 97:1 98:1 99:1 100:1 101:1 102:1 103:1 105:1 106:1 107:1 108:1 109:1 110:1 111:1 112:1 113:1 114:1 115:1 116:1 117:1 118:1 121:1 122:1 237:1 243:1 
5 9:1 10:1 13:1 32:1 44:1 45:1 46:1 49:1 50:1 51:1 52:1 56:1 57:1 67:1 69:1 77:1 83:1 97:1 98:1 99:1 100:1 101:1 103:1 104:1 105:1 108:1 109:1 110:1 111:1 112:1 114:1 115:1 116:1 117:1 122:1 225:1 233:1 237:1 243:1 
5 9:1 10:1 13:1 32:1 44:1 45:1 46:1 49:1 50:1 51:1 53:1 55:1 65:1 69:1 79:1 83:1 86:1 97:1 98:1 99:1 100:1 101:1 102:1 103:1 104:1 105:1 106:1 108:1 109:1 110:1 111:1 112:1 113:1 114:1 115:1 116:1 117:1 121:1 122:1 225:1 241:1 
5 9:1 10:1 13:1 32:1 40:1 41:1 44:1 45:1 46:1 65:1 67:1 68:1 69:1 70:1 71:1 77:1 78:1 80:1 83:1 84:1 85:1 86:1 97:1 98:1 99:1 100:1 101:1 102:1 103:1 104:1 105:1 106:1 108:1 109:1 110:1 111:1 112:1 113:1 114:1 115:1 116:1 117:1 118:1 121:1 225:1 243:1 250:1 
5 9:1 10:1 13:1 32:1 34:1 44:1 45:1 46:1 67:1 69:1 83:1 97:1 98:1 99:1 100:1 101:1 102:1 103:1 104:1 105:1 106:1 108:1 109:1 110:1 111:1 112:1 113:1 114:1 115:1 116:1 117:1 120:1 121:1 122:1 225:1 233:1 237:1 243:1 
5 9:1 10:1 13:1 32:1 39:1 40:1 41:1 44:1 45:1 46:1 59:1 66:1 67:1 69:1 76:1 77:1 83:1 84:1 97:1 98:1 99:1 100:1 101:1 102:1 103:1 104:1 105:1 106:1 108:1 109:1 110:1 111:1 112:1 113:1 114:1 115:1 116:1 117:1 118:1 121:1 225:1 237:1 241:1 243:1 250:1 
5 9:1 10:1 13:1 32:1 44:1 45:1 46:1 50:1 52:1 69:1 76:1 79:1 80:1 83:1 97:1 98:1 99:1 100:1 101:1 102:1 103:1 104:1 105:1 106:1 108:1 109:1 110:1 111:1 112:1 113:1 114:1 115:1 116:1 117:1 118:1 121:1 122:1 225:1 233:1 241:1 243:1 
5 9:1 10:1 13:1 32:1 34:1 37:1 44:1 45:1 46:1 48:1 49:1 50:1 53:1 54:1 56:1 65:1 69:1 71:1 80:1 82:1 83:1 90:1 97:1 98:1 99:1 100:1 101:1 102:1 103:1 104:1 105:1 106:1 108:1 109:1 110:1 111:1 112:1 113:1 114:1 115:1 116:1 117:1 118:1 120:1 121:1 225:1 237:1 241:1 243:1 
5 9:1 10:1 13:1 32:1 44:1 45:1 46:1 48:1 49:1 50:1 51:1 52:1 54:1 55:1 57:1 65:1 66:1 67:1 69:1 74:1 77:1 78:1 80:1 83:1 97:1 98:1 99:1 100:1 101:1 102:1 103:1 104:1 105:1 106:1 107:1 108:1 109:1 110:1 111:1 112:1 113:1 114:1 115:1 116:1 117:1 118:1 119:1 121:1 225:1 233:1 241:1 243:1 250:1 
5 9:1 10:1 13:1 32:1 44:1 45:1 46:1 49:1 50:1 53:1 65:1 67:1 69:1 70:1 71:1 72:1 77:1 83:1 84:1 86:1 97:1 98:1 99:1 100:1 101:1 102:1 103:1 105:1 106:1 108:1 109:1 110:1 111:1 112:1 113:1 114:1 115:1 116:1 117:1 118:1 121:1 122:1 233:1 237:1 
5 9:1 10:1 13:1 32:1 34:1 44:1 45:1 46:1 68:1 69:1 73:1 80:1 83:1 97:1 98:1 99:1 100:1 101:1 102:1 103:1 104:1 105:1 107:1 108:1 109:1 110:1 111:1 112:1 113:1 114:1 115:1 116:1 117:1 118:1 121:1 225:1 237:1 
5 9:1 10:1 13:1 32:1 44:1 45:1 46:1 68:1 69:1 80:1 83:1 84:1 97:1 98:1 99:1 100:1 101:1 102:1 103:1 104:1 105:1 107:1 108:1 109:1 110:1 111:1 112:1 113:1 114:1 115:1 116:1 117:1 118:1 119:1 120:1 121:1 122:1 171:1 187:1 225:1 233:1 237:1 241:1 243:1 
5 9:1 10:1 13:1 32:1 44:1 45:1 46:1 50:1 69:1 83:1 97:1 98:1 99:1 100:1 101:1 102:1 103:1 105:1 106:1 108:1 109:1 110:1 111:1 112:1 113:1 114:1 115:1 116:1 117:1 118:1 121:1 122:1 233:1 243:1 
5 9:1 10:1 13:1 32:1 44:1 45:1 46:1 66:1 69:1 71:1 76:1 77:1 83:1 86:1 97:1 98:1 99:1 100:1 101:1 102:1 103:1 104:1 105:1 106:1 108:1 109:1 110:1 111:1 112:1 113:1 114:1 115:1 116:1 117:1 118:1 120:1 121:1 171:1 187:1 225:1 231:1 233:1 237:1 241:1 243:1 
5 9:1 10:1 13:1 32:1 34:1 40:1 41:1 44:1 45:1 46:1 48:1 49:1 50:1 53:1 65:1 66:1 67:1 69:1 71:1 83:1 84:1 86:1 97:1 98:1 99:1 100:1 101:1 102:1 103:1 104:1 105:1 106:1 108:1 109:1 110:1 111:1 112:1 113:1 114:1 115:1 116:1 117:1 118:1 120:1 121:1 122:1 233:1 237:1 241:1 243:1 
5 9:1 10:1 13:1 32:1 39:1 44:1 45:1 46:1 65:1 69:1 70:1 77:1 80:1 83:1 84:1 87:1 97:1 98:1 99:1 100:1 101:1 102:1 103:1 104:1 105:1 106:1 108:1 109:1 110:1 111:1 112:1 113:1 114:1 115:1 116:1 117:1 118:1 121:1 171:1 187:1 233:1 237:1 243:1 
5 9:1 10:1 13:1 32:1 44:1 45:1 46:1 50:1 54:1 65:1 67:1 69:1 74:1 77:1 78:1 80:1 83:1 84:1 89:1 97:1 98:1 99:1 100:1 101:1 102:1 103:1 104:1 105:1 106:1 107:1 108:1 109:1 110:1 111:1 112:1 114:1 115:1 116:1 117:1 119:1 120:1 122:1 225:1 241:1 243:1 
5 9:1 10:1 13:1 32:1 44:1 45:1 46:1 65:1 66:1 67:1 69:1 77:1 80:1 83:1 97:1 98:1 99:1 100:1 101:1 102:1 103:1 104:1 105:1 108:1 109:1 110:1 111:1 112:1 113:1 114:1 115:1 116:1 117:1 118:1 120:1 121:1 171:1 187:1 241:1 243:1 
5 9:1 10:1 13:1 32:1 45:1 46:1 50:1 52:1 67:1 69:1 76:1 83:1 85:1 97:1 98:1 99:1 100:1 101:1 103:1 104:1 105:1 106:1 108:1 109:1 110:1 111:1 112:1 113:1 114:1 115:1 116:1 117:1 118:1 120:1 121:1 122:1 225:1 237:1 241:1 243:1 
5 9:1 10:1 13:1 32:1 44:1 45:1 46:1 69:1 77:1 83:1 84:1 97:1 99:1 100:1 101:1 102:1 103:1 104:1 105:1 106:1 108:1 109:1 110:1 111:1 112:1 113:1 114:1 115:1 116:1 117:1 118:1 121:1 122:1 193:1 243:1 
5 9:1 10:1 13:1 32:1 39:1 44:1 45:1 46:1 52:1 55:1 66:1 69:1 76:1 83:1 86:1 97:1 98:1 99:1 100:1 101:1 103:1 104:1 105:1 106:1 108:1 109:1 110:1 111:1 112:1 113:1 114:1 115:1 116:1 117:1 118:1 122:1 193:1 243:1 
5 9:1 10:1 13:1 32:1 44:1 45:1 46:1 69:1 77:1 78:1 83:1 84:1 89:1 97:1 98:1 99:1 100:1 101:1 102:1 103:1 104:1 105:1 106:1 107:1 108:1 109:1 110:1 111:1 112:1 113:1 114:1 115:1 116:1 117:1 118:1 121:1 225:1 237:1 241:1 243:1 
5 9:1 10:1 13:1 32:1 44:1 45:1 46:1 52:1 55:1 65:1 66:1 69:1 70:1 71:1 83:1 97:1 98:1 99:1 100:1 101:1 102:1 103:1 105:1 106:1 108:1 109:1 110:1 111:1 112:1 113:1 114:1 115:1 116:1 117:1 118:1 120:1 121:1 122:1 225:1 243:1 250:1 
5 9:1 10:1 13:1 32:1 34:1 44:1 45:1 46:1 65:1 67:1 69:1 80:1 83:1 86:1 97:1 98:1 99:1 100:1 101:1 103:1 105:1 108:1 109:1 110:1 111:1 112:1 113:1 114:1 115:1 116:1 117:1 121:1 243:1 
5 9:1 10:1 13:1 32:1 44:1 45:1 46:1 69:1 72:1 83:1 97:1 98:1 99:1 100:1 101:1 102:1 103:1 104:1 105:1 106:1 108:1 109:1 110:1 111:1 112:1 114:1 115:1 116:1 117:1 121:1 233:1 237:1 241:1 
5 9:1 10:1 13:1 32:1 34:1 44:1 45:1 46:1 66:1 69:1 70:1 83:1 97:1 98:1 99:1 100:1 101:1 102:1 103:1 104:1 105:1 108:1 109:1 110:1 111:1 112:1 113:1 114:1 115:1 116:1 117:1 118:1 225:1 243:1 
5 9:1 10:1 13:1 32:1 44:1 45:1 46:1 51:1 65:1 69:1 73:1 76:1 80:1 83:1 97:1 98:1 99:1 100:1 101:1 102:1 103:1 104:1 105:1 106:1 108:1 109:1 110:1 111:1 112:1 114:1 115:1 116:1 117:1 118:1 121:1 122:1 225:1 237:1 243:1 250:1 
5 9:1 10:1 13:1 32:1 40:1 41:1 44:1 45:1 46:1 48:1 49:1 53:1 56:1 57:1 66:1 68:1 69:1 70:1 71:1 77:1 79:1 82:1 83:1 84:1 86:1 97:1 98:1 99:1 100:1 101:1 102:1 103:1 104:1 105:1 107:1 108:1 109:1 110:1 111:1 112:1 113:1 114:1 115:1 116:1 117:1 118:1 120:1 121:1 225:1 233:1 243:1 250:1 
5 9:1 10:1 13:1 32:1 44:1 45:1 46:1 48:1 50:1 69:1 83:1 97:1 98:1 99:1 100:1 101:1 102:1 103:1 104:1 105:1 106:1 108:1 109:1 110:1 111:1 112:1 113:1 114:1 115:1 116:1 117:1 118:1 121:1 122:1 225:1 233:1 237:1 241:1 243:1 
5 9:1 10:1 13:1 32:1 34:1 39:1 44:1 45:1 46:1 49:1 57:1 65:1 66:1 67:1 68:1 69:1 72:1 76:1 77:1 83:1 85:1 97:1 98:1 99:1 100:1 101:1 102:1 104:1 105:1 108:1 109:1 110:1 111:1 112:1 114:1 115:1 116:1 117:1 118:1 120:1 121:1 237:1 243:1 
5 9:1 10:1 13:1 32:1 44:1 45:1 46:1 59:1 66:1 67:1 68:1 69:1 71:1 74:1 77:1 83:1 97:1 99:1 100:1 101:1 102:1 103:1 104:1 105:1 106:1 108:1 109:1 110:1 111:1 112:1 113:1 114:1 115:1 116:1 117:1 118:1 121:1 122:1 225:1 233:1 237:1 243:1 
5 9:1 10:1 13:1 32:1 44:1 45:1 46:1 48:1 49:1 50:1 51:1 54:1 65:1 66:1 68:1 69:1 77:1 80:1 82:1 83:1 84:1 89:1 97:1 98:1 99:1 100:1 101:1 102:1 103:1 105:1 106:1 107:1 108:1 109:1 110:1 111:1 112:1 113:1 114:1 115:1 116:1 117:1 118:1 120:1 121:1 225:1 237:1 241:1 243:1 
5 9:1 10:1 13:1 32:1 44:1 45:1 46:1 49:1 52:1 65:1 68:1 69:1 83:1 97:1 99:1 100:1 101:1 102:1 104:1 105:1 106:1 108:1 109:1 110:1 111:1 112:1 114:1 115:1 116:1 117:1 118:1 193:1 233:1 243:1 
5 9:1 10:1 13:1 32:1 34:1 44:1 45:1 46:1 65:1 67:1 69:1 71:1 77:1 83:1 97:1 98:1 99:1 100:1 101:1 102:1 103:1 104:1 105:1 106:1 108:1 109:1 110:1 111:1 112:1 113:1 114:1 115:1 116:1 117:1 118:1 121:1 122:1 237:1 243:1 
5 9:1 10:1 13:1 32:1 44:1 45:1 46:1 67:1 68:1 69:1 77:1 83:1 85:1 86:1 97:1 98:1 99:1 100:1 101:1 102:1 103:1 104:1 105:1 108:1 109:1 110:1 111:1 112:1 114:1 115:1 116:1 117:1 118:1 121:1 122:1 225:1 233:1 241:1 243:1 
5 9:1 10:1 13:1 32:1 44:1 45:1 46:1 67:1 69:1 77:1 83:1 97:1 98:1 99:1 100:1 101:1 103:1 104:1 105:1 108:1 109:1 110:1 111:1 112:1 113:1 114:1 115:1 116:1 117:1 118:1 121:1 122:1 225:1 237:1 241:1 243:1 250:1 
5 9:1 10:1 13:1 32:1 40:1 41:1 44:1 45:1 46:1 66:1 67:1 68:1 69:1 70:1 76:1 80:1 83:1 85:1 97:1 98:1 99:1 100:1 101:1 102:1 103:1 104:1 105:1 106:1 108:1 109:1 110:1 111:1 112:1 113:1 114:1 115:1 116:1 117:1 118:1 120:1 121:1 122:1 225:1 237:1 243:1 
5 9:1 10:1 13:1 32:1 33:1 39:1 40:1 41:1 44:1 45:1 46:1 48:1 49:1 50:1 51:1 52:1 53:1 54:1 55:1 57:1 63:1 67:1 69:1 71:1 73:1 77:1 80:1 83:1 97:1 98:1 99:1 100:1 101:1 102:1 104:1 105:1 107:1 108:1 109:1 110:1 111:1 112:1 113:1 114:1 115:1 116:1 117:1 121:1 122:1 161:1 191:1 233:1 237:1 243:1 250:1 
5 9:1 10:1 13:1 32:1 44:1 45:1 46:1 65:1 67:1 69:1 80:1 83:1 97:1 98:1 99:1 100:1 101:1 102:1 103:1 105:1 106:1 108:1 109:1 110:1 111:1 112:1 113:1 114:1 115:1 116:1 117:1 118:1 121:1 122:1 171:1 187:1 225:1 233:1 237:1 241:1 243:1 
5 9:1 10:1 13:1 32:1 44:1 45:1 46:1 65:1 69:1 70:1 80:1 83:1 84:1 97:1 98:1 99:1 100:1 101:1 102:1 103:1 104:1 105:1 108:1 109:1 110:1 111:1 112:1 113:1 114:1 115:1 116:1 117:1 118:1 121:1 122:1 171:1 187:1 233:1 237:1 243:1 
5 9:1 10:1 13:1 32:1 44:1 45:1 46:1 66:1 69:1 80:1 83:1 97:1 98:1 99:1 100:1 101:1 102:1 103:1 105:1 108:1 109:1 110:1 111:1 112:1 113:1 114:1 115:1 116:1 117:1 118:1 120:1 122:1 211:1 225:1 233:1 237:1 243:1 
5 9:1 10:1 13:1 32:1 39:1 44:1 45:1 46:1 69:1 74:1 76:1 78:1 82:1 83:1 97:1 98:1 99:1 100:1 101:1 102:1 103:1 104:1 105:1 106:1 108:1 109:1 110:1 111:1 112:1 113:1 114:1 115:1 116:1 117:1 120:1 121:1 122:1 225:1 237:1 243:1 
5 9:1 10:1 13:1 32:1 44:1 45:1 46:1 48:1 49:1 50:1 54:1 65:1 69:1 70:1 80:1 83:1 97:1 98:1 99:1 100:1 101:1 102:1 103:1 104:1 105:1 106:1 108:1 109:1 110:1 111:1 112:1 113:1 114:1 115:1 116:1 117:1 118:1 121:1 122:1 225:1 237:1 243:1 
5 9:1 10:1 13:1 32:1 39:1 44:1 45:1 46:1 65:1 68:1 69:1 76:1 83:1 84:1 87:1 97:1 98:1 99:1 100:1 101:1 102:1 103:1 104:1 105:1 107:1 108:1 109:1 110:1 111:1 112:1 113:1 114:1 115:1 116:1 117:1 243:1 
5 9:1 10:1 13:1 32:1 34:1 44:1 45:1 46:1 63:1 67:1 69:1 70:1 78:1 79:1 83:1 85:1 97:1 98:1 99:1 100:1 101:1 103:1 104:1 105:1 108:1 109:1 110:1 111:1 112:1 113:1 114:1 115:1 116:1 117:1 118:1 122:1 191:1 237:1 243:1 250:1 
5 9:1 10:1 13:1 32:1 44:1 45:1 46:1 48:1 49:1 50:1 59:1 69:1 74:1 83:1 84:1 97:1 98:1 99:1 100:1 101:1 103:1 104:1 105:1 106:1 108:1 109:1 110:1 111:1 112:1 113:1 114:1 115:1 116:1 117:1 121:1 225:1 237:1 241:1 
5 9:1 10:1 13:1 32:1 34:1 37:1 44:1 45:1 46:1 48:1 51:1 67:1 69:1 71:1 83:1 84:1 97:1 98:1 99:1 100:1 101:1 102:1 103:1 104:1 105:1 106:1 108:1 109:1 110:1 111:1 112:1 113:1 114:1 115:1 116:1 117:1 118:1 121:1 122:1 225:1 237:1 241:1 243:1 250:1 
5 9:1 10:1 13:1 32:1 34:1 44:1 45:1 46:1 69:1 83:1 86:1 97:1 98:1 99:1 100:1 101:1 102:1 103:1 104:1 105:1 106:1 108:1 109:1 110:1 111:1 112:1 113:1 114:1 115:1 116:1 117:1 118:1 120:1 121:1 122:1 243:1 250:1 
5 9:1 10:1 13:1 32:1 44:1 45:1 46:1 68:1 69:1 80:1 83:1 84:1 97:1 98:1 99:1 100:1 101:1 102:1 103:1 104:1 105:1 106:1 108:1 109:1 110:1 111:1 112:1 113:1 114:1 115:1 116:1 117:1 118:1 121:1 122:1 225:1 233:1 241:1 243:1 
5 9:1 10:1 13:1 32:1 44:1 45:1 46:1 65:1 69:1 83:1 97:1 98:1 99:1 100:1 101:1 102:1 103:1 104:1 105:1 108:1 109:1 110:1 111:1 112:1 113:1 114:1 115:1 116:1 117:1 118:1 120:1 121:1 122:1 171:1 187:1 225:1 243:1 
5 9:1 10:1 13:1 32:1 44:1 45:1 46:1 65:1 69:1 80:1 82:1 83:1 97:1 98:1 99:1 100:1 101:1 102:1 103:1 104:1 105:1 106:1 108:1 109:1 110:1 111:1 112:1 113:1 114:1 115:1 116:1 117:1 118:1 121:1 225:1 233:1 237:1 241:1 243:1 
5 9:1 10:1 13:1 32:1 44:1 45:1 46:1 65:1 69:1 80:1 83:1 86:1 97:1 98:1 99:1 100:1 101:1 102:1 103:1 104:1 105:1 106:1 108:1 109:1 110:1 111:1 112:1 113:1 114:1 115:1 116:1 117:1 118:1 120:1 121:1 122:1 171:1 187:1 225:1 233:1 237:1 
5 9:1 10:1 13:1 32:1 44:1 45:1 46:1 69:1 70:1 83:1 97:1 98:1 99:1 100:1 101:1 102:1 103:1 104:1 105:1 106:1 108:1 109:1 110:1 111:1 112:1 113:1 114:1 115:1 116:1 117:1 118:1 120:1 121:1 122:1 171:1 187:1 225:1 237:1 241:1 243:1 
5 9:1 10:1 13:1 32:1 44:1 45:1 46:1 66:1 69:1 70:1 73:1 83:1 85:1 97:1 98:1 99:1 100:1 101:1 102:1 103:1 104:1 105:1 106:1 108:1 109:1 110:1 111:1 112:1 113:1 114:1 115:1 116:1 117:1 118:1 120:1 121:1 233:1 237:1 243:1 250:1 
5 9:1 10:1 13:1 32:1 34:1 44:1 45:1 46:1 48:1 49:1 50:1 51:1 52:1 54:1 55:1 57:1 65:1 66:1 67:1 69:1 74:1 78:1 79:1 80:1 83:1 86:1 87:1 97:1 98:1 99:1 100:1 101:1 102:1 103:1 105:1 106:1 107:1 108:1 109:1 110:1 111:1 112:1 113:1 114:1 115:1 116:1 117:1 118:1 121:1 122:1 225:1 233:1 237:1 241:1 243:1 
5 9:1 10:1 13:1 32:1 44:1 45:1 46:1 65:1 67:1 69:1 70:1 73:1 76:1 83:1 84:1 85:1 86:1 97:1 98:1 99:1 100:1 101:1 102:1 103:1 104:1 105:1 106:1 108:1 109:1 110:1 111:1 112:1 113:1 114:1 115:1 116:1 117:1 118:1 121:1 171:1 187:1 225:1 241:1 243:1 250:1 
5 9:1 10:1 13:1 32:1 45:1 46:1 69:1 83:1 97:1 98:1 99:1 100:1 101:1 103:1 104:1 105:1 108:1 109:1 110:1 111:1 112:1 113:1 114:1 115:1 116:1 117:1 121:1 122:1 
5 9:1 10:1 13:1 32:1 39:1 44:1 45:1 46:1 69:1 80:1 83:1 86:1 97:1 98:1 99:1 100:1 101:1 102:1 103:1 104:1 105:1 108:1 109:1 110:1 111:1 112:1 114:1 115:1 116:1 117:1 118:1 120:1 121:1 171:1 187:1 225:1 241:1 243:1 
5 9:1 10:1 13:1 32:1 45:1 46:1 69:1 83:1 97:1 99:1 100:1 101:1 102:1 105:1 108:1 109:1 110:1 111:1 112:1 113:1 114:1 115:1 116:1 117:1 122:1 225:1 241:1 243:1 
5 9:1 10:1 13:1 32:1 37:1 44:1 45:1 46:1 50:1 53:1 54:1 55:1 56:1 68:1 69:1 83:1 97:1 98:1 99:1 100:1 101:1 102:1 103:1 104:1 105:1 106:1 108:1 109:1 110:1 111:1 112:1 113:1 114:1 115:1 116:1 117:1 118:1 121:1 122:1 233:1 243:1 
5 9:1 10:1 13:1 32:1 34:1 44:1 45:1 46:1 69:1 71:1 80:1 83:1 97:1 98:1 99:1 100:1 101:1 103:1 104:1 105:1 108:1 109:1 110:1 111:1 112:1 113:1 114:1 115:1 116:1 117:1 118:1 120:1 121:1 237:1 243:1 
5 9:1 10:1 13:1 32:1 44:1 45:1 46:1 66:1 67:1 69:1 77:1 79:1 83:1 97:1 98:1 99:1 100:1 101:1 102:1 103:1 104:1 105:1 108:1 109:1 110:1 111:1 112:1 113:1 114:1 115:1 116:1 117:1 118:1 120:1 122:1 225:1 233:1 237:1 241:1 243:1 
5 9:1 10:1 13:1 32:1 34:1 44:1 45:1 46:1 69:1 76:1 79:1 80:1 83:1 97:1 98:1 99:1 100:1 101:1 103:1 104:1 105:1 106:1 108:1 109:1 110:1 111:1 112:1 113:1 114:1 115:1 116:1 117:1 118:1 121:1 233:1 237:1 243:1 
5 9:1 10:1 13:1 32:1 34:1 44:1 45:1 46:1 65:1 66:1 69:1 70:1 71:1 80:1 83:1 97:1 98:1 99:1 100:1 101:1 103:1 104:1 105:1 106:1 108:1 109:1 110:1 111:1 112:1 113:1 114:1 115:1 116:1 117:1 118:1 120:1 121:1 225:1 233:1 237:1 243:1 
5 9:1 10:1 13:1 32:1 44:1 45:1 46:1 69:1 70:1 78:1 83:1 97:1 98:1 99:1 100:1 101:1 102:1 103:1 104:1 105:1 106:1 108:1 109:1 110:1 111:1 112:1 114:1 115:1 116:1 117:1 118:1 120:1 121:1 122:1 225:1 233:1 237:1 243:1 
5 9:1 10:1 13:1 32:1 44:1 45:1 46:1 69:1 83:1 97:1 99:1 100:1 101:1 102:1 103:1 105:1 108:1 109:1 110:1 111:1 112:1 113:1 114:1 115:1 116:1 117:1 118:1 120:1 121:1 225:1 243:1 
5 9:1 10:1 13:1 32:1 40:1 41:1 44:1 45:1 46:1 48:1 50:1 57:1 69:1 70:1 73:1 80:1 82:1 83:1 97:1 98:1 99:1 100:1 101:1 102:1 103:1 104:1 105:1 106:1 108:1 109:1 110:1 111:1 112:1 113:1 114:1 115:1 116:1 117:1 118:1 120:1 121:1 122:1 225:1 237:1 241:1 243:1 250:1 
5 9:1 10:1 13:1 32:1 44:1 45:1 46:1 48:1 49:1 50:1 51:1 52:1 53:1 54:1 55:1 56:1 57:1 65:1 68:1 69:1 71:1 76:1 80:1 83:1 84:1 97:1 98:1 99:1 100:1 101:1 102:1 103:1 105:1 108:1 109:1 110:1 111:1 112:1 113:1 114:1 115:1 116:1 117:1 118:1 120:1 121:1 225:1 233:1 243:1 250:1 
5 9:1 10:1 13:1 32:1 44:1 45:1 46:1 49:1 53:1 55:1 57:1 65:1 69:1 77:1 83:1 86:1 97:1 98:1 99:1 100:1 101:1 102:1 103:1 104:1 105:1 106:1 108:1 109:1 110:1 111:1 112:1 113:1 114:1 115:1 116:1 117:1 121:1 237:1 241:1 243:1 250:1 
5 9:1 10:1 13:1 32:1 44:1 45:1 46:1 65:1 69:1 80:1 83:1 97:1 98:1 99:1 100:1 101:1 102:1 105:1 108:1 109:1 110:1 111:1 112:1 113:1 114:1 115:1 116:1 117:1 118:1 120:1 121:1 122:1 171:1 187:1 233:1 237:1 243:1 
5 9:1 10:1 13:1 32:1 44:1 45:1 46:1 69:1 83:1 97:1 98:1 99:1 100:1 101:1 102:1 103:1 104:1 105:1 108:1 109:1 110:1 111:1 112:1 113:1 114:1 115:1 116:1 117:1 119:1 120:1 121:1 237:1 241:1 243:1 250:1 
5 9:1 10:1 13:1 32:1 37:1 40:1 41:1 44:1 45:1 46:1 48:1 49:1 50:1 51:1 53:1 54:1 55:1 56:1 57:1 66:1 68:1 69:1 71:1 76:1 77:1 79:1 80:1 82:1 83:1 97:1 98:1 99:1 100:1 101:1 102:1 103:1 104:1 105:1 107:1 108:1 109:1 110:1 111:1 112:1 113:1 114:1 115:1 116:1 117:1 118:1 120:1 121:1 225:1 233:1 237:1 241:1 243:1 250:1 
5 9:1 10:1 13:1 32:1 34:1 44:1 45:1 46:1 69:1 71:1 83:1 97:1 98:1 99:1 100:1 101:1 102:1 103:1 104:1 105:1 106:1 108:1 109:1 110:1 111:1 112:1 113:1 114:1 115:1 116:1 117:1 118:1 121:1 122:1 243:1 
5 9:1 10:1 13:1 32:1 44:1 45:1 46:1 56:1 67:1 68:1 69:1 74:1 82:1 83:1 84:1 97:1 98:1 99:1 100:1 101:1 102:1 103:1 105:1 106:1 107:1 108:1 109:1 110:1 111:1 112:1 113:1 114:1 115:1 116:1 117:1 118:1 121:1 171:1 187:1 233:1 237:1 243:1 
5 9:1 10:1 13:1 32:1 44:1 45:1 46:1 68:1 69:1 82:1 83:1 97:1 98:1 99:1 100:1 101:1 102:1 103:1 104:1 105:1 106:1 108:1 109:1 110:1 111:1 112:1 113:1 114:1 115:1 116:1 117:1 118:1 120:1 121:1 225:1 233:1 237:1 241:1 243:1 250:1 
5 9:1 10:1 13:1 32:1 34:1 44:1 45:1 46:1 49:1 55:1 57:1 66:1 67:1 69:1 71:1 77:1 83:1 86:1 97:1 99:1 100:1 101:1 103:1 104:1 105:1 106:1 108:1 109:1 110:1 111:1 112:1 113:1 114:1 115:1 116:1 117:1 118:1 121:1 122:1 243:1 
5 9:1 10:1 13:1 32:1 44:1 45:1 46:1 48:1 50:1 51:1 59:1 65:1 67:1 68:1 69:1 71:1 74:1 77:1 80:1 83:1 84:1 86:1 97:1 98:1 99:1 100:1 101:1 102:1 103:1 105:1 108:1 109:1 110:1 111:1 112:1 113:1 114:1 115:1 116:1 117:1 118:1 120:1 121:1 122:1 193:1 225:1 233:1 237:1 241:1 243:1 
5 9:1 10:1 13:1 32:1 44:1 45:1 46:1 65:1 66:1 68:1 69:1 71:1 76:1 80:1 83:1 86:1 97:1 98:1 99:1 100:1 101:1 103:1 104:1 105:1 106:1 108:1 109:1 110:1 111:1 112:1 113:1 114:1 115:1 116:1 117:1 118:1 120:1 121:1 122:1 237:1 243:1 
5 9:1 10:1 13:1 32:1 44:1 45:1 46:1 69:1 71:1 76:1 79:1 82:1 83:1 97:1 98:1 99:1 100:1 101:1 102:1 103:1 104:1 105:1 106:1 108:1 109:1 110:1 111:1 112:1 113:1 114:1 115:1 116:1 117:1 118:1 121:1 122:1 225:1 233:1 237:1 243:1 250:1 
5 9:1 10:1 13:1 32:1 34:1 44:1 45:1 46:1 65:1 67:1 68:1 69:1 74:1 80:1 82:1 83:1 88:1 97:1 98:1 99:1 100:1 101:1 102:1 103:1 104:1 105:1 108:1 109:1 110:1 111:1 112:1 113:1 114:1 115:1 116:1 117:1 118:1 120:1 121:1 122:1 225:1 233:1 237:1 243:1 250:1 
5 9:1 10:1 13:1 32:1 44:1 45:1 46:1 69:1 77:1 83:1 97:1 98:1 99:1 100:1 101:1 102:1 103:1 104:1 105:1 106:1 108:1 109:1 110:1 111:1 112:1 113:1 114:1 115:1 116:1 117:1 118:1 120:1 121:1 122:1 171:1 187:1 237:1 
5 9:1 10:1 13:1 32:1 44:1 45:1 46:1 48:1 50:1 65:1 69:1 71:1 74:1 78:1 79:1 80:1 83:1 89:1 90:1 97:1 98:1 99:1 100:1 101:1 102:1 103:1 104:1 105:1 106:1 108:1 109:1 110:1 111:1 112:1 113:1 114:1 115:1 116:1 117:1 118:1 121:1 122:1 233:1 237:1 243:1 
5 9:1 10:1 13:1 32:1 40:1 41:1 44:1 45:1 46:1 67:1 69:1 71:1 74:1 77:1 82:1 83:1 84:1 86:1 97:1 98:1 99:1 100:1 101:1 102:1 103:1 104:1 105:1 106:1 108:1 109:1 110:1 111:1 112:1 113:1 114:1 115:1 116:1 117:1 118:1 120:1 121:1 122:1 225:1 243:1 
5 9:1 10:1 13:1 32:1 34:1 44:1 45:1 46:1 65:1 68:1 69:1 71:1 74:1 77:1 80:1 81:1 82:1 83:1 84:1 97:1 98:1 99:1 100:1 101:1 102:1 103:1 104:1 105:1 106:1 108:1 109:1 110:1 111:1 112:1 113:1 114:1 115:1 116:1 117:1 118:1 120:1 121:1 122:1 225:1 233:1 237:1 243:1 250:1 
5 9:1 10:1 13:1 32:1 44:1 45:1 46:1 49:1 50:1 69:1 70:1 72:1 73:1 74:1 77:1 79:1 82:1 83:1 85:1 97:1 98:1 99:1 100:1 101:1 102:1 103:1 104:1 105:1 106:1 107:1 108:1 109:1 110:1 111:1 112:1 113:1 114:1 115:1 116:1 117:1 118:1 120:1 121:1 122:1 225:1 237:1 241:1 243:1 250:1 
5 9:1 10:1 13:1 32:1 44:1 45:1 46:1 50:1 52:1 56:1 65:1 68:1 69:1 80:1 83:1 87:1 97:1 98:1 99:1 100:1 101:1 102:1 103:1 105:1 106:1 107:1 108:1 109:1 110:1 111:1 112:1 113:1 114:1 115:1 116:1 117:1 121:1 122:1 225:1 233:1 241:1 250:1 
5 9:1 10:1 13:1 32:1 44:1 45:1 46:1 65:1 69:1 74:1 78:1 82:1 83:1 97:1 98:1 99:1 100:1 101:1 102:1 103:1 104:1 105:1 106:1 108:1 109:1 110:1 111:1 112:1 113:1 114:1 115:1 116:1 117:1 118:1 121:1 237:1 241:1 243:1 250:1 
5 9:1 10:1 13:1 32:1 44:1 45:1 46:1 65:1 68:1 69:1 83:1 97:1 98:1 99:1 100:1 101:1 103:1 104:1 105:1 108:1 109:1 110:1 111:1 112:1 114:1 115:1 116:1 117:1 118:1 120:1 121:1 225:1 243:1 
5 9:1 10:1 13:1 32:1 44:1 45:1 46:1 69:1 77:1 80:1 83:1 97:1 98:1 99:1 100:1 101:1 102:1 103:1 104:1 105:1 108:1 109:1 110:1 111:1 112:1 113:1 114:1 115:1 116:1 117:1 118:1 120:1 121:1 122:1 225:1 233:1 237:1 243:1 
5 9:1 10:1 13:1 32:1 44:1 45:1 46:1 67:1 69:1 71:1 80:1 83:1 85:1 86:1 97:1 99:1 100:1 101:1 102:1 104:1 105:1 108:1 109:1 110:1 111:1 112:1 114:1 115:1 116:1 117:1 118:1 122:1 237:1 241:1 243:1 250:1 
5 9:1 10:1 13:1 32:1 44:1 45:1 46:1 48:1 49:1 50:1 69:1 83:1 97:1 98:1 99:1 100:1 101:1 102:1 103:1 105:1 108:1 109:1 110:1 111:1 112:1 114:1 115:1 116:1 117:1 118:1 120:1 121:1 225:1 241:1 243:1 250:1 
5 9:1 10:1 13:1 32:1 40:1 41:1 44:1 45:1 46:1 65:1 69:1 70:1 71:1 72:1 79:1 80:1 82:1 83:1 85:1 90:1 97:1 98:1 99:1 100:1 101:1 102:1 103:1 104:1 105:1 108:1 109:1 110:1 111:1 112:1 113:1 114:1 115:1 116:1 117:1 118:1 120:1 121:1 171:1 187:1 233:1 237:1 243:1 250:1 
5 9:1 10:1 13:1 32:1 44:1 45:1 46:1 65:1 69:1 77:1 83:1 97:1 98:1 99:1 100:1 101:1 103:1 105:1 108:1 109:1 110:1 111:1 112:1 113:1 114:1 115:1 116:1 117:1 118:1 121:1 225:1 233:1 
5 9:1 10:1 13:1 32:1 39:1 44:1 45:1 46:1 69:1 75:1 83:1 97:1 98:1 99:1 100:1 101:1 102:1 103:1 104:1 105:1 108:1 109:1 110:1 111:1 112:1 113:1 114:1 115:1 116:1 117:1 118:1 121:1 225:1 233:1 237:1 243:1 250:1 
5 9:1 10:1 13:1 32:1 44:1 45:1 46:1 49:1 55:1 57:1 65:1 67:1 69:1 76:1 77:1 80:1 81:1 83:1 85:1 97:1 98:1 99:1 100:1 101:1 102:1 103:1 104:1 105:1 106:1 108:1 109:1 110:1 111:1 112:1 113:1 114:1 115:1 116:1 117:1 118:1 121:1 122:1 205:1 225:1 241:1 243:1 250:1 
5 9:1 10:1 13:1 32:1 44:1 45:1 46:1 52:1 65:1 68:1 69:1 83:1 97:1 98:1 99:1 100:1 101:1 102:1 103:1 104:1 105:1 106:1 108:1 109:1 110:1 111:1 112:1 113:1 114:1 115:1 116:1 117:1 118:1 120:1 121:1 225:1 243:1 
5 9:1 10:1 13:1 32:1 40:1 41:1 44:1 45:1 46:1 65:1 67:1 69:1 71:1 80:1 83:1 89:1 97:1 98:1 99:1 100:1 101:1 103:1 104:1 105:1 108:1 109:1 110:1 111:1 112:1 114:1 115:1 116:1 117:1 121:1 122:1 237:1 241:1 243:1 
5 9:1 10:1 13:1 32:1 34:1 44:1 45:1 46:1 69:1 76:1 80:1 83:1 97:1 98:1 99:1 100:1 101:1 102:1 103:1 105:1 106:1 108:1 109:1 110:1 111:1 112:1 113:1 114:1 115:1 116:1 117:1 237:1 250:1 
5 9:1 10:1 13:1 32:1 44:1 45:1 46:1 69:1 70:1 78:1 80:1 83:1 97:1 98:1 99:1 100:1 101:1 102:1 103:1 105:1 106:1 108:1 109:1 110:1 111:1 112:1 113:1 114:1 115:1 116:1 117:1 118:1 121:1 122:1 225:1 233:1 237:1 243:1 250:1 
5 9:1 10:1 13:1 32:1 40:1 41:1 44:1 45:1 46:1 48:1 49:1 50:1 51:1 52:1 55:1 65:1 67:1 69:1 77:1 82:1 83:1 97:1 98:1 99:1 100:1 101:1 103:1 105:1 108:1 109:1 110:1 111:1 112:1 113:1 114:1 115:1 116:1 117:1 118:1 121:1 122:1 225:1 237:1 
5 9:1 10:1 13:1 32:1 44:1 45:1 46:1 69:1 70:1 76:1 83:1 90:1 97:1 98:1 99:1 100:1 101:1 102:1 103:1 104:1 105:1 108:1 109:1 110:1 111:1 112:1 113:1 114:1 115:1 116:1 117:1 118:1 120:1 121:1 122:1 225:1 233:1 237:1 241:1 243:1 
5 9:1 10:1 13:1 32:1 44:1 45:1 46:1 48:1 53:1 67:1 68:1 69:1 71:1 83:1 97:1 98:1 99:1 100:1 101:1 102:1 103:1 104:1 105:1 106:1 108:1 109:1 110:1 111:1 112:1 113:1 114:1 115:1 116:1 117:1 118:1 119:1 121:1 122:1 171:1 187:1 225:1 233:1 243:1 
5 9:1 10:1 13:1 32:1 44:1 45:1 46:1 65:1 67:1 69:1 76:1 80:1 83:1 97:1 99:1 100:1 101:1 104:1 105:1 106:1 108:1 109:1 110:1 111:1 112:1 113:1 114:1 115:1 116:1 117:1 118:1 121:1 122:1 171:1 187:1 225:1 237:1 241:1 243:1 250:1 
5 9:1 10:1 13:1 32:1 44:1 45:1 46:1 49:1 50:1 53:1 54:1 57:1 67:1 69:1 82:1 83:1 97:1 98:1 99:1 100:1 101:1 102:1 103:1 104:1 105:1 106:1 108:1 109:1 110:1 111:1 112:1 113:1 114:1 115:1 116:1 117:1 118:1 121:1 237:1 241:1 243:1 
5 9:1 10:1 13:1 32:1 45:1 46:1 65:1 69:1 78:1 83:1 84:1 97:1 98:1 99:1 100:1 101:1 102:1 105:1 106:1 108:1 109:1 110:1 111:1 112:1 113:1 114:1 115:1 116:1 117:1 118:1 122:1 225:1 241:1 243:1 
5 9:1 10:1 13:1 32:1 44:1 45:1 46:1 67:1 69:1 73:1 76:1 77:1 78:1 80:1 82:1 83:1 97:1 98:1 99:1 100:1 101:1 103:1 104:1 105:1 108:1 109:1 110:1 111:1 112:1 113:1 114:1 115:1 116:1 117:1 118:1 121:1 237:1 243:1 
5 9:1 10:1 13:1 32:1 44:1 45:1 46:1 65:1 69:1 74:1 76:1 83:1 84:1 86:1 97:1 98:1 99:1 100:1 101:1 102:1 103:1 104:1 105:1 108:1 109:1 110:1 111:1 112:1 113:1 114:1 115:1 116:1 117:1 118:1 121:1 171:1 187:1 225:1 233:1 237:1 243:1 250:1 
5 9:1 10:1 13:1 32:1 44:1 45:1 46:1 67:1 69:1 83:1 97:1 98:1 99:1 100:1 101:1 103:1 104:1 105:1 108:1 109:1 110:1 111:1 112:1 113:1 114:1 115:1 116:1 117:1 121:1 171:1 187:1 237:1 243:1 250:1 
5 9:1 10:1 13:1 32:1 44:1 45:1 46:1 69:1 83:1 84:1 97:1 98:1 99:1 100:1 101:1 102:1 103:1 104:1 105:1 106:1 108:1 109:1 110:1 111:1 112:1 113:1 114:1 115:1 116:1 117:1 118:1 121:1 225:1 233:1 
5 9:1 10:1 13:1 32:1 40:1 41:1 44:1 45:1 46:1 59:1 65:1 66:1 67:1 69:1 76:1 78:1 82:1 83:1 84:1 90:1 97:1 98:1 99:1 100:1 101:1 102:1 103:1 104:1 105:1 108:1 109:1 110:1 111:1 112:1 113:1 114:1 115:1 116:1 117:1 118:1 121:1 122:1 211:1 233:1 237:1 243:1 
5 9:1 10:1 13:1 32:1 44:1 45:1 46:1 69:1 83:1 97:1 98:1 99:1 100:1 101:1 104:1 105:1 108:1 109:1 110:1 111:1 112:1 113:1 114:1 115:1 116:1 117:1 118:1 122:1 171:1 187:1 237:1 243:1 250:1 
5 9:1 10:1 13:1 32:1 44:1 45:1 46:1 59:1 65:1 66:1 67:1 69:1 70:1 71:1 73:1 76:1 77:1 82:1 83:1 84:1 86:1 97:1 98:1 99:1 100:1 101:1 102:1 103:1 104:1 105:1 108:1 110:1 111:1 112:1 113:1 114:1 115:1 116:1 117:1 118:1 120:1 121:1 122:1 171:1 187:1 233:1 237:1 241:1 243:1 
5 9:1 10:1 13:1 32:1 44:1 45:1 46:1 65:1 67:1 69:1 83:1 97:1 98:1 99:1 100:1 101:1 102:1 103:1 104:1 105:1 108:1 109:1 110:1 111:1 112:1 113:1 114:1 115:1 116:1 117:1 120:1 122:1 
5 9:1 10:1 13:1 32:1 34:1 44:1 45:1 46:1 65:1 69:1 83:1 97:1 98:1 99:1 100:1 101:1 102:1 103:1 105:1 108:1 109:1 110:1 111:1 112:1 113:1 114:1 115:1 116:1 117:1 225:1 233:1 243:1 
5 9:1 10:1 13:1 32:1 34:1 44:1 45:1 46:1 67:1 69:1 72:1 76:1 82:1 83:1 97:1 99:1 100:1 101:1 102:1 103:1 105:1 106:1 108:1 109:1 110:1 111:1 112:1 113:1 114:1 115:1 116:1 117:1 121:1 225:1 233:1 243:1 
5 9:1 10:1 13:1 32:1 44:1 45:1 46:1 65:1 69:1 71:1 77:1 83:1 97:1 98:1 99:1 100:1 101:1 102:1 103:1 105:1 108:1 109:1 110:1 111:1 112:1 113:1 114:1 115:1 116:1 117:1 118:1 121:1 122:1 171:1 187:1 225:1 233:1 237:1 241:1 243:1 250:1 
5 9:1 10:1 13:1 32:1 44:1 45:1 46:1 67:1 69:1 78:1 80:1 83:1 88:1 97:1 98:1 99:1 100:1 101:1 103:1 105:1 106:1 108:1 109:1 110:1 111:1 112:1 114:1 115:1 116:1 117:1 118:1 121:1 122:1 225:1 233:1 237:1 241:1 
5 9:1 10:1 13:1 32:1 44:1 45:1 46:1 65:1 69:1 80:1 83:1 97:1 98:1 99:1 100:1 101:1 102:1 103:1 104:1 105:1 106:1 108:1 109:1 110:1 111:1 112:1 113:1 114:1 115:1 116:1 117:1 118:1 120:1 121:1 122:1 171:1 187:1 225:1 233:1 237:1 243:1 
5 9:1 10:1 13:1 32:1 44:1 45:1 46:1 66:1 67:1 69:1 77:1 83:1 97:1 98:1 99:1 100:1 101:1 103:1 104:1 105:1 106:1 107:1 108:1 109:1 110:1 111:1 112:1 113:1 114:1 115:1 116:1 117:1 118:1 120:1 121:1 122:1 225:1 233:1 237:1 243:1 250:1 
5 9:1 10:1 13:1 32:1 34:1 44:1 45:1 46:1 69:1 71:1 83:1 97:1 98:1 99:1 100:1 101:1 102:1 104:1 105:1 106:1 108:1 109:1 110:1 111:1 112:1 113:1 114:1 115:1 116:1 117:1 118:1 121:1 233:1 237:1 241:1 
5 9:1 10:1 13:1 32:1 39:1 44:1 45:1 46:1 51:1 65:1 69:1 73:1 74:1 80:1 83:1 97:1 98:1 99:1 100:1 101:1 103:1 104:1 105:1 106:1 108:1 109:1 110:1 111:1 112:1 114:1 115:1 116:1 117:1 118:1 121:1 122:1 225:1 243:1 250:1 
5 9:1 10:1 13:1 32:1 34:1 44:1 45:1 46:1 48:1 52:1 54:1 65:1 66:1 67:1 69:1 70:1 73:1 76:1 77:1 78:1 80:1 83:1 97:1 98:1 99:1 100:1 101:1 102:1 103:1 104:1 105:1 106:1 108:1 109:1 110:1 111:1 112:1 113:1 114:1 115:1 116:1 117:1 118:1 121:1 122:1 186:1 193:1 225:1 241:1 
5 9:1 10:1 13:1 32:1 44:1 45:1 46:1 65:1 68:1 69:1 72:1 77:1 80:1 83:1 97:1 98:1 99:1 100:1 101:1 103:1 104:1 105:1 108:1 109:1 110:1 111:1 112:1 113:1 114:1 115:1 116:1 117:1 118:1 121:1 122:1 171:1 187:1 233:1 237:1 241:1 
5 9:1 10:1 13:1 32:1 44:1 45:1 46:1 48:1 53:1 67:1 68:1 69:1 83:1 97:1 98:1 99:1 100:1 101:1 102:1 103:1 104:1 105:1 108:1 109:1 110:1 111:1 112:1 113:1 114:1 115:1 116:1 117:1 118:1 121:1 122:1 225:1 233:1 237:1 241:1 243:1 
5 9:1 10:1 13:1 32:1 34:1 44:1 45:1 46:1 69:1 74:1 82:1 83:1 97:1 98:1 99:1 100:1 101:1 102:1 103:1 104:1 105:1 108:1 109:1 110:1 111:1 112:1 114:1 115:1 116:1 117:1 118:1 121:1 225:1 233:1 237:1 241:1 243:1 
5 9:1 10:1 13:1 32:1 34:1 44:1 45:1 46:1 69:1 76:1 83:1 97:1 98:1 99:1 100:1 101:1 102:1 103:1 104:1 105:1 106:1 108:1 109:1 110:1 111:1 112:1 113:1 114:1 115:1 116:1 117:1 121:1 225:1 243:1 
5 9:1 10:1 13:1 32:1 34:1 44:1 45:1 46:1 67:1 69:1 71:1 74:1 82:1 83:1 97:1 98:1 99:1 100:1 101:1 102:1 103:1 105:1 106:1 108:1 109:1 110:1 111:1 112:1 113:1 114:1 115:1 116:1 117:1 118:1 121:1 122:1 225:1 233:1 243:1 
5 9:1 10:1 13:1 32:1 40:1 41:1 44:1 45:1 46:1 67:1 69:1 83:1 97:1 98:1 99:1 100:1 101:1 102:1 103:1 104:1 105:1 106:1 108:1 109:1 110:1 111:1 112:1 113:1 114:1 115:1 116:1 117:1 118:1 121:1 122:1 225:1 237:1 243:1 250:1 
5 9:1 10:1 13:1 32:1 40:1 41:1 44:1 45:1 46:1 65:1 67:1 69:1 76:1 77:1 83:1 86:1 90:1 97:1 98:1 99:1 100:1 101:1 103:1 104:1 105:1 106:1 108:1 109:1 110:1 111:1 112:1 113:1 114:1 115:1 116:1 117:1 118:1 120:1 121:1 122:1 225:1 233:1 237:1 241:1 243:1 250:1 
5 9:1 10:1 13:1 32:1 44:1 45:1 46:1 69:1 80:1 83:1 97:1 99:1 100:1 101:1 103:1 104:1 105:1 106:1 108:1 109:1 110:1 111:1 112:1 113:1 114:1 115:1 116:1 117:1 118:1 121:1 233:1 237:1 241:1 
5 9:1 10:1 13:1 32:1 39:1 44:1 45:1 46:1 65:1 66:1 67:1 69:1 74:1 76:1 79:1 80:1 83:1 84:1 86:1 97:1 98:1 99:1 100:1 101:1 103:1 104:1 105:1 106:1 108:1 109:1 110:1 111:1 112:1 113:1 114:1 115:1 116:1 117:1 118:1 120:1 121:1 171:1 187:1 225:1 237:1 241:1 243:1 250:1 
5 9:1 10:1 13:1 32:1 40:1 41:1 44:1 45:1 46:1 69:1 76:1 78:1 83:1 97:1 98:1 99:1 100:1 101:1 102:1 103:1 104:1 105:1 106:1 108:1 109:1 110:1 111:1 112:1 113:1 114:1 115:1 116:1 117:1 118:1 121:1 122:1 225:1 233:1 237:1 243:1 250:1 
5 9:1 10:1 13:1 32:1 34:1 40:1 41:1 44:1 45:1 46:1 65:1 66:1 68:1 69:1 72:1 74:1 75:1 76:1 83:1 84:1 97:1 98:1 99:1 100:1 101:1 102:1 103:1 104:1 105:1 106:1 107:1 108:1 109:1 110:1 111:1 112:1 113:1 114:1 115:1 116:1 117:1 118:1 120:1 121:1 225:1 243:1 
5 9:1 10:1 13:1 32:1 44:1 45:1 46:1 57:1 65:1 68:1 69:1 73:1 76:1 83:1 84:1 97:1 98:1 99:1 100:1 101:1 102:1 103:1 104:1 105:1 108:1 109:1 110:1 111:1 112:1 113:1 114:1 115:1 116:1 117:1 118:1 120:1 121:1 122:1 233:1 237:1 241:1 243:1 250:1 
5 9:1 10:1 13:1 32:1 44:1 45:1 46:1 65:1 67:1 69:1 77:1 80:1 83:1 97:1 98:1 99:1 100:1 101:1 102:1 104:1 105:1 108:1 109:1 110:1 111:1 112:1 114:1 115:1 116:1 117:1 118:1 121:1 122:1 243:1 
5 9:1 10:1 13:1 32:1 44:1 45:1 46:1 48:1 53:1 67:1 69:1 71:1 73:1 77:1 80:1 82:1 83:1 97:1 98:1 99:1 100:1 101:1 102:1 103:1 104:1 105:1 106:1 108:1 109:1 110:1 111:1 112:1 114:1 115:1 116:1 117:1 118:1 121:1 122:1 225:1 237:1 243:1 
5 9:1 10:1 13:1 32:1 44:1 45:1 46:1 48:1 49:1 50:1 51:1 52:1 53:1 54:1 55:1 57:1 69:1 83:1 97:1 98:1 99:1 100:1 101:1 102:1 104:1 105:1 108:1 109:1 110:1 111:1 112:1 113:1 114:1 115:1 116:1 117:1 118:1 122:1 225:1 237:1 241:1 243:1 250:1 
5 9:1 10:1 13:1 32:1 44:1 45:1 46:1 65:1 67:1 69:1 83:1 97:1 98:1 99:1 100:1 101:1 102:1 103:1 104:1 105:1 106:1 108:1 109:1 110:1 111:1 112:1 113:1 114:1 115:1 116:1 117:1 118:1 120:1 122:1 171:1 187:1 237:1 243:1 
5 9:1 10:1 13:1 32:1 44:1 45:1 46:1 65:1 69:1 83:1 97:1 98:1 99:1 100:1 101:1 102:1 103:1 105:1 108:1 109:1 110:1 111:1 112:1 113:1 114:1 115:1 116:1 117:1 118:1 121:1 122:1 233:1 243:1 250:1 
5 9:1 10:1 13:1 32:1 44:1 45:1 46:1 67:1 69:1 71:1 74:1 83:1 97:1 98:1 99:1 100:1 101:1 102:1 104:1 105:1 108:1 109:1 110:1 111:1 112:1 113:1 114:1 115:1 116:1 117:1 118:1 121:1 122:1 243:1 
5 9:1 10:1 13:1 32:1 44:1 45:1 46:1 48:1 49:1 50:1 51:1 52:1 53:1 55:1 56:1 57:1 69:1 83:1 85:1 97:1 98:1 99:1 100:1 101:1 102:1 105:1 108:1 109:1 110:1 111:1 112:1 113:1 114:1 115:1 116:1 117:1 121:1 122:1 233:1 243:1 
5 9:1 10:1 13:1 32:1 44:1 45:1 46:1 65:1 66:1 67:1 69:1 71:1 76:1 80:1 83:1 97:1 98:1 99:1 100:1 101:1 102:1 103:1 104:1 105:1 106:1 108:1 109:1 110:1 111:1 112:1 113:1 114:1 115:1 116:1 117:1 118:1 122:1 225:1 237:1 243:1 
5 9:1 10:1 13:1 32:1 34:1 45:1 46:1 65:1 69:1 73:1 76:1 77:1 78:1 79:1 82:1 83:1 85:1 88:1 97:1 99:1 100:1 101:1 102:1 104:1 105:1 106:1 108:1 109:1 110:1 111:1 112:1 113:1 114:1 115:1 116:1 117:1 118:1 120:1 121:1 122:1 233:1 243:1 
5 9:1 10:1 13:1 32:1 37:1 40:1 41:1 44:1 45:1 46:1 48:1 49:1 50:1 51:1 52:1 53:1 54:1 56:1 69:1 71:1 73:1 77:1 83:1 85:1 97:1 98:1 99:1 100:1 101:1 102:1 103:1 104:1 105:1 106:1 108:1 109:1 110:1 111:1 112:1 113:1 114:1 115:1 116:1 117:1 121:1 225:1 233:1 237:1 243:1 
5 9:1 10:1 13:1 32:1 44:1 45:1 46:1 67:1 69:1 76:1 80:1 82:1 83:1 97:1 98:1 99:1 100:1 101:1 102:1 103:1 105:1 106:1 108:1 109:1 110:1 111:1 112:1 113:1 114:1 115:1 116:1 117:1 118:1 120:1 122:1 171:1 187:1 233:1 237:1 241:1 243:1 
5 9:1 10:1 13:1 32:1 44:1 45:1 46:1 48:1 49:1 53:1 54:1 67:1 69:1 73:1 76:1 77:1 80:1 83:1 84:1 85:1 89:1 97:1 98:1 99:1 100:1 101:1 102:1 103:1 104:1 105:1 108:1 109:1 110:1 111:1 112:1 114:1 115:1 116:1 117:1 121:1 225:1 237:1 241:1 243:1 
5 9:1 10:1 13:1 32:1 44:1 45:1 46:1 66:1 68:1 69:1 71:1 72:1 74:1 76:1 77:1 78:1 83:1 84:1 85:1 86:1 97:1 98:1 99:1 100:1 101:1 102:1 103:1 104:1 105:1 106:1 108:1 109:1 110:1 111:1 112:1 113:1 114:1 115:1 116:1 117:1 118:1 121:1 225:1 231:1 237:1 241:1 243:1 
5 9:1 10:1 13:1 32:1 44:1 45:1 46:1 48:1 49:1 65:1 69:1 70:1 76:1 77:1 83:1 97:1 98:1 99:1 100:1 101:1 102:1 103:1 104:1 105:1 106:1 108:1 109:1 110:1 111:1 112:1 113:1 114:1 115:1 116:1 117:1 118:1 122:1 225:1 241:1 243:1 
5 9:1 10:1 13:1 32:1 44:1 45:1 46:1 48:1 54:1 57:1 65:1 69:1 73:1 80:1 83:1 97:1 98:1 99:1 100:1 101:1 102:1 105:1 108:1 109:1 110:1 111:1 112:1 114:1 115:1 116:1 117:1 118:1 119:1 121:1 225:1 
5 9:1 10:1 13:1 32:1 44:1 45:1 46:1 65:1 66:1 69:1 77:1 83:1 85:1 89:1 97:1 98:1 99:1 100:1 101:1 102:1 103:1 104:1 105:1 108:1 109:1 110:1 111:1 112:1 113:1 114:1 115:1 116:1 117:1 118:1 121:1 122:1 237:1 243:1 
5 9:1 10:1 13:1 32:1 44:1 45:1 46:1 69:1 77:1 83:1 97:1 98:1 99:1 100:1 101:1 102:1 103:1 105:1 106:1 108:1 109:1 110:1 111:1 112:1 113:1 114:1 115:1 116:1 117:1 118:1 121:1 225:1 243:1 
5 9:1 10:1 13:1 32:1 44:1 45:1 46:1 66:1 69:1 76:1 83:1 97:1 98:1 99:1 100:1 101:1 102:1 103:1 104:1 105:1 106:1 108:1 109:1 110:1 111:1 112:1 113:1 114:1 115:1 116:1 117:1 118:1 121:1 225:1 233:1 237:1 241:1 243:1 
5 9:1 10:1 13:1 32:1 37:1 44:1 45:1 46:1 48:1 49:1 50:1 52:1 53:1 69:1 79:1 83:1 97:1 98:1 99:1 100:1 101:1 102:1 103:1 104:1 105:1 106:1 108:1 109:1 110:1 111:1 112:1 113:1 114:1 115:1 116:1 117:1 118:1 121:1 122:1 171:1 187:1 225:1 237:1 243:1 
5 9:1 10:1 13:1 32:1 34:1 44:1 45:1 46:1 69:1 80:1 83:1 97:1 98:1 99:1 100:1 101:1 102:1 103:1 105:1 108:1 109:1 110:1 111:1 112:1 113:1 114:1 115:1 116:1 117:1 118:1 121:1 122:1 225:1 237:1 243:1 250:1 
5 9:1 10:1 13:1 32:1 34:1 44:1 45:1 46:1 66:1 69:1 71:1 83:1 97:1 98:1 99:1 100:1 101:1 102:1 103:1 105:1 108:1 109:1 110:1 111:1 112:1 113:1 114:1 115:1 116:1 117:1 121:1 122:1 225:1 233:1 237:1 243:1 250:1 
5 9:1 10:1 13:1 32:1 34:1 39:1 44:1 45:1 46:1 65:1 66:1 69:1 70:1 76:1 78:1 82:1 83:1 84:1 97:1 98:1 99:1 100:1 101:1 102:1 104:1 105:1 106:1 108:1 109:1 110:1 111:1 112:1 113:1 114:1 115:1 116:1 117:1 118:1 120:1 122:1 225:1 237:1 243:1 250:1 
5 9:1 10:1 13:1 32:1 44:1 45:1 46:1 65:1 69:1 83:1 97:1 98:1 99:1 100:1 101:1 102:1 104:1 105:1 108:1 109:1 110:1 111:1 112:1 113:1 114:1 115:1 116:1 117:1 118:1 121:1 122:1 225:1 237:1 241:1 243:1 250:1 
5 9:1 10:1 13:1 32:1 44:1 45:1 46:1 69:1 76:1 83:1 97:1 98:1 99:1 100:1 101:1 102:1 105:1 106:1 108:1 109:1 110:1 111:1 112:1 113:1 114:1 115:1 116:1 117:1 121:1 225:1 237:1 243:1 
5 9:1 10:1 13:1 32:1 45:1 46:1 69:1 79:1 80:1 83:1 97:1 98:1 99:1 100:1 101:1 102:1 103:1 105:1 108:1 109:1 110:1 111:1 112:1 113:1 114:1 115:1 116:1 117:1 118:1 225:1 233:1 237:1 
5 9:1 10:1 13:1 32:1 39:1 44:1 45:1 66:1 67:1 68:1 69:1 70:1 74:1 82:1 83:1 84:1 86:1 97:1 98:1 99:1 100:1 101:1 102:1 103:1 104:1 105:1 106:1 108:1 109:1 110:1 111:1 112:1 114:1 115:1 116:1 117:1 120:1 121:1 225:1 233:1 237:1 243:1 250:1 
5 9:1 10:1 13:1 32:1 45:1 46:1 49:1 51:1 65:1 67:1 69:1 73:1 83:1 85:1 86:1 97:1 98:1 99:1 100:1 101:1 102:1 103:1 104:1 105:1 106:1 108:1 109:1 110:1 111:1 112:1 113:1 114:1 115:1 116:1 117:1 118:1 121:1 122:1 237:1 241:1 243:1 250:1 
5 9:1 10:1 13:1 32:1 44:1 45:1 46:1 65:1 67:1 69:1 75:1 77:1 80:1 83:1 97:1 98:1 99:1 100:1 101:1 102:1 103:1 104:1 105:1 106:1 107:1 108:1 109:1 110:1 111:1 112:1 113:1 114:1 115:1 116:1 117:1 118:1 121:1 225:1 233:1 237:1 241:1 243:1 
5 9:1 10:1 13:1 32:1 44:1 45:1 46:1 67:1 69:1 71:1 72:1 80:1 83:1 84:1 97:1 98:1 99:1 100:1 101:1 102:1 103:1 104:1 105:1 108:1 109:1 110:1 111:1 112:1 113:1 114:1 115:1 116:1 117:1 118:1 121:1 122:1 171:1 187:1 233:1 241:1 243:1 
5 9:1 10:1 13:1 32:1 44:1 45:1 46:1 65:1 69:1 76:1 78:1 83:1 97:1 98:1 99:1 100:1 101:1 102:1 103:1 104:1 105:1 106:1 108:1 109:1 110:1 111:1 112:1 114:1 115:1 116:1 117:1 118:1 121:1 122:1 171:1 187:1 225:1 233:1 237:1 241:1 243:1 
5 9:1 10:1 13:1 32:1 44:1 45:1 46:1 65:1 67:1 68:1 69:1 74:1 76:1 77:1 80:1 83:1 85:1 97:1 98:1 99:1 100:1 101:1 102:1 103:1 104:1 105:1 106:1 108:1 109:1 110:1 111:1 112:1 113:1 114:1 115:1 116:1 117:1 118:1 120:1 121:1 122:1 171:1 187:1 237:1 241:1 243:1 
5 9:1 10:1 13:1 32:1 44:1 45:1 46:1 69:1 83:1 97:1 99:1 100:1 101:1 103:1 105:1 108:1 109:1 110:1 111:1 112:1 113:1 114:1 115:1 116:1 117:1 118:1 121:1 243:1 
5 9:1 10:1 13:1 32:1 34:1 44:1 45:1 46:1 48:1 50:1 54:1 67:1 69:1 80:1 82:1 83:1 84:1 86:1 97:1 98:1 99:1 100:1 101:1 102:1 103:1 104:1 105:1 108:1 109:1 110:1 111:1 112:1 113:1 114:1 115:1 116:1 117:1 118:1 122:1 225:1 233:1 237:1 241:1 243:1 250:1 
5 9:1 10:1 13:1 32:1 44:1 45:1 46:1 48:1 50:1 52:1 55:1 56:1 69:1 83:1 85:1 97:1 98:1 99:1 100:1 101:1 104:1 105:1 106:1 108:1 109:1 110:1 111:1 112:1 113:1 114:1 115:1 116:1 117:1 118:1 121:1 122:1 237:1 241:1 243:1 
5 9:1 10:1 13:1 32:1 44:1 45:1 46:1 65:1 69:1 83:1 97:1 98:1 99:1 100:1 101:1 102:1 103:1 104:1 105:1 108:1 109:1 110:1 111:1 112:1 113:1 114:1 115:1 116:1 117:1 118:1 121:1 225:1 237:1 241:1 243:1 
5 9:1 10:1 13:1 32:1 44:1 45:1 46:1 65:1 68:1 69:1 80:1 83:1 97:1 98:1 99:1 100:1 101:1 102:1 103:1 104:1 105:1 106:1 108:1 109:1 110:1 111:1 112:1 113:1 114:1 115:1 116:1 117:1 118:1 120:1 121:1 122:1 171:1 187:1 225:1 243:1 250:1 
5 9:1 10:1 13:1 32:1 37:1 44:1 45:1 46:1 48:1 49:1 50:1 51:1 52:1 53:1 54:1 55:1 57:1 69:1 73:1 83:1 84:1 97:1 98:1 99:1 100:1 101:1 102:1 103:1 105:1 106:1 108:1 109:1 110:1 111:1 112:1 114:1 115:1 116:1 117:1 118:1 121:1 233:1 237:1 243:1 250:1 
5 9:1 10:1 13:1 32:1 44:1 45:1 46:1 48:1 51:1 53:1 56:1 65:1 66:1 69:1 71:1 74:1 76:1 78:1 80:1 83:1 97:1 98:1 99:1 100:1 101:1 102:1 103:1 104:1 105:1 106:1 108:1 109:1 110:1 111:1 112:1 113:1 114:1 115:1 116:1 117:1 118:1 121:1 122:1 171:1 187:1 225:1 233:1 237:1 241:1 243:1 250:1 
5 9:1 10:1 13:1 32:1 44:1 45:1 46:1 48:1 49:1 50:1 69:1 71:1 82:1 83:1 85:1 97:1 98:1 99:1 100:1 101:1 102:1 103:1 104:1 105:1 108:1 109:1 110:1 111:1 112:1 113:1 114:1 115:1 116:1 117:1 118:1 225:1 233:1 241:1 243:1 250:1 
5 9:1 10:1 13:1 32:1 39:1 44:1 45:1 46:1 65:1 69:1 70:1 71:1 72:1 74:1 76:1 77:1 80:1 82:1 83:1 84:1 97:1 98:1 99:1 100:1 101:1 102:1 103:1 104:1 105:1 108:1 109:1 110:1 111:1 112:1 113:1 114:1 115:1 116:1 117:1 118:1 121:1 122:1 225:1 233:1 237:1 241:1 243:1 
5 9:1 10:1 13:1 32:1 34:1 39:1 44:1 45:1 46:1 69:1 72:1 83:1 85:1 86:1 97:1 98:1 99:1 100:1 101:1 103:1 104:1 105:1 106:1 108:1 109:1 110:1 111:1 112:1 113:1 114:1 115:1 116:1 117:1 118:1 121:1 225:1 233:1 237:1 243:1 
5 9:1 10:1 13:1 32:1 40:1 41:1 44:1 45:1 46:1 48:1 50:1 51:1 52:1 54:1 55:1 56:1 65:1 66:1 69:1 71:1 80:1 83:1 97:1 98:1 99:1 100:1 101:1 102:1 103:1 105:1 106:1 108:1 109:1 110:1 111:1 112:1 113:1 114:1 115:1 116:1 117:1 118:1 121:1 122:1 225:1 233:1 237:1 243:1 250:1 
5 9:1 10:1 13:1 32:1 44:1 45:1 46:1 69:1 72:1 83:1 97:1 98:1 99:1 100:1 101:1 103:1 105:1 108:1 109:1 110:1 111:1 112:1 113:1 114:1 115:1 116:1 117:1 118:1 121:1 122:1 171:1 187:1 233:1 237:1 243:1 
5 9:1 10:1 13:1 32:1 44:1 45:1 46:1 48:1 50:1 54:1 56:1 66:1 68:1 69:1 80:1 83:1 86:1 87:1 88:1 97:1 98:1 99:1 100:1 101:1 102:1 103:1 105:1 106:1 108:1 109:1 110:1 111:1 112:1 113:1 114:1 115:1 116:1 117:1 118:1 119:1 121:1 225:1 243:1 
6 9:1 10:1 13:1 32:1 46:1 77:1 83:1 97:1 100:1 101:1 102:1 103:1 104:1 105:1 106:1 107:1 108:1 109:1 110:1 111:1 112:1 114:1 115:1 116:1 117:1 118:1 122:1 263:1 268:1 269:1 273:1 353:1 382:1 
6 9:1 10:1 13:1 32:1 44:1 46:1 72:1 97:1 98:1 100:1 101:1 103:1 104:1 105:1 106:1 107:1 108:1 109:1 110:1 111:1 112:1 114:1 115:1 116:1 117:1 118:1 122:1 269:1 353:1 
6 9:1 10:1 13:1 32:1 44:1 46:1 71:1 72:1 97:1 98:1 100:1 101:1 103:1 104:1 105:1 106:1 107:1 108:1 109:1 110:1 111:1 112:1 114:1 115:1 116:1 117:1 118:1 122:1 263:1 269:1 273:1 353:1 382:1 
6 9:1 10:1 13:1 32:1 40:1 41:1 46:1 67:1 69:1 97:1 98:1 99:1 100:1 101:1 102:1 104:1 105:1 106:1 107:1 108:1 109:1 110:1 111:1 112:1 114:1 115:1 116:1 117:1 118:1 122:1 263:1 353:1 
6 9:1 10:1 13:1 32:1 44:1 46:1 97:1 98:1 100:1 101:1 103:1 104:1 105:1 106:1 107:1 108:1 109:1 110:1 111:1 112:1 114:1 115:1 116:1 117:1 118:1 122:1 263:1 269:1 273:1 353:1 382:1 
6 9:1 10:1 13:1 32:1 44:1 46:1 66:1 67:1 69:1 77:1 83:1 85:1 97:1 98:1 100:1 101:1 102:1 103:1 104:1 105:1 106:1 107:1 108:1 109:1 110:1 111:1 112:1 114:1 115:1 116:1 117:1 118:1 122:1 263:1 269:1 353:1 382:1 
6 9:1 10:1 13:1 32:1 44:1 46:1 84:1 97:1 99:1 100:1 101:1 103:1 104:1 105:1 106:1 107:1 108:1 109:1 110:1 111:1 112:1 114:1 115:1 116:1 117:1 118:1 122:1 263:1 268:1 269:1 353:1 8230:1 
6 9:1 10:1 13:1 32:1 44:1 46:1 71:1 77:1 80:1 83:1 97:1 98:1 99:1 100:1 101:1 103:1 104:1 105:1 106:1 107:1 108:1 109:1 110:1 111:1 112:1 114:1 115:1 116:1 117:1 118:1 122:1 263:1 269:1 273:1 353:1 382:1 
6 9:1 10:1 13:1 32:1 46:1 73:1 83:1 86:1 90:1 97:1 99:1 100:1 101:1 103:1 104:1 105:1 106:1 107:1 108:1 109:1 110:1 111:1 112:1 114:1 115:1 116:1 117:1 118:1 263:1 269:1 353:1 382:1 
6 9:1 10:1 13:1 32:1 40:1 41:1 44:1 46:1 49:1 50:1 53:1 54:1 68:1 71:1 78:1 79:1 97:1 98:1 99:1 100:1 101:1 102:1 103:1 104:1 105:1 106:1 107:1 108:1 109:1 110:1 111:1 112:1 114:1 115:1 116:1 117:1 118:1 122:1 263:1 269:1 273:1 353:1 
6 9:1 10:1 13:1 32:1 46:1 66:1 74:1 77:1 80:1 97:1 98:1 99:1 100:1 101:1 103:1 104:1 105:1 106:1 107:1 108:1 109:1 110:1 111:1 112:1 114:1 115:1 116:1 117:1 118:1 122:1 269:1 353:1 
6 9:1 10:1 13:1 32:1 44:1 46:1 49:1 53:1 97:1 99:1 100:1 101:1 103:1 104:1 105:1 106:1 107:1 108:1 109:1 110:1 111:1 112:1 114:1 115:1 116:1 117:1 118:1 122:1 263:1 353:1 382:1 
6 9:1 10:1 13:1 32:1 44:1 46:1 69:1 72:1 85:1 97:1 98:1 99:1 100:1 101:1 103:1 104:1 105:1 106:1 107:1 108:1 109:1 110:1 111:1 112:1 114:1 115:1 116:1 117:1 118:1 122:1 263:1 273:1 353:1 382:1 
6 9:1 10:1 13:1 32:1 46:1 48:1 49:1 55:1 65:1 66:1 69:1 74:1 97:1 98:1 99:1 100:1 101:1 103:1 104:1 105:1 106:1 107:1 108:1 109:1 110:1 111:1 112:1 114:1 115:1 116:1 117:1 118:1 382:1 
6 9:1 10:1 13:1 32:1 44:1 46:1 65:1 73:1 84:1 97:1 98:1 99:1 100:1 101:1 102:1 103:1 104:1 105:1 106:1 107:1 108:1 109:1 110:1 111:1 112:1 114:1 115:1 116:1 117:1 118:1 122:1 273:1 382:1 
6 9:1 10:1 13:1 32:1 44:1 46:1 77:1 83:1 84:1 85:1 90:1 97:1 98:1 99:1 100:1 101:1 102:1 104:1 105:1 106:1 107:1 108:1 109:1 110:1 111:1 112:1 114:1 115:1 116:1 117:1 118:1 119:1 122:1 269:1 353:1 382:1 
6 9:1 10:1 13:1 32:1 40:1 41:1 44:1 46:1 48:1 50:1 51:1 53:1 54:1 56:1 57:1 68:1 97:1 98:1 99:1 100:1 101:1 103:1 104:1 105:1 106:1 107:1 108:1 109:1 110:1 111:1 112:1 114:1 115:1 116:1 117:1 118:1 122:1 263:1 353:1 382:1 
6 9:1 10:1 13:1 32:1 34:1 44:1 45:1 46:1 65:1 68:1 74:1 75:1 78:1 79:1 80:1 83:1 97:1 99:1 100:1 101:1 103:1 104:1 105:1 106:1 107:1 108:1 109:1 110:1 111:1 112:1 114:1 115:1 116:1 117:1 118:1 122:1 263:1 269:1 
6 9:1 10:1 13:1 32:1 34:1 44:1 46:1 66:1 75:1 78:1 79:1 82:1 97:1 98:1 99:1 100:1 101:1 102:1 103:1 104:1 105:1 106:1 107:1 108:1 109:1 110:1 111:1 112:1 114:1 115:1 116:1 117:1 118:1 121:1 122:1 263:1 353:1 
6 9:1 10:1 13:1 32:1 40:1 41:1 46:1 66:1 72:1 97:1 99:1 100:1 101:1 103:1 104:1 105:1 106:1 107:1 108:1 109:1 110:1 111:1 112:1 114:1 115:1 116:1 117:1 118:1 122:1 263:1 269:1 382:1 
6 9:1 10:1 13:1 32:1 34:1 44:1 46:1 51:1 56:1 71:1 86:1 97:1 98:1 99:1 100:1 101:1 103:1 104:1 105:1 106:1 107:1 108:1 109:1 110:1 111:1 112:1 114:1 115:1 116:1 117:1 118:1 122:1 263:1 269:1 
6 9:1 10:1 13:1 32:1 44:1 46:1 48:1 49:1 57:1 70:1 76:1 97:1 98:1 99:1 100:1 101:1 103:1 104:1 105:1 106:1 107:1 108:1 109:1 110:1 111:1 112:1 114:1 115:1 116:1 117:1 118:1 122:1 263:1 269:1 
6 9:1 10:1 13:1 32:1 44:1 46:1 72:1 75:1 76:1 77:1 82:1 97:1 99:1 100:1 101:1 103:1 104:1 105:1 106:1 107:1 108:1 110:1 111:1 112:1 114:1 115:1 116:1 117:1 118:1 122:1 269:1 273:1 352:1 353:1 
6 9:1 10:1 13:1 32:1 46:1 65:1 69:1 97:1 98:1 99:1 100:1 101:1 103:1 104:1 105:1 106:1 107:1 108:1 109:1 110:1 111:1 112:1 114:1 115:1 116:1 117:1 118:1 122:1 269:1 353:1 382:1 
6 9:1 10:1 13:1 32:1 44:1 46:1 48:1 49:1 53:1 97:1 98:1 99:1 100:1 101:1 103:1 104:1 105:1 106:1 107:1 108:1 109:1 110:1 111:1 112:1 114:1 115:1 116:1 117:1 118:1 122:1 263:1 269:1 273:1 353:1 382:1 
6 9:1 10:1 13:1 32:1 40:1 41:1 44:1 46:1 49:1 71:1 72:1 73:1 75:1 84:1 85:1 91:1 93:1 97:1 98:1 99:1 100:1 101:1 103:1 104:1 105:1 106:1 107:1 108:1 109:1 110:1 111:1 112:1 114:1 115:1 116:1 117:1 118:1 121:1 122:1 263:1 353:1 
6 9:1 10:1 13:1 32:1 44:1 45:1 46:1 67:1 69:1 71:1 72:1 79:1 83:1 86:1 91:1 93:1 97:1 98:1 99:1 100:1 101:1 103:1 104:1 105:1 106:1 108:1 109:1 110:1 111:1 112:1 114:1 115:1 116:1 117:1 118:1 269:1 
6 9:1 10:1 13:1 32:1 46:1 48:1 49:1 50:1 53:1 56:1 57:1 71:1 97:1 99:1 100:1 101:1 103:1 104:1 105:1 106:1 107:1 108:1 109:1 110:1 111:1 112:1 114:1 115:1 116:1 117:1 118:1 263:1 382:1 
6 9:1 10:1 13:1 32:1 44:1 46:1 68:1 97:1 98:1 99:1 100:1 101:1 103:1 104:1 105:1 106:1 107:1 109:1 110:1 111:1 112:1 114:1 115:1 116:1 117:1 118:1 122:1 269:1 273:1 353:1 
6 9:1 10:1 13:1 32:1 44:1 46:1 97:1 98:1 99:1 100:1 101:1 103:1 104:1 105:1 106:1 107:1 108:1 109:1 110:1 111:1 112:1 114:1 115:1 116:1 117:1 118:1 122:1 263:1 269:1 353:1 382:1 
6 9:1 10:1 13:1 32:1 44:1 46:1 66:1 70:1 71:1 77:1 80:1 97:1 98:1 99:1 100:1 101:1 102:1 103:1 104:1 105:1 106:1 107:1 108:1 109:1 110:1 111:1 112:1 114:1 115:1 116:1 117:1 118:1 122:1 263:1 353:1 
6 9:1 10:1 13:1 32:1 44:1 46:1 97:1 98:1 100:1 101:1 103:1 104:1 105:1 106:1 107:1 108:1 109:1 110:1 111:1 112:1 114:1 115:1 116:1 117:1 118:1 122:1 263:1 353:1 382:1 
6 9:1 10:1 13:1 32:1 44:1 45:1 46:1 67:1 68:1 71:1 72:1 77:1 78:1 80:1 82:1 83:1 85:1 97:1 98:1 99:1 100:1 101:1 103:1 104:1 105:1 106:1 107:1 108:1 109:1 110:1 111:1 112:1 114:1 115:1 116:1 117:1 118:1 122:1 263:1 269:1 353:1 382:1 
6 9:1 10:1 13:1 32:1 44:1 46:1 48:1 50:1 51:1 53:1 97:1 98:1 99:1 100:1 101:1 103:1 104:1 105:1 106:1 107:1 108:1 109:1 110:1 111:1 112:1 114:1 115:1 116:1 117:1 118:1 122:1 263:1 269:1 273:1 353:1 
6 9:1 10:1 13:1 32:1 46:1 48:1 54:1 71:1 73:1 83:1 85:1 86:1 97:1 98:1 99:1 100:1 101:1 103:1 104:1 105:1 106:1 107:1 108:1 110:1 111:1 112:1 114:1 115:1 117:1 118:1 122:1 269:1 
6 9:1 10:1 13:1 32:1 44:1 46:1 66:1 67:1 68:1 70:1 75:1 82:1 86:1 97:1 98:1 99:1 100:1 101:1 103:1 104:1 105:1 106:1 107:1 108:1 109:1 110:1 111:1 112:1 114:1 115:1 116:1 117:1 118:1 121:1 122:1 225:1 233:1 263:1 352:1 353:1 
6 9:1 10:1 13:1 32:1 44:1 46:1 69:1 97:1 98:1 99:1 100:1 101:1 103:1 104:1 105:1 106:1 107:1 108:1 109:1 110:1 111:1 112:1 114:1 115:1 116:1 117:1 118:1 122:1 263:1 269:1 353:1 
6 9:1 10:1 13:1 32:1 44:1 46:1 72:1 97:1 98:1 100:1 101:1 103:1 104:1 105:1 106:1 107:1 108:1 109:1 110:1 111:1 114:1 115:1 116:1 117:1 118:1 122:1 263:1 269:1 353:1 382:1 
6 9:1 10:1 13:1 32:1 44:1 46:1 74:1 83:1 86:1 97:1 98:1 99:1 100:1 101:1 103:1 104:1 105:1 106:1 107:1 108:1 109:1 110:1 111:1 112:1 114:1 115:1 116:1 117:1 118:1 269:1 273:1 353:1 382:1 
6 9:1 10:1 13:1 32:1 44:1 46:1 72:1 97:1 98:1 99:1 100:1 101:1 103:1 104:1 105:1 106:1 107:1 108:1 109:1 110:1 111:1 112:1 114:1 115:1 116:1 117:1 118:1 122:1 263:1 269:1 353:1 
6 9:1 10:1 13:1 32:1 33:1 44:1 65:1 66:1 68:1 69:1 75:1 83:1 97:1 99:1 100:1 101:1 103:1 104:1 105:1 106:1 107:1 108:1 109:1 110:1 111:1 112:1 114:1 115:1 116:1 117:1 118:1 120:1 122:1 263:1 273:1 353:1 8211:1 
6 9:1 10:1 13:1 32:1 44:1 46:1 48:1 49:1 50:1 51:1 90:1 97:1 98:1 100:1 101:1 103:1 104:1 105:1 106:1 107:1 108:1 109:1 110:1 111:1 112:1 114:1 115:1 116:1 117:1 118:1 122:1 263:1 269:1 
6 9:1 10:1 13:1 32:1 44:1 46:1 71:1 75:1 97:1 98:1 99:1 100:1 101:1 103:1 104:1 105:1 106:1 107:1 108:1 109:1 110:1 111:1 112:1 114:1 115:1 116:1 117:1 118:1 122:1 263:1 269:1 273:1 353:1 8220:1 8222:1 
6 9:1 10:1 13:1 32:1 44:1 46:1 65:1 97:1 98:1 100:1 101:1 103:1 104:1 105:1 106:1 107:1 108:1 109:1 110:1 111:1 112:1 114:1 115:1 116:1 117:1 118:1 122:1 263:1 269:1 353:1 
6 9:1 10:1 13:1 32:1 44:1 46:1 97:1 98:1 99:1 100:1 101:1 103:1 104:1 105:1 106:1 107:1 108:1 109:1 110:1 111:1 112:1 114:1 115:1 116:1 118:1 122:1 263:1 269:1 353:1 382:1 
6 9:1 10:1 13:1 32:1 44:1 46:1 68:1 97:1 98:1 99:1 100:1 101:1 103:1 104:1 105:1 106:1 107:1 108:1 109:1 110:1 111:1 112:1 114:1 115:1 116:1 117:1 118:1 122:1 263:1 269:1 273:1 352:1 353:1 382:1 
6 9:1 10:1 13:1 32:1 44:1 46:1 97:1 98:1 99:1 100:1 101:1 103:1 104:1 105:1 106:1 107:1 108:1 109:1 110:1 111:1 112:1 114:1 115:1 116:1 117:1 118:1 122:1 263:1 269:1 353:1 382:1 
6 9:1 10:1 13:1 32:1 40:1 41:1 46:1 66:1 72:1 74:1 78:1 80:1 97:1 99:1 100:1 101:1 104:1 105:1 106:1 107:1 108:1 109:1 110:1 111:1 114:1 115:1 116:1 117:1 118:1 122:1 269:1 382:1 
6 9:1 10:1 13:1 32:1 44:1 46:1 66:1 86:1 97:1 98:1 100:1 101:1 103:1 104:1 105:1 106:1 107:1 108:1 109:1 110:1 111:1 112:1 114:1 115:1 116:1 117:1 118:1 122:1 263:1 382:1 
6 9:1 10:1 13:1 32:1 44:1 46:1 97:1 98:1 100:1 101:1 103:1 104:1 105:1 106:1 107:1 108:1 109:1 110:1 111:1 112:1 114:1 115:1 116:1 117:1 118:1 122:1 269:1 353:1 381:1 382:1 
6 9:1 10:1 13:1 32:1 44:1 46:1 65:1 97:1 98:1 99:1 100:1 101:1 103:1 104:1 105:1 106:1 107:1 108:1 109:1 110:1 111:1 112:1 114:1 115:1 116:1 117:1 118:1 122:1 263:1 353:1 382:1 
6 9:1 10:1 13:1 32:1 44:1 46:1 67:1 72:1 79:1 83:1 86:1 97:1 98:1 99:1 100:1 101:1 102:1 103:1 104:1 105:1 106:1 107:1 108:1 109:1 110:1 111:1 112:1 114:1 115:1 116:1 117:1 118:1 263:1 269:1 382:1 
6 9:1 10:1 13:1 32:1 44:1 46:1 75:1 97:1 98:1 99:1 100:1 101:1 103:1 104:1 105:1 106:1 107:1 108:1 109:1 110:1 111:1 112:1 114:1 115:1 116:1 117:1 118:1 122:1 263:1 353:1 
6 9:1 10:1 13:1 32:1 40:1 41:1 44:1 46:1 48:1 50:1 51:1 53:1 65:1 68:1 73:1 77:1 80:1 82:1 90:1 97:1 98:1 99:1 100:1 101:1 103:1 104:1 105:1 106:1 107:1 108:1 109:1 110:1 111:1 112:1 114:1 115:1 116:1 117:1 118:1 120:1 121:1 122:1 263:1 269:1 382:1 
6 9:1 10:1 13:1 32:1 46:1 47:1 66:1 69:1 77:1 80:1 83:1 84:1 91:1 93:1 97:1 98:1 99:1 100:1 101:1 103:1 104:1 105:1 106:1 107:1 108:1 109:1 110:1 111:1 112:1 114:1 115:1 116:1 117:1 118:1 122:1 263:1 353:1 382:1 
6 9:1 10:1 13:1 32:1 44:1 46:1 77:1 80:1 97:1 98:1 100:1 101:1 103:1 104:1 105:1 106:1 107:1 108:1 109:1 110:1 111:1 112:1 114:1 115:1 116:1 117:1 118:1 122:1 263:1 269:1 353:1 382:1 
6 9:1 10:1 13:1 32:1 44:1 46:1 97:1 98:1 99:1 100:1 101:1 103:1 104:1 105:1 106:1 107:1 108:1 109:1 110:1 111:1 112:1 114:1 115:1 116:1 117:1 118:1 122:1 263:1 353:1 
6 9:1 10:1 13:1 32:1 46:1 68:1 84:1 97:1 98:1 99:1 100:1 101:1 103:1 104:1 105:1 106:1 107:1 108:1 109:1 110:1 111:1 112:1 114:1 115:1 116:1 117:1 122:1 269:1 273:1 382:1 
6 9:1 10:1 13:1 32:1 40:1 41:1 46:1 56:1 66:1 72:1 77:1 83:1 84:1 97:1 99:1 100:1 101:1 103:1 104:1 105:1 106:1 107:1 108:1 109:1 110:1 111:1 112:1 114:1 115:1 116:1 117:1 118:1 122:1 263:1 269:1 353:1 
6 9:1 10:1 13:1 32:1 44:1 46:1 78:1 97:1 98:1 99:1 100:1 101:1 103:1 104:1 105:1 106:1 107:1 108:1 109:1 110:1 111:1 112:1 114:1 115:1 116:1 117:1 118:1 122:1 269:1 382:1 
6 9:1 10:1 13:1 32:1 44:1 46:1 80:1 83:1 97:1 98:1 99:1 100:1 101:1 102:1 103:1 104:1 105:1 106:1 107:1 108:1 109:1 110:1 111:1 112:1 114:1 115:1 116:1 117:1 118:1 122:1 263:1 269:1 382:1 
6 9:1 10:1 13:1 32:1 44:1 46:1 66:1 97:1 98:1 99:1 100:1 101:1 103:1 104:1 105:1 106:1 107:1 108:1 109:1 110:1 111:1 112:1 114:1 115:1 116:1 117:1 118:1 122:1 353:1 
6 9:1 10:1 13:1 32:1 44:1 46:1 97:1 99:1 100:1 101:1 103:1 104:1 105:1 106:1 107:1 108:1 109:1 110:1 111:1 112:1 114:1 115:1 116:1 117:1 118:1 122:1 171:1 187:1 269:1 273:1 353:1 
6 9:1 10:1 13:1 32:1 44:1 46:1 97:1 99:1 100:1 101:1 103:1 104:1 105:1 106:1 107:1 108:1 110:1 111:1 112:1 114:1 115:1 116:1 117:1 118:1 122:1 269:1 273:1 353:1 
6 9:1 10:1 13:1 32:1 44:1 46:1 48:1 50:1 51:1 52:1 54:1 72:1 97:1 99:1 100:1 101:1 103:1 104:1 105:1 106:1 107:1 108:1 109:1 110:1 111:1 112:1 114:1 115:1 116:1 117:1 118:1 122:1 263:1 273:1 353:1 382:1 
6 9:1 10:1 13:1 32:1 44:1 46:1 74:1 75:1 77:1 97:1 98:1 99:1 100:1 101:1 102:1 103:1 104:1 105:1 106:1 107:1 108:1 109:1 110:1 111:1 114:1 115:1 116:1 117:1 118:1 122:1 262:1 263:1 269:1 353:1 
6 9:1 10:1 13:1 32:1 44:1 46:1 97:1 98:1 99:1 100:1 101:1 103:1 104:1 105:1 106:1 107:1 108:1 109:1 110:1 111:1 112:1 114:1 115:1 116:1 117:1 118:1 122:1 263:1 269:1 353:1 
6 9:1 10:1 13:1 32:1 44:1 46:1 97:1 98:1 99:1 100:1 101:1 103:1 104:1 105:1 106:1 107:1 108:1 109:1 110:1 111:1 112:1 114:1 115:1 116:1 117:1 118:1 122:1 269:1 353:1 
6 9:1 10:1 13:1 32:1 44:1 46:1 97:1 98:1 99:1 100:1 101:1 102:1 103:1 104:1 105:1 106:1 107:1 108:1 109:1 110:1 111:1 112:1 114:1 115:1 116:1 117:1 118:1 122:1 263:1 353:1 
6 9:1 10:1 13:1 32:1 44:1 46:1 67:1 78:1 97:1 99:1 100:1 101:1 103:1 104:1 105:1 106:1 107:1 108:1 109:1 110:1 111:1 112:1 114:1 115:1 116:1 117:1 118:1 122:1 269:1 353:1 382:1 
6 9:1 10:1 13:1 32:1 44:1 46:1 97:1 98:1 99:1 100:1 101:1 103:1 104:1 105:1 106:1 107:1 108:1 109:1 110:1 111:1 112:1 114:1 115:1 116:1 117:1 118:1 122:1 263:1 269:1 353:1 382:1 
6 9:1 10:1 13:1 32:1 34:1 44:1 46:1 68:1 97:1 98:1 99:1 100:1 101:1 102:1 103:1 104:1 105:1 106:1 107:1 108:1 109:1 110:1 111:1 112:1 114:1 115:1 116:1 117:1 118:1 122:1 263:1 269:1 353:1 382:1 
6 9:1 10:1 13:1 32:1 34:1 44:1 46:1 97:1 98:1 99:1 100:1 101:1 103:1 104:1 105:1 106:1 107:1 108:1 109:1 110:1 111:1 112:1 114:1 115:1 116:1 117:1 118:1 122:1 263:1 269:1 273:1 353:1 
6 9:1 10:1 13:1 32:1 44:1 46:1 97:1 98:1 99:1 100:1 101:1 102:1 103:1 104:1 105:1 106:1 107:1 108:1 109:1 110:1 111:1 112:1 114:1 115:1 116:1 117:1 118:1 122:1 263:1 269:1 273:1 353:1 382:1 
6 9:1 10:1 13:1 32:1 44:1 46:1 83:1 97:1 98:1 99:1 100:1 101:1 103:1 104:1 105:1 106:1 107:1 108:1 109:1 110:1 111:1 112:1 114:1 115:1 116:1 117:1 118:1 122:1 263:1 269:1 353:1 
6 9:1 10:1 13:1 32:1 46:1 82:1 83:1 97:1 98:1 99:1 100:1 101:1 103:1 104:1 105:1 106:1 107:1 108:1 109:1 110:1 111:1 112:1 114:1 115:1 116:1 117:1 118:1 122:1 263:1 353:1 382:1 
6 9:1 10:1 13:1 32:1 44:1 46:1 67:1 71:1 83:1 86:1 97:1 98:1 99:1 100:1 101:1 103:1 104:1 105:1 106:1 107:1 108:1 109:1 110:1 111:1 112:1 114:1 115:1 116:1 117:1 118:1 122:1 263:1 269:1 353:1 382:1 
6 9:1 10:1 13:1 32:1 44:1 46:1 52:1 53:1 64:1 68:1 97:1 98:1 99:1 100:1 101:1 103:1 104:1 105:1 106:1 107:1 108:1 109:1 110:1 111:1 112:1 114:1 115:1 116:1 117:1 118:1 122:1 263:1 269:1 352:1 353:1 
6 9:1 10:1 13:1 32:1 44:1 46:1 67:1 68:1 69:1 73:1 83:1 97:1 98:1 99:1 100:1 101:1 102:1 103:1 104:1 105:1 106:1 107:1 108:1 109:1 110:1 111:1 112:1 114:1 115:1 116:1 117:1 118:1 119:1 121:1 122:1 269:1 353:1 
6 9:1 10:1 13:1 32:1 46:1 97:1 98:1 100:1 101:1 103:1 104:1 105:1 106:1 107:1 108:1 109:1 110:1 111:1 112:1 114:1 115:1 116:1 117:1 118:1 122:1 269:1 353:1 382:1 
6 9:1 10:1 13:1 32:1 44:1 45:1 46:1 50:1 51:1 67:1 72:1 78:1 83:1 84:1 86:1 97:1 98:1 99:1 100:1 101:1 102:1 103:1 104:1 105:1 106:1 107:1 108:1 109:1 110:1 111:1 112:1 114:1 115:1 116:1 117:1 118:1 122:1 269:1 353:1 382:1 
6 9:1 10:1 13:1 32:1 46:1 72:1 80:1 97:1 98:1 100:1 101:1 104:1 105:1 106:1 107:1 108:1 109:1 110:1 111:1 112:1 114:1 115:1 116:1 117:1 118:1 122:1 263:1 269:1 382:1 
6 9:1 10:1 13:1 32:1 44:1 46:1 65:1 68:1 80:1 97:1 98:1 99:1 100:1 101:1 104:1 105:1 106:1 107:1 108:1 109:1 110:1 111:1 112:1 114:1 115:1 116:1 117:1 118:1 122:1 263:1 353:1 382:1 
6 9:1 10:1 13:1 32:1 39:1 44:1 46:1 69:1 77:1 85:1 97:1 98:1 99:1 100:1 101:1 104:1 105:1 106:1 107:1 108:1 109:1 110:1 111:1 112:1 114:1 115:1 116:1 117:1 118:1 263:1 353:1 
6 9:1 10:1 13:1 32:1 34:1 44:1 46:1 78:1 97:1 100:1 101:1 103:1 104:1 105:1 106:1 107:1 109:1 110:1 111:1 112:1 114:1 115:1 116:1 117:1 118:1 122:1 263:1 269:1 272:1 353:1 382:1 
6 9:1 10:1 13:1 32:1 45:1 46:1 66:1 71:1 97:1 98:1 99:1 100:1 101:1 103:1 104:1 105:1 106:1 107:1 108:1 109:1 110:1 111:1 112:1 114:1 115:1 116:1 117:1 118:1 122:1 263:1 353:1 382:1 
6 9:1 10:1 13:1 32:1 45:1 46:1 68:1 72:1 75:1 83:1 97:1 99:1 100:1 101:1 104:1 105:1 106:1 107:1 108:1 109:1 110:1 111:1 112:1 114:1 115:1 116:1 117:1 118:1 122:1 
6 9:1 10:1 13:1 32:1 44:1 46:1 97:1 100:1 101:1 103:1 104:1 105:1 106:1 107:1 108:1 109:1 110:1 111:1 112:1 114:1 115:1 116:1 117:1 118:1 122:1 263:1 269:1 353:1 382:1 8211:1 
6 9:1 10:1 13:1 32:1 44:1 46:1 78:1 97:1 98:1 99:1 100:1 101:1 103:1 104:1 105:1 106:1 107:1 108:1 109:1 110:1 111:1 112:1 114:1 115:1 116:1 117:1 118:1 122:1 263:1 353:1 382:1 
6 9:1 10:1 13:1 32:1 45:1 46:1 50:1 51:1 65:1 68:1 69:1 72:1 80:1 97:1 98:1 99:1 100:1 101:1 103:1 104:1 105:1 106:1 107:1 108:1 109:1 110:1 111:1 112:1 114:1 115:1 116:1 117:1 118:1 122:1 263:1 269:1 
6 9:1 10:1 13:1 32:1 44:1 46:1 65:1 69:1 70:1 71:1 75:1 76:1 83:1 85:1 97:1 99:1 100:1 101:1 103:1 104:1 105:1 106:1 107:1 108:1 109:1 110:1 111:1 112:1 114:1 115:1 116:1 117:1 118:1 120:1 121:1 122:1 269:1 353:1 382:1 
6 9:1 10:1 13:1 32:1 44:1 46:1 97:1 98:1 99:1 100:1 101:1 102:1 103:1 104:1 105:1 106:1 107:1 108:1 109:1 110:1 111:1 112:1 114:1 115:1 116:1 117:1 118:1 263:1 269:1 382:1 
6 9:1 10:1 13:1 32:1 34:1 46:1 65:1 75:1 82:1 86:1 97:1 98:1 99:1 100:1 101:1 104:1 105:1 106:1 107:1 108:1 109:1 110:1 111:1 112:1 114:1 115:1 116:1 117:1 118:1 263:1 269:1 353:1 
6 9:1 10:1 13:1 32:1 44:1 46:1 48:1 49:1 51:1 57:1 82:1 83:1 97:1 98:1 99:1 100:1 101:1 103:1 104:1 105:1 106:1 107:1 108:1 109:1 110:1 111:1 112:1 114:1 115:1 116:1 117:1 118:1 122:1 263:1 353:1 382:1 
6 9:1 10:1 13:1 32:1 44:1 45:1 46:1 47:1 48:1 49:1 50:1 51:1 53:1 57:1 70:1 73:1 75:1 77:1 78:1 80:1 85:1 97:1 100:1 101:1 103:1 104:1 105:1 106:1 107:1 108:1 109:1 110:1 111:1 112:1 114:1 115:1 116:1 117:1 118:1 122:1 273:1 353:1 
6 9:1 10:1 13:1 32:1 44:1 46:1 71:1 97:1 98:1 100:1 101:1 102:1 104:1 105:1 106:1 107:1 108:1 109:1 110:1 111:1 114:1 115:1 116:1 117:1 118:1 122:1 269:1 353:1 382:1 8211:1 
6 9:1 10:1 13:1 32:1 44:1 46:1 97:1 99:1 100:1 101:1 104:1 105:1 106:1 107:1 108:1 109:1 110:1 111:1 112:1 114:1 115:1 116:1 117:1 118:1 122:1 263:1 269:1 353:1 382:1 
6 9:1 10:1 13:1 32:1 44:1 46:1 66:1 70:1 77:1 83:1 97:1 98:1 99:1 100:1 101:1 103:1 104:1 105:1 106:1 107:1 108:1 109:1 110:1 111:1 112:1 114:1 115:1 116:1 117:1 118:1 122:1 263:1 353:1 382:1 
6 9:1 10:1 13:1 32:1 44:1 46:1 48:1 49:1 50:1 90:1 97:1 98:1 99:1 100:1 101:1 103:1 104:1 105:1 106:1 107:1 108:1 110:1 111:1 112:1 114:1 115:1 116:1 117:1 118:1 122:1 263:1 269:1 
6 9:1 10:1 13:1 32:1 44:1 46:1 79:1 84:1 97:1 98:1 99:1 100:1 101:1 104:1 105:1 106:1 107:1 108:1 109:1 110:1 111:1 112:1 114:1 115:1 116:1 117:1 118:1 122:1 263:1 269:1 353:1 382:1 
6 9:1 10:1 13:1 32:1 44:1 46:1 78:1 82:1 86:1 97:1 99:1 100:1 101:1 103:1 104:1 105:1 106:1 107:1 108:1 109:1 110:1 111:1 112:1 114:1 115:1 116:1 117:1 118:1 122:1 263:1 269:1 353:1 
6 9:1 10:1 13:1 32:1 44:1 45:1 46:1 78:1 80:1 85:1 86:1 97:1 98:1 99:1 100:1 101:1 103:1 104:1 105:1 106:1 107:1 108:1 109:1 110:1 111:1 112:1 114:1 115:1 116:1 117:1 118:1 122:1 263:1 269:1 353:1 382:1 
6 9:1 10:1 13:1 32:1 44:1 46:1 71:1 75:1 77:1 80:1 86:1 97:1 100:1 101:1 103:1 104:1 105:1 106:1 107:1 108:1 109:1 110:1 111:1 112:1 114:1 115:1 116:1 117:1 118:1 263:1 269:1 353:1 
6 9:1 10:1 13:1 32:1 44:1 46:1 50:1 71:1 79:1 85:1 97:1 98:1 99:1 100:1 101:1 103:1 104:1 105:1 106:1 107:1 108:1 109:1 110:1 111:1 112:1 114:1 115:1 116:1 117:1 118:1 122:1 171:1 187:1 269:1 353:1 
6 9:1 10:1 13:1 32:1 44:1 46:1 59:1 68:1 69:1 80:1 97:1 98:1 99:1 100:1 101:1 103:1 104:1 105:1 106:1 107:1 108:1 109:1 110:1 111:1 112:1 114:1 115:1 116:1 117:1 118:1 122:1 263:1 269:1 382:1 
6 9:1 10:1 13:1 32:1 44:1 46:1 71:1 97:1 98:1 100:1 101:1 103:1 104:1 105:1 106:1 107:1 108:1 109:1 110:1 111:1 112:1 114:1 115:1 116:1 117:1 118:1 122:1 269:1 353:1 
6 9:1 10:1 13:1 32:1 44:1 46:1 49:1 50:1 51:1 53:1 55:1 72:1 80:1 85:1 97:1 98:1 99:1 100:1 101:1 103:1 104:1 105:1 106:1 107:1 108:1 109:1 110:1 111:1 112:1 114:1 115:1 116:1 117:1 118:1 122:1 269:1 353:1 
6 9:1 10:1 13:1 32:1 44:1 46:1 82:1 86:1 97:1 98:1 99:1 100:1 101:1 103:1 104:1 105:1 106:1 107:1 108:1 109:1 110:1 111:1 112:1 114:1 115:1 116:1 117:1 118:1 122:1 269:1 273:1 353:1 382:1 8220:1 8221:1 
6 9:1 10:1 13:1 32:1 45:1 46:1 49:1 55:1 66:1 73:1 75:1 77:1 78:1 85:1 97:1 99:1 100:1 101:1 103:1 104:1 105:1 106:1 107:1 108:1 109:1 110:1 111:1 112:1 114:1 115:1 116:1 117:1 118:1 269:1 273:1 353:1 
6 9:1 10:1 13:1 32:1 44:1 46:1 97:1 98:1 100:1 101:1 103:1 104:1 105:1 106:1 107:1 108:1 109:1 110:1 111:1 112:1 114:1 115:1 116:1 117:1 118:1 122:1 269:1 353:1 382:1 
6 9:1 10:1 13:1 32:1 44:1 46:1 97:1 98:1 99:1 100:1 101:1 103:1 104:1 105:1 106:1 107:1 108:1 109:1 110:1 111:1 112:1 114:1 115:1 116:1 117:1 118:1 269:1 
6 9:1 10:1 13:1 32:1 44:1 46:1 73:1 75:1 97:1 98:1 99:1 100:1 101:1 103:1 104:1 105:1 106:1 107:1 108:1 109:1 110:1 111:1 112:1 114:1 115:1 116:1 117:1 118:1 122:1 263:1 269:1 353:1 
6 9:1 10:1 13:1 32:1 46:1 97:1 98:1 99:1 100:1 101:1 103:1 104:1 105:1 106:1 107:1 108:1 109:1 110:1 111:1 112:1 114:1 115:1 116:1 117:1 118:1 122:1 263:1 269:1 382:1 
6 9:1 10:1 13:1 32:1 46:1 66:1 70:1 72:1 97:1 98:1 99:1 100:1 101:1 102:1 103:1 104:1 105:1 106:1 107:1 108:1 109:1 110:1 111:1 112:1 114:1 115:1 116:1 117:1 118:1 122:1 
6 9:1 10:1 13:1 32:1 34:1 44:1 46:1 84:1 97:1 98:1 99:1 100:1 101:1 104:1 105:1 106:1 107:1 108:1 109:1 110:1 111:1 112:1 114:1 115:1 116:1 117:1 118:1 122:1 263:1 269:1 273:1 353:1 
6 9:1 10:1 13:1 32:1 44:1 46:1 79:1 83:1 97:1 98:1 99:1 100:1 101:1 102:1 103:1 104:1 105:1 106:1 107:1 108:1 109:1 110:1 111:1 112:1 114:1 115:1 116:1 117:1 118:1 121:1 122:1 263:1 269:1 273:1 
6 9:1 10:1 13:1 32:1 44:1 46:1 97:1 98:1 99:1 100:1 101:1 102:1 103:1 104:1 105:1 106:1 107:1 108:1 109:1 110:1 111:1 112:1 114:1 115:1 116:1 117:1 118:1 122:1 263:1 273:1 353:1 
6 9:1 10:1 13:1 32:1 34:1 44:1 45:1 46:1 48:1 49:1 50:1 52:1 57:1 65:1 69:1 79:1 80:1 84:1 88:1 97:1 98:1 99:1 100:1 101:1 103:1 104:1 105:1 106:1 107:1 108:1 109:1 110:1 111:1 112:1 114:1 115:1 116:1 117:1 118:1 119:1 122:1 263:1 269:1 
6 9:1 10:1 13:1 32:1 44:1 46:1 97:1 98:1 99:1 100:1 101:1 103:1 104:1 105:1 106:1 107:1 108:1 109:1 110:1 111:1 112:1 114:1 115:1 116:1 117:1 118:1 122:1 263:1 269:1 273:1 353:1 382:1 
6 9:1 10:1 13:1 32:1 44:1 46:1 97:1 98:1 99:1 100:1 101:1 103:1 104:1 105:1 106:1 107:1 108:1 109:1 110:1 111:1 114:1 115:1 116:1 117:1 118:1 122:1 263:1 269:1 273:1 353:1 
6 9:1 10:1 13:1 32:1 44:1 46:1 67:1 72:1 79:1 97:1 98:1 99:1 100:1 101:1 102:1 103:1 104:1 105:1 106:1 107:1 108:1 109:1 110:1 111:1 112:1 114:1 115:1 116:1 117:1 118:1 122:1 269:1 353:1 382:1 
6 9:1 10:1 13:1 32:1 44:1 46:1 97:1 98:1 99:1 100:1 101:1 104:1 105:1 106:1 107:1 108:1 110:1 111:1 112:1 114:1 115:1 116:1 117:1 118:1 122:1 263:1 269:1 353:1 
6 9:1 10:1 13:1 32:1 44:1 46:1 72:1 83:1 97:1 98:1 99:1 100:1 101:1 103:1 104:1 105:1 106:1 107:1 108:1 109:1 110:1 111:1 112:1 114:1 115:1 116:1 117:1 118:1 122:1 263:1 269:1 353:1 
6 9:1 10:1 13:1 32:1 44:1 46:1 97:1 98:1 99:1 100:1 101:1 103:1 104:1 105:1 106:1 107:1 108:1 109:1 110:1 111:1 112:1 114:1 115:1 116:1 117:1 118:1 122:1 263:1 273:1 353:1 382:1 
6 9:1 10:1 13:1 32:1 40:1 41:1 44:1 46:1 66:1 67:1 68:1 69:1 70:1 73:1 74:1 75:1 78:1 79:1 82:1 83:1 84:1 85:1 86:1 97:1 98:1 99:1 100:1 101:1 102:1 103:1 104:1 105:1 106:1 107:1 108:1 109:1 110:1 111:1 112:1 114:1 115:1 116:1 117:1 118:1 122:1 269:1 353:1 382:1 
6 9:1 10:1 13:1 32:1 44:1 46:1 97:1 98:1 99:1 100:1 101:1 103:1 104:1 105:1 106:1 107:1 108:1 109:1 110:1 111:1 112:1 114:1 115:1 116:1 117:1 118:1 122:1 263:1 269:1 353:1 382:1 
6 9:1 10:1 13:1 32:1 44:1 46:1 66:1 72:1 76:1 77:1 97:1 98:1 99:1 100:1 101:1 102:1 103:1 104:1 105:1 106:1 107:1 108:1 110:1 111:1 114:1 115:1 116:1 117:1 118:1 122:1 263:1 269:1 353:1 8220:1 8221:1 
6 9:1 10:1 13:1 32:1 34:1 44:1 45:1 46:1 83:1 84:1 86:1 97:1 98:1 100:1 101:1 103:1 104:1 105:1 106:1 107:1 108:1 109:1 110:1 111:1 112:1 114:1 115:1 116:1 117:1 118:1 122:1 263:1 269:1 353:1 
6 9:1 10:1 13:1 32:1 44:1 46:1 76:1 97:1 98:1 99:1 100:1 101:1 103:1 104:1 105:1 106:1 107:1 108:1 109:1 110:1 111:1 112:1 114:1 115:1 116:1 117:1 118:1 122:1 263:1 269:1 273:1 353:1 8211:1 
6 9:1 10:1 13:1 32:1 38:1 44:1 46:1 65:1 67:1 82:1 97:1 98:1 100:1 101:1 102:1 103:1 104:1 105:1 106:1 107:1 108:1 109:1 110:1 111:1 112:1 114:1 115:1 116:1 117:1 118:1 119:1 122:1 269:1 273:1 382:1 
6 9:1 10:1 13:1 32:1 44:1 46:1 82:1 97:1 98:1 100:1 101:1 103:1 104:1 105:1 106:1 107:1 108:1 109:1 110:1 111:1 112:1 114:1 115:1 116:1 117:1 118:1 122:1 353:1 
6 9:1 10:1 13:1 32:1 34:1 40:1 41:1 44:1 45:1 46:1 48:1 49:1 50:1 52:1 67:1 69:1 78:1 85:1 97:1 98:1 100:1 101:1 102:1 103:1 104:1 105:1 106:1 107:1 108:1 109:1 110:1 111:1 112:1 114:1 115:1 116:1 117:1 118:1 122:1 263:1 269:1 
6 9:1 10:1 13:1 32:1 44:1 46:1 69:1 72:1 85:1 97:1 98:1 100:1 101:1 103:1 104:1 105:1 106:1 107:1 108:1 109:1 110:1 111:1 112:1 114:1 115:1 116:1 117:1 118:1 122:1 263:1 
6 9:1 10:1 13:1 32:1 44:1 46:1 97:1 98:1 99:1 100:1 101:1 104:1 105:1 106:1 107:1 108:1 109:1 110:1 111:1 112:1 114:1 115:1 116:1 117:1 118:1 122:1 269:1 382:1 
6 9:1 10:1 13:1 32:1 44:1 46:1 76:1 86:1 97:1 98:1 99:1 100:1 101:1 103:1 104:1 105:1 106:1 107:1 108:1 109:1 110:1 111:1 112:1 114:1 115:1 116:1 117:1 118:1 122:1 263:1 353:1 382:1 
6 9:1 10:1 13:1 32:1 44:1 46:1 49:1 52:1 53:1 57:1 66:1 97:1 98:1 100:1 101:1 103:1 104:1 105:1 106:1 107:1 108:1 109:1 110:1 111:1 112:1 114:1 115:1 116:1 117:1 118:1 122:1 263:1 269:1 353:1 382:1 
6 9:1 10:1 13:1 32:1 34:1 44:1 46:1 69:1 84:1 85:1 97:1 98:1 100:1 101:1 103:1 104:1 105:1 106:1 107:1 108:1 109:1 110:1 111:1 112:1 114:1 115:1 116:1 117:1 118:1 122:1 263:1 269:1 353:1 
6 9:1 10:1 13:1 32:1 44:1 46:1 49:1 53:1 97:1 98:1 100:1 101:1 103:1 104:1 105:1 106:1 107:1 109:1 110:1 111:1 112:1 114:1 115:1 116:1 117:1 118:1 122:1 263:1 269:1 353:1 
6 9:1 10:1 13:1 32:1 44:1 46:1 83:1 97:1 98:1 99:1 100:1 101:1 103:1 104:1 105:1 106:1 107:1 108:1 109:1 110:1 111:1 112:1 114:1 115:1 116:1 117:1 118:1 122:1 263:1 269:1 382:1 
6 9:1 10:1 13:1 32:1 34:1 44:1 46:1 77:1 83:1 97:1 98:1 100:1 101:1 103:1 104:1 105:1 106:1 107:1 108:1 109:1 110:1 111:1 112:1 114:1 115:1 116:1 117:1 118:1 122:1 263:1 382:1 
6 9:1 10:1 13:1 32:1 44:1 46:1 66:1 67:1 97:1 98:1 99:1 100:1 101:1 104:1 105:1 106:1 107:1 108:1 109:1 110:1 111:1 112:1 114:1 115:1 116:1 117:1 118:1 122:1 263:1 269:1 
6 9:1 10:1 13:1 32:1 44:1 46:1 97:1 98:1 99:1 100:1 101:1 103:1 104:1 105:1 106:1 107:1 108:1 109:1 110:1 111:1 112:1 114:1 115:1 116:1 117:1 118:1 122:1 263:1 269:1 273:1 382:1 8220:1 8221:1 
6 9:1 10:1 13:1 32:1 44:1 46:1 50:1 52:1 84:1 86:1 97:1 98:1 99:1 100:1 101:1 102:1 103:1 104:1 105:1 106:1 107:1 108:1 109:1 110:1 111:1 112:1 114:1 115:1 116:1 117:1 118:1 122:1 269:1 353:1 
6 9:1 10:1 13:1 32:1 44:1 46:1 72:1 79:1 83:1 97:1 100:1 101:1 102:1 103:1 104:1 105:1 106:1 107:1 108:1 109:1 110:1 111:1 112:1 114:1 115:1 116:1 117:1 118:1 122:1 263:1 353:1 
6 9:1 10:1 13:1 32:1 44:1 46:1 48:1 50:1 71:1 74:1 83:1 97:1 98:1 99:1 100:1 101:1 102:1 103:1 104:1 105:1 106:1 107:1 108:1 109:1 110:1 111:1 112:1 114:1 115:1 116:1 117:1 118:1 122:1 263:1 273:1 8220:1 8221:1 
6 9:1 10:1 13:1 32:1 44:1 46:1 75:1 97:1 98:1 99:1 100:1 101:1 104:1 105:1 106:1 107:1 108:1 109:1 110:1 111:1 112:1 114:1 115:1 116:1 117:1 118:1 122:1 269:1 382:1 
6 9:1 10:1 13:1 32:1 44:1 46:1 74:1 75:1 79:1 83:1 85:1 97:1 98:1 99:1 100:1 101:1 103:1 104:1 105:1 106:1 107:1 108:1 109:1 110:1 111:1 114:1 115:1 116:1 117:1 118:1 122:1 263:1 269:1 353:1 382:1 
6 9:1 10:1 13:1 32:1 46:1 72:1 97:1 99:1 100:1 101:1 102:1 103:1 104:1 105:1 106:1 107:1 108:1 109:1 110:1 111:1 112:1 114:1 115:1 116:1 117:1 118:1 122:1 263:1 269:1 382:1 
6 9:1 10:1 13:1 32:1 46:1 49:1 50:1 67:1 69:1 97:1 98:1 99:1 100:1 101:1 103:1 104:1 105:1 106:1 107:1 108:1 109:1 110:1 111:1 112:1 114:1 115:1 116:1 117:1 118:1 122:1 273:1 353:1 
6 9:1 10:1 13:1 32:1 44:1 46:1 48:1 50:1 71:1 86:1 97:1 98:1 99:1 100:1 101:1 103:1 104:1 105:1 106:1 107:1 108:1 109:1 110:1 111:1 112:1 114:1 115:1 116:1 117:1 118:1 122:1 263:1 269:1 353:1 382:1 
6 9:1 10:1 13:1 32:1 44:1 46:1 74:1 97:1 99:1 100:1 101:1 103:1 104:1 105:1 106:1 107:1 108:1 109:1 110:1 111:1 112:1 114:1 115:1 116:1 117:1 118:1 122:1 263:1 269:1 353:1 382:1 8211:1 
6 9:1 10:1 13:1 32:1 44:1 46:1 97:1 98:1 99:1 100:1 101:1 103:1 104:1 105:1 106:1 107:1 108:1 109:1 110:1 111:1 112:1 114:1 115:1 116:1 117:1 118:1 122:1 353:1 
6 9:1 10:1 13:1 32:1 44:1 46:1 53:1 97:1 98:1 99:1 100:1 101:1 103:1 104:1 105:1 106:1 107:1 108:1 109:1 110:1 111:1 112:1 114:1 115:1 116:1 117:1 118:1 122:1 263:1 353:1 
6 9:1 10:1 13:1 32:1 44:1 46:1 77:1 82:1 86:1 90:1 97:1 98:1 99:1 100:1 101:1 103:1 104:1 105:1 106:1 107:1 108:1 109:1 110:1 111:1 112:1 114:1 115:1 116:1 117:1 118:1 122:1 263:1 269:1 273:1 353:1 382:1 
6 9:1 10:1 13:1 32:1 44:1 46:1 66:1 74:1 78:1 83:1 97:1 98:1 99:1 100:1 101:1 102:1 103:1 104:1 105:1 106:1 107:1 108:1 109:1 110:1 111:1 112:1 114:1 115:1 116:1 117:1 118:1 122:1 263:1 269:1 273:1 353:1 382:1 
6 9:1 10:1 13:1 32:1 44:1 46:1 66:1 67:1 68:1 71:1 75:1 78:1 83:1 97:1 98:1 99:1 100:1 101:1 103:1 104:1 105:1 106:1 107:1 108:1 110:1 111:1 112:1 114:1 115:1 116:1 117:1 118:1 122:1 352:1 382:1 
6 9:1 10:1 13:1 32:1 39:1 44:1 46:1 97:1 98:1 99:1 100:1 101:1 103:1 104:1 105:1 106:1 107:1 108:1 109:1 110:1 111:1 112:1 114:1 115:1 116:1 117:1 118:1 122:1 263:1 269:1 353:1 382:1 
6 9:1 10:1 13:1 32:1 44:1 46:1 72:1 77:1 83:1 97:1 98:1 99:1 100:1 101:1 103:1 104:1 105:1 106:1 107:1 108:1 109:1 110:1 111:1 114:1 115:1 116:1 117:1 118:1 122:1 263:1 269:1 273:1 382:1 
6 9:1 10:1 13:1 32:1 44:1 46:1 66:1 78:1 97:1 98:1 100:1 101:1 103:1 104:1 105:1 106:1 107:1 109:1 110:1 111:1 112:1 114:1 115:1 116:1 117:1 118:1 122:1 269:1 353:1 
6 9:1 10:1 13:1 32:1 44:1 46:1 68:1 69:1 71:1 72:1 80:1 83:1 85:1 90:1 97:1 98:1 99:1 100:1 101:1 103:1 104:1 105:1 106:1 107:1 108:1 109:1 110:1 111:1 112:1 114:1 115:1 116:1 117:1 118:1 122:1 263:1 353:1 
6 9:1 10:1 13:1 32:1 46:1 67:1 71:1 97:1 98:1 100:1 101:1 103:1 104:1 105:1 106:1 107:1 108:1 109:1 110:1 111:1 112:1 114:1 115:1 116:1 117:1 118:1 263:1 269:1 
6 9:1 10:1 13:1 32:1 44:1 46:1 65:1 71:1 73:1 78:1 97:1 98:1 99:1 100:1 101:1 102:1 103:1 104:1 105:1 106:1 107:1 108:1 109:1 110:1 111:1 112:1 114:1 115:1 116:1 117:1 118:1 122:1 171:1 187:1 263:1 269:1 353:1 381:1 382:1 
6 9:1 10:1 13:1 32:1 44:1 45:1 46:1 66:1 68:1 79:1 82:1 83:1 84:1 97:1 98:1 99:1 100:1 101:1 102:1 103:1 104:1 105:1 106:1 107:1 108:1 109:1 110:1 111:1 112:1 114:1 115:1 116:1 117:1 118:1 122:1 263:1 269:1 273:1 
6 9:1 10:1 13:1 32:1 44:1 46:1 51:1 97:1 98:1 100:1 101:1 103:1 104:1 105:1 106:1 107:1 108:1 109:1 110:1 111:1 112:1 114:1 115:1 116:1 117:1 118:1 122:1 269:1 273:1 353:1 
6 9:1 10:1 13:1 32:1 44:1 46:1 97:1 100:1 101:1 103:1 104:1 105:1 106:1 107:1 108:1 109:1 110:1 111:1 112:1 114:1 115:1 116:1 117:1 118:1 122:1 263:1 269:1 273:1 353:1 
6 9:1 10:1 13:1 32:1 34:1 44:1 46:1 80:1 83:1 84:1 97:1 98:1 99:1 100:1 101:1 103:1 104:1 105:1 106:1 107:1 108:1 109:1 110:1 111:1 112:1 114:1 115:1 116:1 117:1 118:1 122:1 269:1 273:1 353:1 
6 9:1 10:1 13:1 32:1 44:1 46:1 97:1 98:1 100:1 101:1 102:1 103:1 104:1 105:1 106:1 107:1 108:1 109:1 110:1 111:1 112:1 114:1 115:1 116:1 117:1 118:1 122:1 
6 9:1 10:1 13:1 32:1 34:1 44:1 46:1 65:1 97:1 98:1 99:1 100:1 101:1 104:1 105:1 106:1 107:1 108:1 109:1 110:1 111:1 112:1 114:1 115:1 116:1 117:1 118:1 122:1 263:1 353:1 382:1 
6 9:1 10:1 13:1 32:1 46:1 76:1 77:1 79:1 82:1 97:1 98:1 100:1 101:1 103:1 104:1 105:1 106:1 107:1 108:1 110:1 111:1 112:1 114:1 115:1 116:1 117:1 118:1 122:1 263:1 353:1 382:1 
6 9:1 10:1 13:1 32:1 44:1 46:1 65:1 66:1 67:1 76:1 77:1 80:1 83:1 84:1 97:1 98:1 99:1 100:1 101:1 102:1 103:1 104:1 105:1 106:1 107:1 108:1 109:1 110:1 111:1 112:1 114:1 115:1 116:1 117:1 118:1 122:1 353:1 
6 9:1 10:1 13:1 32:1 46:1 97:1 98:1 99:1 100:1 101:1 103:1 104:1 105:1 106:1 107:1 108:1 109:1 110:1 111:1 112:1 114:1 115:1 116:1 117:1 118:1 122:1 269:1 353:1 382:1 
6 9:1 10:1 13:1 32:1 37:1 44:1 46:1 54:1 97:1 98:1 99:1 100:1 101:1 103:1 104:1 105:1 106:1 107:1 108:1 109:1 110:1 111:1 112:1 114:1 115:1 116:1 117:1 118:1 122:1 353:1 
6 9:1 10:1 13:1 32:1 44:1 46:1 49:1 53:1 84:1 97:1 98:1 99:1 100:1 101:1 103:1 104:1 105:1 106:1 107:1 108:1 109:1 110:1 111:1 112:1 114:1 115:1 116:1 117:1 118:1 122:1 263:1 273:1 353:1 382:1 
6 9:1 10:1 13:1 32:1 44:1 45:1 46:1 66:1 67:1 69:1 78:1 83:1 84:1 85:1 97:1 98:1 99:1 100:1 101:1 103:1 104:1 105:1 106:1 107:1 108:1 109:1 110:1 111:1 112:1 114:1 115:1 116:1 117:1 118:1 122:1 269:1 273:1 353:1 382:1 
6 9:1 10:1 13:1 32:1 44:1 46:1 74:1 97:1 98:1 100:1 101:1 103:1 104:1 105:1 106:1 107:1 108:1 109:1 110:1 111:1 112:1 114:1 115:1 116:1 117:1 118:1 122:1 269:1 353:1 381:1 
6 9:1 10:1 13:1 32:1 44:1 46:1 79:1 97:1 98:1 100:1 101:1 104:1 105:1 106:1 107:1 108:1 109:1 110:1 111:1 112:1 114:1 115:1 116:1 117:1 118:1 122:1 263:1 353:1 382:1 
6 9:1 10:1 13:1 32:1 44:1 46:1 72:1 78:1 83:1 97:1 98:1 99:1 100:1 101:1 103:1 104:1 105:1 106:1 107:1 108:1 109:1 110:1 111:1 112:1 114:1 115:1 116:1 117:1 118:1 122:1 263:1 268:1 269:1 273:1 
6 9:1 10:1 13:1 32:1 37:1 40:1 41:1 44:1 46:1 49:1 51:1 52:1 53:1 54:1 97:1 98:1 100:1 101:1 103:1 104:1 105:1 106:1 107:1 108:1 109:1 110:1 111:1 112:1 114:1 115:1 116:1 117:1 118:1 122:1 263:1 273:1 382:1 8220:1 8221:1 
6 9:1 10:1 13:1 32:1 44:1 46:1 72:1 97:1 98:1 99:1 100:1 101:1 103:1 104:1 105:1 106:1 107:1 108:1 109:1 110:1 111:1 112:1 114:1 115:1 116:1 117:1 118:1 122:1 263:1 269:1 
6 9:1 10:1 13:1 32:1 46:1 97:1 99:1 100:1 101:1 103:1 104:1 105:1 106:1 107:1 108:1 109:1 110:1 111:1 112:1 114:1 115:1 116:1 117:1 118:1 122:1 269:1 353:1 382:1 
6 9:1 10:1 13:1 32:1 34:1 44:1 46:1 83:1 97:1 98:1 100:1 101:1 104:1 105:1 106:1 107:1 108:1 109:1 110:1 111:1 112:1 114:1 115:1 116:1 117:1 118:1 122:1 262:1 263:1 269:1 353:1 382:1 
6 9:1 10:1 13:1 32:1 44:1 46:1 97:1 98:1 99:1 100:1 101:1 103:1 104:1 105:1 106:1 107:1 108:1 109:1 110:1 111:1 112:1 114:1 115:1 116:1 117:1 118:1 122:1 263:1 269:1 353:1 
6 9:1 10:1 13:1 32:1 44:1 46:1 69:1 71:1 72:1 76:1 77:1 85:1 97:1 98:1 99:1 100:1 101:1 103:1 104:1 105:1 106:1 107:1 108:1 109:1 110:1 111:1 112:1 114:1 115:1 116:1 117:1 118:1 122:1 263:1 268:1 269:1 353:1 
6 9:1 10:1 13:1 32:1 46:1 65:1 72:1 77:1 97:1 98:1 99:1 100:1 101:1 102:1 104:1 105:1 106:1 107:1 108:1 109:1 110:1 111:1 112:1 114:1 115:1 116:1 117:1 118:1 122:1 263:1 269:1 353:1 
6 9:1 10:1 13:1 32:1 44:1 46:1 80:1 83:1 97:1 98:1 99:1 100:1 101:1 103:1 104:1 105:1 106:1 107:1 108:1 109:1 110:1 111:1 112:1 114:1 115:1 116:1 117:1 118:1 122:1 263:1 269:1 273:1 353:1 382:1 
6 9:1 10:1 13:1 32:1 44:1 46:1 49:1 55:1 65:1 70:1 97:1 98:1 99:1 100:1 101:1 103:1 104:1 105:1 106:1 107:1 108:1 109:1 110:1 111:1 112:1 114:1 115:1 116:1 117:1 118:1 122:1 269:1 
6 9:1 10:1 13:1 32:1 44:1 46:1 84:1 97:1 98:1 99:1 100:1 101:1 102:1 104:1 105:1 106:1 107:1 108:1 109:1 110:1 111:1 112:1 114:1 115:1 116:1 117:1 118:1 122:1 263:1 269:1 353:1 382:1 8220:1 8221:1 8230:1 
6 9:1 10:1 13:1 32:1 44:1 46:1 48:1 49:1 50:1 53:1 97:1 98:1 100:1 101:1 102:1 104:1 105:1 106:1 107:1 108:1 109:1 110:1 111:1 112:1 114:1 115:1 116:1 117:1 118:1 122:1 263:1 353:1 
6 9:1 10:1 13:1 32:1 44:1 46:1 51:1 70:1 72:1 97:1 98:1 99:1 100:1 101:1 102:1 103:1 104:1 105:1 106:1 107:1 108:1 110:1 111:1 112:1 114:1 115:1 116:1 117:1 118:1 122:1 263:1 269:1 353:1 382:1 
6 9:1 10:1 13:1 32:1 44:1 46:1 68:1 97:1 98:1 99:1 100:1 101:1 102:1 103:1 104:1 105:1 106:1 107:1 108:1 109:1 110:1 111:1 112:1 114:1 115:1 116:1 117:1 118:1 122:1 269:1 
6 9:1 10:1 13:1 32:1 44:1 46:1 97:1 98:1 100:1 101:1 103:1 104:1 105:1 106:1 107:1 108:1 109:1 110:1 111:1 112:1 114:1 115:1 116:1 117:1 118:1 122:1 269:1 353:1 
6 9:1 10:1 13:1 32:1 44:1 46:1 97:1 98:1 99:1 100:1 101:1 103:1 104:1 105:1 106:1 107:1 108:1 109:1 110:1 111:1 112:1 114:1 115:1 116:1 117:1 118:1 122:1 263:1 353:1 382:1 
6 9:1 10:1 13:1 32:1 44:1 46:1 49:1 55:1 73:1 74:1 75:1 83:1 97:1 98:1 100:1 101:1 103:1 104:1 105:1 106:1 107:1 108:1 109:1 110:1 111:1 112:1 114:1 115:1 116:1 117:1 118:1 122:1 263:1 273:1 353:1 8216:1 8217:1 
6 9:1 10:1 13:1 32:1 44:1 46:1 47:1 48:1 56:1 97:1 98:1 100:1 101:1 102:1 104:1 105:1 106:1 107:1 108:1 109:1 110:1 111:1 112:1 114:1 115:1 116:1 117:1 118:1 122:1 273:1 382:1 
6 9:1 10:1 13:1 32:1 44:1 46:1 66:1 68:1 72:1 75:1 78:1 79:1 97:1 99:1 100:1 101:1 103:1 104:1 105:1 106:1 107:1 108:1 109:1 110:1 111:1 112:1 114:1 115:1 116:1 117:1 118:1 122:1 269:1 
6 9:1 10:1 13:1 32:1 34:1 46:1 65:1 69:1 72:1 74:1 76:1 80:1 82:1 97:1 98:1 99:1 100:1 101:1 103:1 104:1 105:1 106:1 107:1 108:1 109:1 110:1 111:1 112:1 114:1 115:1 116:1 117:1 118:1 119:1 122:1 263:1 269:1 353:1 
6 9:1 10:1 13:1 32:1 44:1 46:1 48:1 49:1 53:1 90:1 97:1 98:1 99:1 100:1 101:1 103:1 104:1 105:1 106:1 107:1 108:1 109:1 110:1 111:1 112:1 114:1 115:1 116:1 117:1 118:1 122:1 353:1 382:1 
6 9:1 10:1 13:1 32:1 44:1 46:1 49:1 56:1 57:1 78:1 97:1 98:1 99:1 100:1 101:1 103:1 104:1 105:1 106:1 107:1 108:1 109:1 110:1 111:1 112:1 114:1 115:1 116:1 117:1 118:1 122:1 269:1 353:1 382:1 
6 9:1 10:1 13:1 32:1 46:1 84:1 97:1 98:1 99:1 100:1 101:1 103:1 104:1 105:1 106:1 107:1 108:1 109:1 110:1 111:1 112:1 114:1 115:1 116:1 117:1 118:1 122:1 353:1 382:1 
6 9:1 10:1 13:1 32:1 44:1 46:1 97:1 98:1 100:1 101:1 103:1 104:1 105:1 106:1 107:1 108:1 110:1 111:1 112:1 114:1 115:1 116:1 117:1 118:1 263:1 269:1 353:1 
7 9:1 10:1 13:1 32:1 44:1 46:1 68:1 69:1 70:1 74:1 82:1 83:1 84:1 85:1 97:1 98:1 99:1 100:1 101:1 102:1 103:1 104:1 105:1 107:1 108:1 109:1 110:1 111:1 112:1 114:1 115:1 116:1 117:1 118:1 119:1 121:1 
7 9:1 10:1 13:1 32:1 44:1 46:1 73:1 75:1 78:1 80:1 83:1 87:1 97:1 98:1 100:1 101:1 103:1 104:1 105:1 106:1 107:1 108:1 109:1 110:1 111:1 112:1 114:1 115:1 116:1 117:1 119:1 121:1 
7 9:1 10:1 13:1 32:1 40:1 41:1 44:1 46:1 48:1 50:1 53:1 72:1 73:1 80:1 84:1 97:1 98:1 100:1 101:1 103:1 104:1 105:1 106:1 107:1 108:1 109:1 110:1 111:1 112:1 114:1 115:1 116:1 117:1 119:1 121:1 122:1 
7 9:1 10:1 13:1 32:1 34:1 44:1 46:1 65:1 72:1 73:1 83:1 84:1 97:1 98:1 99:1 100:1 101:1 103:1 104:1 105:1 107:1 108:1 109:1 110:1 111:1 112:1 114:1 115:1 116:1 117:1 121:1 
7 9:1 10:1 13:1 32:1 40:1 41:1 44:1 46:1 48:1 50:1 51:1 53:1 68:1 72:1 74:1 75:1 77:1 78:1 80:1 82:1 84:1 87:1 97:1 98:1 100:1 101:1 103:1 104:1 105:1 106:1 107:1 108:1 109:1 110:1 111:1 112:1 114:1 115:1 116:1 117:1 119:1 121:1 122:1 
7 9:1 10:1 13:1 32:1 44:1 46:1 51:1 53:1 65:1 69:1 73:1 82:1 84:1 97:1 98:1 99:1 100:1 101:1 102:1 103:1 104:1 105:1 106:1 107:1 108:1 109:1 110:1 111:1 112:1 114:1 115:1 116:1 117:1 118:1 119:1 121:1 
7 9:1 10:1 13:1 32:1 44:1 46:1 47:1 66:1 67:1 68:1 73:1 74:1 75:1 77:1 78:1 80:1 84:1 86:1 88:1 90:1 97:1 98:1 100:1 101:1 102:1 103:1 104:1 105:1 106:1 107:1 108:1 109:1 110:1 111:1 112:1 114:1 115:1 116:1 117:1 118:1 119:1 121:1 
7 9:1 10:1 13:1 32:1 46:1 69:1 89:1 97:1 98:1 100:1 101:1 102:1 103:1 104:1 105:1 106:1 107:1 108:1 109:1 110:1 111:1 112:1 114:1 115:1 116:1 117:1 121:1 
7 9:1 10:1 13:1 32:1 36:1 44:1 46:1 48:1 49:1 50:1 54:1 56:1 66:1 68:1 69:1 77:1 82:1 83:1 85:1 87:1 97:1 98:1 100:1 101:1 103:1 104:1 105:1 106:1 107:1 108:1 109:1 110:1 111:1 112:1 114:1 115:1 116:1 117:1 
7 9:1 10:1 13:1 32:1 40:1 41:1 44:1 46:1 49:1 51:1 52:1 54:1 55:1 67:1 70:1 72:1 75:1 77:1 80:1 87:1 90:1 97:1 98:1 99:1 100:1 101:1 102:1 103:1 104:1 105:1 106:1 107:1 108:1 109:1 110:1 111:1 112:1 114:1 115:1 116:1 117:1 121:1 
7 9:1 10:1 13:1 32:1 40:1 41:1 44:1 46:1 47:1 49:1 55:1 66:1 75:1 80:1 82:1 83:1 85:1 97:1 98:1 100:1 101:1 102:1 103:1 104:1 105:1 106:1 107:1 108:1 109:1 110:1 111:1 112:1 114:1 115:1 116:1 117:1 121:1 
7 9:1 10:1 13:1 32:1 40:1 41:1 44:1 46:1 65:1 75:1 85:1 97:1 98:1 99:1 100:1 101:1 103:1 104:1 105:1 107:1 108:1 109:1 110:1 111:1 112:1 114:1 115:1 116:1 117:1 118:1 119:1 121:1 
7 9:1 10:1 13:1 32:1 34:1 40:1 41:1 44:1 46:1 47:1 49:1 50:1 53:1 65:1 69:1 73:1 74:1 77:1 78:1 80:1 85:1 97:1 98:1 99:1 100:1 101:1 102:1 103:1 104:1 105:1 106:1 107:1 108:1 109:1 110:1 111:1 112:1 114:1 115:1 116:1 117:1 118:1 119:1 121:1 
7 9:1 10:1 13:1 32:1 44:1 46:1 73:1 75:1 80:1 97:1 98:1 100:1 101:1 103:1 104:1 105:1 106:1 107:1 108:1 109:1 110:1 111:1 112:1 114:1 115:1 116:1 117:1 121:1 
7 9:1 10:1 13:1 32:1 40:1 41:1 44:1 46:1 65:1 66:1 67:1 73:1 77:1 78:1 79:1 80:1 81:1 83:1 97:1 98:1 100:1 101:1 103:1 104:1 105:1 106:1 107:1 108:1 109:1 110:1 111:1 112:1 113:1 114:1 115:1 116:1 117:1 119:1 121:1 122:1 
7 9:1 10:1 13:1 32:1 44:1 46:1 78:1 97:1 98:1 100:1 101:1 102:1 103:1 104:1 105:1 106:1 107:1 108:1 109:1 110:1 111:1 112:1 114:1 115:1 116:1 117:1 121:1 122:1 
7 9:1 10:1 13:1 32:1 44:1 46:1 48:1 49:1 50:1 51:1 66:1 68:1 73:1 74:1 75:1 76:1 79:1 85:1 97:1 98:1 100:1 101:1 103:1 104:1 105:1 107:1 108:1 109:1 110:1 112:1 114:1 115:1 116:1 117:1 119:1 
7 9:1 10:1 13:1 32:1 34:1 44:1 46:1 74:1 80:1 97:1 98:1 100:1 101:1 103:1 104:1 105:1 107:1 108:1 109:1 110:1 112:1 114:1 115:1 116:1 117:1 118:1 121:1 
7 9:1 10:1 13:1 32:1 34:1 44:1 46:1 50:1 53:1 65:1 68:1 72:1 75:1 76:1 97:1 98:1 100:1 101:1 103:1 104:1 105:1 106:1 107:1 108:1 109:1 110:1 111:1 112:1 114:1 115:1 116:1 117:1 119:1 
7 9:1 10:1 13:1 32:1 40:1 41:1 44:1 46:1 48:1 49:1 53:1 55:1 56:1 68:1 71:1 73:1 80:1 97:1 98:1 100:1 101:1 103:1 105:1 106:1 107:1 108:1 109:1 110:1 111:1 112:1 114:1 115:1 116:1 117:1 121:1 
7 9:1 10:1 13:1 32:1 44:1 46:1 71:1 78:1 83:1 97:1 98:1 99:1 100:1 101:1 103:1 104:1 105:1 106:1 107:1 108:1 109:1 110:1 111:1 112:1 114:1 115:1 116:1 117:1 121:1 
7 9:1 10:1 13:1 32:1 34:1 44:1 46:1 65:1 73:1 75:1 78:1 80:1 83:1 84:1 87:1 97:1 98:1 100:1 101:1 103:1 104:1 105:1 106:1 107:1 108:1 109:1 110:1 111:1 112:1 114:1 115:1 116:1 117:1 121:1 
7 9:1 10:1 13:1 32:1 44:1 46:1 97:1 98:1 100:1 101:1 103:1 104:1 105:1 106:1 107:1 108:1 109:1 110:1 111:1 112:1 114:1 115:1 116:1 117:1 118:1 121:1 
7 9:1 10:1 13:1 32:1 44:1 46:1 72:1 80:1 83:1 97:1 98:1 100:1 101:1 102:1 103:1 104:1 105:1 106:1 107:1 108:1 109:1 110:1 112:1 114:1 115:1 116:1 117:1 121:1 
7 9:1 10:1 13:1 32:1 44:1 46:1 65:1 75:1 77:1 80:1 83:1 97:1 98:1 99:1 100:1 101:1 103:1 104:1 105:1 107:1 108:1 109:1 110:1 111:1 112:1 114:1 115:1 116:1 117:1 119:1 121:1 
7 9:1 10:1 13:1 32:1 40:1 41:1 44:1 46:1 48:1 49:1 51:1 54:1 65:1 66:1 70:1 73:1 75:1 78:1 79:1 80:1 83:1 84:1 97:1 98:1 99:1 100:1 101:1 103:1 104:1 105:1 106:1 107:1 108:1 109:1 110:1 111:1 112:1 114:1 115:1 116:1 117:1 119:1 121:1 
7 9:1 10:1 13:1 32:1 44:1 48:1 50:1 53:1 57:1 63:1 65:1 67:1 68:1 74:1 75:1 77:1 83:1 84:1 97:1 98:1 99:1 100:1 101:1 103:1 104:1 105:1 106:1 107:1 108:1 109:1 110:1 111:1 112:1 114:1 115:1 116:1 117:1 118:1 119:1 121:1 
7 9:1 10:1 13:1 32:1 44:1 46:1 68:1 75:1 80:1 83:1 85:1 97:1 98:1 100:1 101:1 103:1 104:1 105:1 107:1 108:1 109:1 110:1 111:1 112:1 114:1 115:1 116:1 117:1 121:1 
7 9:1 10:1 13:1 32:1 44:1 46:1 51:1 52:1 73:1 97:1 98:1 100:1 101:1 103:1 104:1 105:1 106:1 107:1 108:1 109:1 110:1 111:1 112:1 114:1 115:1 116:1 117:1 119:1 121:1 
7 9:1 10:1 13:1 32:1 40:1 41:1 44:1 46:1 47:1 49:1 51:1 52:1 66:1 72:1 75:1 82:1 97:1 98:1 99:1 100:1 101:1 103:1 105:1 106:1 107:1 108:1 109:1 110:1 111:1 112:1 114:1 115:1 116:1 117:1 119:1 122:1 237:1 
7 9:1 10:1 13:1 32:1 34:1 44:1 46:1 65:1 76:1 97:1 98:1 99:1 100:1 101:1 102:1 103:1 104:1 105:1 106:1 107:1 108:1 109:1 110:1 111:1 112:1 114:1 115:1 116:1 117:1 118:1 121:1 
7 9:1 10:1 13:1 32:1 44:1 46:1 66:1 69:1 73:1 77:1 78:1 79:1 80:1 83:1 87:1 97:1 98:1 99:1 100:1 101:1 102:1 103:1 104:1 105:1 106:1 107:1 108:1 109:1 110:1 111:1 112:1 114:1 115:1 116:1 117:1 118:1 119:1 120:1 121:1 
7 9:1 10:1 13:1 32:1 44:1 46:1 65:1 70:1 72:1 74:1 78:1 80:1 97:1 98:1 99:1 100:1 101:1 103:1 104:1 105:1 107:1 108:1 109:1 110:1 111:1 112:1 114:1 115:1 116:1 117:1 119:1 120:1 121:1 
7 9:1 10:1 13:1 32:1 44:1 46:1 49:1 51:1 53:1 65:1 66:1 67:1 71:1 75:1 83:1 97:1 98:1 99:1 100:1 101:1 102:1 103:1 104:1 105:1 106:1 107:1 108:1 109:1 110:1 111:1 112:1 114:1 115:1 116:1 117:1 119:1 121:1 
7 9:1 10:1 13:1 32:1 44:1 46:1 65:1 67:1 68:1 72:1 77:1 83:1 88:1 97:1 98:1 99:1 100:1 101:1 103:1 104:1 105:1 106:1 107:1 108:1 109:1 110:1 111:1 112:1 114:1 115:1 116:1 117:1 121:1 
7 9:1 10:1 13:1 32:1 44:1 46:1 66:1 68:1 70:1 71:1 75:1 80:1 82:1 83:1 97:1 98:1 100:1 101:1 103:1 104:1 105:1 106:1 107:1 108:1 109:1 110:1 111:1 112:1 114:1 115:1 116:1 117:1 121:1 8221:1 
7 9:1 10:1 13:1 32:1 44:1 46:1 48:1 49:1 50:1 51:1 52:1 65:1 66:1 70:1 73:1 78:1 81:1 83:1 97:1 98:1 99:1 100:1 101:1 103:1 104:1 105:1 106:1 107:1 108:1 109:1 110:1 111:1 112:1 114:1 115:1 116:1 117:1 118:1 
7 9:1 10:1 13:1 32:1 40:1 41:1 44:1 46:1 47:1 50:1 54:1 82:1 97:1 98:1 99:1 100:1 101:1 102:1 103:1 104:1 105:1 106:1 107:1 108:1 109:1 110:1 111:1 112:1 114:1 115:1 116:1 117:1 120:1 121:1 
7 9:1 10:1 13:1 32:1 44:1 46:1 65:1 66:1 68:1 70:1 71:1 76:1 77:1 78:1 80:1 83:1 97:1 98:1 99:1 100:1 101:1 103:1 104:1 105:1 106:1 107:1 108:1 109:1 110:1 111:1 112:1 114:1 115:1 116:1 117:1 119:1 121:1 122:1 
7 9:1 10:1 13:1 32:1 44:1 46:1 48:1 49:1 50:1 52:1 80:1 82:1 97:1 98:1 100:1 101:1 103:1 104:1 105:1 106:1 107:1 108:1 109:1 110:1 111:1 112:1 114:1 115:1 116:1 117:1 121:1 
7 9:1 10:1 13:1 32:1 34:1 44:1 46:1 65:1 69:1 84:1 97:1 100:1 101:1 103:1 104:1 105:1 106:1 107:1 108:1 109:1 110:1 111:1 112:1 114:1 115:1 116:1 117:1 121:1 
7 9:1 10:1 13:1 32:1 44:1 46:1 66:1 68:1 71:1 72:1 73:1 75:1 77:1 78:1 80:1 82:1 83:1 87:1 97:1 98:1 100:1 101:1 103:1 104:1 105:1 106:1 107:1 108:1 109:1 110:1 111:1 112:1 114:1 115:1 116:1 117:1 
7 9:1 10:1 13:1 32:1 40:1 41:1 44:1 46:1 68:1 71:1 73:1 74:1 75:1 97:1 98:1 100:1 101:1 102:1 103:1 104:1 105:1 106:1 107:1 108:1 109:1 110:1 111:1 112:1 114:1 115:1 116:1 117:1 121:1 
7 9:1 10:1 13:1 32:1 44:1 46:1 97:1 98:1 100:1 101:1 103:1 104:1 105:1 106:1 107:1 108:1 109:1 110:1 111:1 112:1 114:1 115:1 116:1 117:1 119:1 121:1 
7 9:1 10:1 13:1 32:1 40:1 41:1 44:1 46:1 47:1 52:1 57:1 66:1 74:1 75:1 83:1 84:1 86:1 97:1 98:1 99:1 100:1 101:1 103:1 104:1 105:1 107:1 108:1 109:1 110:1 111:1 112:1 114:1 115:1 116:1 117:1 121:1 
7 9:1 10:1 13:1 32:1 44:1 46:1 48:1 52:1 53:1 56:1 65:1 66:1 68:1 71:1 72:1 73:1 77:1 82:1 83:1 89:1 97:1 98:1 99:1 100:1 101:1 102:1 103:1 104:1 105:1 106:1 107:1 108:1 109:1 110:1 111:1 112:1 114:1 115:1 116:1 117:1 118:1 119:1 121:1 122:1 
7 9:1 10:1 13:1 32:1 46:1 83:1 97:1 98:1 100:1 101:1 103:1 104:1 105:1 107:1 108:1 109:1 110:1 112:1 114:1 115:1 116:1 117:1 119:1 121:1 
7 9:1 10:1 13:1 32:1 40:1 41:1 44:1 46:1 47:1 50:1 51:1 56:1 65:1 66:1 68:1 73:1 76:1 78:1 80:1 82:1 84:1 97:1 98:1 99:1 100:1 101:1 103:1 104:1 105:1 106:1 107:1 108:1 109:1 110:1 111:1 112:1 114:1 115:1 116:1 117:1 121:1 
7 9:1 10:1 13:1 32:1 44:1 46:1 49:1 54:1 57:1 77:1 97:1 98:1 100:1 101:1 102:1 103:1 104:1 105:1 106:1 107:1 108:1 109:1 110:1 111:1 112:1 114:1 115:1 116:1 117:1 
7 9:1 10:1 13:1 32:1 46:1 65:1 66:1 68:1 69:1 76:1 78:1 80:1 83:1 85:1 97:1 98:1 100:1 101:1 103:1 105:1 107:1 108:1 109:1 110:1 111:1 112:1 114:1 115:1 116:1 117:1 121:1 8211:1 
7 9:1 10:1 13:1 32:1 40:1 41:1 44:1 46:1 65:1 66:1 68:1 75:1 78:1 79:1 83:1 97:1 98:1 99:1 100:1 101:1 102:1 103:1 104:1 105:1 107:1 108:1 109:1 110:1 111:1 112:1 114:1 115:1 116:1 117:1 122:1 
7 9:1 10:1 13:1 32:1 44:1 46:1 70:1 73:1 74:1 75:1 97:1 98:1 100:1 101:1 103:1 104:1 105:1 106:1 107:1 108:1 109:1 110:1 112:1 114:1 115:1 116:1 117:1 119:1 121:1 
7 9:1 10:1 13:1 32:1 44:1 46:1 49:1 50:1 53:1 55:1 56:1 57:1 65:1 66:1 67:1 68:1 69:1 70:1 71:1 73:1 75:1 77:1 78:1 80:1 83:1 85:1 87:1 97:1 98:1 99:1 100:1 101:1 102:1 103:1 104:1 105:1 106:1 107:1 108:1 109:1 110:1 111:1 112:1 114:1 115:1 116:1 117:1 118:1 119:1 121:1 
7 9:1 10:1 13:1 32:1 40:1 41:1 44:1 46:1 47:1 49:1 50:1 55:1 67:1 74:1 83:1 97:1 98:1 100:1 101:1 103:1 104:1 105:1 106:1 107:1 108:1 109:1 110:1 111:1 112:1 114:1 115:1 116:1 117:1 119:1 121:1 
7 9:1 10:1 13:1 32:1 34:1 44:1 46:1 48:1 50:1 53:1 54:1 83:1 97:1 98:1 100:1 101:1 103:1 104:1 105:1 106:1 107:1 109:1 110:1 111:1 112:1 114:1 115:1 116:1 117:1 121:1 
7 9:1 10:1 13:1 32:1 44:1 46:1 65:1 66:1 73:1 74:1 77:1 78:1 83:1 97:1 98:1 99:1 100:1 101:1 103:1 104:1 105:1 107:1 108:1 109:1 110:1 111:1 112:1 114:1 115:1 116:1 117:1 118:1 121:1 
7 9:1 10:1 13:1 32:1 34:1 44:1 46:1 65:1 81:1 83:1 97:1 98:1 100:1 101:1 102:1 103:1 104:1 105:1 106:1 107:1 108:1 109:1 110:1 112:1 114:1 115:1 116:1 117:1 119:1 121:1 
7 9:1 10:1 13:1 32:1 46:1 75:1 97:1 98:1 99:1 100:1 101:1 103:1 104:1 105:1 106:1 107:1 108:1 109:1 110:1 111:1 112:1 114:1 115:1 116:1 117:1 119:1 121:1 
7 9:1 10:1 13:1 32:1 40:1 41:1 44:1 46:1 48:1 49:1 50:1 53:1 65:1 66:1 68:1 71:1 75:1 77:1 80:1 97:1 98:1 99:1 100:1 101:1 102:1 103:1 104:1 105:1 106:1 107:1 108:1 109:1 110:1 111:1 112:1 114:1 115:1 116:1 117:1 118:1 121:1 
7 9:1 10:1 13:1 32:1 34:1 40:1 41:1 44:1 46:1 63:1 73:1 77:1 80:1 82:1 83:1 85:1 97:1 98:1 99:1 100:1 101:1 103:1 104:1 105:1 106:1 107:1 108:1 109:1 110:1 111:1 112:1 114:1 115:1 116:1 117:1 121:1 
7 9:1 10:1 13:1 32:1 44:1 46:1 71:1 97:1 98:1 99:1 100:1 101:1 103:1 104:1 105:1 107:1 108:1 109:1 110:1 111:1 112:1 114:1 115:1 116:1 117:1 118:1 119:1 121:1 
7 9:1 10:1 13:1 32:1 44:1 46:1 48:1 49:1 50:1 51:1 77:1 78:1 79:1 84:1 85:1 97:1 98:1 99:1 100:1 101:1 103:1 104:1 105:1 106:1 107:1 108:1 109:1 110:1 111:1 112:1 114:1 115:1 116:1 117:1 118:1 119:1 121:1 
7 9:1 10:1 13:1 32:1 40:1 41:1 44:1 46:1 48:1 49:1 50:1 51:1 65:1 67:1 70:1 72:1 73:1 75:1 78:1 79:1 83:1 85:1 97:1 98:1 100:1 101:1 102:1 103:1 104:1 105:1 106:1 107:1 108:1 109:1 110:1 111:1 112:1 114:1 115:1 116:1 117:1 118:1 119:1 121:1 
7 9:1 10:1 13:1 32:1 44:1 46:1 49:1 51:1 54:1 55:1 66:1 67:1 68:1 73:1 75:1 80:1 82:1 88:1 97:1 98:1 99:1 100:1 101:1 103:1 104:1 105:1 106:1 107:1 108:1 109:1 110:1 111:1 112:1 114:1 115:1 116:1 117:1 121:1 
7 9:1 10:1 13:1 32:1 34:1 44:1 46:1 47:1 65:1 66:1 68:1 71:1 74:1 75:1 77:1 79:1 80:1 82:1 84:1 97:1 98:1 100:1 101:1 103:1 104:1 105:1 106:1 107:1 108:1 109:1 110:1 111:1 112:1 114:1 115:1 116:1 117:1 121:1 
7 9:1 10:1 13:1 32:1 44:1 46:1 68:1 72:1 73:1 77:1 83:1 84:1 97:1 100:1 101:1 102:1 103:1 104:1 105:1 106:1 107:1 108:1 109:1 110:1 111:1 112:1 114:1 115:1 116:1 117:1 119:1 121:1 8220:1 8221:1 
7 9:1 10:1 13:1 32:1 46:1 76:1 97:1 98:1 100:1 101:1 103:1 104:1 105:1 107:1 108:1 109:1 110:1 111:1 112:1 114:1 115:1 116:1 117:1 118:1 121:1 
7 9:1 10:1 13:1 32:1 44:1 46:1 48:1 49:1 53:1 63:1 65:1 73:1 77:1 80:1 82:1 97:1 98:1 99:1 100:1 101:1 103:1 104:1 105:1 106:1 107:1 108:1 109:1 110:1 111:1 112:1 114:1 115:1 116:1 117:1 118:1 119:1 121:1 
7 9:1 10:1 13:1 32:1 34:1 44:1 46:1 66:1 75:1 80:1 97:1 98:1 99:1 100:1 101:1 102:1 103:1 104:1 105:1 106:1 107:1 109:1 110:1 111:1 112:1 114:1 115:1 116:1 117:1 119:1 121:1 
7 9:1 10:1 13:1 32:1 44:1 46:1 68:1 72:1 75:1 80:1 82:1 83:1 84:1 85:1 97:1 98:1 100:1 101:1 102:1 103:1 104:1 105:1 106:1 107:1 108:1 109:1 110:1 111:1 112:1 114:1 115:1 116:1 117:1 121:1 
7 9:1 10:1 13:1 32:1 40:1 41:1 44:1 46:1 65:1 68:1 69:1 70:1 73:1 76:1 84:1 89:1 97:1 99:1 100:1 101:1 102:1 103:1 104:1 105:1 107:1 108:1 109:1 110:1 111:1 112:1 114:1 115:1 116:1 117:1 118:1 119:1 121:1 
7 9:1 10:1 13:1 32:1 40:1 41:1 44:1 46:1 47:1 48:1 49:1 50:1 51:1 56:1 65:1 74:1 75:1 76:1 77:1 78:1 82:1 97:1 98:1 100:1 101:1 102:1 103:1 104:1 105:1 107:1 108:1 109:1 110:1 111:1 112:1 114:1 115:1 116:1 117:1 121:1 8221:1 
7 9:1 10:1 13:1 32:1 46:1 47:1 48:1 49:1 50:1 53:1 66:1 73:1 74:1 75:1 80:1 83:1 97:1 98:1 99:1 100:1 101:1 103:1 104:1 105:1 106:1 107:1 108:1 109:1 110:1 111:1 112:1 114:1 115:1 116:1 117:1 121:1 
7 9:1 10:1 13:1 32:1 40:1 41:1 44:1 46:1 65:1 68:1 71:1 75:1 77:1 78:1 80:1 82:1 83:1 84:1 89:1 97:1 98:1 100:1 101:1 102:1 103:1 104:1 105:1 107:1 108:1 109:1 110:1 111:1 112:1 114:1 115:1 116:1 117:1 119:1 8211:1 
7 9:1 10:1 13:1 32:1 40:1 41:1 44:1 46:1 47:1 48:1 49:1 55:1 72:1 75:1 78:1 80:1 84:1 97:1 99:1 100:1 101:1 103:1 104:1 105:1 107:1 108:1 109:1 110:1 111:1 112:1 114:1 115:1 116:1 117:1 119:1 121:1 
7 9:1 10:1 13:1 32:1 34:1 44:1 46:1 66:1 68:1 73:1 74:1 75:1 76:1 77:1 80:1 83:1 97:1 98:1 99:1 100:1 101:1 102:1 103:1 104:1 105:1 106:1 107:1 108:1 109:1 110:1 111:1 112:1 114:1 115:1 116:1 117:1 118:1 119:1 
7 9:1 10:1 13:1 32:1 40:1 41:1 44:1 46:1 65:1 66:1 74:1 75:1 80:1 83:1 84:1 89:1 97:1 98:1 100:1 101:1 103:1 104:1 105:1 107:1 108:1 109:1 110:1 111:1 112:1 114:1 115:1 116:1 117:1 119:1 121:1 
7 9:1 10:1 13:1 32:1 34:1 44:1 46:1 65:1 66:1 67:1 72:1 74:1 75:1 83:1 84:1 87:1 97:1 98:1 100:1 101:1 103:1 104:1 105:1 106:1 107:1 108:1 109:1 110:1 111:1 112:1 114:1 115:1 116:1 117:1 121:1 
7 9:1 10:1 13:1 32:1 46:1 48:1 50:1 66:1 73:1 78:1 80:1 97:1 98:1 100:1 101:1 102:1 103:1 104:1 105:1 106:1 107:1 108:1 109:1 110:1 111:1 112:1 114:1 115:1 116:1 117:1 118:1 121:1 
7 9:1 10:1 13:1 32:1 46:1 48:1 49:1 56:1 82:1 97:1 98:1 99:1 100:1 101:1 103:1 104:1 105:1 106:1 107:1 108:1 109:1 110:1 112:1 114:1 115:1 116:1 117:1 121:1 
7 9:1 10:1 13:1 32:1 44:1 46:1 68:1 75:1 83:1 84:1 85:1 97:1 98:1 100:1 101:1 103:1 104:1 105:1 106:1 107:1 108:1 109:1 110:1 112:1 114:1 115:1 116:1 117:1 121:1 
7 9:1 10:1 13:1 32:1 34:1 44:1 46:1 80:1 97:1 98:1 99:1 100:1 101:1 103:1 104:1 105:1 107:1 108:1 109:1 110:1 111:1 112:1 114:1 115:1 116:1 117:1 121:1 
7 9:1 10:1 13:1 32:1 40:1 41:1 44:1 46:1 47:1 50:1 52:1 68:1 71:1 73:1 76:1 77:1 78:1 83:1 84:1 97:1 98:1 99:1 100:1 101:1 102:1 103:1 104:1 105:1 106:1 107:1 108:1 109:1 110:1 111:1 112:1 114:1 115:1 116:1 117:1 121:1 
7 9:1 10:1 13:1 32:1 46:1 66:1 67:1 76:1 87:1 97:1 98:1 100:1 101:1 103:1 104:1 105:1 106:1 107:1 108:1 109:1 110:1 111:1 112:1 114:1 115:1 116:1 117:1 119:1 121:1 
7 9:1 10:1 13:1 32:1 44:1 46:1 49:1 50:1 51:1 52:1 72:1 75:1 76:1 82:1 83:1 85:1 97:1 98:1 99:1 100:1 101:1 103:1 104:1 105:1 106:1 107:1 108:1 109:1 110:1 111:1 112:1 114:1 115:1 116:1 117:1 119:1 121:1 
7 9:1 10:1 13:1 32:1 44:1 46:1 48:1 50:1 52:1 65:1 66:1 75:1 77:1 82:1 97:1 98:1 99:1 100:1 101:1 102:1 103:1 104:1 105:1 106:1 107:1 108:1 109:1 110:1 111:1 112:1 114:1 115:1 116:1 117:1 118:1 119:1 121:1 122:1 8220:1 8221:1 
7 9:1 10:1 13:1 32:1 40:1 41:1 44:1 46:1 48:1 49:1 51:1 52:1 56:1 65:1 66:1 68:1 72:1 73:1 75:1 78:1 84:1 97:1 98:1 99:1 100:1 101:1 102:1 103:1 104:1 105:1 106:1 107:1 108:1 109:1 110:1 111:1 112:1 114:1 115:1 116:1 117:1 119:1 121:1 
7 9:1 10:1 13:1 32:1 46:1 70:1 97:1 98:1 99:1 100:1 101:1 103:1 104:1 105:1 107:1 108:1 109:1 110:1 111:1 112:1 114:1 115:1 116:1 117:1 118:1 119:1 121:1 
7 9:1 10:1 13:1 32:1 44:1 46:1 73:1 97:1 98:1 100:1 101:1 102:1 103:1 104:1 105:1 106:1 107:1 108:1 109:1 110:1 111:1 112:1 114:1 115:1 116:1 117:1 118:1 121:1 
7 9:1 10:1 13:1 32:1 34:1 40:1 41:1 44:1 46:1 47:1 48:1 49:1 50:1 56:1 57:1 66:1 77:1 82:1 83:1 97:1 98:1 99:1 100:1 101:1 103:1 104:1 105:1 106:1 107:1 108:1 109:1 110:1 111:1 112:1 114:1 115:1 116:1 117:1 119:1 121:1 
7 9:1 10:1 13:1 32:1 40:1 41:1 44:1 46:1 51:1 52:1 53:1 65:1 66:1 68:1 72:1 73:1 74:1 75:1 77:1 80:1 82:1 84:1 97:1 98:1 100:1 101:1 102:1 103:1 104:1 105:1 106:1 107:1 108:1 109:1 110:1 111:1 112:1 114:1 115:1 116:1 117:1 121:1 
7 9:1 10:1 13:1 32:1 44:1 46:1 65:1 87:1 97:1 98:1 100:1 101:1 102:1 103:1 104:1 105:1 106:1 107:1 108:1 109:1 110:1 111:1 112:1 114:1 115:1 116:1 117:1 121:1 
7 9:1 10:1 13:1 32:1 44:1 46:1 65:1 75:1 80:1 97:1 98:1 99:1 100:1 101:1 103:1 104:1 105:1 107:1 108:1 109:1 110:1 111:1 112:1 114:1 115:1 116:1 117:1 119:1 121:1 122:1 8220:1 8221:1 
7 9:1 10:1 13:1 32:1 34:1 44:1 46:1 48:1 49:1 50:1 66:1 71:1 72:1 74:1 79:1 82:1 97:1 98:1 99:1 100:1 101:1 102:1 103:1 104:1 105:1 106:1 107:1 108:1 109:1 110:1 111:1 112:1 114:1 115:1 116:1 117:1 119:1 121:1 
7 9:1 10:1 13:1 32:1 44:1 46:1 65:1 66:1 70:1 71:1 75:1 76:1 80:1 84:1 87:1 97:1 98:1 99:1 100:1 101:1 102:1 103:1 104:1 105:1 106:1 107:1 108:1 109:1 110:1 111:1 112:1 114:1 115:1 116:1 117:1 119:1 121:1 
7 9:1 10:1 13:1 32:1 34:1 44:1 46:1 65:1 66:1 68:1 72:1 74:1 75:1 77:1 78:1 80:1 83:1 97:1 98:1 100:1 101:1 103:1 104:1 105:1 106:1 107:1 108:1 109:1 110:1 111:1 112:1 114:1 115:1 116:1 117:1 119:1 121:1 
7 9:1 10:1 13:1 32:1 44:1 46:1 97:1 98:1 100:1 101:1 103:1 104:1 105:1 107:1 108:1 109:1 110:1 111:1 112:1 114:1 115:1 116:1 117:1 119:1 121:1 
7 9:1 10:1 13:1 32:1 44:1 46:1 65:1 73:1 97:1 98:1 100:1 101:1 102:1 103:1 104:1 105:1 106:1 107:1 108:1 109:1 110:1 111:1 112:1 114:1 115:1 116:1 117:1 119:1 121:1 
7 9:1 10:1 13:1 32:1 44:1 46:1 48:1 49:1 75:1 76:1 78:1 82:1 97:1 100:1 101:1 103:1 104:1 105:1 107:1 108:1 109:1 110:1 111:1 112:1 114:1 115:1 116:1 117:1 118:1 121:1 
7 9:1 10:1 13:1 32:1 44:1 46:1 49:1 50:1 57:1 65:1 66:1 74:1 97:1 98:1 99:1 100:1 101:1 102:1 103:1 104:1 105:1 107:1 108:1 109:1 110:1 111:1 112:1 114:1 115:1 116:1 117:1 119:1 121:1 
7 9:1 10:1 13:1 32:1 44:1 46:1 65:1 66:1 68:1 75:1 80:1 83:1 97:1 98:1 100:1 101:1 103:1 104:1 105:1 106:1 107:1 108:1 109:1 110:1 111:1 112:1 114:1 115:1 116:1 117:1 119:1 121:1 
7 9:1 10:1 13:1 32:1 40:1 41:1 44:1 46:1 68:1 70:1 73:1 78:1 79:1 80:1 83:1 84:1 97:1 98:1 99:1 100:1 101:1 103:1 104:1 105:1 106:1 107:1 108:1 109:1 110:1 111:1 112:1 114:1 115:1 116:1 117:1 
7 9:1 10:1 13:1 32:1 44:1 46:1 49:1 52:1 66:1 67:1 68:1 71:1 75:1 76:1 77:1 80:1 82:1 83:1 84:1 97:1 98:1 99:1 100:1 101:1 103:1 105:1 106:1 107:1 108:1 109:1 110:1 111:1 112:1 114:1 115:1 116:1 117:1 119:1 121:1 
7 9:1 10:1 13:1 32:1 36:1 44:1 46:1 50:1 51:1 55:1 65:1 66:1 67:1 83:1 97:1 98:1 99:1 100:1 101:1 103:1 104:1 105:1 106:1 107:1 108:1 109:1 110:1 111:1 112:1 114:1 115:1 116:1 117:1 121:1 
7 9:1 10:1 13:1 32:1 34:1 44:1 46:1 67:1 68:1 75:1 76:1 77:1 83:1 97:1 98:1 100:1 101:1 103:1 104:1 105:1 107:1 108:1 109:1 110:1 111:1 112:1 114:1 115:1 116:1 117:1 121:1 
7 9:1 10:1 13:1 32:1 44:1 46:1 65:1 66:1 72:1 75:1 77:1 80:1 83:1 84:1 87:1 97:1 98:1 99:1 100:1 101:1 102:1 103:1 104:1 105:1 106:1 107:1 108:1 109:1 110:1 111:1 112:1 114:1 115:1 116:1 117:1 119:1 121:1 
7 9:1 10:1 13:1 32:1 40:1 41:1 44:1 46:1 65:1 66:1 74:1 75:1 77:1 83:1 85:1 97:1 98:1 99:1 100:1 101:1 102:1 103:1 104:1 105:1 106:1 107:1 108:1 109:1 110:1 111:1 112:1 114:1 115:1 116:1 117:1 119:1 121:1 
7 9:1 10:1 13:1 32:1 34:1 40:1 41:1 44:1 46:1 47:1 49:1 50:1 52:1 66:1 77:1 80:1 82:1 83:1 97:1 98:1 99:1 100:1 101:1 103:1 105:1 106:1 107:1 108:1 109:1 110:1 112:1 114:1 115:1 116:1 117:1 121:1 
7 9:1 10:1 13:1 32:1 34:1 44:1 46:1 76:1 79:1 87:1 97:1 98:1 100:1 101:1 103:1 104:1 105:1 106:1 107:1 108:1 109:1 110:1 111:1 112:1 114:1 115:1 116:1 117:1 121:1 
7 9:1 10:1 13:1 32:1 44:1 46:1 65:1 66:1 72:1 74:1 77:1 83:1 97:1 98:1 99:1 100:1 101:1 102:1 103:1 104:1 105:1 107:1 108:1 109:1 110:1 112:1 114:1 115:1 116:1 117:1 119:1 121:1 
7 9:1 10:1 13:1 32:1 44:1 46:1 48:1 49:1 50:1 51:1 52:1 54:1 55:1 56:1 57:1 69:1 74:1 75:1 76:1 77:1 84:1 97:1 98:1 99:1 100:1 101:1 103:1 104:1 105:1 106:1 107:1 108:1 109:1 110:1 111:1 112:1 114:1 115:1 116:1 117:1 121:1 
7 9:1 10:1 13:1 32:1 34:1 44:1 46:1 65:1 67:1 68:1 72:1 73:1 74:1 77:1 79:1 97:1 98:1 99:1 100:1 101:1 102:1 103:1 104:1 105:1 107:1 108:1 109:1 110:1 111:1 112:1 114:1 115:1 116:1 117:1 120:1 121:1 
7 9:1 10:1 13:1 32:1 34:1 40:1 41:1 46:1 66:1 73:1 75:1 85:1 97:1 98:1 99:1 100:1 101:1 103:1 104:1 105:1 106:1 107:1 108:1 109:1 110:1 111:1 112:1 114:1 115:1 116:1 117:1 118:1 119:1 121:1 
7 9:1 10:1 13:1 32:1 44:1 46:1 48:1 50:1 56:1 65:1 67:1 97:1 98:1 100:1 101:1 103:1 104:1 105:1 106:1 107:1 108:1 109:1 110:1 111:1 112:1 114:1 115:1 116:1 117:1 118:1 
7 9:1 10:1 13:1 32:1 44:1 46:1 48:1 49:1 50:1 52:1 53:1 54:1 55:1 56:1 65:1 82:1 97:1 99:1 100:1 101:1 104:1 105:1 106:1 107:1 108:1 109:1 110:1 112:1 114:1 115:1 116:1 117:1 
7 9:1 10:1 13:1 32:1 34:1 44:1 46:1 65:1 66:1 72:1 74:1 75:1 78:1 80:1 83:1 86:1 89:1 97:1 99:1 100:1 101:1 103:1 104:1 105:1 106:1 107:1 108:1 109:1 110:1 111:1 112:1 114:1 115:1 116:1 117:1 122:1 
7 9:1 10:1 13:1 32:1 38:1 40:1 41:1 44:1 46:1 48:1 50:1 66:1 67:1 68:1 69:1 70:1 73:1 77:1 78:1 80:1 83:1 84:1 97:1 98:1 99:1 100:1 101:1 102:1 103:1 104:1 105:1 106:1 107:1 108:1 109:1 110:1 111:1 112:1 114:1 115:1 116:1 117:1 
7 9:1 10:1 13:1 32:1 44:1 46:1 76:1 80:1 84:1 97:1 98:1 99:1 100:1 101:1 103:1 104:1 105:1 106:1 107:1 108:1 109:1 110:1 111:1 112:1 114:1 115:1 116:1 117:1 121:1 
7 9:1 10:1 13:1 32:1 34:1 44:1 46:1 97:1 98:1 100:1 101:1 103:1 104:1 105:1 106:1 107:1 108:1 109:1 110:1 111:1 112:1 114:1 115:1 116:1 117:1 118:1 119:1 121:1 
7 9:1 10:1 13:1 32:1 44:1 46:1 52:1 53:1 56:1 83:1 97:1 98:1 100:1 101:1 103:1 104:1 105:1 106:1 107:1 108:1 109:1 110:1 111:1 112:1 114:1 115:1 116:1 117:1 121:1 
7 9:1 10:1 13:1 32:1 46:1 47:1 66:1 74:1 76:1 77:1 82:1 84:1 97:1 98:1 99:1 100:1 101:1 103:1 104:1 105:1 106:1 107:1 108:1 109:1 110:1 111:1 112:1 114:1 115:1 116:1 117:1 119:1 121:1 
7 9:1 10:1 13:1 32:1 34:1 44:1 46:1 65:1 68:1 74:1 97:1 98:1 100:1 101:1 102:1 103:1 104:1 105:1 106:1 107:1 108:1 109:1 110:1 111:1 112:1 114:1 115:1 116:1 117:1 121:1 122:1 
7 9:1 10:1 13:1 32:1 37:1 46:1 50:1 53:1 67:1 73:1 97:1 98:1 99:1 100:1 101:1 102:1 103:1 104:1 105:1 107:1 108:1 109:1 110:1 111:1 112:1 114:1 115:1 116:1 117:1 121:1 
7 9:1 10:1 13:1 32:1 34:1 44:1 46:1 65:1 68:1 70:1 74:1 75:1 76:1 83:1 84:1 97:1 98:1 99:1 100:1 101:1 103:1 104:1 105:1 106:1 107:1 108:1 109:1 110:1 111:1 112:1 114:1 115:1 116:1 117:1 121:1 
7 9:1 10:1 13:1 32:1 44:1 46:1 48:1 51:1 75:1 77:1 85:1 97:1 98:1 100:1 101:1 103:1 104:1 105:1 106:1 107:1 109:1 110:1 111:1 112:1 114:1 115:1 116:1 117:1 121:1 
7 9:1 10:1 13:1 32:1 44:1 46:1 65:1 68:1 83:1 84:1 97:1 98:1 100:1 101:1 102:1 103:1 104:1 105:1 106:1 107:1 108:1 109:1 110:1 111:1 112:1 114:1 115:1 116:1 117:1 119:1 121:1 
7 9:1 10:1 13:1 32:1 44:1 46:1 97:1 98:1 100:1 101:1 102:1 103:1 104:1 105:1 107:1 108:1 109:1 110:1 111:1 112:1 114:1 115:1 116:1 117:1 118:1 119:1 121:1 
7 9:1 10:1 13:1 32:1 44:1 46:1 65:1 66:1 77:1 78:1 79:1 80:1 82:1 83:1 97:1 98:1 99:1 100:1 101:1 103:1 104:1 105:1 107:1 108:1 109:1 110:1 111:1 112:1 114:1 115:1 116:1 117:1 118:1 119:1 121:1 
7 9:1 10:1 13:1 32:1 34:1 40:1 41:1 44:1 46:1 47:1 48:1 49:1 50:1 51:1 54:1 66:1 73:1 80:1 82:1 83:1 97:1 98:1 99:1 100:1 101:1 103:1 104:1 105:1 106:1 107:1 108:1 109:1 110:1 111:1 112:1 114:1 115:1 116:1 117:1 118:1 121:1 
7 9:1 10:1 13:1 32:1 34:1 44:1 46:1 71:1 75:1 77:1 80:1 97:1 98:1 99:1 100:1 101:1 103:1 104:1 105:1 106:1 107:1 108:1 109:1 110:1 111:1 112:1 114:1 115:1 116:1 117:1 121:1 
7 9:1 10:1 13:1 32:1 44:1 46:1 65:1 66:1 71:1 75:1 77:1 80:1 83:1 97:1 98:1 99:1 100:1 101:1 102:1 103:1 104:1 105:1 106:1 107:1 108:1 109:1 110:1 111:1 112:1 114:1 115:1 116:1 117:1 121:1 
7 9:1 10:1 13:1 32:1 44:1 46:1 65:1 68:1 70:1 72:1 73:1 74:1 75:1 80:1 82:1 84:1 97:1 98:1 99:1 100:1 101:1 103:1 104:1 105:1 107:1 108:1 109:1 110:1 111:1 112:1 114:1 115:1 116:1 117:1 118:1 119:1 121:1 8216:1 8217:1 
7 9:1 10:1 13:1 32:1 40:1 41:1 46:1 65:1 66:1 73:1 75:1 97:1 98:1 99:1 100:1 101:1 103:1 104:1 105:1 107:1 108:1 109:1 110:1 112:1 114:1 115:1 116:1 117:1 119:1 121:1 
7 9:1 10:1 13:1 32:1 44:1 46:1 65:1 70:1 72:1 80:1 82:1 83:1 84:1 87:1 97:1 98:1 99:1 100:1 101:1 102:1 103:1 104:1 105:1 106:1 107:1 108:1 109:1 110:1 111:1 112:1 113:1 114:1 115:1 116:1 117:1 121:1 122:1 
7 9:1 10:1 13:1 32:1 46:1 65:1 71:1 73:1 77:1 83:1 89:1 97:1 98:1 99:1 100:1 101:1 103:1 104:1 105:1 106:1 107:1 108:1 109:1 110:1 111:1 112:1 114:1 115:1 116:1 117:1 121:1 
7 9:1 10:1 13:1 32:1 44:1 46:1 48:1 49:1 50:1 51:1 52:1 53:1 54:1 57:1 80:1 82:1 83:1 84:1 85:1 97:1 98:1 100:1 101:1 103:1 104:1 105:1 107:1 108:1 109:1 110:1 111:1 112:1 114:1 115:1 116:1 117:1 118:1 121:1 
7 9:1 10:1 13:1 32:1 40:1 41:1 44:1 46:1 48:1 49:1 50:1 52:1 54:1 55:1 57:1 66:1 68:1 79:1 80:1 83:1 85:1 97:1 98:1 99:1 100:1 101:1 103:1 105:1 106:1 107:1 108:1 109:1 110:1 111:1 112:1 114:1 115:1 116:1 117:1 121:1 
7 9:1 10:1 13:1 32:1 40:1 41:1 44:1 46:1 48:1 50:1 65:1 67:1 69:1 73:1 74:1 76:1 79:1 80:1 83:1 84:1 97:1 98:1 99:1 100:1 101:1 103:1 104:1 105:1 106:1 107:1 108:1 109:1 110:1 111:1 112:1 114:1 115:1 116:1 117:1 121:1 8211:1 
7 9:1 10:1 13:1 32:1 40:1 41:1 44:1 46:1 48:1 49:1 50:1 51:1 65:1 66:1 69:1 71:1 73:1 80:1 82:1 83:1 85:1 97:1 98:1 99:1 100:1 101:1 103:1 104:1 105:1 106:1 107:1 108:1 109:1 110:1 111:1 112:1 114:1 115:1 116:1 117:1 119:1 121:1 
7 9:1 10:1 13:1 32:1 40:1 41:1 44:1 46:1 65:1 66:1 68:1 72:1 73:1 75:1 77:1 80:1 87:1 97:1 98:1 100:1 101:1 102:1 103:1 104:1 105:1 106:1 107:1 108:1 109:1 110:1 111:1 112:1 114:1 115:1 116:1 117:1 118:1 119:1 121:1 8220:1 8221:1 
7 9:1 10:1 13:1 32:1 44:1 46:1 48:1 49:1 50:1 51:1 66:1 68:1 73:1 74:1 77:1 79:1 80:1 82:1 83:1 86:1 97:1 98:1 99:1 100:1 101:1 103:1 104:1 105:1 106:1 107:1 108:1 109:1 110:1 111:1 112:1 114:1 115:1 116:1 117:1 119:1 121:1 
7 9:1 10:1 13:1 32:1 44:1 46:1 68:1 97:1 98:1 99:1 100:1 101:1 103:1 104:1 105:1 106:1 107:1 108:1 109:1 110:1 111:1 112:1 114:1 115:1 116:1 117:1 118:1 121:1 
7 9:1 10:1 13:1 32:1 44:1 46:1 65:1 75:1 76:1 77:1 80:1 83:1 84:1 89:1 97:1 98:1 99:1 100:1 101:1 102:1 103:1 104:1 105:1 106:1 107:1 108:1 109:1 110:1 111:1 112:1 114:1 115:1 116:1 117:1 119:1 121:1 
7 9:1 10:1 13:1 32:1 34:1 44:1 46:1 65:1 66:1 83:1 84:1 90:1 97:1 98:1 100:1 101:1 103:1 104:1 105:1 106:1 107:1 108:1 109:1 110:1 111:1 112:1 114:1 115:1 116:1 117:1 
7 9:1 10:1 13:1 32:1 40:1 41:1 44:1 46:1 47:1 53:1 54:1 65:1 66:1 67:1 68:1 70:1 73:1 74:1 75:1 77:1 80:1 82:1 83:1 87:1 97:1 98:1 99:1 100:1 101:1 103:1 105:1 106:1 107:1 108:1 109:1 110:1 111:1 112:1 114:1 115:1 116:1 117:1 119:1 
7 9:1 10:1 13:1 32:1 34:1 44:1 46:1 69:1 77:1 82:1 84:1 97:1 98:1 99:1 100:1 101:1 103:1 104:1 105:1 107:1 109:1 110:1 111:1 112:1 114:1 115:1 116:1 117:1 118:1 119:1 121:1 
7 9:1 10:1 13:1 32:1 44:1 46:1 72:1 97:1 98:1 99:1 100:1 101:1 102:1 103:1 104:1 105:1 107:1 108:1 109:1 110:1 111:1 112:1 114:1 115:1 116:1 117:1 121:1 
7 9:1 10:1 13:1 32:1 40:1 41:1 44:1 46:1 53:1 65:1 67:1 72:1 73:1 74:1 79:1 80:1 83:1 84:1 89:1 97:1 100:1 101:1 102:1 103:1 104:1 105:1 107:1 108:1 109:1 110:1 111:1 114:1 115:1 116:1 117:1 119:1 121:1 
7 9:1 10:1 13:1 32:1 44:1 46:1 65:1 67:1 71:1 73:1 74:1 77:1 80:1 83:1 86:1 87:1 88:1 97:1 98:1 99:1 100:1 101:1 102:1 103:1 104:1 105:1 107:1 108:1 109:1 110:1 111:1 112:1 114:1 115:1 116:1 117:1 118:1 119:1 121:1 
7 9:1 10:1 13:1 32:1 40:1 41:1 44:1 46:1 47:1 49:1 54:1 66:1 68:1 74:1 75:1 80:1 83:1 84:1 97:1 98:1 100:1 101:1 102:1 103:1 104:1 105:1 106:1 107:1 108:1 109:1 110:1 111:1 112:1 114:1 115:1 116:1 117:1 119:1 121:1 
7 9:1 10:1 13:1 32:1 34:1 40:1 44:1 46:1 47:1 49:1 51:1 55:1 65:1 66:1 71:1 74:1 75:1 83:1 85:1 97:1 98:1 100:1 101:1 103:1 104:1 105:1 106:1 107:1 108:1 109:1 110:1 111:1 112:1 114:1 115:1 116:1 117:1 121:1 
7 9:1 10:1 13:1 32:1 42:1 44:1 46:1 66:1 67:1 68:1 75:1 97:1 98:1 99:1 100:1 101:1 102:1 103:1 104:1 105:1 106:1 107:1 108:1 109:1 110:1 111:1 112:1 114:1 115:1 116:1 117:1 121:1 
7 9:1 10:1 13:1 32:1 40:1 41:1 44:1 46:1 47:1 50:1 54:1 72:1 77:1 78:1 80:1 83:1 97:1 98:1 99:1 100:1 101:1 102:1 103:1 104:1 105:1 106:1 107:1 108:1 109:1 110:1 112:1 114:1 115:1 116:1 117:1 118:1 121:1 
7 9:1 10:1 13:1 32:1 34:1 44:1 46:1 84:1 97:1 98:1 99:1 100:1 101:1 103:1 104:1 105:1 106:1 107:1 108:1 109:1 110:1 111:1 112:1 114:1 115:1 116:1 117:1 121:1 
7 9:1 10:1 13:1 32:1 44:1 46:1 83:1 97:1 98:1 100:1 101:1 103:1 104:1 105:1 107:1 108:1 109:1 110:1 111:1 112:1 114:1 115:1 116:1 117:1 118:1 121:1 
7 9:1 10:1 13:1 32:1 44:1 46:1 68:1 74:1 75:1 77:1 78:1 97:1 98:1 99:1 100:1 101:1 102:1 103:1 104:1 105:1 106:1 107:1 108:1 109:1 110:1 111:1 112:1 114:1 115:1 116:1 117:1 119:1 122:1 
7 9:1 10:1 13:1 32:1 37:1 40:1 41:1 46:1 48:1 49:1 50:1 53:1 57:1 73:1 79:1 80:1 83:1 85:1 86:1 97:1 98:1 99:1 100:1 101:1 103:1 104:1 105:1 107:1 108:1 109:1 110:1 111:1 112:1 114:1 115:1 116:1 117:1 121:1 
7 9:1 10:1 13:1 32:1 44:1 46:1 66:1 67:1 68:1 71:1 74:1 83:1 97:1 98:1 99:1 100:1 101:1 103:1 104:1 105:1 107:1 108:1 109:1 110:1 111:1 112:1 114:1 115:1 116:1 117:1 121:1 
7 9:1 10:1 13:1 32:1 44:1 46:1 65:1 80:1 97:1 98:1 99:1 100:1 101:1 102:1 103:1 104:1 105:1 107:1 108:1 109:1 110:1 111:1 112:1 114:1 115:1 116:1 117:1 121:1 
7 9:1 10:1 13:1 32:1 40:1 41:1 44:1 46:1 65:1 67:1 69:1 75:1 77:1 80:1 83:1 84:1 97:1 98:1 100:1 101:1 102:1 103:1 104:1 105:1 106:1 107:1 108:1 109:1 110:1 111:1 112:1 114:1 115:1 116:1 117:1 121:1 
7 9:1 10:1 13:1 32:1 44:1 46:1 97:1 98:1 99:1 100:1 101:1 103:1 104:1 105:1 106:1 107:1 108:1 109:1 110:1 111:1 112:1 114:1 115:1 116:1 117:1 121:1 
7 9:1 10:1 13:1 32:1 44:1 46:1 67:1 76:1 77:1 80:1 82:1 83:1 84:1 86:1 97:1 98:1 99:1 100:1 101:1 102:1 103:1 104:1 105:1 107:1 108:1 109:1 110:1 111:1 112:1 114:1 115:1 116:1 117:1 
7 9:1 10:1 13:1 32:1 34:1 44:1 46:1 65:1 66:1 72:1 73:1 75:1 77:1 78:1 80:1 83:1 84:1 97:1 98:1 100:1 101:1 103:1 104:1 105:1 106:1 107:1 108:1 109:1 110:1 111:1 112:1 114:1 115:1 116:1 117:1 121:1 
7 9:1 10:1 13:1 32:1 44:1 46:1 48:1 49:1 50:1 51:1 52:1 68:1 77:1 80:1 97:1 98:1 100:1 101:1 103:1 104:1 105:1 106:1 107:1 108:1 109:1 110:1 111:1 112:1 114:1 115:1 116:1 117:1 121:1 
7 9:1 10:1 13:1 32:1 34:1 44:1 46:1 69:1 73:1 75:1 78:1 83:1 97:1 98:1 100:1 101:1 103:1 104:1 105:1 106:1 107:1 108:1 109:1 110:1 111:1 112:1 114:1 115:1 116:1 117:1 121:1 
7 9:1 10:1 13:1 32:1 40:1 41:1 44:1 46:1 47:1 50:1 51:1 56:1 66:1 69:1 72:1 75:1 80:1 83:1 87:1 97:1 98:1 99:1 100:1 101:1 103:1 104:1 105:1 106:1 107:1 108:1 109:1 110:1 111:1 112:1 114:1 115:1 116:1 117:1 119:1 121:1 
7 9:1 10:1 13:1 32:1 40:1 41:1 44:1 46:1 73:1 74:1 75:1 82:1 83:1 86:1 97:1 98:1 99:1 100:1 101:1 103:1 104:1 105:1 107:1 108:1 109:1 110:1 111:1 112:1 114:1 115:1 116:1 117:1 118:1 121:1 
7 9:1 10:1 13:1 32:1 40:1 41:1 46:1 65:1 67:1 70:1 72:1 73:1 74:1 77:1 80:1 83:1 85:1 97:1 98:1 99:1 100:1 101:1 103:1 104:1 105:1 106:1 107:1 108:1 109:1 110:1 111:1 112:1 114:1 115:1 116:1 117:1 121:1 
7 9:1 10:1 13:1 32:1 46:1 65:1 70:1 73:1 74:1 75:1 76:1 78:1 79:1 80:1 97:1 98:1 99:1 100:1 101:1 103:1 104:1 105:1 107:1 108:1 109:1 110:1 111:1 112:1 114:1 115:1 116:1 117:1 118:1 121:1 122:1 
7 9:1 10:1 13:1 32:1 34:1 44:1 46:1 65:1 73:1 75:1 80:1 82:1 83:1 84:1 85:1 97:1 98:1 100:1 101:1 102:1 103:1 104:1 105:1 106:1 107:1 108:1 109:1 110:1 111:1 112:1 114:1 115:1 116:1 117:1 119:1 121:1 8220:1 
7 9:1 10:1 13:1 32:1 44:1 46:1 66:1 68:1 70:1 78:1 82:1 84:1 86:1 97:1 98:1 99:1 100:1 101:1 102:1 103:1 104:1 105:1 106:1 107:1 108:1 109:1 110:1 111:1 112:1 114:1 115:1 116:1 117:1 118:1 119:1 121:1 
7 9:1 10:1 13:1 32:1 40:1 41:1 44:1 46:1 65:1 66:1 67:1 68:1 73:1 74:1 77:1 80:1 82:1 84:1 97:1 99:1 100:1 101:1 103:1 104:1 105:1 106:1 107:1 108:1 109:1 110:1 111:1 112:1 114:1 115:1 116:1 117:1 121:1 
7 9:1 10:1 13:1 32:1 44:1 46:1 48:1 49:1 52:1 53:1 54:1 67:1 68:1 73:1 78:1 80:1 83:1 84:1 86:1 97:1 98:1 99:1 100:1 101:1 102:1 103:1 104:1 105:1 106:1 107:1 108:1 109:1 110:1 111:1 112:1 114:1 115:1 116:1 117:1 118:1 119:1 121:1 8220:1 8221:1 
7 9:1 10:1 13:1 32:1 44:1 46:1 65:1 69:1 83:1 97:1 98:1 99:1 100:1 101:1 102:1 103:1 104:1 105:1 106:1 107:1 108:1 109:1 110:1 111:1 112:1 114:1 115:1 116:1 117:1 121:1 
7 9:1 10:1 13:1 32:1 40:1 41:1 44:1 46:1 65:1 73:1 74:1 75:1 77:1 80:1 83:1 84:1 87:1 97:1 98:1 100:1 101:1 103:1 104:1 105:1 107:1 108:1 109:1 110:1 111:1 112:1 114:1 115:1 116:1 117:1 119:1 121:1 
7 9:1 10:1 13:1 32:1 34:1 44:1 46:1 83:1 97:1 98:1 99:1 100:1 101:1 103:1 104:1 105:1 106:1 107:1 108:1 109:1 110:1 112:1 114:1 115:1 116:1 117:1 121:1 
7 9:1 10:1 13:1 32:1 44:1 46:1 49:1 82:1 84:1 97:1 98:1 99:1 100:1 101:1 103:1 104:1 105:1 106:1 107:1 108:1 109:1 110:1 111:1 112:1 114:1 115:1 116:1 117:1 8221:1 
7 9:1 10:1 13:1 32:1 44:1 46:1 65:1 72:1 80:1 97:1 98:1 100:1 101:1 103:1 104:1 105:1 106:1 107:1 108:1 109:1 110:1 111:1 112:1 114:1 115:1 116:1 117:1 119:1 121:1 
7 9:1 10:1 13:1 32:1 44:1 46:1 65:1 66:1 83:1 84:1 97:1 98:1 100:1 101:1 103:1 104:1 105:1 106:1 107:1 108:1 109:1 110:1 111:1 112:1 114:1 115:1 116:1 117:1 121:1 
7 9:1 10:1 13:1 32:1 44:1 46:1 77:1 97:1 98:1 99:1 100:1 101:1 103:1 104:1 105:1 106:1 107:1 108:1 109:1 110:1 111:1 112:1 114:1 115:1 116:1 117:1 119:1 121:1 
7 9:1 10:1 13:1 32:1 44:1 46:1 65:1 66:1 72:1 75:1 80:1 82:1 87:1 97:1 98:1 100:1 101:1 102:1 103:1 104:1 105:1 106:1 107:1 108:1 109:1 110:1 111:1 112:1 114:1 115:1 116:1 117:1 118:1 119:1 121:1 
7 9:1 10:1 13:1 32:1 44:1 46:1 65:1 67:1 72:1 80:1 83:1 97:1 98:1 99:1 100:1 101:1 103:1 104:1 105:1 107:1 108:1 109:1 110:1 111:1 112:1 114:1 115:1 116:1 117:1 119:1 121:1 
7 9:1 10:1 13:1 32:1 40:1 41:1 44:1 46:1 49:1 50:1 57:1 67:1 68:1 77:1 78:1 84:1 97:1 98:1 99:1 100:1 101:1 102:1 103:1 104:1 105:1 107:1 108:1 109:1 110:1 111:1 112:1 114:1 115:1 116:1 117:1 118:1 121:1 
7 9:1 10:1 13:1 32:1 38:1 44:1 46:1 70:1 71:1 76:1 80:1 86:1 97:1 98:1 99:1 100:1 101:1 103:1 104:1 105:1 106:1 107:1 108:1 109:1 110:1 111:1 112:1 114:1 115:1 116:1 117:1 118:1 121:1 
7 9:1 10:1 13:1 32:1 44:1 46:1 49:1 50:1 54:1 55:1 57:1 65:1 66:1 67:1 72:1 74:1 83:1 84:1 86:1 97:1 98:1 100:1 101:1 103:1 104:1 105:1 106:1 107:1 108:1 109:1 110:1 111:1 112:1 114:1 115:1 116:1 117:1 118:1 
7 9:1 10:1 13:1 32:1 44:1 46:1 65:1 70:1 74:1 77:1 80:1 83:1 97:1 98:1 100:1 101:1 102:1 103:1 104:1 105:1 107:1 108:1 109:1 110:1 111:1 112:1 114:1 115:1 116:1 117:1 121:1 
7 9:1 10:1 13:1 32:1 40:1 41:1 46:1 49:1 50:1 65:1 68:1 73:1 75:1 77:1 80:1 83:1 86:1 97:1 98:1 100:1 101:1 103:1 104:1 105:1 107:1 108:1 109:1 110:1 111:1 112:1 114:1 115:1 116:1 117:1 
7 9:1 10:1 13:1 32:1 34:1 44:1 46:1 83:1 97:1 98:1 100:1 101:1 102:1 103:1 104:1 105:1 106:1 107:1 108:1 109:1 110:1 111:1 112:1 114:1 115:1 116:1 117:1 119:1 121:1 
7 9:1 10:1 13:1 32:1 44:1 46:1 65:1 66:1 68:1 75:1 79:1 80:1 84:1 97:1 98:1 100:1 101:1 103:1 104:1 105:1 106:1 107:1 108:1 109:1 110:1 111:1 112:1 114:1 115:1 116:1 117:1 121:1 
7 9:1 10:1 13:1 32:1 44:1 46:1 66:1 72:1 84:1 97:1 98:1 99:1 100:1 101:1 102:1 103:1 104:1 105:1 106:1 107:1 108:1 109:1 110:1 111:1 112:1 114:1 115:1 116:1 117:1 119:1 121:1 
7 9:1 10:1 13:1 32:1 44:1 46:1 71:1 75:1 97:1 98:1 99:1 100:1 101:1 103:1 104:1 105:1 106:1 107:1 108:1 109:1 110:1 111:1 112:1 114:1 115:1 116:1 117:1 121:1 
7 9:1 10:1 13:1 32:1 40:1 41:1 44:1 46:1 47:1 50:1 52:1 67:1 72:1 74:1 80:1 86:1 97:1 98:1 100:1 101:1 102:1 103:1 104:1 105:1 106:1 107:1 108:1 109:1 110:1 111:1 112:1 114:1 115:1 116:1 117:1 118:1 121:1 
7 9:1 10:1 13:1 32:1 46:1 48:1 49:1 65:1 72:1 82:1 83:1 97:1 98:1 99:1 100:1 101:1 103:1 104:1 105:1 106:1 107:1 108:1 109:1 110:1 111:1 112:1 114:1 115:1 116:1 117:1 118:1 121:1 
7 9:1 10:1 13:1 32:1 40:1 41:1 44:1 46:1 70:1 72:1 73:1 74:1 77:1 86:1 97:1 98:1 99:1 100:1 101:1 103:1 104:1 105:1 106:1 107:1 108:1 109:1 110:1 111:1 112:1 114:1 115:1 116:1 117:1 119:1 121:1 
7 9:1 10:1 13:1 32:1 40:1 41:1 46:1 48:1 51:1 52:1 56:1 97:1 100:1 101:1 103:1 104:1 105:1 107:1 108:1 109:1 110:1 111:1 112:1 114:1 115:1 116:1 117:1 121:1 
7 9:1 10:1 13:1 32:1 40:1 41:1 44:1 46:1 47:1 65:1 66:1 68:1 73:1 75:1 76:1 80:1 83:1 84:1 86:1 97:1 98:1 100:1 101:1 103:1 104:1 105:1 106:1 107:1 108:1 109:1 110:1 111:1 112:1 114:1 115:1 116:1 117:1 118:1 119:1 121:1 
7 9:1 10:1 13:1 32:1 44:1 46:1 68:1 83:1 97:1 98:1 100:1 101:1 103:1 104:1 105:1 106:1 107:1 108:1 109:1 110:1 111:1 112:1 114:1 115:1 116:1 117:1 121:1 
7 9:1 10:1 13:1 32:1 44:1 46:1 48:1 50:1 56:1 65:1 68:1 72:1 73:1 75:1 77:1 78:1 80:1 83:1 84:1 85:1 97:1 98:1 99:1 100:1 101:1 102:1 103:1 104:1 105:1 107:1 108:1 109:1 110:1 111:1 112:1 114:1 115:1 116:1 117:1 118:1 119:1 121:1 
7 9:1 10:1 13:1 32:1 44:1 46:1 65:1 66:1 71:1 72:1 73:1 74:1 75:1 77:1 80:1 83:1 84:1 88:1 97:1 98:1 100:1 101:1 103:1 104:1 105:1 106:1 107:1 108:1 109:1 110:1 111:1 112:1 114:1 115:1 116:1 117:1 119:1 121:1 
7 9:1 10:1 13:1 32:1 46:1 49:1 51:1 54:1 56:1 65:1 66:1 75:1 80:1 83:1 84:1 87:1 89:1 97:1 98:1 99:1 100:1 101:1 103:1 104:1 105:1 106:1 107:1 108:1 109:1 110:1 111:1 112:1 114:1 115:1 116:1 117:1 121:1 
8 9:1 10:1 13:1 32:1 44:1 46:1 107:1 109:1 1051:1 1054:1 1072:1 1073:1 1074:1 1075:1 1076:1 1077:1 1078:1 1080:1 1082:1 1083:1 1084:1 1085:1 1086:1 1087:1 1088:1 1089:1 1090:1 1091:1 1094:1 1095:1 1112:1 1114:1 
8 9:1 10:1 13:1 32:1 44:1 45:1 46:1 50:1 51:1 107:1 109:1 1050:1 1053:1 1054:1 1072:1 1073:1 1074:1 1075:1 1076:1 1077:1 1078:1 1079:1 1080:1 1082:1 1083:1 1084:1 1085:1 1086:1 1087:1 1088:1 1089:1 1090:1 1091:1 1092:1 1093:1 1095:1 1096:1 1112:1 1114:1 1116:1 
8 9:1 10:1 13:1 32:1 44:1 46:1 107:1 109:1 1052:1 1055:1 1072:1 1074:1 1075:1 1076:1 1077:1 1078:1 1079:1 1080:1 1082:1 1083:1 1085:1 1086:1 1087:1 1088:1 1089:1 1090:1 1091:1 1092:1 1094:1 1095:1 1096:1 1107:1 1112:1 
8 9:1 10:1 13:1 32:1 46:1 107:1 109:1 1053:1 1054:1 1057:1 1072:1 1073:1 1074:1 1075:1 1076:1 1077:1 1078:1 1079:1 1080:1 1082:1 1083:1 1084:1 1085:1 1086:1 1087:1 1088:1 1089:1 1090:1 1095:1 1112:1 1116:1 8220:1 8222:1 
8 9:1 10:1 13:1 32:1 46:1 107:1 109:1 1040:1 1048:1 1060:1 1072:1 1073:1 1074:1 1075:1 1076:1 1077:1 1079:1 1080:1 1082:1 1083:1 1084:1 1085:1 1086:1 1087:1 1088:1 1089:1 1090:1 1091:1 1093:1 1096:1 1112:1 1116:1 
8 9:1 10:1 13:1 32:1 44:1 46:1 89:1 107:1 109:1 1041:1 1053:1 1060:1 1061:1 1072:1 1073:1 1074:1 1075:1 1076:1 1077:1 1078:1 1079:1 1080:1 1082:1 1083:1 1084:1 1085:1 1086:1 1087:1 1088:1 1089:1 1090:1 1091:1 1094:1 1095:1 1112:1 1116:1 
8 9:1 10:1 13:1 32:1 44:1 46:1 107:1 109:1 1045:1 1050:1 1051:1 1057:1 1059:1 1072:1 1073:1 1074:1 1075:1 1076:1 1077:1 1078:1 1079:1 1080:1 1082:1 1083:1 1084:1 1085:1 1086:1 1087:1 1088:1 1089:1 1090:1 1091:1 1092:1 1093:1 1094:1 1095:1 1112:1 1116:1 8220:1 8222:1 
8 9:1 10:1 13:1 32:1 44:1 46:1 107:1 109:1 1053:1 1057:1 1061:1 1064:1 1072:1 1073:1 1074:1 1075:1 1076:1 1077:1 1078:1 1079:1 1080:1 1082:1 1083:1 1084:1 1085:1 1086:1 1087:1 1088:1 1089:1 1090:1 1091:1 1092:1 1094:1 1095:1 1096:1 1112:1 1114:1 1116:1 8220:1 8222:1 
8 9:1 10:1 13:1 32:1 44:1 45:1 46:1 48:1 49:1 50:1 51:1 107:1 109:1 1040:1 1044:1 1045:1 1053:1 1055:1 1059:1 1072:1 1073:1 1074:1 1075:1 1076:1 1077:1 1079:1 1080:1 1082:1 1083:1 1084:1 1085:1 1086:1 1087:1 1088:1 1089:1 1090:1 1091:1 1092:1 1094:1 1095:1 1112:1 1116:1 8220:1 8222:1 
8 9:1 10:1 13:1 32:1 46:1 107:1 109:1 1045:1 1052:1 1057:1 1064:1 1072:1 1074:1 1075:1 1076:1 1077:1 1079:1 1080:1 1082:1 1083:1 1084:1 1085:1 1086:1 1087:1 1088:1 1089:1 1090:1 1091:1 1093:1 1094:1 1095:1 1096:1 1112:1 1114:1 1116:1 
8 9:1 10:1 13:1 32:1 44:1 45:1 46:1 48:1 49:1 57:1 107:1 109:1 1050:1 1053:1 1072:1 1073:1 1074:1 1075:1 1076:1 1077:1 1079:1 1080:1 1082:1 1083:1 1084:1 1085:1 1086:1 1087:1 1088:1 1089:1 1090:1 1091:1 1092:1 1095:1 1096:1 1112:1 1116:1 8220:1 8222:1 
8 9:1 10:1 13:1 32:1 44:1 46:1 107:1 109:1 1048:1 1050:1 1072:1 1074:1 1075:1 1076:1 1077:1 1079:1 1080:1 1082:1 1083:1 1084:1 1085:1 1086:1 1087:1 1088:1 1089:1 1090:1 1091:1 1094:1 1095:1 1112:1 1114:1 1116:1 
8 9:1 10:1 13:1 32:1 44:1 46:1 107:1 109:1 1059:1 1072:1 1074:1 1075:1 1076:1 1077:1 1079:1 1080:1 1082:1 1083:1 1084:1 1085:1 1086:1 1087:1 1088:1 1089:1 1090:1 1091:1 1092:1 1094:1 1095:1 1112:1 
8 9:1 10:1 13:1 32:1 40:1 41:1 44:1 45:1 46:1 50:1 57:1 107:1 109:1 1041:1 1042:1 1045:1 1050:1 1051:1 1055:1 1056:1 1057:1 1072:1 1074:1 1075:1 1076:1 1077:1 1078:1 1079:1 1080:1 1082:1 1083:1 1084:1 1085:1 1086:1 1087:1 1088:1 1089:1 1090:1 1091:1 1095:1 1096:1 1112:1 
8 9:1 10:1 13:1 32:1 44:1 46:1 107:1 109:1 1056:1 1072:1 1074:1 1075:1 1076:1 1077:1 1079:1 1080:1 1082:1 1083:1 1084:1 1085:1 1086:1 1087:1 1088:1 1089:1 1090:1 1091:1 1093:1 1094:1 1096:1 1112:1 1114:1 
8 9:1 10:1 13:1 32:1 37:1 44:1 46:1 48:1 50:1 51:1 107:1 109:1 1040:1 1052:1 1056:1 1057:1 1058:1 1072:1 1073:1 1074:1 1075:1 1076:1 1077:1 1078:1 1079:1 1080:1 1082:1 1083:1 1084:1 1085:1 1086:1 1087:1 1088:1 1089:1 1090:1 1091:1 1092:1 1095:1 1096:1 1112:1 1114:1 
8 9:1 10:1 13:1 32:1 46:1 107:1 109:1 1040:1 1041:1 1053:1 1054:1 1058:1 1072:1 1073:1 1074:1 1075:1 1076:1 1077:1 1078:1 1079:1 1080:1 1082:1 1083:1 1084:1 1085:1 1086:1 1087:1 1088:1 1089:1 1090:1 1091:1 1095:1 1096:1 1112:1 
8 9:1 10:1 13:1 32:1 44:1 46:1 48:1 50:1 107:1 109:1 1032:1 1040:1 1043:1 1057:1 1072:1 1074:1 1075:1 1076:1 1077:1 1080:1 1082:1 1083:1 1084:1 1085:1 1086:1 1087:1 1088:1 1089:1 1090:1 1091:1 1092:1 1093:1 1094:1 1095:1 1112:1 1116:1 
8 9:1 10:1 13:1 32:1 44:1 45:1 46:1 69:1 83:1 84:1 91:1 93:1 101:1 105:1 107:1 109:1 115:1 1050:1 1056:1 1058:1 1072:1 1073:1 1074:1 1075:1 1076:1 1077:1 1079:1 1080:1 1082:1 1083:1 1084:1 1085:1 1086:1 1087:1 1088:1 1089:1 1090:1 1091:1 1094:1 1095:1 1096:1 1112:1 1119:1 8220:1 8222:1 
8 9:1 10:1 13:1 32:1 44:1 45:1 46:1 50:1 53:1 107:1 109:1 1040:1 1041:1 1045:1 1051:1 1052:1 1059:1 1072:1 1073:1 1074:1 1075:1 1076:1 1077:1 1080:1 1082:1 1083:1 1084:1 1085:1 1086:1 1087:1 1088:1 1089:1 1090:1 1091:1 1092:1 1094:1 1095:1 1112:1 
8 9:1 10:1 13:1 32:1 44:1 46:1 48:1 50:1 54:1 107:1 109:1 1050:1 1057:1 1061:1 1072:1 1073:1 1074:1 1075:1 1076:1 1077:1 1078:1 1079:1 1080:1 1082:1 1083:1 1084:1 1085:1 1086:1 1087:1 1088:1 1089:1 1090:1 1091:1 1092:1 1093:1 1095:1 1096:1 1112:1 
8 9:1 10:1 13:1 32:1 44:1 46:1 107:1 109:1 1055:1 1057:1 1072:1 1073:1 1074:1 1075:1 1076:1 1077:1 1079:1 1080:1 1082:1 1083:1 1084:1 1085:1 1086:1 1087:1 1088:1 1089:1 1090:1 1091:1 1095:1 1096:1 1107:1 1112:1 1116:1 8222:1 
8 9:1 10:1 13:1 32:1 44:1 46:1 107:1 109:1 1048:1 1055:1 1072:1 1073:1 1074:1 1075:1 1076:1 1077:1 1078:1 1079:1 1080:1 1082:1 1083:1 1084:1 1085:1 1086:1 1087:1 1088:1 1089:1 1090:1 1091:1 1094:1 1095:1 1112:1 
8 9:1 10:1 13:1 32:1 46:1 48:1 49:1 107:1 109:1 1032:1 1042:1 1048:1 1054:1 1061:1 1064:1 1072:1 1074:1 1075:1 1076:1 1077:1 1078:1 1079:1 1080:1 1082:1 1083:1 1084:1 1085:1 1086:1 1087:1 1088:1 1089:1 1090:1 1091:1 1092:1 1094:1 1096:1 8220:1 8222:1 
8 9:1 10:1 13:1 32:1 44:1 46:1 107:1 109:1 1044:1 1048:1 1055:1 1056:1 1058:1 1072:1 1073:1 1074:1 1076:1 1077:1 1079:1 1080:1 1082:1 1083:1 1084:1 1085:1 1086:1 1087:1 1088:1 1089:1 1090:1 1091:1 1094:1 1095:1 1096:1 1112:1 
8 9:1 10:1 13:1 32:1 44:1 46:1 107:1 109:1 1056:1 1058:1 1072:1 1073:1 1074:1 1075:1 1076:1 1077:1 1078:1 1079:1 1080:1 1082:1 1083:1 1084:1 1085:1 1086:1 1087:1 1088:1 1089:1 1090:1 1091:1 1093:1 1094:1 1096:1 1112:1 
8 9:1 10:1 13:1 32:1 44:1 46:1 107:1 109:1 1043:1 1057:1 1072:1 1073:1 1074:1 1075:1 1076:1 1077:1 1079:1 1080:1 1082:1 1083:1 1084:1 1085:1 1086:1 1087:1 1088:1 1089:1 1090:1 1091:1 1092:1 1094:1 1095:1 1096:1 1112:1 
8 9:1 10:1 13:1 32:1 40:1 41:1 44:1 45:1 46:1 50:1 107:1 109:1 1043:1 1052:1 1072:1 1073:1 1074:1 1075:1 1076:1 1077:1 1078:1 1079:1 1080:1 1082:1 1083:1 1084:1 1085:1 1086:1 1087:1 1088:1 1089:1 1090:1 1091:1 1092:1 1094:1 1096:1 1112:1 1114:1 8220:1 8222:1 
8 9:1 10:1 13:1 32:1 46:1 107:1 109:1 1072:1 1073:1 1074:1 1075:1 1076:1 1077:1 1078:1 1079:1 1080:1 1082:1 1083:1 1084:1 1085:1 1086:1 1087:1 1088:1 1089:1 1090:1 1091:1 1092:1 1093:1 1094:1 1095:1 1096:1 1112:1 1114:1 
8 9:1 10:1 13:1 32:1 45:1 46:1 48:1 49:1 56:1 57:1 59:1 107:1 109:1 1072:1 1073:1 1074:1 1075:1 1076:1 1077:1 1078:1 1079:1 1080:1 1082:1 1083:1 1084:1 1085:1 1086:1 1087:1 1088:1 1089:1 1090:1 1091:1 1092:1 1094:1 1095:1 1112:1 1114:1 8220:1 8222:1 
8 9:1 10:1 13:1 32:1 40:1 41:1 44:1 45:1 46:1 49:1 50:1 65:1 91:1 93:1 107:1 109:1 1048:1 1050:1 1052:1 1053:1 1054:1 1055:1 1056:1 1059:1 1060:1 1061:1 1072:1 1073:1 1074:1 1075:1 1076:1 1077:1 1078:1 1080:1 1082:1 1083:1 1084:1 1085:1 1086:1 1087:1 1088:1 1089:1 1090:1 1091:1 1092:1 1093:1 1094:1 1096:1 1107:1 1112:1 
8 9:1 10:1 13:1 32:1 44:1 46:1 107:1 109:1 1044:1 1050:1 1051:1 1053:1 1056:1 1072:1 1074:1 1075:1 1076:1 1077:1 1079:1 1080:1 1082:1 1083:1 1084:1 1085:1 1086:1 1087:1 1088:1 1089:1 1090:1 1091:1 1094:1 1095:1 1112:1 1119:1 8220:1 8222:1 
8 9:1 10:1 13:1 32:1 44:1 46:1 107:1 109:1 173:1 1041:1 1042:1 1057:1 1059:1 1072:1 1073:1 1074:1 1076:1 1077:1 1078:1 1079:1 1080:1 1082:1 1083:1 1084:1 1085:1 1086:1 1087:1 1088:1 1089:1 1090:1 1091:1 1092:1 1094:1 1095:1 1096:1 1112:1 1116:1 
8 9:1 10:1 13:1 32:1 44:1 46:1 107:1 109:1 1045:1 1050:1 1051:1 1052:1 1053:1 1054:1 1056:1 1057:1 1059:1 1072:1 1073:1 1074:1 1075:1 1076:1 1077:1 1079:1 1080:1 1083:1 1084:1 1085:1 1086:1 1087:1 1088:1 1089:1 1090:1 1091:1 1092:1 1094:1 1095:1 1096:1 1112:1 1114:1 1116:1 
8 9:1 10:1 13:1 32:1 44:1 46:1 107:1 109:1 1043:1 1050:1 1072:1 1074:1 1075:1 1076:1 1077:1 1079:1 1080:1 1082:1 1083:1 1085:1 1086:1 1087:1 1088:1 1089:1 1090:1 1091:1 1092:1 1094:1 1096:1 1112:1 1116:1 
8 9:1 10:1 13:1 32:1 34:1 44:1 46:1 69:1 97:1 99:1 101:1 104:1 107:1 108:1 109:1 110:1 115:1 1032:1 1040:1 1044:1 1045:1 1048:1 1050:1 1052:1 1053:1 1054:1 1072:1 1073:1 1074:1 1076:1 1077:1 1079:1 1080:1 1082:1 1083:1 1085:1 1086:1 1087:1 1088:1 1089:1 1090:1 1091:1 1095:1 1096:1 1112:1 1116:1 
8 9:1 10:1 13:1 32:1 44:1 46:1 107:1 109:1 1043:1 1054:1 1064:1 1072:1 1073:1 1074:1 1075:1 1076:1 1077:1 1078:1 1079:1 1080:1 1082:1 1083:1 1084:1 1085:1 1086:1 1087:1 1088:1 1089:1 1090:1 1091:1 1092:1 1094:1 1095:1 1096:1 1112:1 1114:1 8220:1 8222:1 
8 9:1 10:1 13:1 32:1 40:1 41:1 44:1 45:1 46:1 49:1 53:1 107:1 109:1 1032:1 1042:1 1050:1 1061:1 1072:1 1073:1 1074:1 1075:1 1076:1 1077:1 1078:1 1079:1 1080:1 1082:1 1083:1 1084:1 1085:1 1086:1 1087:1 1088:1 1089:1 1090:1 1091:1 1092:1 1094:1 1096:1 1112:1 1116:1 
8 9:1 10:1 13:1 32:1 34:1 44:1 46:1 107:1 109:1 233:1 1057:1 1072:1 1073:1 1074:1 1075:1 1076:1 1077:1 1079:1 1080:1 1084:1 1085:1 1086:1 1087:1 1088:1 1089:1 1090:1 1091:1 1094:1 1096:1 1112:1 1116:1 
8 9:1 10:1 13:1 32:1 44:1 46:1 48:1 53:1 107:1 109:1 1044:1 1051:1 1052:1 1054:1 1057:1 1072:1 1073:1 1074:1 1075:1 1076:1 1077:1 1080:1 1082:1 1083:1 1085:1 1086:1 1087:1 1088:1 1089:1 1090:1 1091:1 1094:1 1095:1 1096:1 1116:1 8220:1 8222:1 
8 9:1 10:1 13:1 32:1 46:1 107:1 109:1 1041:1 1061:1 1072:1 1073:1 1074:1 1076:1 1077:1 1079:1 1080:1 1082:1 1083:1 1084:1 1085:1 1086:1 1087:1 1088:1 1089:1 1090:1 1091:1 1092:1 1095:1 1096:1 1112:1 1114:1 1116:1 
8 9:1 10:1 13:1 32:1 44:1 46:1 48:1 49:1 50:1 52:1 107:1 109:1 1072:1 1073:1 1074:1 1076:1 1077:1 1078:1 1079:1 1080:1 1082:1 1083:1 1085:1 1086:1 1087:1 1088:1 1089:1 1090:1 1091:1 1093:1 1095:1 
8 9:1 10:1 13:1 32:1 44:1 46:1 107:1 109:1 1052:1 1053:1 1058:1 1072:1 1073:1 1074:1 1075:1 1076:1 1077:1 1079:1 1080:1 1082:1 1083:1 1084:1 1085:1 1086:1 1087:1 1088:1 1089:1 1090:1 1091:1 1094:1 1095:1 1096:1 1112:1 1116:1 
8 9:1 10:1 13:1 32:1 34:1 44:1 46:1 107:1 109:1 173:1 1053:1 1057:1 1072:1 1073:1 1074:1 1075:1 1076:1 1077:1 1078:1 1079:1 1080:1 1082:1 1083:1 1084:1 1085:1 1086:1 1087:1 1088:1 1089:1 1090:1 1091:1 1093:1 1094:1 1095:1 1096:1 1112:1 1116:1 
8 9:1 10:1 13:1 32:1 44:1 45:1 46:1 48:1 49:1 50:1 53:1 69:1 83:1 84:1 101:1 105:1 107:1 109:1 115:1 1041:1 1048:1 1052:1 1072:1 1073:1 1074:1 1076:1 1077:1 1079:1 1080:1 1082:1 1083:1 1084:1 1085:1 1086:1 1087:1 1088:1 1089:1 1090:1 1091:1 1092:1 1094:1 1096:1 1112:1 1114:1 1116:1 
8 9:1 10:1 13:1 32:1 44:1 45:1 46:1 51:1 107:1 109:1 1041:1 1042:1 1050:1 1058:1 1072:1 1073:1 1074:1 1075:1 1076:1 1077:1 1079:1 1080:1 1082:1 1083:1 1084:1 1085:1 1086:1 1087:1 1088:1 1089:1 1090:1 1091:1 1092:1 1094:1 1095:1 1096:1 1112:1 1116:1 
8 9:1 10:1 13:1 32:1 46:1 107:1 109:1 1041:1 1043:1 1044:1 1052:1 1053:1 1055:1 1056:1 1057:1 1072:1 1073:1 1074:1 1075:1 1076:1 1077:1 1078:1 1079:1 1080:1 1082:1 1083:1 1084:1 1085:1 1086:1 1087:1 1088:1 1089:1 1090:1 1091:1 1094:1 1096:1 1107:1 1112:1 
8 9:1 10:1 13:1 32:1 44:1 45:1 46:1 49:1 107:1 109:1 1050:1 1057:1 1072:1 1073:1 1074:1 1075:1 1076:1 1077:1 1079:1 1080:1 1082:1 1083:1 1084:1 1085:1 1086:1 1087:1 1088:1 1089:1 1090:1 1091:1 1094:1 1095:1 1096:1 1112:1 1114:1 8220:1 8222:1 
8 9:1 10:1 13:1 32:1 44:1 46:1 107:1 109:1 1072:1 1073:1 1074:1 1076:1 1077:1 1078:1 1079:1 1080:1 1082:1 1083:1 1084:1 1085:1 1086:1 1087:1 1088:1 1089:1 1090:1 1091:1 1094:1 1095:1 1096:1 1109:1 1112:1 1114:1 1116:1 
8 9:1 10:1 13:1 32:1 46:1 107:1 109:1 1072:1 1073:1 1074:1 1075:1 1076:1 1077:1 1078:1 1079:1 1080:1 1082:1 1083:1 1084:1 1085:1 1086:1 1087:1 1088:1 1089:1 1090:1 1091:1 1092:1 1094:1 1095:1 1114:1 
8 9:1 10:1 13:1 32:1 34:1 44:1 46:1 107:1 109:1 1039:1 1042:1 1043:1 1061:1 1072:1 1073:1 1074:1 1075:1 1076:1 1077:1 1078:1 1079:1 1080:1 1082:1 1083:1 1084:1 1085:1 1086:1 1087:1 1088:1 1089:1 1090:1 1091:1 1092:1 1093:1 1095:1 1096:1 1112:1 1114:1 1116:1 
8 9:1 10:1 13:1 32:1 46:1 91:1 93:1 107:1 109:1 1040:1 1041:1 1044:1 1048:1 1056:1 1057:1 1059:1 1060:1 1061:1 1072:1 1073:1 1074:1 1075:1 1076:1 1077:1 1078:1 1079:1 1080:1 1082:1 1085:1 1086:1 1087:1 1088:1 1089:1 1090:1 1091:1 1096:1 1114:1 
8 9:1 10:1 13:1 32:1 44:1 46:1 48:1 51:1 107:1 109:1 1072:1 1073:1 1074:1 1075:1 1076:1 1077:1 1078:1 1079:1 1080:1 1082:1 1083:1 1084:1 1085:1 1086:1 1087:1 1088:1 1089:1 1090:1 1091:1 1094:1 1095:1 
8 9:1 10:1 13:1 32:1 44:1 46:1 107:1 109:1 173:1 1072:1 1073:1 1074:1 1075:1 1076:1 1077:1 1078:1 1079:1 1080:1 1082:1 1083:1 1084:1 1085:1 1086:1 1087:1 1088:1 1089:1 1090:1 1091:1 1094:1 1095:1 1096:1 1112:1 1114:1 
8 9:1 10:1 13:1 32:1 44:1 46:1 48:1 50:1 54:1 107:1 109:1 1032:1 1045:1 1072:1 1073:1 1074:1 1075:1 1076:1 1077:1 1079:1 1080:1 1082:1 1083:1 1084:1 1085:1 1086:1 1087:1 1088:1 1089:1 1090:1 1091:1 1094:1 1095:1 1096:1 1112:1 1114:1 1116:1 
8 9:1 10:1 13:1 32:1 40:1 41:1 45:1 46:1 48:1 49:1 51:1 52:1 53:1 55:1 57:1 107:1 109:1 1052:1 1072:1 1073:1 1074:1 1075:1 1076:1 1077:1 1078:1 1079:1 1080:1 1082:1 1083:1 1085:1 1086:1 1087:1 1088:1 1089:1 1090:1 1091:1 1093:1 1112:1 
8 9:1 10:1 13:1 32:1 34:1 44:1 46:1 89:1 107:1 109:1 233:1 1041:1 1044:1 1050:1 1052:1 1056:1 1072:1 1073:1 1074:1 1075:1 1076:1 1077:1 1078:1 1079:1 1080:1 1082:1 1083:1 1085:1 1086:1 1087:1 1088:1 1089:1 1090:1 1091:1 1093:1 1094:1 1096:1 1112:1 1116:1 
8 9:1 10:1 13:1 32:1 44:1 46:1 107:1 109:1 1045:1 1059:1 1072:1 1073:1 1074:1 1075:1 1076:1 1077:1 1079:1 1080:1 1082:1 1083:1 1084:1 1085:1 1086:1 1087:1 1088:1 1089:1 1090:1 1091:1 1092:1 1096:1 1112:1 1114:1 1116:1 
8 9:1 10:1 13:1 32:1 44:1 45:1 46:1 107:1 109:1 1045:1 1050:1 1052:1 1072:1 1073:1 1074:1 1075:1 1076:1 1077:1 1078:1 1079:1 1080:1 1082:1 1083:1 1084:1 1085:1 1086:1 1087:1 1088:1 1089:1 1090:1 1091:1 1095:1 1112:1 1114:1 
8 9:1 10:1 13:1 32:1 44:1 46:1 107:1 109:1 1039:1 1072:1 1073:1 1074:1 1075:1 1076:1 1077:1 1079:1 1080:1 1082:1 1083:1 1084:1 1085:1 1086:1 1087:1 1088:1 1089:1 1090:1 1091:1 1096:1 1112:1 
8 9:1 10:1 13:1 32:1 44:1 46:1 48:1 49:1 107:1 109:1 1041:1 1048:1 1053:1 1072:1 1073:1 1074:1 1075:1 1076:1 1077:1 1079:1 1080:1 1082:1 1083:1 1084:1 1085:1 1086:1 1087:1 1088:1 1089:1 1090:1 1091:1 1094:1 1095:1 1096:1 1112:1 1114:1 8220:1 8222:1 
8 9:1 10:1 13:1 32:1 44:1 45:1 46:1 48:1 49:1 53:1 107:1 109:1 1032:1 1040:1 1041:1 1042:1 1043:1 1045:1 1047:1 1048:1 1052:1 1054:1 1055:1 1057:1 1058:1 1072:1 1073:1 1074:1 1075:1 1076:1 1077:1 1079:1 1080:1 1082:1 1083:1 1084:1 1085:1 1086:1 1087:1 1088:1 1089:1 1090:1 1091:1 1092:1 1095:1 1096:1 1107:1 1112:1 1116:1 8220:1 8222:1 
8 9:1 10:1 13:1 32:1 34:1 36:1 44:1 46:1 107:1 109:1 1043:1 1057:1 1059:1 1072:1 1073:1 1074:1 1075:1 1076:1 1077:1 1078:1 1079:1 1080:1 1082:1 1083:1 1084:1 1085:1 1086:1 1087:1 1088:1 1089:1 1090:1 1091:1 1092:1 1094:1 1095:1 1096:1 1112:1 
8 9:1 10:1 13:1 32:1 44:1 46:1 107:1 109:1 1041:1 1051:1 1052:1 1056:1 1072:1 1073:1 1074:1 1075:1 1076:1 1077:1 1080:1 1082:1 1083:1 1084:1 1085:1 1086:1 1087:1 1088:1 1089:1 1090:1 1091:1 1095:1 1112:1 
8 9:1 10:1 13:1 32:1 44:1 46:1 107:1 109:1 1054:1 1055:1 1057:1 1059:1 1072:1 1073:1 1074:1 1075:1 1076:1 1077:1 1079:1 1080:1 1082:1 1083:1 1084:1 1085:1 1086:1 1087:1 1088:1 1089:1 1090:1 1091:1 1094:1 1095:1 1096:1 1116:1 
8 9:1 10:1 13:1 32:1 44:1 46:1 107:1 109:1 1043:1 1058:1 1072:1 1073:1 1074:1 1075:1 1076:1 1077:1 1080:1 1082:1 1083:1 1085:1 1086:1 1087:1 1088:1 1089:1 1090:1 1091:1 1092:1 1094:1 1096:1 1112:1 
8 9:1 10:1 13:1 32:1 44:1 46:1 107:1 109:1 1041:1 1072:1 1073:1 1074:1 1075:1 1076:1 1077:1 1079:1 1080:1 1082:1 1083:1 1084:1 1085:1 1086:1 1087:1 1088:1 1089:1 1090:1 1091:1 1094:1 1095:1 1096:1 1112:1 1114:1 1116:1 
8 9:1 10:1 13:1 32:1 44:1 45:1 46:1 107:1 109:1 1032:1 1047:1 1050:1 1072:1 1073:1 1074:1 1075:1 1076:1 1077:1 1079:1 1080:1 1082:1 1083:1 1084:1 1085:1 1086:1 1087:1 1088:1 1089:1 1090:1 1091:1 1092:1 1093:1 1095:1 1096:1 1112:1 
8 9:1 10:1 13:1 32:1 44:1 46:1 107:1 109:1 1040:1 1041:1 1042:1 1057:1 1059:1 1061:1 1062:1 1072:1 1073:1 1074:1 1075:1 1076:1 1077:1 1079:1 1080:1 1082:1 1083:1 1084:1 1085:1 1086:1 1087:1 1088:1 1089:1 1090:1 1091:1 1092:1 1094:1 1095:1 1096:1 1112:1 1114:1 
8 9:1 10:1 13:1 32:1 44:1 46:1 107:1 109:1 1041:1 1050:1 1055:1 1072:1 1073:1 1074:1 1075:1 1076:1 1077:1 1078:1 1079:1 1080:1 1082:1 1083:1 1084:1 1085:1 1086:1 1087:1 1088:1 1089:1 1090:1 1091:1 1095:1 1096:1 1112:1 1114:1 1116:1 
8 9:1 10:1 13:1 32:1 40:1 41:1 46:1 49:1 50:1 54:1 55:1 56:1 107:1 109:1 1041:1 1045:1 1048:1 1061:1 1072:1 1073:1 1074:1 1075:1 1076:1 1077:1 1078:1 1079:1 1080:1 1081:1 1082:1 1083:1 1084:1 1085:1 1086:1 1087:1 1088:1 1089:1 1090:1 1091:1 1092:1 1094:1 1095:1 
8 9:1 10:1 13:1 32:1 34:1 44:1 46:1 107:1 109:1 1042:1 1043:1 1051:1 1052:1 1054:1 1055:1 1057:1 1058:1 1072:1 1073:1 1074:1 1075:1 1076:1 1077:1 1079:1 1080:1 1082:1 1083:1 1085:1 1086:1 1087:1 1088:1 1089:1 1090:1 1091:1 1096:1 1112:1 1116:1 
8 9:1 10:1 13:1 32:1 44:1 45:1 46:1 48:1 50:1 56:1 107:1 109:1 1032:1 1045:1 1058:1 1072:1 1073:1 1074:1 1075:1 1076:1 1077:1 1079:1 1080:1 1082:1 1083:1 1084:1 1085:1 1086:1 1087:1 1088:1 1089:1 1090:1 1091:1 1092:1 1094:1 1095:1 1096:1 1112:1 1116:1 8220:1 8222:1 
8 9:1 10:1 13:1 32:1 34:1 44:1 46:1 102:1 107:1 109:1 1041:1 1051:1 1072:1 1073:1 1074:1 1075:1 1076:1 1077:1 1078:1 1079:1 1080:1 1082:1 1083:1 1084:1 1085:1 1086:1 1087:1 1088:1 1089:1 1090:1 1091:1 1092:1 1094:1 1095:1 1096:1 1112:1 1116:1 
8 9:1 10:1 13:1 32:1 44:1 46:1 107:1 109:1 1040:1 1042:1 1045:1 1048:1 1050:1 1052:1 1053:1 1054:1 1056:1 1058:1 1059:1 1063:1 1072:1 1073:1 1074:1 1075:1 1076:1 1077:1 1078:1 1080:1 1082:1 1083:1 1084:1 1085:1 1086:1 1087:1 1088:1 1089:1 1090:1 1091:1 1094:1 1096:1 1112:1 
8 9:1 10:1 13:1 32:1 44:1 46:1 107:1 109:1 1040:1 1043:1 1053:1 1054:1 1057:1 1058:1 1072:1 1073:1 1074:1 1075:1 1076:1 1077:1 1079:1 1080:1 1082:1 1083:1 1084:1 1085:1 1086:1 1087:1 1088:1 1089:1 1090:1 1091:1 1092:1 1094:1 1095:1 1112:1 
8 9:1 10:1 13:1 32:1 44:1 46:1 107:1 109:1 1072:1 1073:1 1074:1 1075:1 1076:1 1077:1 1079:1 1080:1 1082:1 1083:1 1084:1 1085:1 1086:1 1087:1 1088:1 1089:1 1090:1 1091:1 1093:1 1094:1 1112:1 1114:1 1116:1 
8 9:1 10:1 13:1 32:1 34:1 44:1 46:1 107:1 109:1 1052:1 1055:1 1057:1 1072:1 1073:1 1074:1 1075:1 1076:1 1077:1 1078:1 1079:1 1080:1 1082:1 1083:1 1084:1 1085:1 1086:1 1087:1 1088:1 1089:1 1090:1 1091:1 1094:1 1095:1 1096:1 1112:1 1116:1 
8 9:1 10:1 13:1 32:1 34:1 44:1 46:1 102:1 107:1 109:1 1072:1 1073:1 1074:1 1075:1 1076:1 1077:1 1079:1 1080:1 1082:1 1083:1 1084:1 1085:1 1086:1 1087:1 1088:1 1089:1 1090:1 1091:1 1094:1 1095:1 1096:1 1112:1 1116:1 
8 9:1 10:1 13:1 32:1 44:1 46:1 48:1 49:1 50:1 51:1 53:1 107:1 109:1 1050:1 1072:1 1073:1 1074:1 1076:1 1077:1 1079:1 1080:1 1082:1 1083:1 1084:1 1085:1 1086:1 1087:1 1088:1 1089:1 1090:1 1091:1 1096:1 
8 9:1 10:1 13:1 32:1 40:1 41:1 44:1 45:1 46:1 49:1 50:1 51:1 53:1 56:1 107:1 109:1 1040:1 1042:1 1043:1 1047:1 1072:1 1073:1 1074:1 1075:1 1076:1 1077:1 1079:1 1080:1 1081:1 1082:1 1083:1 1084:1 1085:1 1086:1 1087:1 1088:1 1089:1 1090:1 1091:1 1094:1 1096:1 1112:1 
8 9:1 10:1 13:1 32:1 44:1 46:1 107:1 109:1 1042:1 1056:1 1072:1 1073:1 1074:1 1076:1 1077:1 1079:1 1080:1 1082:1 1083:1 1084:1 1085:1 1086:1 1087:1 1088:1 1089:1 1090:1 1091:1 1094:1 1095:1 1112:1 
8 9:1 10:1 13:1 32:1 44:1 46:1 107:1 109:1 1050:1 1072:1 1073:1 1074:1 1075:1 1076:1 1077:1 1078:1 1079:1 1080:1 1082:1 1083:1 1084:1 1085:1 1086:1 1087:1 1088:1 1089:1 1090:1 1091:1 1095:1 1112:1 1114:1 1116:1 
8 9:1 10:1 13:1 32:1 44:1 46:1 107:1 109:1 1032:1 1042:1 1050:1 1051:1 1052:1 1053:1 1055:1 1056:1 1057:1 1058:1 1072:1 1073:1 1074:1 1075:1 1076:1 1077:1 1079:1 1080:1 1082:1 1083:1 1084:1 1085:1 1086:1 1087:1 1088:1 1089:1 1090:1 1091:1 1092:1 1094:1 1095:1 1096:1 1107:1 1116:1 1119:1 
8 9:1 10:1 13:1 32:1 44:1 46:1 107:1 109:1 1040:1 1047:1 1050:1 1054:1 1056:1 1058:1 1072:1 1073:1 1074:1 1075:1 1076:1 1077:1 1078:1 1079:1 1080:1 1082:1 1083:1 1084:1 1085:1 1086:1 1088:1 1089:1 1090:1 1091:1 1094:1 1095:1 1112:1 1116:1 8220:1 8222:1 
8 9:1 10:1 13:1 32:1 44:1 46:1 107:1 109:1 1072:1 1073:1 1074:1 1075:1 1076:1 1077:1 1079:1 1080:1 1082:1 1083:1 1084:1 1085:1 1086:1 1087:1 1088:1 1089:1 1090:1 1092:1 1093:1 1094:1 1096:1 1112:1 
8 9:1 10:1 13:1 32:1 44:1 45:1 46:1 107:1 109:1 1072:1 1073:1 1074:1 1075:1 1076:1 1077:1 1079:1 1080:1 1082:1 1083:1 1084:1 1085:1 1086:1 1087:1 1088:1 1089:1 1090:1 1091:1 1092:1 1094:1 1095:1 1096:1 1112:1 1116:1 
8 9:1 10:1 13:1 32:1 44:1 46:1 107:1 109:1 1041:1 1045:1 1052:1 1059:1 1072:1 1073:1 1074:1 1075:1 1076:1 1077:1 1079:1 1080:1 1082:1 1083:1 1084:1 1085:1 1086:1 1087:1 1088:1 1089:1 1090:1 1091:1 1112:1 
8 9:1 10:1 13:1 32:1 40:1 41:1 44:1 46:1 107:1 109:1 1044:1 1045:1 1050:1 1053:1 1055:1 1057:1 1072:1 1073:1 1074:1 1075:1 1076:1 1077:1 1078:1 1079:1 1080:1 1082:1 1083:1 1084:1 1085:1 1086:1 1087:1 1088:1 1089:1 1090:1 1091:1 1094:1 1095:1 1096:1 1107:1 1112:1 1119:1 
8 9:1 10:1 13:1 32:1 44:1 46:1 107:1 109:1 1041:1 1072:1 1073:1 1074:1 1075:1 1076:1 1077:1 1079:1 1080:1 1082:1 1083:1 1084:1 1085:1 1086:1 1087:1 1088:1 1089:1 1090:1 1091:1 1094:1 1095:1 1096:1 1112:1 1114:1 1116:1 
8 9:1 10:1 13:1 32:1 44:1 46:1 107:1 109:1 1041:1 1042:1 1047:1 1050:1 1055:1 1072:1 1073:1 1074:1 1076:1 1077:1 1079:1 1080:1 1082:1 1083:1 1084:1 1085:1 1086:1 1087:1 1088:1 1089:1 1090:1 1091:1 1095:1 1096:1 1112:1 1114:1 8220:1 8222:1 
8 9:1 10:1 13:1 32:1 44:1 46:1 48:1 57:1 107:1 109:1 1072:1 1073:1 1074:1 1075:1 1076:1 1077:1 1079:1 1080:1 1083:1 1084:1 1085:1 1086:1 1087:1 1088:1 1089:1 1090:1 1094:1 1096:1 1112:1 1116:1 
8 9:1 10:1 13:1 32:1 46:1 107:1 109:1 1072:1 1073:1 1074:1 1075:1 1076:1 1077:1 1078:1 1079:1 1080:1 1082:1 1083:1 1084:1 1085:1 1086:1 1087:1 1088:1 1089:1 1090:1 1091:1 1092:1 1094:1 1095:1 1096:1 1112:1 1116:1 
8 9:1 10:1 13:1 32:1 44:1 46:1 107:1 109:1 1027:1 1040:1 1045:1 1055:1 1056:1 1058:1 1072:1 1073:1 1074:1 1075:1 1076:1 1077:1 1079:1 1080:1 1082:1 1083:1 1084:1 1085:1 1086:1 1087:1 1088:1 1089:1 1090:1 1091:1 1094:1 1095:1 1096:1 1107:1 1112:1 1116:1 1119:1 8222:1 
8 9:1 10:1 13:1 32:1 44:1 46:1 107:1 109:1 1040:1 1053:1 1054:1 1058:1 1072:1 1073:1 1074:1 1075:1 1076:1 1077:1 1078:1 1079:1 1080:1 1082:1 1083:1 1084:1 1085:1 1086:1 1087:1 1088:1 1089:1 1090:1 1091:1 1092:1 1094:1 1095:1 1096:1 1112:1 1114:1 8220:1 8222:1 
8 9:1 10:1 13:1 32:1 44:1 46:1 107:1 109:1 1043:1 1047:1 1054:1 1056:1 1057:1 1058:1 1072:1 1074:1 1075:1 1076:1 1077:1 1079:1 1080:1 1082:1 1084:1 1085:1 1086:1 1087:1 1088:1 1089:1 1090:1 1091:1 1094:1 1095:1 1112:1 1116:1 
8 9:1 10:1 13:1 32:1 44:1 46:1 107:1 109:1 1045:1 1052:1 1057:1 1072:1 1073:1 1074:1 1075:1 1076:1 1077:1 1078:1 1079:1 1080:1 1082:1 1083:1 1084:1 1085:1 1086:1 1087:1 1088:1 1089:1 1090:1 1091:1 1092:1 1096:1 1112:1 
8 9:1 10:1 13:1 32:1 46:1 48:1 49:1 50:1 107:1 109:1 1045:1 1059:1 1072:1 1073:1 1074:1 1075:1 1076:1 1077:1 1078:1 1079:1 1080:1 1082:1 1083:1 1084:1 1085:1 1086:1 1087:1 1088:1 1089:1 1090:1 1091:1 1095:1 1096:1 1112:1 1114:1 1116:1 
8 9:1 10:1 13:1 32:1 44:1 46:1 69:1 83:1 84:1 101:1 105:1 107:1 109:1 115:1 1055:1 1057:1 1058:1 1072:1 1073:1 1074:1 1075:1 1076:1 1077:1 1078:1 1079:1 1080:1 1082:1 1083:1 1084:1 1085:1 1086:1 1087:1 1088:1 1089:1 1090:1 1091:1 1095:1 1116:1 1119:1 8220:1 
8 9:1 10:1 13:1 32:1 44:1 46:1 107:1 109:1 1050:1 1072:1 1073:1 1074:1 1075:1 1076:1 1077:1 1079:1 1080:1 1082:1 1083:1 1084:1 1085:1 1086:1 1087:1 1088:1 1089:1 1090:1 1091:1 1094:1 1095:1 1112:1 8220:1 8222:1 
8 9:1 10:1 13:1 32:1 40:1 41:1 45:1 46:1 55:1 107:1 109:1 1052:1 1072:1 1073:1 1074:1 1075:1 1076:1 1077:1 1079:1 1080:1 1082:1 1083:1 1084:1 1085:1 1086:1 1087:1 1088:1 1089:1 1090:1 1091:1 1092:1 1094:1 1095:1 1109:1 1112:1 1114:1 
8 9:1 10:1 13:1 32:1 44:1 46:1 107:1 109:1 1040:1 1043:1 1045:1 1053:1 1054:1 1058:1 1059:1 1061:1 1072:1 1073:1 1074:1 1075:1 1076:1 1077:1 1078:1 1079:1 1080:1 1082:1 1083:1 1084:1 1085:1 1086:1 1087:1 1088:1 1089:1 1090:1 1091:1 1092:1 1094:1 1095:1 1096:1 1112:1 
8 9:1 10:1 13:1 32:1 46:1 107:1 109:1 1041:1 1042:1 1047:1 1055:1 1060:1 1072:1 1073:1 1074:1 1075:1 1076:1 1077:1 1079:1 1080:1 1082:1 1083:1 1084:1 1085:1 1086:1 1087:1 1088:1 1089:1 1090:1 1091:1 1092:1 1094:1 1095:1 1096:1 1112:1 1114:1 1116:1 
8 9:1 10:1 13:1 32:1 44:1 46:1 49:1 107:1 109:1 1040:1 1043:1 1044:1 1052:1 1057:1 1062:1 1072:1 1073:1 1074:1 1075:1 1076:1 1077:1 1080:1 1082:1 1083:1 1084:1 1085:1 1086:1 1087:1 1088:1 1089:1 1090:1 1091:1 1095:1 1112:1 1116:1 
8 9:1 10:1 13:1 32:1 44:1 46:1 49:1 56:1 107:1 109:1 1040:1 1042:1 1050:1 1051:1 1072:1 1073:1 1074:1 1076:1 1077:1 1078:1 1079:1 1080:1 1082:1 1083:1 1084:1 1085:1 1086:1 1087:1 1088:1 1089:1 1090:1 1095:1 1112:1 1116:1 
8 9:1 10:1 13:1 32:1 46:1 107:1 109:1 1072:1 1074:1 1075:1 1076:1 1077:1 1078:1 1079:1 1080:1 1082:1 1083:1 1084:1 1085:1 1086:1 1087:1 1088:1 1089:1 1090:1 1091:1 1094:1 1095:1 1096:1 1112:1 1114:1 
8 9:1 10:1 13:1 32:1 44:1 46:1 107:1 109:1 1040:1 1044:1 1047:1 1057:1 1061:1 1072:1 1074:1 1075:1 1076:1 1077:1 1079:1 1080:1 1082:1 1083:1 1084:1 1085:1 1086:1 1087:1 1088:1 1089:1 1090:1 1091:1 1094:1 1095:1 1096:1 1112:1 1116:1 
8 9:1 10:1 13:1 32:1 46:1 107:1 109:1 1040:1 1053:1 1054:1 1058:1 1072:1 1073:1 1074:1 1076:1 1077:1 1078:1 1079:1 1080:1 1082:1 1083:1 1084:1 1085:1 1086:1 1087:1 1088:1 1089:1 1090:1 1091:1 1095:1 1112:1 
8 9:1 10:1 13:1 32:1 44:1 46:1 48:1 49:1 50:1 51:1 52:1 56:1 57:1 107:1 109:1 1072:1 1073:1 1074:1 1075:1 1076:1 1077:1 1079:1 1080:1 1082:1 1083:1 1084:1 1085:1 1086:1 1087:1 1088:1 1089:1 1090:1 1091:1 1094:1 1107:1 1112:1 
8 9:1 10:1 13:1 32:1 44:1 46:1 107:1 109:1 1041:1 1044:1 1061:1 1072:1 1073:1 1074:1 1075:1 1076:1 1077:1 1078:1 1079:1 1080:1 1082:1 1083:1 1084:1 1085:1 1086:1 1087:1 1088:1 1089:1 1090:1 1091:1 1094:1 1095:1 1107:1 1112:1 1114:1 
8 9:1 10:1 13:1 32:1 44:1 46:1 107:1 109:1 233:1 1041:1 1052:1 1072:1 1073:1 1074:1 1075:1 1076:1 1077:1 1078:1 1079:1 1080:1 1082:1 1083:1 1084:1 1085:1 1086:1 1087:1 1088:1 1089:1 1090:1 1091:1 1094:1 1112:1 
8 9:1 10:1 13:1 32:1 44:1 46:1 107:1 109:1 1032:1 1045:1 1047:1 1056:1 1061:1 1072:1 1073:1 1074:1 1075:1 1076:1 1077:1 1078:1 1079:1 1080:1 1082:1 1083:1 1084:1 1085:1 1086:1 1087:1 1088:1 1089:1 1090:1 1091:1 1094:1 1095:1 1096:1 1112:1 1114:1 1116:1 
8 9:1 10:1 13:1 32:1 44:1 46:1 107:1 109:1 1055:1 1072:1 1073:1 1074:1 1075:1 1076:1 1077:1 1078:1 1079:1 1080:1 1082:1 1083:1 1084:1 1085:1 1086:1 1087:1 1088:1 1089:1 1090:1 1091:1 1092:1 1094:1 1096:1 1112:1 1114:1 1116:1 
8 9:1 10:1 13:1 32:1 44:1 46:1 107:1 109:1 1043:1 1054:1 1072:1 1073:1 1074:1 1075:1 1076:1 1077:1 1078:1 1079:1 1080:1 1082:1 1083:1 1084:1 1085:1 1086:1 1087:1 1088:1 1089:1 1090:1 1091:1 1092:1 1096:1 1112:1 1116:1 8220:1 8222:1 
8 9:1 10:1 13:1 32:1 44:1 46:1 49:1 50:1 51:1 53:1 54:1 57:1 107:1 109:1 1072:1 1073:1 1074:1 1075:1 1076:1 1077:1 1078:1 1079:1 1080:1 1082:1 1083:1 1084:1 1085:1 1086:1 1087:1 1088:1 1089:1 1090:1 1092:1 1093:1 1095:1 1112:1 
8 9:1 10:1 13:1 32:1 44:1 46:1 48:1 50:1 56:1 107:1 109:1 1072:1 1073:1 1074:1 1075:1 1076:1 1077:1 1079:1 1080:1 1082:1 1083:1 1084:1 1085:1 1086:1 1087:1 1088:1 1089:1 1090:1 1091:1 1096:1 1112:1 1114:1 
8 9:1 10:1 13:1 32:1 44:1 46:1 107:1 109:1 1072:1 1073:1 1074:1 1075:1 1076:1 1077:1 1079:1 1080:1 1082:1 1083:1 1084:1 1085:1 1086:1 1087:1 1088:1 1089:1 1090:1 1091:1 1093:1 1096:1 1116:1 
8 9:1 10:1 13:1 32:1 44:1 46:1 49:1 52:1 57:1 107:1 109:1 1040:1 1052:1 1055:1 1072:1 1073:1 1074:1 1075:1 1076:1 1077:1 1078:1 1080:1 1082:1 1083:1 1084:1 1085:1 1086:1 1087:1 1088:1 1089:1 1090:1 1091:1 1092:1 1094:1 1107:1 1112:1 
8 9:1 10:1 13:1 32:1 46:1 50:1 55:1 107:1 109:1 1045:1 1047:1 1057:1 1059:1 1061:1 1072:1 1073:1 1074:1 1075:1 1076:1 1077:1 1079:1 1080:1 1082:1 1083:1 1084:1 1085:1 1086:1 1087:1 1088:1 1089:1 1090:1 1091:1 1095:1 1112:1 1114:1 
8 9:1 10:1 13:1 32:1 46:1 48:1 50:1 52:1 53:1 107:1 109:1 1032:1 1040:1 1050:1 1052:1 1055:1 1058:1 1064:1 1072:1 1073:1 1074:1 1075:1 1076:1 1077:1 1078:1 1079:1 1080:1 1083:1 1085:1 1086:1 1087:1 1088:1 1089:1 1090:1 1091:1 1094:1 1112:1 1116:1 
8 9:1 10:1 13:1 32:1 40:1 41:1 44:1 45:1 46:1 49:1 50:1 51:1 52:1 53:1 54:1 56:1 57:1 73:1 107:1 109:1 1042:1 1044:1 1052:1 1053:1 1055:1 1057:1 1072:1 1073:1 1074:1 1075:1 1076:1 1077:1 1078:1 1079:1 1080:1 1082:1 1083:1 1084:1 1085:1 1086:1 1087:1 1088:1 1089:1 1090:1 1091:1 1094:1 1095:1 1096:1 1112:1 1114:1 
8 9:1 10:1 13:1 32:1 46:1 49:1 107:1 109:1 1040:1 1042:1 1047:1 1052:1 1053:1 1057:1 1058:1 1072:1 1073:1 1074:1 1075:1 1076:1 1077:1 1079:1 1080:1 1082:1 1083:1 1084:1 1085:1 1086:1 1087:1 1088:1 1089:1 1090:1 1091:1 1092:1 1095:1 1096:1 1112:1 8220:1 8222:1 
8 9:1 10:1 13:1 32:1 44:1 46:1 48:1 49:1 51:1 107:1 109:1 1040:1 1050:1 1052:1 1054:1 1058:1 1072:1 1073:1 1074:1 1076:1 1077:1 1079:1 1080:1 1082:1 1083:1 1084:1 1085:1 1086:1 1087:1 1088:1 1089:1 1090:1 1091:1 1094:1 1096:1 1112:1 1116:1 
8 9:1 10:1 13:1 32:1 44:1 46:1 107:1 109:1 1072:1 1073:1 1074:1 1075:1 1076:1 1077:1 1078:1 1079:1 1080:1 1082:1 1083:1 1084:1 1085:1 1086:1 1087:1 1088:1 1089:1 1090:1 1091:1 1094:1 1095:1 1096:1 1112:1 1116:1 8220:1 8222:1 
8 9:1 10:1 13:1 32:1 44:1 46:1 107:1 109:1 1072:1 1073:1 1074:1 1075:1 1076:1 1077:1 1079:1 1080:1 1082:1 1083:1 1084:1 1085:1 1086:1 1087:1 1088:1 1089:1 1090:1 1091:1 1092:1 1095:1 1096:1 1112:1 
8 9:1 10:1 13:1 32:1 40:1 41:1 44:1 46:1 107:1 109:1 1040:1 1043:1 1044:1 1048:1 1050:1 1052:1 1053:1 1054:1 1055:1 1057:1 1072:1 1073:1 1074:1 1075:1 1076:1 1077:1 1078:1 1079:1 1080:1 1082:1 1083:1 1084:1 1085:1 1086:1 1087:1 1088:1 1089:1 1090:1 1091:1 1092:1 1094:1 1112:1 1116:1 
8 9:1 10:1 13:1 32:1 44:1 45:1 46:1 49:1 50:1 53:1 57:1 102:1 107:1 109:1 1041:1 1044:1 1056:1 1057:1 1072:1 1073:1 1074:1 1075:1 1076:1 1077:1 1078:1 1079:1 1080:1 1082:1 1083:1 1084:1 1085:1 1086:1 1087:1 1088:1 1089:1 1090:1 1091:1 1092:1 1094:1 1095:1 1096:1 1112:1 1116:1 
8 9:1 10:1 13:1 32:1 40:1 41:1 44:1 45:1 46:1 91:1 93:1 107:1 109:1 1027:1 1044:1 1045:1 1050:1 1056:1 1057:1 1058:1 1064:1 1072:1 1074:1 1075:1 1076:1 1077:1 1080:1 1082:1 1083:1 1084:1 1085:1 1086:1 1087:1 1088:1 1089:1 1090:1 1091:1 1092:1 1094:1 1096:1 1107:1 1112:1 1114:1 1116:1 
8 9:1 10:1 13:1 32:1 44:1 46:1 107:1 109:1 1044:1 1052:1 1057:1 1072:1 1073:1 1074:1 1075:1 1076:1 1077:1 1078:1 1079:1 1080:1 1082:1 1083:1 1084:1 1085:1 1086:1 1087:1 1088:1 1089:1 1090:1 1091:1 1094:1 1095:1 1096:1 1112:1 1116:1 
8 9:1 10:1 13:1 32:1 44:1 46:1 107:1 109:1 1042:1 1052:1 1055:1 1057:1 1062:1 1072:1 1073:1 1074:1 1075:1 1076:1 1077:1 1080:1 1082:1 1083:1 1084:1 1085:1 1086:1 1087:1 1088:1 1089:1 1090:1 1091:1 1092:1 1094:1 1095:1 1112:1 
8 9:1 10:1 13:1 32:1 44:1 46:1 107:1 109:1 1072:1 1073:1 1074:1 1075:1 1076:1 1077:1 1078:1 1079:1 1080:1 1082:1 1083:1 1084:1 1085:1 1086:1 1087:1 1088:1 1089:1 1090:1 1091:1 1095:1 1096:1 1112:1 8211:1 
8 9:1 10:1 13:1 32:1 44:1 46:1 107:1 109:1 1041:1 1052:1 1072:1 1073:1 1074:1 1075:1 1076:1 1077:1 1079:1 1080:1 1082:1 1083:1 1084:1 1085:1 1086:1 1087:1 1088:1 1089:1 1090:1 1091:1 1092:1 1094:1 1096:1 1112:1 
8 9:1 10:1 13:1 32:1 44:1 46:1 107:1 109:1 1072:1 1074:1 1075:1 1076:1 1077:1 1079:1 1080:1 1082:1 1083:1 1084:1 1085:1 1086:1 1087:1 1088:1 1089:1 1090:1 1091:1 1092:1 1094:1 1095:1 1096:1 1112:1 
8 9:1 10:1 13:1 32:1 44:1 46:1 53:1 55:1 107:1 109:1 1052:1 1055:1 1057:1 1058:1 1072:1 1073:1 1074:1 1075:1 1076:1 1077:1 1078:1 1079:1 1080:1 1082:1 1083:1 1084:1 1085:1 1086:1 1087:1 1088:1 1089:1 1090:1 1091:1 1092:1 1095:1 1096:1 1112:1 8220:1 8222:1 
8 9:1 10:1 13:1 32:1 46:1 107:1 109:1 1053:1 1055:1 1057:1 1072:1 1073:1 1074:1 1075:1 1076:1 1077:1 1079:1 1080:1 1082:1 1083:1 1085:1 1086:1 1087:1 1088:1 1089:1 1090:1 1091:1 1094:1 1095:1 1112:1 1114:1 1116:1 
8 9:1 10:1 13:1 32:1 44:1 46:1 107:1 109:1 1057:1 1058:1 1072:1 1073:1 1074:1 1075:1 1076:1 1077:1 1079:1 1080:1 1082:1 1083:1 1084:1 1085:1 1086:1 1087:1 1088:1 1089:1 1090:1 1091:1 1093:1 1094:1 1095:1 1096:1 1112:1 8220:1 8222:1 
8 9:1 10:1 13:1 32:1 44:1 46:1 49:1 52:1 107:1 109:1 1057:1 1058:1 1072:1 1073:1 1074:1 1075:1 1076:1 1077:1 1078:1 1079:1 1080:1 1082:1 1083:1 1084:1 1085:1 1086:1 1087:1 1088:1 1089:1 1090:1 1091:1 1092:1 1096:1 1112:1 1116:1 1119:1 
8 9:1 10:1 13:1 32:1 44:1 46:1 107:1 109:1 1043:1 1052:1 1072:1 1074:1 1076:1 1077:1 1079:1 1080:1 1082:1 1083:1 1084:1 1085:1 1086:1 1088:1 1089:1 1090:1 1094:1 1096:1 1112:1 
8 9:1 10:1 13:1 32:1 44:1 46:1 107:1 109:1 1032:1 1040:1 1041:1 1052:1 1053:1 1054:1 1057:1 1058:1 1072:1 1073:1 1074:1 1075:1 1076:1 1077:1 1078:1 1079:1 1080:1 1082:1 1083:1 1084:1 1085:1 1086:1 1087:1 1088:1 1089:1 1090:1 1091:1 1092:1 1096:1 1112:1 1114:1 1116:1 
8 9:1 10:1 13:1 32:1 44:1 46:1 107:1 109:1 1045:1 1052:1 1059:1 1072:1 1073:1 1074:1 1075:1 1076:1 1077:1 1079:1 1080:1 1082:1 1083:1 1084:1 1085:1 1086:1 1087:1 1088:1 1089:1 1090:1 1091:1 1095:1 1112:1 1114:1 1116:1 
8 9:1 10:1 13:1 32:1 44:1 46:1 107:1 109:1 1040:1 1041:1 1050:1 1056:1 1072:1 1073:1 1074:1 1075:1 1076:1 1077:1 1078:1 1079:1 1080:1 1082:1 1083:1 1084:1 1085:1 1086:1 1087:1 1088:1 1089:1 1090:1 1091:1 1094:1 1095:1 1096:1 1112:1 1116:1 
8 9:1 10:1 13:1 32:1 46:1 107:1 109:1 1032:1 1055:1 1059:1 1072:1 1073:1 1074:1 1075:1 1076:1 1077:1 1079:1 1080:1 1082:1 1083:1 1084:1 1085:1 1086:1 1087:1 1088:1 1089:1 1090:1 1091:1 1092:1 1094:1 1095:1 1112:1 1116:1 
8 9:1 10:1 13:1 32:1 46:1 107:1 109:1 1040:1 1059:1 1060:1 1072:1 1073:1 1074:1 1075:1 1076:1 1077:1 1079:1 1080:1 1082:1 1083:1 1084:1 1085:1 1086:1 1087:1 1088:1 1089:1 1090:1 1091:1 1092:1 1094:1 1095:1 1096:1 1112:1 1116:1 
8 9:1 10:1 13:1 32:1 46:1 107:1 109:1 1043:1 1045:1 1059:1 1061:1 1072:1 1073:1 1074:1 1075:1 1076:1 1077:1 1078:1 1079:1 1080:1 1082:1 1083:1 1084:1 1085:1 1086:1 1087:1 1088:1 1089:1 1090:1 1091:1 1096:1 1112:1 1114:1 
8 9:1 10:1 13:1 32:1 40:1 41:1 44:1 45:1 46:1 107:1 109:1 1039:1 1044:1 1052:1 1055:1 1057:1 1072:1 1073:1 1074:1 1075:1 1076:1 1077:1 1078:1 1079:1 1080:1 1082:1 1083:1 1084:1 1085:1 1086:1 1087:1 1088:1 1089:1 1090:1 1091:1 1092:1 1094:1 1095:1 1096:1 1112:1 1114:1 
8 9:1 10:1 13:1 32:1 44:1 46:1 49:1 50:1 107:1 109:1 1039:1 1041:1 1048:1 1056:1 1072:1 1073:1 1074:1 1075:1 1076:1 1077:1 1079:1 1080:1 1082:1 1083:1 1084:1 1085:1 1086:1 1087:1 1088:1 1089:1 1090:1 1091:1 1096:1 1112:1 
8 9:1 10:1 13:1 32:1 40:1 41:1 44:1 45:1 46:1 48:1 53:1 107:1 109:1 1041:1 1052:1 1056:1 1057:1 1061:1 1072:1 1073:1 1074:1 1075:1 1076:1 1077:1 1079:1 1080:1 1082:1 1083:1 1084:1 1085:1 1086:1 1087:1 1088:1 1089:1 1090:1 1091:1 1093:1 1094:1 1095:1 1112:1 1114:1 1116:1 8220:1 8222:1 
8 9:1 10:1 13:1 32:1 44:1 46:1 107:1 109:1 1044:1 1064:1 1072:1 1073:1 1074:1 1076:1 1077:1 1078:1 1079:1 1080:1 1082:1 1083:1 1085:1 1086:1 1087:1 1088:1 1089:1 1090:1 1091:1 1094:1 1095:1 1096:1 1112:1 1116:1 8220:1 8222:1 
8 9:1 10:1 13:1 32:1 46:1 48:1 49:1 50:1 107:1 109:1 1040:1 1041:1 1043:1 1072:1 1073:1 1074:1 1075:1 1076:1 1077:1 1078:1 1079:1 1080:1 1082:1 1083:1 1084:1 1085:1 1086:1 1087:1 1088:1 1089:1 1090:1 1091:1 1096:1 1112:1 1114:1 
8 9:1 10:1 13:1 32:1 44:1 46:1 107:1 109:1 1072:1 1073:1 1074:1 1075:1 1076:1 1077:1 1078:1 1079:1 1080:1 1082:1 1083:1 1084:1 1085:1 1086:1 1087:1 1088:1 1089:1 1090:1 1091:1 1092:1 1094:1 1095:1 1096:1 1116:1 
8 9:1 10:1 13:1 32:1 44:1 46:1 107:1 109:1 1072:1 1073:1 1074:1 1075:1 1076:1 1077:1 1078:1 1079:1 1080:1 1081:1 1082:1 1083:1 1084:1 1085:1 1086:1 1087:1 1088:1 1089:1 1090:1 1091:1 1094:1 1096:1 1112:1 1114:1 
8 9:1 10:1 13:1 32:1 44:1 46:1 107:1 109:1 1055:1 1072:1 1074:1 1075:1 1076:1 1077:1 1079:1 1080:1 1082:1 1083:1 1084:1 1085:1 1086:1 1087:1 1088:1 1089:1 1090:1 1091:1 1093:1 1094:1 1095:1 1096:1 1112:1 
8 9:1 10:1 13:1 32:1 44:1 46:1 48:1 49:1 50:1 51:1 107:1 109:1 1041:1 1050:1 1064:1 1072:1 1073:1 1074:1 1075:1 1076:1 1077:1 1079:1 1080:1 1082:1 1083:1 1084:1 1085:1 1086:1 1087:1 1088:1 1089:1 1090:1 1091:1 1094:1 1095:1 1096:1 1107:1 1112:1 1116:1 
8 9:1 10:1 13:1 32:1 44:1 46:1 107:1 109:1 1050:1 1052:1 1055:1 1057:1 1072:1 1073:1 1074:1 1075:1 1076:1 1077:1 1078:1 1079:1 1080:1 1082:1 1083:1 1084:1 1085:1 1086:1 1087:1 1088:1 1089:1 1090:1 1091:1 1095:1 1096:1 1112:1 
8 9:1 10:1 13:1 32:1 34:1 44:1 46:1 97:1 101:1 105:1 106:1 107:1 108:1 109:1 110:1 111:1 112:1 114:1 115:1 116:1 118:1 1057:1 1072:1 1073:1 1074:1 1075:1 1076:1 1077:1 1079:1 1080:1 1082:1 1083:1 1084:1 1085:1 1086:1 1087:1 1088:1 1089:1 1090:1 1091:1 1092:1 1093:1 1095:1 1096:1 1112:1 
8 9:1 10:1 13:1 32:1 34:1 44:1 46:1 107:1 109:1 1027:1 1043:1 1044:1 1050:1 1055:1 1057:1 1062:1 1072:1 1073:1 1074:1 1075:1 1076:1 1077:1 1079:1 1080:1 1082:1 1083:1 1084:1 1085:1 1086:1 1087:1 1088:1 1089:1 1090:1 1091:1 1094:1 1095:1 1096:1 1112:1 
8 9:1 10:1 13:1 32:1 45:1 46:1 107:1 109:1 1041:1 1044:1 1058:1 1072:1 1074:1 1075:1 1076:1 1077:1 1078:1 1079:1 1080:1 1082:1 1083:1 1084:1 1085:1 1086:1 1087:1 1088:1 1089:1 1090:1 1091:1 1094:1 1095:1 1096:1 1112:1 1116:1 8220:1 8222:1 
8 9:1 10:1 13:1 32:1 46:1 102:1 107:1 109:1 1041:1 1045:1 1048:1 1055:1 1057:1 1061:1 1072:1 1073:1 1074:1 1075:1 1076:1 1077:1 1078:1 1079:1 1080:1 1082:1 1083:1 1084:1 1085:1 1086:1 1087:1 1088:1 1089:1 1090:1 1091:1 1092:1 1094:1 1096:1 
8 9:1 10:1 13:1 32:1 44:1 46:1 107:1 109:1 1040:1 1044:1 1048:1 1057:1 1058:1 1072:1 1073:1 1074:1 1075:1 1076:1 1077:1 1079:1 1080:1 1082:1 1083:1 1084:1 1085:1 1086:1 1088:1 1089:1 1090:1 1091:1 1092:1 1094:1 1095:1 1096:1 1112:1 1114:1 8220:1 8222:1 
8 9:1 10:1 13:1 32:1 44:1 46:1 107:1 109:1 1040:1 1041:1 1042:1 1044:1 1052:1 1057:1 1072:1 1073:1 1074:1 1075:1 1076:1 1077:1 1078:1 1079:1 1080:1 1082:1 1083:1 1084:1 1085:1 1086:1 1087:1 1088:1 1089:1 1090:1 1093:1 1094:1 1096:1 1112:1 
8 9:1 10:1 13:1 32:1 44:1 45:1 46:1 48:1 49:1 50:1 53:1 55:1 57:1 107:1 109:1 1032:1 1040:1 1072:1 1074:1 1075:1 1076:1 1077:1 1078:1 1079:1 1080:1 1082:1 1083:1 1084:1 1085:1 1086:1 1087:1 1088:1 1089:1 1090:1 1091:1 1092:1 1094:1 1095:1 1096:1 1112:1 1114:1 
8 9:1 10:1 13:1 32:1 44:1 46:1 107:1 109:1 1040:1 1044:1 1045:1 1052:1 1056:1 1072:1 1073:1 1074:1 1075:1 1076:1 1077:1 1079:1 1080:1 1082:1 1083:1 1084:1 1085:1 1086:1 1087:1 1088:1 1089:1 1090:1 1091:1 1093:1 1094:1 1095:1 1096:1 1112:1 1114:1 1116:1 8220:1 8222:1 
8 9:1 10:1 13:1 32:1 44:1 46:1 107:1 109:1 1047:1 1072:1 1073:1 1074:1 1075:1 1076:1 1077:1 1078:1 1079:1 1080:1 1082:1 1083:1 1084:1 1085:1 1086:1 1087:1 1088:1 1089:1 1090:1 1091:1 1095:1 1096:1 1112:1 1114:1 1116:1 
8 9:1 10:1 13:1 32:1 44:1 46:1 107:1 109:1 1072:1 1073:1 1074:1 1075:1 1076:1 1077:1 1079:1 1080:1 1082:1 1083:1 1084:1 1085:1 1086:1 1087:1 1088:1 1089:1 1090:1 1091:1 1092:1 1094:1 1095:1 1096:1 1107:1 1112:1 
8 9:1 10:1 13:1 32:1 46:1 107:1 109:1 1040:1 1041:1 1050:1 1072:1 1073:1 1074:1 1075:1 1076:1 1077:1 1079:1 1080:1 1082:1 1083:1 1084:1 1085:1 1086:1 1087:1 1088:1 1089:1 1090:1 1091:1 1094:1 1096:1 1112:1 8211:1 
8 9:1 10:1 13:1 32:1 44:1 46:1 49:1 51:1 55:1 57:1 107:1 109:1 1058:1 1072:1 1073:1 1074:1 1075:1 1076:1 1077:1 1078:1 1079:1 1080:1 1082:1 1083:1 1084:1 1085:1 1086:1 1087:1 1088:1 1089:1 1090:1 1091:1 1093:1 1094:1 1095:1 1096:1 1112:1 1116:1 
8 9:1 10:1 13:1 32:1 44:1 46:1 107:1 109:1 233:1 1040:1 1048:1 1050:1 1055:1 1058:1 1072:1 1073:1 1074:1 1075:1 1076:1 1077:1 1078:1 1079:1 1080:1 1082:1 1083:1 1084:1 1085:1 1086:1 1087:1 1088:1 1089:1 1090:1 1091:1 1094:1 1096:1 1112:1 1114:1 8220:1 8222:1 
8 9:1 10:1 13:1 32:1 44:1 46:1 107:1 109:1 1041:1 1048:1 1051:1 1054:1 1057:1 1072:1 1073:1 1074:1 1075:1 1076:1 1077:1 1079:1 1080:1 1082:1 1083:1 1084:1 1085:1 1086:1 1087:1 1088:1 1089:1 1090:1 1091:1 1094:1 1112:1 
8 9:1 10:1 13:1 32:1 44:1 46:1 107:1 109:1 1050:1 1057:1 1072:1 1073:1 1074:1 1075:1 1076:1 1077:1 1078:1 1079:1 1080:1 1082:1 1083:1 1084:1 1085:1 1086:1 1087:1 1088:1 1089:1 1090:1 1091:1 1095:1 1112:1 1114:1 8220:1 8222:1 
8 9:1 10:1 13:1 32:1 44:1 45:1 46:1 49:1 50:1 52:1 56:1 107:1 109:1 1072:1 1073:1 1074:1 1075:1 1076:1 1077:1 1079:1 1080:1 1082:1 1083:1 1084:1 1085:1 1086:1 1087:1 1088:1 1089:1 1090:1 1092:1 1112:1 
8 9:1 10:1 13:1 32:1 44:1 46:1 107:1 109:1 1045:1 1050:1 1051:1 1057:1 1059:1 1061:1 1072:1 1073:1 1074:1 1076:1 1077:1 1079:1 1080:1 1082:1 1083:1 1085:1 1086:1 1087:1 1088:1 1089:1 1090:1 1091:1 1092:1 1096:1 1114:1 1116:1 8220:1 8222:1 
8 9:1 10:1 13:1 32:1 44:1 46:1 107:1 109:1 1072:1 1073:1 1074:1 1075:1 1076:1 1077:1 1078:1 1079:1 1080:1 1082:1 1083:1 1084:1 1085:1 1086:1 1087:1 1088:1 1089:1 1090:1 1091:1 1094:1 1095:1 1112:1 8211:1 
8 9:1 10:1 13:1 32:1 44:1 46:1 107:1 109:1 1040:1 1041:1 1044:1 1048:1 1053:1 1054:1 1059:1 1072:1 1073:1 1074:1 1075:1 1076:1 1077:1 1079:1 1080:1 1082:1 1083:1 1084:1 1085:1 1086:1 1087:1 1088:1 1089:1 1090:1 1091:1 1094:1 1095:1 1096:1 1112:1 1114:1 1116:1 
8 9:1 10:1 13:1 32:1 44:1 45:1 46:1 49:1 53:1 107:1 109:1 1041:1 1042:1 1051:1 1056:1 1057:1 1058:1 1060:1 1072:1 1073:1 1074:1 1075:1 1076:1 1077:1 1079:1 1080:1 1082:1 1083:1 1084:1 1085:1 1086:1 1087:1 1088:1 1089:1 1090:1 1091:1 1095:1 1096:1 1112:1 
8 9:1 10:1 13:1 32:1 44:1 46:1 48:1 49:1 50:1 53:1 56:1 107:1 109:1 1040:1 1045:1 1052:1 1056:1 1072:1 1073:1 1074:1 1075:1 1076:1 1077:1 1079:1 1080:1 1082:1 1083:1 1085:1 1086:1 1087:1 1088:1 1089:1 1090:1 1092:1 1094:1 1095:1 1112:1 1116:1 
8 9:1 10:1 13:1 32:1 44:1 46:1 107:1 109:1 1045:1 1072:1 1073:1 1074:1 1075:1 1076:1 1077:1 1078:1 1079:1 1080:1 1082:1 1083:1 1084:1 1085:1 1086:1 1087:1 1088:1 1089:1 1090:1 1091:1 1094:1 1096:1 1107:1 1112:1 1114:1 1116:1 
8 9:1 10:1 13:1 32:1 46:1 107:1 109:1 1072:1 1073:1 1074:1 1075:1 1076:1 1077:1 1079:1 1080:1 1082:1 1083:1 1084:1 1085:1 1086:1 1087:1 1088:1 1089:1 1090:1 1094:1 1095:1 1112:1 1116:1 
8 9:1 10:1 13:1 32:1 44:1 46:1 107:1 109:1 1040:1 1072:1 1073:1 1074:1 1075:1 1076:1 1077:1 1078:1 1079:1 1080:1 1082:1 1083:1 1084:1 1085:1 1086:1 1087:1 1088:1 1089:1 1090:1 1092:1 1094:1 1095:1 1096:1 1112:1 
8 9:1 10:1 13:1 32:1 44:1 46:1 107:1 109:1 1060:1 1072:1 1073:1 1074:1 1075:1 1076:1 1077:1 1079:1 1080:1 1082:1 1083:1 1084:1 1085:1 1086:1 1087:1 1088:1 1089:1 1090:1 1091:1 1092:1 1094:1 1096:1 1112:1 1114:1 8220:1 8222:1 
8 9:1 10:1 13:1 32:1 44:1 46:1 107:1 109:1 1042:1 1052:1 1057:1 1059:1 1072:1 1073:1 1074:1 1075:1 1076:1 1077:1 1079:1 1080:1 1082:1 1083:1 1084:1 1085:1 1086:1 1087:1 1088:1 1089:1 1090:1 1091:1 1094:1 1095:1 1096:1 1107:1 1112:1 1114:1 
8 9:1 10:1 13:1 32:1 44:1 46:1 107:1 109:1 1057:1 1072:1 1073:1 1074:1 1075:1 1076:1 1077:1 1078:1 1079:1 1080:1 1082:1 1083:1 1084:1 1085:1 1086:1 1087:1 1088:1 1089:1 1090:1 1091:1 1092:1 1094:1 1095:1 1096:1 1116:1 8222:1 
8 9:1 10:1 13:1 32:1 44:1 46:1 107:1 109:1 1054:1 1072:1 1073:1 1074:1 1075:1 1076:1 1077:1 1079:1 1080:1 1082:1 1083:1 1084:1 1085:1 1086:1 1087:1 1088:1 1089:1 1090:1 1091:1 1095:1 1096:1 1112:1 1116:1 
8 9:1 10:1 13:1 32:1 44:1 46:1 107:1 109:1 1072:1 1073:1 1074:1 1075:1 1076:1 1077:1 1079:1 1080:1 1082:1 1083:1 1084:1 1085:1 1086:1 1087:1 1088:1 1089:1 1090:1 1091:1 1094:1 1096:1 1107:1 1112:1 
8 9:1 10:1 13:1 32:1 44:1 45:1 46:1 107:1 109:1 1041:1 1044:1 1050:1 1051:1 1053:1 1055:1 1056:1 1072:1 1073:1 1074:1 1075:1 1076:1 1077:1 1079:1 1080:1 1082:1 1083:1 1084:1 1085:1 1086:1 1087:1 1088:1 1089:1 1090:1 1091:1 1094:1 1095:1 1096:1 1112:1 8220:1 
8 9:1 10:1 13:1 32:1 40:1 41:1 44:1 45:1 46:1 49:1 51:1 107:1 109:1 1032:1 1040:1 1043:1 1045:1 1048:1 1053:1 1058:1 1072:1 1073:1 1074:1 1075:1 1076:1 1077:1 1078:1 1079:1 1080:1 1082:1 1083:1 1084:1 1085:1 1086:1 1087:1 1088:1 1089:1 1090:1 1091:1 1095:1 1096:1 1112:1 
8 9:1 10:1 13:1 32:1 40:1 41:1 44:1 45:1 46:1 57:1 107:1 109:1 1041:1 1042:1 1044:1 1048:1 1053:1 1054:1 1057:1 1061:1 1072:1 1073:1 1074:1 1075:1 1076:1 1077:1 1079:1 1080:1 1082:1 1083:1 1084:1 1085:1 1086:1 1087:1 1088:1 1089:1 1090:1 1091:1 1094:1 1095:1 1112:1 
8 9:1 10:1 13:1 32:1 44:1 46:1 50:1 55:1 107:1 109:1 1072:1 1073:1 1074:1 1075:1 1076:1 1077:1 1078:1 1079:1 1080:1 1082:1 1084:1 1085:1 1086:1 1087:1 1088:1 1089:1 1090:1 1091:1 1094:1 1095:1 1096:1 1112:1 1116:1 
8 9:1 10:1 13:1 32:1 45:1 46:1 107:1 109:1 1043:1 1045:1 1059:1 1072:1 1073:1 1074:1 1075:1 1076:1 1077:1 1078:1 1079:1 1080:1 1082:1 1083:1 1084:1 1085:1 1086:1 1088:1 1089:1 1090:1 1091:1 1092:1 1094:1 1095:1 1096:1 1112:1 
8 9:1 10:1 13:1 32:1 44:1 45:1 46:1 48:1 50:1 52:1 107:1 109:1 1045:1 1050:1 1058:1 1059:1 1072:1 1073:1 1074:1 1075:1 1076:1 1077:1 1078:1 1079:1 1080:1 1082:1 1083:1 1084:1 1085:1 1086:1 1087:1 1088:1 1089:1 1090:1 1091:1 1094:1 1095:1 1096:1 1112:1 1114:1 1116:1 
8 9:1 10:1 13:1 32:1 44:1 46:1 101:1 107:1 109:1 1052:1 1072:1 1073:1 1074:1 1075:1 1076:1 1077:1 1079:1 1080:1 1082:1 1083:1 1084:1 1085:1 1086:1 1088:1 1089:1 1090:1 1091:1 1095:1 1112:1 1116:1 
8 9:1 10:1 13:1 32:1 44:1 45:1 46:1 49:1 51:1 54:1 107:1 109:1 1032:1 1045:1 1048:1 1072:1 1073:1 1074:1 1075:1 1076:1 1077:1 1078:1 1079:1 1080:1 1082:1 1083:1 1084:1 1085:1 1086:1 1087:1 1088:1 1089:1 1090:1 1091:1 1092:1 1094:1 1095:1 1096:1 1112:1 
8 9:1 10:1 13:1 32:1 44:1 46:1 107:1 109:1 1050:1 1058:1 1072:1 1073:1 1074:1 1075:1 1076:1 1077:1 1078:1 1079:1 1080:1 1082:1 1083:1 1084:1 1085:1 1086:1 1087:1 1088:1 1089:1 1090:1 1091:1 1095:1 1096:1 1112:1 1114:1 
8 9:1 10:1 13:1 32:1 44:1 46:1 107:1 109:1 1072:1 1073:1 1074:1 1075:1 1076:1 1077:1 1078:1 1079:1 1080:1 1082:1 1083:1 1084:1 1085:1 1086:1 1087:1 1088:1 1089:1 1090:1 1091:1 1094:1 1096:1 1112:1 1116:1 
8 9:1 10:1 13:1 32:1 44:1 46:1 48:1 49:1 51:1 54:1 55:1 107:1 109:1 1041:1 1044:1 1051:1 1054:1 1057:1 1058:1 1072:1 1073:1 1074:1 1075:1 1076:1 1077:1 1079:1 1080:1 1082:1 1083:1 1084:1 1085:1 1086:1 1087:1 1088:1 1089:1 1090:1 1091:1 1094:1 1095:1 1112:1 
8 9:1 10:1 13:1 32:1 34:1 44:1 46:1 107:1 109:1 1043:1 1048:1 1054:1 1059:1 1072:1 1073:1 1074:1 1075:1 1076:1 1077:1 1079:1 1080:1 1082:1 1083:1 1084:1 1085:1 1086:1 1087:1 1088:1 1089:1 1090:1 1091:1 1094:1 1095:1 1096:1 1112:1 1116:1 
8 9:1 10:1 13:1 32:1 44:1 46:1 107:1 109:1 1072:1 1073:1 1074:1 1076:1 1077:1 1078:1 1079:1 1080:1 1082:1 1083:1 1084:1 1085:1 1086:1 1087:1 1088:1 1089:1 1090:1 1091:1 1094:1 1095:1 1096:1 1112:1 1114:1 
8 9:1 10:1 13:1 32:1 44:1 46:1 107:1 109:1 1048:1 1050:1 1055:1 1058:1 1072:1 1073:1 1074:1 1075:1 1076:1 1077:1 1079:1 1080:1 1082:1 1083:1 1084:1 1085:1 1086:1 1087:1 1088:1 1089:1 1090:1 1091:1 1094:1 1095:1 1107:1 1112:1 
8 9:1 10:1 13:1 32:1 44:1 46:1 50:1 53:1 55:1 107:1 109:1 1032:1 1045:1 1047:1 1052:1 1054:1 1057:1 1058:1 1072:1 1073:1 1074:1 1076:1 1077:1 1079:1 1080:1 1082:1 1083:1 1084:1 1085:1 1086:1 1087:1 1088:1 1089:1 1090:1 1091:1 1094:1 1095:1 1096:1 1112:1 1116:1 
8 9:1 10:1 13:1 32:1 44:1 46:1 107:1 109:1 1041:1 1050:1 1072:1 1074:1 1075:1 1076:1 1077:1 1079:1 1080:1 1082:1 1083:1 1084:1 1085:1 1086:1 1087:1 1088:1 1089:1 1090:1 1091:1 1094:1 1095:1 1112:1 
8 9:1 10:1 13:1 32:1 46:1 107:1 109:1 1032:1 1057:1 1058:1 1072:1 1073:1 1074:1 1075:1 1076:1 1077:1 1078:1 1079:1 1080:1 1082:1 1083:1 1085:1 1086:1 1087:1 1088:1 1089:1 1090:1 1091:1 1096:1 1112:1 1114:1 1116:1 
9 9:1 10:1 13:1 32:1 44:1 46:1 65:1 66:1 67:1 72:1 73:1 76:1 79:1 80:1 82:1 83:1 84:1 97:1 98:1 99:1 100:1 101:1 103:1 104:1 105:1 106:1 107:1 108:1 109:1 110:1 111:1 112:1 114:1 115:1 116:1 117:1 119:1 121:1 
9 9:1 10:1 13:1 32:1 44:1 46:1 53:1 77:1 78:1 79:1 85:1 97:1 98:1 100:1 101:1 103:1 104:1 105:1 106:1 107:1 108:1 109:1 110:1 111:1 112:1 114:1 115:1 116:1 117:1 119:1 121:1 
9 9:1 10:1 13:1 32:1 36:1 40:1 41:1 44:1 46:1 48:1 49:1 50:1 51:1 52:1 54:1 55:1 56:1 57:1 65:1 74:1 75:1 77:1 82:1 83:1 97:1 98:1 100:1 101:1 104:1 105:1 106:1 107:1 108:1 109:1 110:1 112:1 114:1 115:1 116:1 117:1 121:1 
9 9:1 10:1 13:1 32:1 40:1 41:1 44:1 46:1 68:1 77:1 78:1 80:1 97:1 98:1 99:1 100:1 101:1 102:1 103:1 104:1 105:1 106:1 107:1 108:1 109:1 110:1 111:1 112:1 114:1 115:1 116:1 117:1 119:1 121:1 
9 9:1 10:1 13:1 32:1 44:1 46:1 75:1 84:1 97:1 98:1 100:1 101:1 103:1 104:1 105:1 106:1 107:1 108:1 109:1 110:1 112:1 114:1 115:1 116:1 117:1 119:1 121:1 
9 9:1 10:1 13:1 32:1 44:1 46:1 66:1 72:1 77:1 78:1 80:1 83:1 85:1 97:1 98:1 100:1 101:1 103:1 104:1 105:1 106:1 107:1 108:1 109:1 110:1 111:1 112:1 114:1 115:1 116:1 117:1 121:1 
9 9:1 10:1 13:1 32:1 44:1 46:1 65:1 68:1 75:1 77:1 84:1 85:1 97:1 98:1 99:1 100:1 101:1 103:1 104:1 105:1 106:1 107:1 108:1 109:1 110:1 112:1 114:1 115:1 116:1 117:1 121:1 
9 9:1 10:1 13:1 32:1 34:1 44:1 46:1 77:1 80:1 97:1 98:1 99:1 100:1 101:1 103:1 104:1 105:1 107:1 108:1 109:1 110:1 112:1 114:1 115:1 116:1 117:1 121:1 
9 9:1 10:1 13:1 32:1 46:1 65:1 70:1 76:1 79:1 80:1 84:1 97:1 98:1 100:1 101:1 102:1 103:1 104:1 105:1 106:1 107:1 108:1 109:1 110:1 111:1 112:1 114:1 115:1 116:1 117:1 118:1 119:1 121:1 
9 9:1 10:1 13:1 32:1 44:1 46:1 52:1 53:1 67:1 68:1 73:1 80:1 84:1 85:1 97:1 98:1 100:1 101:1 103:1 104:1 105:1 107:1 108:1 109:1 110:1 111:1 112:1 114:1 115:1 116:1 117:1 121:1 
9 9:1 10:1 13:1 32:1 44:1 46:1 65:1 66:1 68:1 69:1 75:1 76:1 77:1 79:1 82:1 83:1 84:1 90:1 97:1 98:1 100:1 101:1 103:1 104:1 105:1 106:1 107:1 108:1 109:1 110:1 112:1 114:1 115:1 116:1 117:1 121:1 122:1 
9 9:1 10:1 13:1 32:1 34:1 44:1 46:1 65:1 66:1 68:1 71:1 78:1 80:1 82:1 83:1 85:1 97:1 98:1 100:1 101:1 103:1 104:1 105:1 106:1 107:1 108:1 109:1 110:1 111:1 112:1 114:1 115:1 116:1 117:1 119:1 121:1 122:1 
9 9:1 10:1 13:1 32:1 44:1 46:1 48:1 49:1 97:1 98:1 99:1 100:1 101:1 103:1 104:1 105:1 106:1 107:1 108:1 109:1 110:1 111:1 112:1 114:1 115:1 116:1 117:1 121:1 
9 9:1 10:1 13:1 32:1 40:1 41:1 44:1 46:1 65:1 66:1 75:1 78:1 80:1 82:1 83:1 97:1 98:1 99:1 100:1 101:1 103:1 104:1 105:1 106:1 107:1 108:1 109:1 110:1 111:1 112:1 114:1 115:1 116:1 117:1 121:1 
9 9:1 10:1 13:1 32:1 44:1 46:1 53:1 56:1 67:1 72:1 75:1 77:1 83:1 97:1 98:1 99:1 100:1 101:1 103:1 104:1 105:1 106:1 107:1 108:1 109:1 110:1 111:1 112:1 114:1 115:1 116:1 117:1 121:1 8220:1 
9 9:1 10:1 13:1 32:1 34:1 44:1 46:1 76:1 77:1 83:1 97:1 98:1 99:1 100:1 101:1 103:1 105:1 106:1 107:1 108:1 109:1 110:1 111:1 112:1 114:1 115:1 116:1 117:1 118:1 119:1 121:1 
9 9:1 10:1 13:1 32:1 44:1 46:1 50:1 52:1 70:1 77:1 83:1 97:1 98:1 100:1 101:1 102:1 103:1 104:1 105:1 106:1 107:1 108:1 109:1 110:1 111:1 112:1 114:1 115:1 116:1 117:1 118:1 119:1 121:1 
9 9:1 10:1 13:1 32:1 44:1 46:1 77:1 78:1 82:1 83:1 97:1 98:1 99:1 100:1 101:1 102:1 103:1 104:1 105:1 106:1 107:1 108:1 109:1 110:1 111:1 112:1 114:1 115:1 116:1 117:1 119:1 121:1 
9 9:1 10:1 13:1 32:1 44:1 46:1 50:1 55:1 69:1 77:1 79:1 83:1 97:1 98:1 99:1 100:1 101:1 103:1 104:1 105:1 106:1 107:1 108:1 109:1 110:1 111:1 112:1 114:1 115:1 116:1 117:1 121:1 
9 9:1 10:1 13:1 32:1 44:1 46:1 48:1 49:1 53:1 73:1 77:1 82:1 83:1 97:1 98:1 100:1 101:1 102:1 103:1 104:1 105:1 106:1 107:1 108:1 109:1 110:1 111:1 112:1 114:1 115:1 116:1 117:1 119:1 121:1 
9 9:1 10:1 13:1 32:1 34:1 39:1 44:1 46:1 66:1 87:1 97:1 98:1 100:1 101:1 102:1 103:1 104:1 105:1 106:1 107:1 108:1 109:1 110:1 111:1 112:1 114:1 115:1 116:1 117:1 121:1 
9 9:1 10:1 13:1 32:1 44:1 46:1 48:1 50:1 52:1 56:1 65:1 67:1 72:1 75:1 77:1 80:1 82:1 83:1 84:1 90:1 97:1 98:1 99:1 100:1 101:1 102:1 103:1 104:1 105:1 106:1 107:1 108:1 109:1 110:1 111:1 112:1 114:1 115:1 116:1 117:1 119:1 121:1 122:1 
9 9:1 10:1 13:1 32:1 44:1 46:1 49:1 56:1 57:1 65:1 75:1 77:1 82:1 97:1 98:1 100:1 101:1 103:1 104:1 105:1 106:1 107:1 108:1 109:1 110:1 111:1 112:1 114:1 115:1 116:1 117:1 119:1 121:1 
9 9:1 10:1 13:1 32:1 44:1 46:1 65:1 67:1 68:1 74:1 80:1 83:1 89:1 97:1 98:1 100:1 101:1 103:1 104:1 105:1 106:1 107:1 109:1 110:1 111:1 112:1 114:1 115:1 116:1 117:1 121:1 8221:1 
9 9:1 10:1 13:1 32:1 44:1 46:1 97:1 98:1 99:1 100:1 101:1 103:1 104:1 105:1 106:1 107:1 108:1 109:1 110:1 112:1 114:1 115:1 116:1 117:1 119:1 121:1 
9 9:1 10:1 13:1 32:1 40:1 41:1 46:1 66:1 71:1 72:1 75:1 77:1 78:1 80:1 83:1 87:1 97:1 98:1 100:1 101:1 103:1 104:1 105:1 107:1 108:1 109:1 110:1 111:1 112:1 114:1 115:1 116:1 117:1 119:1 121:1 
9 9:1 10:1 13:1 32:1 34:1 44:1 46:1 65:1 66:1 67:1 68:1 75:1 77:1 80:1 83:1 84:1 85:1 97:1 98:1 99:1 100:1 101:1 102:1 103:1 104:1 105:1 107:1 108:1 109:1 110:1 111:1 112:1 114:1 115:1 116:1 117:1 121:1 
9 9:1 10:1 13:1 32:1 44:1 46:1 63:1 66:1 67:1 75:1 77:1 83:1 97:1 98:1 99:1 100:1 101:1 103:1 104:1 105:1 107:1 108:1 109:1 110:1 111:1 112:1 114:1 115:1 116:1 117:1 121:1 
9 9:1 10:1 13:1 32:1 46:1 97:1 98:1 100:1 101:1 103:1 105:1 106:1 107:1 108:1 109:1 110:1 111:1 112:1 114:1 115:1 116:1 117:1 119:1 121:1 
9 9:1 10:1 13:1 32:1 44:1 46:1 48:1 49:1 50:1 51:1 66:1 67:1 77:1 83:1 97:1 98:1 99:1 100:1 101:1 103:1 104:1 105:1 107:1 108:1 109:1 110:1 111:1 112:1 114:1 115:1 116:1 117:1 119:1 121:1 122:1 
9 9:1 10:1 13:1 32:1 44:1 46:1 77:1 78:1 80:1 82:1 83:1 97:1 98:1 100:1 101:1 103:1 104:1 105:1 106:1 107:1 108:1 109:1 110:1 111:1 112:1 114:1 115:1 116:1 117:1 119:1 121:1 122:1 
9 9:1 10:1 13:1 32:1 44:1 46:1 73:1 78:1 97:1 98:1 100:1 101:1 103:1 104:1 105:1 107:1 108:1 109:1 110:1 111:1 112:1 113:1 114:1 115:1 116:1 117:1 121:1 122:1 
9 9:1 10:1 13:1 32:1 46:1 97:1 98:1 100:1 101:1 102:1 103:1 104:1 105:1 107:1 108:1 109:1 110:1 111:1 112:1 114:1 115:1 116:1 117:1 119:1 121:1 
9 9:1 10:1 13:1 32:1 44:1 46:1 68:1 69:1 72:1 75:1 76:1 77:1 78:1 80:1 83:1 84:1 90:1 97:1 98:1 99:1 100:1 101:1 102:1 103:1 104:1 105:1 106:1 107:1 108:1 109:1 110:1 111:1 112:1 114:1 115:1 116:1 117:1 118:1 119:1 121:1 122:1 
9 9:1 10:1 13:1 32:1 34:1 46:1 83:1 97:1 98:1 100:1 101:1 102:1 103:1 104:1 105:1 106:1 107:1 108:1 109:1 110:1 112:1 114:1 115:1 116:1 117:1 119:1 121:1 
9 9:1 10:1 13:1 32:1 44:1 46:1 97:1 98:1 100:1 101:1 103:1 104:1 105:1 106:1 107:1 108:1 109:1 110:1 111:1 112:1 114:1 115:1 116:1 117:1 121:1 
9 9:1 10:1 13:1 32:1 44:1 46:1 52:1 53:1 57:1 66:1 74:1 83:1 84:1 97:1 98:1 100:1 101:1 103:1 104:1 105:1 106:1 107:1 108:1 109:1 110:1 111:1 112:1 114:1 115:1 116:1 117:1 121:1 
9 9:1 10:1 13:1 32:1 40:1 41:1 44:1 46:1 49:1 56:1 65:1 66:1 68:1 72:1 75:1 76:1 80:1 83:1 84:1 85:1 97:1 98:1 99:1 100:1 101:1 102:1 103:1 104:1 105:1 106:1 107:1 108:1 109:1 110:1 111:1 112:1 114:1 115:1 116:1 117:1 121:1 
9 9:1 10:1 13:1 32:1 46:1 50:1 97:1 98:1 99:1 100:1 101:1 103:1 104:1 105:1 106:1 107:1 108:1 109:1 110:1 111:1 112:1 114:1 115:1 116:1 117:1 119:1 121:1 
9 9:1 10:1 13:1 32:1 34:1 44:1 46:1 87:1 97:1 98:1 99:1 100:1 101:1 103:1 104:1 105:1 106:1 107:1 108:1 109:1 110:1 111:1 112:1 114:1 115:1 116:1 117:1 119:1 121:1 
9 9:1 10:1 13:1 32:1 44:1 46:1 66:1 68:1 73:1 75:1 77:1 79:1 80:1 83:1 84:1 97:1 98:1 99:1 100:1 101:1 103:1 104:1 105:1 106:1 107:1 108:1 109:1 110:1 111:1 112:1 114:1 115:1 116:1 117:1 118:1 119:1 120:1 121:1 
9 9:1 10:1 13:1 32:1 40:1 41:1 46:1 65:1 66:1 68:1 77:1 78:1 80:1 83:1 84:1 97:1 98:1 100:1 101:1 102:1 103:1 104:1 105:1 107:1 108:1 109:1 110:1 111:1 112:1 114:1 115:1 116:1 117:1 119:1 121:1 
9 9:1 10:1 13:1 32:1 44:1 46:1 66:1 67:1 78:1 80:1 83:1 84:1 85:1 97:1 98:1 100:1 101:1 103:1 104:1 105:1 106:1 107:1 108:1 109:1 110:1 111:1 112:1 114:1 115:1 116:1 117:1 121:1 8220:1 8221:1 
9 9:1 10:1 13:1 32:1 40:1 41:1 44:1 46:1 65:1 66:1 68:1 69:1 72:1 74:1 75:1 76:1 77:1 80:1 82:1 83:1 87:1 97:1 98:1 100:1 101:1 102:1 103:1 104:1 105:1 107:1 108:1 109:1 110:1 111:1 114:1 115:1 116:1 117:1 119:1 121:1 
9 9:1 10:1 13:1 32:1 44:1 46:1 97:1 98:1 100:1 101:1 102:1 103:1 104:1 105:1 106:1 107:1 108:1 109:1 110:1 111:1 112:1 114:1 115:1 116:1 117:1 118:1 119:1 121:1 
9 9:1 10:1 13:1 32:1 46:1 48:1 50:1 54:1 67:1 68:1 69:1 80:1 82:1 97:1 98:1 99:1 100:1 101:1 103:1 104:1 105:1 106:1 107:1 108:1 109:1 110:1 111:1 112:1 114:1 115:1 116:1 117:1 118:1 119:1 121:1 
9 9:1 10:1 13:1 32:1 44:1 46:1 66:1 78:1 85:1 97:1 98:1 100:1 101:1 103:1 104:1 105:1 106:1 107:1 108:1 109:1 110:1 111:1 112:1 114:1 115:1 116:1 117:1 119:1 121:1 
9 9:1 10:1 13:1 32:1 44:1 46:1 56:1 70:1 87:1 90:1 97:1 98:1 99:1 100:1 101:1 103:1 104:1 105:1 106:1 107:1 108:1 109:1 110:1 112:1 114:1 115:1 116:1 117:1 119:1 121:1 
9 9:1 10:1 13:1 32:1 44:1 46:1 65:1 97:1 98:1 99:1 100:1 101:1 103:1 104:1 105:1 106:1 107:1 108:1 109:1 110:1 112:1 114:1 115:1 116:1 117:1 121:1 122:1 
9 9:1 10:1 13:1 32:1 44:1 46:1 66:1 77:1 83:1 97:1 98:1 99:1 100:1 101:1 102:1 103:1 104:1 105:1 106:1 107:1 108:1 109:1 110:1 111:1 112:1 114:1 115:1 116:1 117:1 119:1 121:1 
9 9:1 10:1 13:1 32:1 46:1 53:1 73:1 74:1 75:1 78:1 89:1 97:1 98:1 100:1 101:1 103:1 104:1 105:1 106:1 107:1 108:1 109:1 110:1 111:1 112:1 114:1 115:1 116:1 117:1 119:1 121:1 
9 9:1 10:1 13:1 32:1 46:1 83:1 97:1 98:1 100:1 101:1 103:1 104:1 105:1 106:1 107:1 108:1 109:1 110:1 111:1 112:1 114:1 116:1 117:1 119:1 121:1 
9 9:1 10:1 13:1 32:1 40:1 41:1 44:1 46:1 65:1 66:1 68:1 72:1 75:1 76:1 78:1 80:1 83:1 97:1 98:1 100:1 101:1 102:1 103:1 104:1 105:1 106:1 107:1 108:1 109:1 110:1 111:1 112:1 114:1 115:1 116:1 117:1 119:1 121:1 122:1 
9 9:1 10:1 13:1 32:1 44:1 46:1 75:1 76:1 77:1 78:1 80:1 83:1 84:1 97:1 98:1 99:1 100:1 101:1 103:1 104:1 105:1 107:1 108:1 109:1 110:1 111:1 112:1 114:1 115:1 116:1 117:1 121:1 8220:1 8221:1 
9 9:1 10:1 13:1 32:1 44:1 46:1 49:1 53:1 54:1 56:1 65:1 66:1 68:1 77:1 78:1 82:1 83:1 90:1 97:1 98:1 99:1 100:1 101:1 103:1 104:1 105:1 106:1 107:1 108:1 109:1 110:1 111:1 112:1 114:1 115:1 116:1 117:1 119:1 121:1 122:1 
9 9:1 10:1 13:1 32:1 44:1 46:1 66:1 68:1 73:1 75:1 76:1 77:1 78:1 80:1 83:1 85:1 90:1 97:1 98:1 99:1 100:1 101:1 103:1 104:1 105:1 107:1 108:1 109:1 110:1 111:1 112:1 114:1 115:1 116:1 117:1 118:1 121:1 8220:1 8221:1 
9 9:1 10:1 13:1 32:1 46:1 97:1 98:1 100:1 101:1 103:1 104:1 105:1 106:1 107:1 108:1 109:1 110:1 111:1 112:1 114:1 115:1 116:1 117:1 119:1 121:1 
9 9:1 10:1 13:1 32:1 44:1 46:1 97:1 98:1 100:1 101:1 103:1 104:1 105:1 106:1 107:1 108:1 109:1 110:1 111:1 112:1 114:1 115:1 116:1 117:1 119:1 121:1 
9 9:1 10:1 13:1 32:1 46:1 97:1 98:1 99:1 100:1 101:1 103:1 104:1 105:1 107:1 108:1 109:1 110:1 111:1 112:1 114:1 115:1 116:1 117:1 121:1 
9 9:1 10:1 13:1 32:1 44:1 46:1 48:1 55:1 56:1 75:1 97:1 98:1 100:1 101:1 103:1 104:1 105:1 106:1 107:1 108:1 109:1 110:1 111:1 112:1 114:1 115:1 116:1 117:1 121:1 8220:1 8230:1 
9 9:1 10:1 13:1 32:1 34:1 46:1 65:1 73:1 74:1 77:1 83:1 89:1 97:1 98:1 99:1 100:1 101:1 102:1 103:1 104:1 105:1 106:1 107:1 108:1 109:1 110:1 112:1 114:1 115:1 116:1 117:1 121:1 
9 9:1 10:1 13:1 32:1 44:1 46:1 48:1 50:1 51:1 65:1 67:1 73:1 77:1 78:1 80:1 82:1 83:1 97:1 98:1 99:1 100:1 101:1 103:1 104:1 105:1 107:1 108:1 109:1 110:1 111:1 112:1 114:1 115:1 116:1 117:1 121:1 122:1 
9 9:1 10:1 13:1 32:1 44:1 46:1 48:1 49:1 50:1 65:1 68:1 70:1 80:1 83:1 85:1 97:1 98:1 100:1 101:1 103:1 104:1 105:1 106:1 107:1 108:1 109:1 110:1 111:1 112:1 113:1 114:1 115:1 116:1 117:1 120:1 121:1 
9 9:1 10:1 13:1 32:1 44:1 46:1 65:1 66:1 67:1 68:1 75:1 76:1 78:1 82:1 90:1 97:1 98:1 99:1 100:1 101:1 103:1 104:1 105:1 106:1 107:1 108:1 109:1 110:1 111:1 112:1 114:1 115:1 116:1 117:1 119:1 121:1 
9 9:1 10:1 13:1 32:1 44:1 46:1 50:1 51:1 66:1 75:1 80:1 83:1 97:1 98:1 100:1 101:1 103:1 104:1 105:1 106:1 107:1 108:1 109:1 110:1 111:1 114:1 115:1 116:1 117:1 119:1 121:1 
9 9:1 10:1 13:1 32:1 40:1 41:1 44:1 46:1 75:1 97:1 98:1 99:1 100:1 101:1 103:1 104:1 105:1 106:1 107:1 108:1 109:1 110:1 112:1 114:1 115:1 116:1 117:1 119:1 121:1 8220:1 8221:1 
9 9:1 10:1 13:1 32:1 44:1 46:1 68:1 77:1 79:1 80:1 97:1 98:1 99:1 100:1 101:1 103:1 104:1 105:1 106:1 107:1 108:1 109:1 110:1 111:1 112:1 114:1 115:1 116:1 117:1 119:1 121:1 
9 9:1 10:1 13:1 32:1 44:1 46:1 48:1 49:1 50:1 53:1 67:1 68:1 74:1 77:1 81:1 82:1 86:1 96:1 97:1 98:1 99:1 100:1 101:1 102:1 103:1 104:1 105:1 106:1 107:1 108:1 109:1 110:1 111:1 112:1 114:1 115:1 116:1 117:1 119:1 121:1 122:1 8217:1 
9 9:1 10:1 13:1 32:1 44:1 46:1 77:1 84:1 97:1 98:1 99:1 100:1 101:1 102:1 103:1 104:1 105:1 106:1 107:1 108:1 109:1 110:1 111:1 112:1 114:1 115:1 116:1 117:1 118:1 121:1 
9 9:1 10:1 13:1 32:1 44:1 46:1 65:1 68:1 80:1 97:1 98:1 100:1 101:1 103:1 104:1 105:1 106:1 107:1 108:1 109:1 110:1 111:1 112:1 114:1 115:1 116:1 117:1 121:1 
9 9:1 10:1 13:1 32:1 39:1 44:1 46:1 83:1 96:1 97:1 98:1 99:1 100:1 101:1 103:1 104:1 105:1 107:1 108:1 109:1 110:1 112:1 114:1 115:1 116:1 117:1 119:1 121:1 
9 9:1 10:1 13:1 32:1 44:1 46:1 78:1 97:1 98:1 100:1 101:1 102:1 103:1 104:1 105:1 107:1 108:1 109:1 110:1 111:1 112:1 114:1 115:1 116:1 117:1 121:1 122:1 
9 9:1 10:1 13:1 32:1 40:1 41:1 44:1 46:1 65:1 67:1 71:1 77:1 80:1 82:1 83:1 84:1 89:1 97:1 98:1 100:1 101:1 102:1 103:1 104:1 105:1 106:1 107:1 108:1 109:1 110:1 111:1 112:1 114:1 115:1 116:1 117:1 119:1 121:1 122:1 
9 9:1 10:1 13:1 32:1 44:1 46:1 53:1 56:1 66:1 67:1 71:1 73:1 76:1 77:1 80:1 83:1 97:1 98:1 100:1 101:1 103:1 104:1 105:1 106:1 107:1 108:1 109:1 110:1 112:1 114:1 115:1 116:1 117:1 121:1 122:1 
9 9:1 10:1 13:1 32:1 40:1 41:1 44:1 46:1 69:1 71:1 72:1 73:1 75:1 77:1 80:1 83:1 84:1 89:1 97:1 98:1 100:1 101:1 102:1 103:1 104:1 105:1 106:1 107:1 108:1 109:1 110:1 111:1 112:1 114:1 115:1 116:1 117:1 118:1 119:1 121:1 
9 9:1 10:1 13:1 32:1 46:1 48:1 49:1 50:1 51:1 56:1 57:1 77:1 83:1 97:1 98:1 99:1 100:1 101:1 103:1 104:1 105:1 107:1 108:1 109:1 110:1 111:1 112:1 114:1 115:1 116:1 117:1 119:1 121:1 
9 9:1 10:1 13:1 32:1 44:1 46:1 68:1 97:1 98:1 100:1 101:1 102:1 103:1 105:1 106:1 107:1 108:1 109:1 110:1 112:1 114:1 115:1 116:1 117:1 121:1 122:1 8220:1 
9 9:1 10:1 13:1 32:1 44:1 46:1 65:1 68:1 72:1 76:1 77:1 89:1 97:1 98:1 100:1 101:1 103:1 104:1 105:1 106:1 107:1 108:1 109:1 110:1 111:1 112:1 114:1 115:1 116:1 117:1 119:1 121:1 
9 9:1 10:1 13:1 32:1 44:1 46:1 49:1 51:1 54:1 56:1 71:1 97:1 98:1 100:1 101:1 103:1 104:1 105:1 106:1 107:1 108:1 109:1 110:1 111:1 112:1 114:1 115:1 116:1 117:1 119:1 121:1 
9 9:1 10:1 13:1 32:1 44:1 46:1 48:1 54:1 66:1 67:1 78:1 87:1 97:1 98:1 100:1 101:1 103:1 104:1 105:1 106:1 107:1 108:1 109:1 110:1 111:1 112:1 114:1 115:1 116:1 117:1 119:1 121:1 8217:1 8221:1 
9 9:1 10:1 13:1 32:1 46:1 97:1 98:1 100:1 101:1 103:1 104:1 105:1 106:1 107:1 108:1 109:1 110:1 112:1 114:1 115:1 116:1 117:1 119:1 121:1 
9 9:1 10:1 13:1 32:1 46:1 83:1 97:1 98:1 99:1 100:1 101:1 103:1 104:1 105:1 107:1 108:1 109:1 110:1 112:1 114:1 115:1 116:1 117:1 119:1 121:1 
9 9:1 10:1 13:1 32:1 40:1 41:1 44:1 46:1 65:1 66:1 68:1 73:1 74:1 77:1 78:1 80:1 82:1 83:1 84:1 85:1 97:1 98:1 100:1 101:1 103:1 104:1 105:1 106:1 107:1 108:1 109:1 110:1 111:1 112:1 114:1 115:1 116:1 117:1 119:1 121:1 122:1 
9 9:1 10:1 13:1 32:1 40:1 41:1 44:1 46:1 48:1 50:1 52:1 53:1 54:1 65:1 66:1 67:1 68:1 69:1 70:1 72:1 74:1 75:1 76:1 77:1 78:1 79:1 80:1 83:1 84:1 85:1 89:1 97:1 100:1 101:1 102:1 104:1 105:1 106:1 108:1 109:1 110:1 111:1 112:1 114:1 115:1 116:1 117:1 118:1 119:1 121:1 122:1 169:1 
9 9:1 10:1 13:1 32:1 34:1 44:1 46:1 67:1 68:1 77:1 80:1 82:1 97:1 98:1 99:1 100:1 101:1 103:1 104:1 105:1 106:1 107:1 108:1 109:1 110:1 111:1 112:1 114:1 115:1 116:1 117:1 119:1 121:1 
9 9:1 10:1 13:1 32:1 46:1 53:1 54:1 56:1 77:1 97:1 98:1 99:1 100:1 101:1 103:1 104:1 105:1 107:1 108:1 109:1 110:1 111:1 112:1 114:1 115:1 116:1 117:1 121:1 
9 9:1 10:1 13:1 32:1 44:1 46:1 48:1 49:1 73:1 77:1 83:1 84:1 96:1 97:1 99:1 100:1 101:1 102:1 103:1 104:1 105:1 106:1 107:1 108:1 109:1 110:1 111:1 112:1 114:1 115:1 116:1 117:1 121:1 
9 9:1 10:1 13:1 32:1 34:1 44:1 46:1 68:1 77:1 83:1 97:1 98:1 99:1 100:1 101:1 103:1 104:1 105:1 106:1 107:1 108:1 109:1 110:1 111:1 112:1 114:1 115:1 116:1 117:1 121:1 
9 9:1 10:1 13:1 32:1 39:1 44:1 46:1 66:1 68:1 70:1 76:1 83:1 97:1 98:1 99:1 100:1 101:1 103:1 104:1 105:1 107:1 108:1 109:1 110:1 111:1 112:1 114:1 115:1 116:1 117:1 118:1 119:1 121:1 
9 9:1 10:1 13:1 32:1 46:1 66:1 68:1 75:1 76:1 77:1 78:1 79:1 84:1 85:1 90:1 97:1 98:1 100:1 101:1 103:1 104:1 105:1 106:1 107:1 108:1 109:1 110:1 111:1 112:1 114:1 115:1 116:1 117:1 119:1 121:1 
9 9:1 10:1 13:1 32:1 36:1 40:1 41:1 44:1 46:1 48:1 49:1 50:1 51:1 53:1 54:1 67:1 69:1 73:1 75:1 77:1 80:1 82:1 97:1 98:1 100:1 101:1 103:1 104:1 105:1 106:1 107:1 108:1 109:1 110:1 111:1 112:1 114:1 115:1 116:1 117:1 118:1 119:1 121:1 
9 9:1 10:1 13:1 32:1 40:1 41:1 44:1 46:1 65:1 73:1 74:1 75:1 80:1 83:1 97:1 98:1 100:1 101:1 103:1 104:1 105:1 106:1 107:1 108:1 109:1 110:1 111:1 114:1 115:1 116:1 117:1 119:1 121:1 
9 9:1 10:1 13:1 32:1 44:1 46:1 68:1 77:1 80:1 82:1 89:1 90:1 97:1 98:1 99:1 100:1 101:1 103:1 104:1 105:1 106:1 107:1 108:1 109:1 110:1 111:1 112:1 114:1 115:1 116:1 117:1 119:1 121:1 
9 9:1 10:1 13:1 32:1 46:1 97:1 98:1 100:1 101:1 103:1 104:1 105:1 106:1 107:1 108:1 109:1 110:1 111:1 112:1 114:1 115:1 116:1 117:1 118:1 121:1 
9 9:1 10:1 13:1 32:1 44:1 46:1 66:1 71:1 73:1 80:1 82:1 83:1 97:1 98:1 100:1 101:1 103:1 104:1 105:1 107:1 108:1 109:1 110:1 111:1 112:1 114:1 115:1 116:1 117:1 119:1 121:1 
9 9:1 10:1 13:1 32:1 44:1 46:1 65:1 68:1 72:1 77:1 79:1 80:1 82:1 83:1 84:1 97:1 98:1 100:1 101:1 102:1 103:1 104:1 105:1 106:1 107:1 108:1 109:1 110:1 111:1 112:1 114:1 115:1 116:1 117:1 121:1 
9 9:1 10:1 13:1 32:1 46:1 65:1 78:1 85:1 97:1 98:1 99:1 100:1 101:1 103:1 104:1 105:1 106:1 107:1 108:1 109:1 110:1 111:1 112:1 114:1 115:1 116:1 117:1 121:1 122:1 
9 9:1 10:1 13:1 32:1 44:1 46:1 67:1 77:1 83:1 97:1 98:1 99:1 100:1 101:1 103:1 104:1 105:1 106:1 107:1 108:1 109:1 110:1 111:1 112:1 114:1 115:1 116:1 117:1 119:1 121:1 
9 9:1 10:1 13:1 32:1 44:1 46:1 77:1 80:1 83:1 97:1 98:1 100:1 101:1 103:1 104:1 105:1 106:1 107:1 108:1 109:1 110:1 111:1 112:1 114:1 115:1 116:1 117:1 118:1 121:1 
9 9:1 10:1 13:1 32:1 44:1 46:1 97:1 98:1 99:1 100:1 101:1 103:1 104:1 105:1 106:1 107:1 108:1 109:1 110:1 111:1 112:1 114:1 115:1 116:1 117:1 119:1 121:1 
9 9:1 10:1 13:1 32:1 44:1 46:1 67:1 68:1 75:1 77:1 80:1 82:1 84:1 90:1 97:1 98:1 100:1 101:1 102:1 103:1 104:1 105:1 106:1 107:1 108:1 109:1 110:1 112:1 114:1 115:1 116:1 117:1 119:1 121:1 122:1 
9 9:1 10:1 13:1 32:1 44:1 46:1 65:1 75:1 76:1 82:1 84:1 90:1 97:1 98:1 100:1 101:1 102:1 103:1 104:1 105:1 106:1 107:1 108:1 109:1 110:1 111:1 112:1 114:1 115:1 116:1 117:1 119:1 121:1 
9 9:1 10:1 13:1 32:1 44:1 46:1 75:1 83:1 85:1 97:1 98:1 100:1 101:1 103:1 105:1 106:1 107:1 108:1 109:1 110:1 111:1 112:1 114:1 115:1 116:1 117:1 118:1 121:1 
9 9:1 10:1 13:1 32:1 44:1 46:1 65:1 66:1 72:1 73:1 77:1 80:1 84:1 97:1 98:1 99:1 100:1 101:1 103:1 104:1 105:1 106:1 107:1 108:1 109:1 110:1 111:1 112:1 114:1 115:1 116:1 117:1 119:1 121:1 
9 9:1 10:1 13:1 32:1 34:1 44:1 46:1 68:1 73:1 75:1 77:1 80:1 83:1 89:1 97:1 98:1 100:1 101:1 102:1 103:1 104:1 105:1 106:1 107:1 108:1 109:1 110:1 111:1 112:1 114:1 115:1 116:1 117:1 119:1 121:1 
9 9:1 10:1 13:1 32:1 34:1 44:1 46:1 66:1 72:1 80:1 83:1 97:1 98:1 99:1 100:1 101:1 103:1 104:1 105:1 107:1 108:1 109:1 110:1 111:1 112:1 114:1 115:1 116:1 117:1 121:1 
9 9:1 10:1 13:1 32:1 44:1 46:1 48:1 49:1 53:1 54:1 57:1 75:1 77:1 78:1 80:1 82:1 83:1 84:1 97:1 98:1 100:1 101:1 103:1 104:1 105:1 106:1 107:1 108:1 109:1 110:1 111:1 112:1 114:1 115:1 116:1 117:1 119:1 121:1 
9 9:1 10:1 13:1 32:1 34:1 36:1 44:1 46:1 50:1 65:1 66:1 68:1 74:1 75:1 77:1 80:1 82:1 83:1 85:1 97:1 98:1 99:1 100:1 101:1 102:1 103:1 104:1 105:1 106:1 107:1 108:1 109:1 110:1 111:1 112:1 114:1 115:1 116:1 117:1 119:1 121:1 
9 9:1 10:1 13:1 32:1 46:1 77:1 78:1 80:1 83:1 97:1 98:1 100:1 101:1 102:1 103:1 104:1 105:1 106:1 107:1 108:1 109:1 110:1 111:1 112:1 114:1 115:1 116:1 117:1 119:1 121:1 
9 9:1 10:1 13:1 32:1 44:1 46:1 73:1 80:1 83:1 97:1 98:1 100:1 101:1 102:1 103:1 104:1 105:1 106:1 107:1 108:1 109:1 110:1 111:1 112:1 114:1 115:1 116:1 117:1 119:1 121:1 
9 9:1 10:1 13:1 32:1 44:1 46:1 65:1 68:1 78:1 80:1 83:1 84:1 85:1 97:1 98:1 99:1 100:1 101:1 103:1 104:1 105:1 106:1 107:1 108:1 109:1 110:1 111:1 112:1 114:1 115:1 116:1 117:1 119:1 121:1 
9 9:1 10:1 13:1 32:1 34:1 40:1 41:1 44:1 46:1 72:1 77:1 80:1 83:1 84:1 97:1 98:1 99:1 100:1 101:1 103:1 104:1 105:1 107:1 108:1 109:1 110:1 111:1 112:1 114:1 115:1 116:1 117:1 119:1 121:1 
9 9:1 10:1 13:1 32:1 44:1 46:1 69:1 70:1 74:1 78:1 97:1 98:1 100:1 101:1 103:1 104:1 105:1 106:1 107:1 108:1 109:1 110:1 111:1 112:1 114:1 115:1 116:1 117:1 121:1 
9 9:1 10:1 13:1 32:1 44:1 46:1 48:1 51:1 75:1 79:1 83:1 97:1 98:1 100:1 101:1 103:1 104:1 105:1 106:1 107:1 108:1 109:1 110:1 111:1 112:1 114:1 115:1 116:1 117:1 121:1 
9 9:1 10:1 13:1 32:1 39:1 44:1 46:1 69:1 82:1 83:1 84:1 97:1 98:1 99:1 100:1 101:1 103:1 104:1 105:1 106:1 107:1 108:1 109:1 110:1 111:1 112:1 114:1 115:1 116:1 117:1 119:1 121:1 122:1 
9 9:1 10:1 13:1 32:1 44:1 46:1 59:1 67:1 69:1 73:1 74:1 75:1 77:1 78:1 80:1 83:1 84:1 97:1 98:1 99:1 100:1 101:1 102:1 103:1 104:1 105:1 107:1 108:1 109:1 110:1 111:1 114:1 115:1 116:1 117:1 121:1 122:1 
9 9:1 10:1 13:1 32:1 44:1 46:1 66:1 67:1 68:1 72:1 75:1 76:1 80:1 83:1 90:1 97:1 98:1 100:1 101:1 102:1 103:1 104:1 105:1 106:1 107:1 108:1 109:1 110:1 111:1 112:1 114:1 115:1 116:1 117:1 121:1 
9 9:1 10:1 13:1 32:1 46:1 67:1 68:1 75:1 79:1 80:1 87:1 97:1 98:1 99:1 100:1 101:1 102:1 103:1 104:1 105:1 106:1 107:1 108:1 109:1 110:1 111:1 112:1 114:1 115:1 116:1 117:1 119:1 121:1 
9 9:1 10:1 13:1 32:1 40:1 41:1 44:1 46:1 68:1 75:1 77:1 80:1 83:1 96:1 97:1 98:1 100:1 101:1 103:1 104:1 105:1 106:1 107:1 108:1 109:1 110:1 111:1 112:1 114:1 115:1 116:1 117:1 119:1 121:1 
9 9:1 10:1 13:1 32:1 46:1 65:1 66:1 68:1 69:1 73:1 77:1 78:1 83:1 84:1 97:1 98:1 99:1 100:1 101:1 103:1 104:1 105:1 107:1 108:1 109:1 110:1 111:1 112:1 114:1 115:1 116:1 117:1 118:1 119:1 121:1 
9 9:1 10:1 13:1 32:1 44:1 46:1 83:1 96:1 97:1 98:1 100:1 101:1 103:1 104:1 105:1 106:1 107:1 108:1 109:1 110:1 111:1 112:1 114:1 115:1 116:1 117:1 119:1 121:1 
9 9:1 10:1 13:1 32:1 44:1 46:1 47:1 48:1 49:1 50:1 65:1 66:1 68:1 72:1 73:1 75:1 76:1 84:1 87:1 97:1 98:1 100:1 101:1 103:1 104:1 105:1 106:1 107:1 108:1 109:1 110:1 111:1 112:1 114:1 115:1 116:1 117:1 121:1 
9 9:1 10:1 13:1 32:1 44:1 46:1 65:1 66:1 68:1 72:1 75:1 77:1 78:1 79:1 80:1 83:1 85:1 90:1 97:1 98:1 100:1 101:1 102:1 103:1 104:1 105:1 106:1 107:1 108:1 109:1 110:1 111:1 112:1 114:1 115:1 116:1 117:1 121:1 
9 9:1 10:1 13:1 32:1 40:1 41:1 44:1 46:1 76:1 80:1 85:1 97:1 98:1 100:1 101:1 102:1 103:1 104:1 105:1 107:1 108:1 109:1 110:1 111:1 112:1 114:1 115:1 116:1 117:1 119:1 121:1 
9 9:1 10:1 13:1 32:1 44:1 46:1 67:1 68:1 75:1 80:1 97:1 98:1 100:1 101:1 103:1 104:1 105:1 107:1 108:1 109:1 110:1 111:1 112:1 114:1 115:1 116:1 117:1 121:1 8220:1 8221:1 
9 9:1 10:1 13:1 32:1 44:1 46:1 97:1 98:1 99:1 100:1 101:1 103:1 104:1 105:1 106:1 107:1 108:1 109:1 110:1 111:1 112:1 114:1 115:1 116:1 117:1 121:1 8221:1 
9 9:1 10:1 13:1 32:1 44:1 46:1 71:1 76:1 80:1 84:1 97:1 98:1 100:1 101:1 103:1 104:1 105:1 107:1 108:1 109:1 110:1 111:1 112:1 114:1 115:1 116:1 117:1 119:1 121:1 
9 9:1 10:1 13:1 32:1 44:1 46:1 48:1 50:1 54:1 66:1 73:1 97:1 98:1 100:1 101:1 103:1 104:1 105:1 107:1 108:1 109:1 110:1 111:1 112:1 114:1 115:1 116:1 117:1 121:1 
9 9:1 10:1 13:1 32:1 44:1 46:1 65:1 66:1 78:1 97:1 98:1 99:1 100:1 101:1 103:1 104:1 105:1 106:1 107:1 108:1 109:1 110:1 111:1 112:1 114:1 115:1 116:1 117:1 121:1 122:1 
9 9:1 10:1 13:1 32:1 44:1 46:1 68:1 70:1 75:1 77:1 80:1 82:1 83:1 97:1 98:1 99:1 100:1 101:1 103:1 104:1 105:1 107:1 108:1 109:1 110:1 111:1 112:1 114:1 115:1 116:1 117:1 121:1 
9 9:1 10:1 13:1 32:1 40:1 41:1 44:1 46:1 65:1 68:1 73:1 75:1 77:1 78:1 80:1 83:1 84:1 97:1 98:1 99:1 100:1 101:1 103:1 104:1 105:1 106:1 107:1 108:1 109:1 110:1 111:1 112:1 114:1 115:1 116:1 117:1 121:1 
9 9:1 10:1 13:1 32:1 44:1 46:1 83:1 97:1 98:1 100:1 101:1 102:1 103:1 104:1 105:1 106:1 107:1 108:1 109:1 110:1 111:1 112:1 114:1 115:1 116:1 117:1 121:1 122:1 8220:1 
9 9:1 10:1 13:1 32:1 44:1 46:1 49:1 50:1 51:1 54:1 57:1 65:1 66:1 72:1 74:1 77:1 80:1 86:1 97:1 98:1 99:1 100:1 101:1 103:1 104:1 105:1 106:1 107:1 108:1 109:1 110:1 111:1 112:1 114:1 115:1 116:1 117:1 121:1 
9 9:1 10:1 13:1 32:1 40:1 41:1 46:1 65:1 68:1 74:1 75:1 76:1 80:1 83:1 97:1 98:1 99:1 100:1 101:1 103:1 104:1 105:1 106:1 107:1 108:1 109:1 110:1 111:1 112:1 114:1 115:1 116:1 117:1 121:1 
9 9:1 10:1 13:1 32:1 44:1 46:1 97:1 98:1 99:1 100:1 101:1 103:1 104:1 105:1 106:1 107:1 108:1 109:1 110:1 111:1 112:1 114:1 115:1 116:1 117:1 121:1 
9 9:1 10:1 13:1 32:1 34:1 44:1 46:1 75:1 76:1 83:1 97:1 98:1 100:1 101:1 103:1 104:1 105:1 106:1 107:1 108:1 109:1 110:1 112:1 114:1 115:1 116:1 117:1 121:1 
9 9:1 10:1 13:1 32:1 44:1 46:1 75:1 97:1 98:1 100:1 101:1 103:1 104:1 105:1 106:1 107:1 108:1 109:1 110:1 111:1 112:1 114:1 115:1 116:1 117:1 119:1 121:1 8220:1 8221:1 
9 9:1 10:1 13:1 32:1 44:1 46:1 48:1 49:1 51:1 53:1 97:1 98:1 100:1 101:1 103:1 104:1 105:1 106:1 107:1 108:1 109:1 110:1 111:1 112:1 114:1 115:1 116:1 117:1 121:1 
9 9:1 10:1 13:1 32:1 46:1 66:1 85:1 87:1 97:1 98:1 100:1 101:1 103:1 104:1 105:1 106:1 107:1 108:1 109:1 110:1 111:1 112:1 114:1 115:1 116:1 117:1 119:1 121:1 122:1 
9 9:1 10:1 13:1 32:1 39:1 44:1 46:1 66:1 71:1 72:1 83:1 97:1 98:1 100:1 101:1 103:1 104:1 105:1 106:1 107:1 108:1 109:1 110:1 111:1 112:1 114:1 115:1 116:1 117:1 119:1 121:1 
9 9:1 10:1 13:1 32:1 46:1 65:1 73:1 74:1 75:1 77:1 97:1 98:1 100:1 101:1 103:1 104:1 105:1 106:1 107:1 108:1 109:1 110:1 111:1 112:1 114:1 115:1 116:1 117:1 121:1 
9 9:1 10:1 13:1 32:1 39:1 44:1 46:1 76:1 77:1 83:1 85:1 97:1 98:1 99:1 100:1 101:1 102:1 104:1 105:1 106:1 107:1 108:1 109:1 110:1 111:1 112:1 114:1 115:1 116:1 117:1 118:1 121:1 
9 9:1 10:1 13:1 32:1 44:1 46:1 68:1 97:1 98:1 100:1 101:1 103:1 104:1 105:1 106:1 107:1 108:1 109:1 110:1 111:1 112:1 114:1 115:1 116:1 117:1 119:1 121:1 
9 9:1 10:1 13:1 32:1 46:1 68:1 72:1 75:1 82:1 83:1 97:1 98:1 99:1 100:1 101:1 102:1 103:1 104:1 105:1 107:1 108:1 109:1 110:1 112:1 114:1 115:1 116:1 117:1 118:1 119:1 121:1 
9 9:1 10:1 13:1 32:1 44:1 46:1 66:1 72:1 74:1 77:1 83:1 97:1 98:1 100:1 101:1 103:1 104:1 105:1 106:1 107:1 108:1 109:1 110:1 111:1 112:1 114:1 115:1 116:1 117:1 118:1 119:1 121:1 8212:1 
9 9:1 10:1 13:1 32:1 44:1 46:1 48:1 50:1 52:1 56:1 66:1 71:1 78:1 79:1 97:1 98:1 99:1 100:1 101:1 103:1 104:1 105:1 106:1 107:1 108:1 109:1 110:1 111:1 112:1 114:1 115:1 116:1 117:1 118:1 119:1 121:1 8212:1 
9 9:1 10:1 13:1 32:1 46:1 97:1 98:1 99:1 100:1 101:1 103:1 104:1 105:1 106:1 107:1 108:1 109:1 110:1 111:1 112:1 114:1 115:1 116:1 117:1 119:1 121:1 
9 9:1 10:1 13:1 32:1 44:1 46:1 65:1 75:1 77:1 80:1 82:1 97:1 98:1 100:1 101:1 102:1 103:1 104:1 105:1 106:1 107:1 108:1 109:1 110:1 111:1 112:1 114:1 115:1 116:1 117:1 119:1 121:1 
9 9:1 10:1 13:1 32:1 44:1 46:1 75:1 97:1 98:1 100:1 101:1 103:1 104:1 105:1 106:1 107:1 108:1 109:1 110:1 111:1 112:1 114:1 115:1 116:1 117:1 119:1 121:1 8220:1 8221:1 
9 9:1 10:1 13:1 32:1 44:1 46:1 83:1 97:1 98:1 99:1 100:1 101:1 103:1 104:1 105:1 106:1 107:1 108:1 109:1 110:1 111:1 112:1 114:1 115:1 116:1 117:1 119:1 121:1 
9 9:1 10:1 13:1 32:1 44:1 46:1 65:1 66:1 70:1 75:1 77:1 78:1 79:1 80:1 82:1 83:1 85:1 97:1 98:1 100:1 101:1 103:1 104:1 105:1 106:1 107:1 108:1 109:1 110:1 112:1 114:1 115:1 116:1 117:1 121:1 122:1 
9 9:1 10:1 13:1 32:1 44:1 46:1 48:1 50:1 66:1 74:1 75:1 97:1 98:1 99:1 100:1 101:1 102:1 103:1 104:1 105:1 107:1 108:1 109:1 110:1 111:1 112:1 114:1 115:1 116:1 117:1 119:1 121:1 
9 9:1 10:1 13:1 32:1 44:1 46:1 49:1 55:1 65:1 70:1 71:1 80:1 97:1 98:1 100:1 101:1 103:1 104:1 105:1 106:1 107:1 108:1 109:1 110:1 111:1 112:1 114:1 115:1 116:1 117:1 119:1 121:1 122:1 8212:1 
9 9:1 10:1 13:1 32:1 44:1 46:1 48:1 49:1 50:1 51:1 52:1 54:1 66:1 67:1 72:1 73:1 77:1 78:1 82:1 83:1 85:1 97:1 98:1 100:1 101:1 102:1 103:1 104:1 105:1 106:1 107:1 108:1 109:1 110:1 111:1 112:1 114:1 115:1 116:1 117:1 119:1 121:1 
9 9:1 10:1 13:1 32:1 39:1 44:1 46:1 65:1 66:1 68:1 69:1 73:1 80:1 83:1 97:1 98:1 99:1 100:1 101:1 103:1 104:1 105:1 106:1 107:1 108:1 109:1 110:1 111:1 112:1 114:1 115:1 116:1 117:1 119:1 121:1 8217:1 
9 9:1 10:1 13:1 32:1 44:1 46:1 97:1 98:1 99:1 100:1 101:1 102:1 103:1 104:1 105:1 107:1 108:1 109:1 110:1 111:1 112:1 114:1 115:1 116:1 117:1 119:1 121:1 
9 9:1 10:1 13:1 32:1 44:1 46:1 73:1 77:1 97:1 98:1 99:1 100:1 101:1 103:1 104:1 105:1 106:1 107:1 108:1 109:1 110:1 111:1 112:1 114:1 115:1 116:1 117:1 121:1 
9 9:1 10:1 13:1 32:1 44:1 46:1 65:1 68:1 70:1 75:1 77:1 78:1 80:1 83:1 84:1 97:1 98:1 99:1 100:1 101:1 103:1 104:1 105:1 107:1 108:1 109:1 110:1 111:1 112:1 114:1 115:1 116:1 117:1 119:1 121:1 
9 9:1 10:1 13:1 32:1 40:1 41:1 44:1 46:1 52:1 53:1 65:1 66:1 68:1 75:1 76:1 77:1 78:1 79:1 80:1 83:1 84:1 87:1 97:1 98:1 99:1 100:1 101:1 102:1 103:1 104:1 105:1 106:1 107:1 108:1 109:1 110:1 111:1 112:1 114:1 115:1 116:1 117:1 121:1 
9 9:1 10:1 13:1 32:1 46:1 72:1 83:1 90:1 97:1 98:1 100:1 101:1 103:1 104:1 105:1 107:1 108:1 109:1 110:1 111:1 112:1 114:1 115:1 116:1 117:1 119:1 121:1 
9 9:1 10:1 13:1 32:1 34:1 44:1 46:1 50:1 51:1 67:1 70:1 72:1 75:1 76:1 77:1 80:1 82:1 83:1 84:1 97:1 98:1 99:1 100:1 101:1 102:1 103:1 104:1 105:1 107:1 108:1 109:1 110:1 111:1 112:1 114:1 115:1 116:1 117:1 121:1 8221:1 
9 9:1 10:1 13:1 32:1 44:1 46:1 65:1 69:1 74:1 75:1 83:1 97:1 98:1 99:1 100:1 101:1 103:1 104:1 105:1 106:1 107:1 108:1 109:1 110:1 111:1 112:1 114:1 115:1 116:1 117:1 119:1 121:1 
9 9:1 10:1 13:1 32:1 34:1 44:1 46:1 65:1 66:1 75:1 78:1 80:1 83:1 97:1 98:1 99:1 100:1 101:1 103:1 104:1 105:1 107:1 108:1 109:1 110:1 111:1 112:1 114:1 115:1 116:1 117:1 119:1 121:1 
9 9:1 10:1 13:1 32:1 44:1 46:1 65:1 67:1 72:1 79:1 97:1 98:1 99:1 100:1 101:1 102:1 103:1 104:1 105:1 107:1 108:1 109:1 110:1 111:1 112:1 114:1 115:1 116:1 117:1 121:1 
9 9:1 10:1 13:1 32:1 34:1 44:1 46:1 75:1 79:1 85:1 97:1 98:1 100:1 101:1 102:1 103:1 104:1 105:1 106:1 107:1 108:1 109:1 110:1 111:1 112:1 114:1 115:1 116:1 117:1 121:1 
9 9:1 10:1 13:1 32:1 33:1 39:1 44:1 46:1 59:1 65:1 83:1 97:1 98:1 99:1 100:1 101:1 102:1 103:1 104:1 105:1 106:1 107:1 108:1 109:1 110:1 111:1 112:1 114:1 115:1 116:1 117:1 121:1 
9 9:1 10:1 13:1 32:1 40:1 41:1 44:1 46:1 65:1 66:1 68:1 77:1 78:1 80:1 83:1 97:1 98:1 100:1 101:1 103:1 104:1 105:1 106:1 107:1 108:1 109:1 110:1 111:1 112:1 114:1 115:1 116:1 117:1 121:1 122:1 
9 9:1 10:1 13:1 32:1 44:1 46:1 83:1 97:1 98:1 100:1 101:1 103:1 104:1 105:1 106:1 107:1 108:1 109:1 110:1 111:1 112:1 114:1 115:1 116:1 117:1 121:1 122:1 
9 9:1 10:1 13:1 32:1 44:1 46:1 65:1 73:1 77:1 83:1 84:1 97:1 98:1 99:1 100:1 101:1 103:1 104:1 105:1 106:1 107:1 108:1 109:1 110:1 111:1 112:1 114:1 115:1 116:1 117:1 119:1 121:1 
9 9:1 10:1 13:1 32:1 44:1 46:1 77:1 85:1 97:1 98:1 100:1 101:1 103:1 104:1 105:1 106:1 107:1 108:1 109:1 110:1 111:1 112:1 114:1 115:1 116:1 117:1 118:1 121:1 
9 9:1 10:1 13:1 32:1 44:1 46:1 47:1 66:1 68:1 74:1 75:1 77:1 78:1 79:1 80:1 83:1 84:1 85:1 97:1 98:1 100:1 101:1 103:1 104:1 105:1 107:1 108:1 109:1 110:1 111:1 112:1 114:1 115:1 116:1 117:1 119:1 121:1 
9 9:1 10:1 13:1 32:1 44:1 46:1 80:1 97:1 98:1 100:1 101:1 103:1 104:1 105:1 106:1 107:1 108:1 109:1 110:1 111:1 112:1 114:1 115:1 116:1 117:1 119:1 121:1 
9 9:1 10:1 13:1 32:1 44:1 46:1 65:1 68:1 73:1 75:1 76:1 77:1 80:1 83:1 84:1 97:1 98:1 100:1 101:1 103:1 104:1 105:1 107:1 108:1 109:1 110:1 111:1 112:1 114:1 115:1 116:1 117:1 121:1 
9 9:1 10:1 13:1 32:1 39:1 40:1 41:1 46:1 65:1 68:1 80:1 83:1 85:1 96:1 97:1 99:1 100:1 101:1 103:1 104:1 105:1 106:1 107:1 108:1 109:1 110:1 111:1 112:1 114:1 115:1 116:1 117:1 118:1 119:1 121:1 
9 9:1 10:1 13:1 32:1 34:1 44:1 46:1 76:1 97:1 98:1 99:1 100:1 101:1 102:1 103:1 104:1 105:1 107:1 108:1 109:1 110:1 112:1 114:1 115:1 116:1 117:1 119:1 121:1 
9 9:1 10:1 13:1 32:1 44:1 46:1 48:1 57:1 73:1 77:1 87:1 97:1 98:1 100:1 101:1 102:1 103:1 104:1 105:1 106:1 107:1 108:1 109:1 110:1 112:1 114:1 115:1 116:1 117:1 121:1 8220:1 8221:1 8230:1 
9 9:1 10:1 13:1 32:1 44:1 46:1 97:1 98:1 100:1 101:1 103:1 104:1 105:1 106:1 107:1 108:1 109:1 110:1 111:1 112:1 114:1 115:1 116:1 117:1 121:1 
9 9:1 10:1 13:1 32:1 38:1 44:1 46:1 65:1 69:1 75:1 76:1 80:1 82:1 83:1 85:1 97:1 98:1 99:1 100:1 101:1 103:1 104:1 105:1 106:1 107:1 108:1 109:1 110:1 111:1 112:1 114:1 115:1 116:1 117:1 119:1 121:1 
9 9:1 10:1 13:1 32:1 44:1 46:1 50:1 53:1 65:1 66:1 75:1 77:1 78:1 97:1 98:1 99:1 100:1 101:1 103:1 104:1 105:1 106:1 107:1 108:1 109:1 110:1 111:1 112:1 114:1 115:1 116:1 117:1 119:1 121:1 122:1 
9 9:1 10:1 13:1 32:1 44:1 46:1 65:1 67:1 68:1 72:1 75:1 77:1 80:1 97:1 98:1 100:1 101:1 103:1 104:1 105:1 106:1 107:1 108:1 109:1 110:1 111:1 112:1 114:1 115:1 116:1 117:1 121:1 
9 9:1 10:1 13:1 32:1 40:1 41:1 46:1 66:1 80:1 82:1 83:1 97:1 98:1 100:1 101:1 102:1 103:1 104:1 105:1 106:1 107:1 108:1 109:1 110:1 111:1 112:1 114:1 115:1 116:1 117:1 118:1 121:1 8220:1 
9 9:1 10:1 13:1 32:1 44:1 46:1 65:1 68:1 76:1 80:1 83:1 97:1 98:1 99:1 100:1 101:1 103:1 104:1 105:1 106:1 107:1 108:1 109:1 110:1 111:1 112:1 114:1 115:1 116:1 117:1 119:1 121:1 
9 9:1 10:1 13:1 32:1 44:1 46:1 73:1 75:1 77:1 80:1 97:1 98:1 100:1 101:1 103:1 104:1 105:1 106:1 107:1 108:1 109:1 110:1 111:1 112:1 114:1 115:1 116:1 117:1 121:1 
9 9:1 10:1 13:1 32:1 40:1 41:1 44:1 46:1 97:1 98:1 100:1 101:1 103:1 104:1 105:1 107:1 108:1 109:1 110:1 112:1 114:1 115:1 116:1 117:1 121:1 
9 9:1 10:1 13:1 32:1 44:1 46:1 59:1 77:1 78:1 79:1 85:1 97:1 98:1 100:1 101:1 102:1 103:1 104:1 105:1 106:1 107:1 108:1 109:1 110:1 112:1 114:1 115:1 116:1 117:1 119:1 121:1 
9 9:1 10:1 13:1 32:1 44:1 46:1 78:1 80:1 83:1 84:1 86:1 97:1 98:1 100:1 101:1 102:1 103:1 104:1 105:1 106:1 107:1 108:1 109:1 110:1 111:1 112:1 114:1 115:1 116:1 117:1 119:1 121:1 
9 9:1 10:1 13:1 32:1 44:1 46:1 74:1 97:1 98:1 100:1 101:1 103:1 104:1 105:1 106:1 107:1 108:1 109:1 110:1 111:1 112:1 114:1 115:1 116:1 117:1 121:1 
9 9:1 10:1 13:1 32:1 44:1 46:1 80:1 97:1 98:1 99:1 100:1 101:1 103:1 104:1 105:1 106:1 107:1 108:1 109:1 110:1 111:1 112:1 114:1 115:1 116:1 117:1 119:1 121:1 
9 9:1 10:1 13:1 32:1 44:1 46:1 66:1 67:1 69:1 83:1 84:1 87:1 97:1 98:1 99:1 100:1 101:1 102:1 103:1 104:1 105:1 107:1 108:1 109:1 110:1 111:1 112:1 114:1 115:1 116:1 117:1 119:1 121:1 
9 9:1 10:1 13:1 32:1 34:1 40:1 41:1 44:1 46:1 67:1 68:1 73:1 75:1 77:1 80:1 83:1 84:1 87:1 97:1 98:1 100:1 101:1 103:1 104:1 105:1 106:1 107:1 108:1 109:1 110:1 112:1 114:1 115:1 116:1 117:1 119:1 121:1 
9 9:1 10:1 13:1 32:1 44:1 46:1 50:1 53:1 68:1 71:1 72:1 75:1 80:1 84:1 89:1 97:1 98:1 100:1 101:1 102:1 103:1 104:1 105:1 106:1 107:1 108:1 109:1 110:1 111:1 112:1 114:1 115:1 116:1 117:1 119:1 121:1 122:1 
9 9:1 10:1 13:1 32:1 44:1 46:1 77:1 97:1 98:1 100:1 101:1 103:1 104:1 105:1 107:1 108:1 109:1 110:1 112:1 114:1 115:1 116:1 117:1 121:1 
9 9:1 10:1 13:1 32:1 44:1 46:1 54:1 65:1 77:1 82:1 87:1 97:1 98:1 100:1 101:1 103:1 104:1 105:1 106:1 107:1 108:1 109:1 110:1 111:1 112:1 114:1 115:1 116:1 117:1 119:1 121:1 
9 9:1 10:1 13:1 32:1 39:1 44:1 46:1 65:1 74:1 80:1 97:1 98:1 99:1 100:1 101:1 103:1 104:1 105:1 106:1 107:1 108:1 109:1 110:1 111:1 112:1 114:1 115:1 116:1 117:1 119:1 121:1 
9 9:1 10:1 13:1 32:1 44:1 46:1 66:1 68:1 75:1 77:1 80:1 82:1 83:1 97:1 98:1 100:1 101:1 103:1 104:1 105:1 106:1 107:1 108:1 109:1 110:1 111:1 112:1 114:1 115:1 116:1 117:1 121:1 
9 9:1 10:1 13:1 32:1 44:1 46:1 77:1 83:1 97:1 98:1 99:1 100:1 101:1 103:1 104:1 105:1 106:1 107:1 108:1 109:1 110:1 111:1 112:1 114:1 115:1 116:1 117:1 121:1 
9 9:1 10:1 13:1 32:1 44:1 46:1 53:1 57:1 65:1 70:1 77:1 79:1 83:1 97:1 98:1 100:1 101:1 103:1 104:1 105:1 106:1 107:1 108:1 109:1 110:1 111:1 112:1 114:1 115:1 116:1 117:1 119:1 121:1 
9 9:1 10:1 13:1 32:1 44:1 46:1 49:1 54:1 65:1 66:1 77:1 83:1 90:1 97:1 98:1 99:1 100:1 101:1 102:1 103:1 104:1 105:1 106:1 107:1 108:1 109:1 110:1 111:1 112:1 114:1 115:1 116:1 117:1 119:1 121:1 122:1 
9 9:1 10:1 13:1 32:1 40:1 41:1 46:1 66:1 67:1 83:1 97:1 98:1 99:1 100:1 101:1 103:1 104:1 105:1 106:1 107:1 108:1 109:1 110:1 111:1 112:1 114:1 115:1 116:1 117:1 118:1 121:1 
9 9:1 10:1 13:1 32:1 44:1 46:1 65:1 66:1 72:1 73:1 79:1 80:1 83:1 97:1 98:1 99:1 100:1 101:1 103:1 104:1 105:1 106:1 107:1 108:1 109:1 110:1 111:1 112:1 114:1 115:1 116:1 117:1 121:1 122:1 
10 9:1 10:1 13:1 32:1 44:1 45:1 46:1 66:1 82:1 97:1 99:1 100:1 101:1 102:1 103:1 104:1 105:1 108:1 109:1 110:1 111:1 112:1 113:1 114:1 115:1 116:1 117:1 118:1 227:1 233:1 
10 9:1 10:1 13:1 32:1 44:1 45:1 46:1 49:1 53:1 66:1 82:1 97:1 99:1 100:1 101:1 102:1 103:1 104:1 105:1 108:1 109:1 110:1 111:1 112:1 113:1 114:1 115:1 116:1 117:1 118:1 120:1 122:1 224:1 225:1 227:1 231:1 237:1 250:1 
10 9:1 10:1 13:1 32:1 44:1 45:1 46:1 66:1 68:1 69:1 70:1 82:1 86:1 97:1 98:1 99:1 100:1 101:1 102:1 103:1 104:1 105:1 106:1 108:1 109:1 110:1 111:1 112:1 113:1 114:1 115:1 116:1 117:1 118:1 120:1 225:1 231:1 233:1 244:1 
10 9:1 10:1 13:1 32:1 44:1 45:1 46:1 66:1 77:1 82:1 86:1 97:1 98:1 99:1 100:1 101:1 102:1 104:1 105:1 108:1 109:1 110:1 111:1 112:1 113:1 114:1 115:1 116:1 117:1 118:1 227:1 231:1 243:1 8220:1 8221:1 
10 9:1 10:1 13:1 32:1 44:1 45:1 46:1 66:1 82:1 97:1 98:1 99:1 100:1 101:1 102:1 103:1 105:1 106:1 108:1 109:1 110:1 111:1 112:1 113:1 114:1 115:1 116:1 117:1 231:1 233:1 245:1 
10 9:1 10:1 13:1 32:1 34:1 44:1 45:1 46:1 48:1 51:1 66:1 82:1 89:1 97:1 98:1 99:1 100:1 101:1 102:1 103:1 105:1 106:1 108:1 109:1 110:1 111:1 112:1 113:1 114:1 115:1 116:1 117:1 118:1 119:1 120:1 225:1 227:1 231:1 233:1 
10 9:1 10:1 13:1 32:1 37:1 40:1 41:1 44:1 45:1 46:1 49:1 50:1 52:1 53:1 54:1 56:1 57:1 66:1 82:1 97:1 100:1 101:1 102:1 103:1 105:1 108:1 109:1 110:1 111:1 112:1 113:1 114:1 115:1 116:1 117:1 170:1 186:1 227:1 233:1 234:1 243:1 250:1 
10 9:1 10:1 13:1 32:1 37:1 40:1 41:1 44:1 45:1 46:1 49:1 53:1 66:1 67:1 70:1 82:1 83:1 97:1 99:1 100:1 101:1 102:1 104:1 105:1 106:1 108:1 109:1 110:1 111:1 112:1 113:1 114:1 115:1 116:1 117:1 118:1 120:1 225:1 234:1 250:1 
10 9:1 10:1 13:1 32:1 44:1 45:1 46:1 66:1 69:1 77:1 82:1 83:1 84:1 97:1 98:1 99:1 100:1 101:1 102:1 103:1 104:1 105:1 108:1 109:1 110:1 111:1 112:1 113:1 114:1 115:1 116:1 117:1 118:1 227:1 233:1 237:1 245:1 8220:1 8221:1 
10 9:1 10:1 13:1 32:1 44:1 45:1 46:1 65:1 66:1 71:1 82:1 85:1 97:1 98:1 99:1 100:1 101:1 102:1 103:1 105:1 108:1 109:1 110:1 111:1 112:1 113:1 114:1 115:1 116:1 117:1 118:1 227:1 231:1 
10 9:1 10:1 13:1 32:1 44:1 45:1 63:1 66:1 68:1 74:1 82:1 97:1 98:1 99:1 100:1 101:1 102:1 103:1 105:1 108:1 109:1 110:1 111:1 112:1 113:1 114:1 115:1 116:1 117:1 118:1 122:1 227:1 231:1 233:1 243:1 
10 9:1 10:1 13:1 32:1 37:1 44:1 45:1 46:1 48:1 49:1 52:1 66:1 68:1 70:1 82:1 97:1 99:1 100:1 101:1 102:1 103:1 104:1 105:1 108:1 109:1 110:1 111:1 112:1 113:1 114:1 115:1 116:1 117:1 225:1 227:1 231:1 237:1 
10 9:1 10:1 13:1 32:1 45:1 46:1 66:1 82:1 97:1 99:1 100:1 101:1 102:1 103:1 104:1 105:1 106:1 108:1 109:1 110:1 111:1 112:1 113:1 114:1 115:1 116:1 117:1 118:1 227:1 231:1 233:1 
10 9:1 10:1 13:1 32:1 44:1 45:1 46:1 66:1 78:1 82:1 97:1 98:1 99:1 100:1 101:1 102:1 103:1 104:1 105:1 108:1 109:1 110:1 111:1 112:1 113:1 114:1 115:1 116:1 117:1 118:1 225:1 227:1 231:1 237:1 245:1 250:1 
10 9:1 10:1 13:1 32:1 45:1 46:1 65:1 66:1 73:1 76:1 77:1 82:1 83:1 90:1 97:1 99:1 100:1 101:1 102:1 103:1 104:1 105:1 106:1 108:1 109:1 110:1 111:1 112:1 113:1 114:1 115:1 116:1 117:1 118:1 120:1 231:1 233:1 243:1 
10 9:1 10:1 13:1 32:1 44:1 45:1 46:1 65:1 66:1 82:1 83:1 97:1 98:1 99:1 100:1 101:1 102:1 103:1 105:1 108:1 109:1 110:1 111:1 112:1 114:1 115:1 116:1 117:1 218:1 227:1 231:1 233:1 234:1 250:1 
10 9:1 10:1 13:1 32:1 34:1 45:1 46:1 66:1 79:1 82:1 97:1 99:1 100:1 101:1 102:1 103:1 105:1 106:1 108:1 109:1 110:1 111:1 112:1 113:1 114:1 115:1 116:1 117:1 225:1 227:1 231:1 234:1 245:1 
10 9:1 10:1 13:1 32:1 37:1 44:1 45:1 46:1 48:1 56:1 66:1 67:1 70:1 71:1 82:1 97:1 99:1 100:1 101:1 102:1 103:1 105:1 108:1 109:1 110:1 111:1 112:1 114:1 115:1 116:1 117:1 120:1 122:1 225:1 227:1 231:1 234:1 243:1 
10 9:1 10:1 13:1 32:1 34:1 40:1 41:1 44:1 45:1 46:1 65:1 66:1 67:1 77:1 82:1 97:1 98:1 99:1 100:1 101:1 102:1 103:1 104:1 105:1 106:1 108:1 109:1 110:1 111:1 112:1 113:1 114:1 115:1 116:1 117:1 118:1 119:1 120:1 122:1 224:1 225:1 227:1 231:1 234:1 250:1 
10 9:1 10:1 13:1 32:1 44:1 45:1 46:1 66:1 82:1 97:1 98:1 99:1 100:1 101:1 102:1 104:1 105:1 108:1 109:1 110:1 111:1 112:1 113:1 114:1 115:1 116:1 117:1 118:1 225:1 233:1 234:1 
10 9:1 10:1 13:1 32:1 44:1 45:1 46:1 48:1 49:1 50:1 56:1 65:1 66:1 68:1 81:1 82:1 97:1 98:1 99:1 100:1 101:1 102:1 103:1 104:1 105:1 108:1 109:1 110:1 111:1 112:1 114:1 115:1 116:1 117:1 118:1 224:1 225:1 227:1 231:1 233:1 237:1 250:1 
10 9:1 10:1 13:1 32:1 44:1 45:1 46:1 47:1 48:1 49:1 50:1 51:1 52:1 53:1 55:1 66:1 67:1 69:1 80:1 82:1 97:1 99:1 100:1 101:1 102:1 105:1 108:1 109:1 110:1 111:1 112:1 114:1 115:1 116:1 117:1 118:1 225:1 227:1 231:1 
10 9:1 10:1 13:1 32:1 44:1 45:1 46:1 65:1 66:1 67:1 74:1 82:1 83:1 97:1 99:1 100:1 101:1 102:1 104:1 105:1 108:1 109:1 110:1 111:1 112:1 113:1 114:1 115:1 116:1 117:1 118:1 225:1 227:1 231:1 233:1 237:1 
10 9:1 10:1 13:1 32:1 34:1 44:1 45:1 46:1 65:1 66:1 79:1 80:1 82:1 97:1 99:1 100:1 101:1 102:1 104:1 105:1 108:1 109:1 110:1 111:1 112:1 114:1 115:1 116:1 117:1 120:1 227:1 231:1 237:1 
10 9:1 10:1 13:1 32:1 44:1 45:1 46:1 66:1 82:1 97:1 99:1 100:1 101:1 102:1 105:1 106:1 108:1 109:1 110:1 111:1 112:1 114:1 115:1 116:1 117:1 118:1 122:1 231:1 233:1 250:1 
10 9:1 10:1 13:1 32:1 34:1 44:1 45:1 46:1 51:1 53:1 66:1 69:1 82:1 97:1 98:1 99:1 100:1 101:1 103:1 104:1 105:1 106:1 107:1 108:1 109:1 110:1 111:1 112:1 113:1 114:1 115:1 116:1 117:1 122:1 225:1 233:1 237:1 
10 9:1 10:1 13:1 32:1 34:1 44:1 45:1 46:1 65:1 66:1 67:1 68:1 69:1 72:1 78:1 82:1 87:1 97:1 98:1 99:1 100:1 101:1 102:1 103:1 105:1 107:1 108:1 109:1 110:1 111:1 112:1 113:1 114:1 115:1 116:1 117:1 118:1 122:1 225:1 227:1 234:1 243:1 
10 9:1 10:1 13:1 32:1 34:1 44:1 45:1 46:1 65:1 66:1 67:1 73:1 80:1 82:1 83:1 85:1 86:1 97:1 99:1 100:1 101:1 102:1 103:1 104:1 105:1 108:1 109:1 110:1 111:1 112:1 114:1 115:1 116:1 117:1 118:1 122:1 225:1 227:1 231:1 233:1 237:1 243:1 245:1 
10 9:1 10:1 13:1 32:1 44:1 45:1 46:1 65:1 66:1 67:1 68:1 80:1 82:1 97:1 98:1 99:1 100:1 101:1 102:1 103:1 105:1 108:1 109:1 110:1 111:1 112:1 114:1 115:1 116:1 117:1 118:1 224:1 225:1 227:1 231:1 233:1 237:1 243:1 244:1 
10 9:1 10:1 13:1 32:1 44:1 45:1 46:1 66:1 67:1 68:1 69:1 70:1 71:1 77:1 80:1 82:1 84:1 85:1 87:1 97:1 99:1 100:1 101:1 102:1 103:1 104:1 105:1 108:1 109:1 110:1 111:1 112:1 113:1 114:1 115:1 116:1 117:1 122:1 225:1 227:1 231:1 237:1 
10 9:1 10:1 13:1 32:1 44:1 45:1 46:1 49:1 50:1 65:1 66:1 67:1 72:1 77:1 82:1 97:1 98:1 99:1 100:1 101:1 102:1 103:1 104:1 105:1 108:1 109:1 110:1 111:1 112:1 114:1 115:1 116:1 117:1 118:1 120:1 122:1 227:1 231:1 233:1 243:1 
10 9:1 10:1 13:1 32:1 44:1 45:1 46:1 66:1 71:1 74:1 82:1 97:1 99:1 100:1 101:1 102:1 103:1 104:1 105:1 108:1 109:1 110:1 111:1 112:1 114:1 115:1 116:1 117:1 118:1 234:1 244:1 
10 9:1 10:1 13:1 32:1 44:1 45:1 46:1 66:1 70:1 74:1 82:1 97:1 98:1 99:1 100:1 101:1 102:1 105:1 108:1 109:1 110:1 111:1 112:1 113:1 114:1 115:1 116:1 117:1 118:1 227:1 231:1 233:1 237:1 
10 9:1 10:1 13:1 32:1 44:1 45:1 46:1 48:1 49:1 50:1 55:1 57:1 65:1 66:1 68:1 78:1 80:1 82:1 97:1 98:1 99:1 100:1 101:1 104:1 105:1 108:1 109:1 110:1 111:1 112:1 113:1 114:1 115:1 116:1 117:1 120:1 122:1 227:1 231:1 233:1 
10 9:1 10:1 13:1 32:1 40:1 41:1 44:1 45:1 46:1 66:1 68:1 69:1 77:1 82:1 97:1 98:1 99:1 100:1 101:1 102:1 103:1 105:1 108:1 109:1 110:1 111:1 112:1 113:1 114:1 115:1 116:1 117:1 118:1 227:1 231:1 
10 9:1 10:1 13:1 32:1 45:1 46:1 65:1 66:1 82:1 97:1 98:1 99:1 100:1 101:1 102:1 104:1 105:1 106:1 109:1 110:1 111:1 112:1 113:1 114:1 115:1 116:1 117:1 118:1 120:1 225:1 233:1 
10 9:1 10:1 13:1 32:1 44:1 45:1 46:1 66:1 82:1 97:1 98:1 99:1 100:1 101:1 102:1 104:1 105:1 108:1 109:1 110:1 111:1 112:1 113:1 114:1 115:1 116:1 117:1 118:1 122:1 231:1 
10 9:1 10:1 13:1 32:1 40:1 41:1 44:1 45:1 46:1 65:1 66:1 67:1 69:1 73:1 76:1 82:1 83:1 97:1 98:1 99:1 100:1 101:1 102:1 103:1 105:1 108:1 109:1 110:1 111:1 112:1 113:1 114:1 115:1 116:1 117:1 118:1 243:1 250:1 
10 9:1 10:1 13:1 32:1 44:1 45:1 46:1 66:1 79:1 82:1 97:1 98:1 99:1 100:1 101:1 102:1 104:1 105:1 108:1 109:1 110:1 111:1 112:1 113:1 114:1 115:1 116:1 117:1 118:1 120:1 122:1 227:1 231:1 233:1 234:1 
10 9:1 10:1 13:1 32:1 44:1 45:1 46:1 65:1 66:1 69:1 79:1 82:1 97:1 99:1 100:1 101:1 103:1 105:1 108:1 109:1 110:1 111:1 112:1 113:1 114:1 115:1 116:1 117:1 225:1 227:1 233:1 
10 9:1 10:1 13:1 32:1 40:1 41:1 44:1 45:1 46:1 65:1 66:1 68:1 71:1 77:1 78:1 80:1 82:1 83:1 84:1 97:1 98:1 99:1 100:1 101:1 102:1 103:1 104:1 105:1 106:1 108:1 109:1 110:1 111:1 112:1 113:1 114:1 115:1 116:1 117:1 118:1 224:1 225:1 231:1 233:1 
10 9:1 10:1 13:1 32:1 34:1 40:1 41:1 44:1 45:1 46:1 66:1 68:1 71:1 73:1 74:1 76:1 80:1 82:1 83:1 97:1 98:1 99:1 100:1 101:1 102:1 103:1 104:1 105:1 108:1 109:1 110:1 111:1 112:1 113:1 114:1 115:1 116:1 117:1 118:1 120:1 122:1 224:1 225:1 227:1 231:1 233:1 234:1 237:1 243:1 250:1 
10 9:1 10:1 13:1 32:1 44:1 45:1 46:1 66:1 67:1 70:1 71:1 73:1 80:1 82:1 97:1 98:1 99:1 100:1 101:1 103:1 105:1 108:1 109:1 110:1 111:1 112:1 114:1 115:1 116:1 117:1 120:1 122:1 225:1 227:1 243:1 8220:1 8221:1 
10 9:1 10:1 13:1 32:1 44:1 45:1 46:1 48:1 49:1 51:1 57:1 66:1 77:1 80:1 82:1 83:1 97:1 98:1 99:1 100:1 101:1 102:1 103:1 104:1 105:1 108:1 109:1 110:1 111:1 112:1 114:1 115:1 116:1 117:1 119:1 120:1 225:1 227:1 233:1 234:1 237:1 243:1 
10 9:1 10:1 13:1 32:1 45:1 46:1 65:1 66:1 67:1 69:1 73:1 82:1 97:1 99:1 100:1 101:1 102:1 103:1 105:1 106:1 108:1 109:1 110:1 111:1 112:1 113:1 114:1 115:1 116:1 117:1 118:1 225:1 227:1 231:1 237:1 
10 9:1 10:1 13:1 32:1 44:1 45:1 46:1 66:1 82:1 97:1 99:1 100:1 101:1 102:1 103:1 104:1 105:1 108:1 109:1 110:1 111:1 112:1 113:1 114:1 115:1 116:1 117:1 118:1 227:1 243:1 
10 9:1 10:1 13:1 32:1 40:1 41:1 44:1 45:1 46:1 50:1 52:1 54:1 55:1 65:1 66:1 67:1 80:1 82:1 83:1 97:1 99:1 100:1 101:1 102:1 103:1 104:1 105:1 108:1 109:1 110:1 111:1 112:1 113:1 114:1 115:1 116:1 117:1 118:1 224:1 225:1 227:1 231:1 245:1 
10 9:1 10:1 13:1 32:1 44:1 45:1 46:1 48:1 49:1 66:1 73:1 74:1 79:1 80:1 82:1 83:1 97:1 98:1 99:1 100:1 101:1 103:1 104:1 105:1 106:1 108:1 109:1 110:1 111:1 112:1 113:1 114:1 115:1 116:1 117:1 118:1 122:1 225:1 227:1 233:1 
10 9:1 10:1 13:1 32:1 34:1 40:1 41:1 44:1 45:1 46:1 66:1 67:1 76:1 79:1 82:1 97:1 98:1 99:1 100:1 101:1 102:1 103:1 104:1 105:1 106:1 108:1 109:1 110:1 111:1 112:1 113:1 114:1 115:1 116:1 117:1 118:1 121:1 225:1 227:1 233:1 243:1 
10 9:1 10:1 13:1 32:1 44:1 45:1 46:1 48:1 49:1 50:1 66:1 76:1 82:1 97:1 98:1 99:1 100:1 101:1 102:1 103:1 105:1 107:1 108:1 109:1 110:1 111:1 112:1 113:1 114:1 115:1 116:1 117:1 118:1 119:1 122:1 225:1 231:1 233:1 237:1 245:1 
10 9:1 10:1 13:1 32:1 44:1 45:1 46:1 65:1 66:1 67:1 68:1 71:1 77:1 82:1 83:1 97:1 98:1 99:1 100:1 101:1 102:1 103:1 104:1 105:1 106:1 107:1 108:1 109:1 110:1 111:1 112:1 113:1 114:1 115:1 116:1 117:1 118:1 119:1 120:1 122:1 231:1 237:1 
10 9:1 10:1 13:1 32:1 44:1 45:1 63:1 66:1 82:1 97:1 98:1 99:1 100:1 101:1 103:1 105:1 106:1 108:1 109:1 110:1 111:1 112:1 113:1 114:1 115:1 116:1 117:1 118:1 227:1 231:1 
10 9:1 10:1 13:1 32:1 40:1 41:1 44:1 45:1 46:1 66:1 67:1 68:1 69:1 70:1 73:1 80:1 82:1 83:1 97:1 98:1 99:1 100:1 101:1 103:1 104:1 105:1 108:1 109:1 110:1 111:1 112:1 114:1 115:1 116:1 117:1 118:1 227:1 231:1 233:1 244:1 245:1 250:1 
10 9:1 10:1 13:1 32:1 44:1 45:1 46:1 48:1 50:1 66:1 71:1 82:1 83:1 97:1 98:1 99:1 100:1 101:1 102:1 103:1 104:1 105:1 106:1 107:1 108:1 109:1 110:1 111:1 112:1 113:1 114:1 115:1 116:1 117:1 118:1 234:1 237:1 243:1 
10 9:1 10:1 13:1 32:1 34:1 44:1 45:1 46:1 66:1 69:1 73:1 77:1 78:1 79:1 82:1 85:1 97:1 99:1 100:1 101:1 102:1 103:1 104:1 105:1 106:1 108:1 109:1 110:1 111:1 112:1 114:1 115:1 116:1 117:1 118:1 121:1 225:1 227:1 233:1 
10 9:1 10:1 13:1 32:1 44:1 45:1 46:1 49:1 50:1 52:1 53:1 54:1 56:1 57:1 65:1 66:1 82:1 84:1 97:1 99:1 100:1 101:1 102:1 103:1 104:1 105:1 108:1 109:1 110:1 111:1 112:1 114:1 115:1 116:1 117:1 118:1 225:1 227:1 231:1 233:1 237:1 244:1 
10 9:1 10:1 13:1 32:1 44:1 45:1 46:1 48:1 49:1 50:1 51:1 55:1 66:1 68:1 82:1 97:1 99:1 100:1 101:1 102:1 103:1 104:1 105:1 106:1 108:1 109:1 110:1 111:1 112:1 113:1 114:1 115:1 116:1 117:1 118:1 122:1 227:1 234:1 
10 9:1 10:1 13:1 32:1 44:1 45:1 46:1 66:1 68:1 70:1 79:1 82:1 97:1 98:1 99:1 100:1 101:1 102:1 103:1 104:1 105:1 106:1 108:1 109:1 110:1 111:1 112:1 113:1 114:1 115:1 116:1 117:1 118:1 122:1 224:1 225:1 226:1 227:1 233:1 234:1 8220:1 8221:1 
10 9:1 10:1 13:1 32:1 45:1 46:1 65:1 66:1 74:1 82:1 97:1 98:1 99:1 100:1 101:1 102:1 103:1 105:1 108:1 110:1 111:1 112:1 113:1 114:1 115:1 116:1 117:1 120:1 122:1 227:1 231:1 233:1 243:1 
10 9:1 10:1 13:1 32:1 45:1 46:1 66:1 82:1 97:1 98:1 99:1 100:1 101:1 102:1 103:1 104:1 105:1 106:1 108:1 109:1 110:1 111:1 112:1 113:1 114:1 115:1 116:1 117:1 118:1 122:1 227:1 231:1 237:1 
10 9:1 10:1 13:1 32:1 44:1 45:1 46:1 66:1 82:1 97:1 99:1 100:1 101:1 102:1 103:1 104:1 105:1 108:1 109:1 110:1 111:1 112:1 114:1 115:1 116:1 117:1 118:1 120:1 227:1 231:1 245:1 
10 9:1 10:1 13:1 32:1 44:1 45:1 46:1 66:1 82:1 97:1 98:1 99:1 100:1 101:1 102:1 103:1 104:1 105:1 108:1 109:1 110:1 111:1 112:1 113:1 114:1 115:1 116:1 117:1 118:1 120:1 234:1 250:1 
10 9:1 10:1 13:1 32:1 45:1 46:1 66:1 68:1 69:1 77:1 82:1 97:1 98:1 99:1 100:1 101:1 102:1 103:1 105:1 108:1 109:1 110:1 111:1 112:1 113:1 114:1 115:1 116:1 117:1 224:1 231:1 233:1 
10 9:1 10:1 13:1 32:1 45:1 46:1 66:1 82:1 97:1 98:1 99:1 100:1 101:1 102:1 105:1 106:1 108:1 109:1 110:1 111:1 112:1 113:1 114:1 115:1 116:1 117:1 118:1 122:1 225:1 227:1 233:1 
10 9:1 10:1 13:1 32:1 44:1 45:1 46:1 48:1 49:1 50:1 51:1 66:1 67:1 82:1 97:1 98:1 99:1 100:1 101:1 102:1 103:1 104:1 105:1 108:1 109:1 110:1 111:1 112:1 113:1 114:1 115:1 116:1 117:1 118:1 227:1 231:1 233:1 245:1 
10 9:1 10:1 13:1 32:1 40:1 41:1 44:1 45:1 46:1 48:1 49:1 51:1 53:1 56:1 65:1 66:1 67:1 69:1 70:1 72:1 80:1 82:1 84:1 97:1 98:1 99:1 100:1 101:1 102:1 103:1 104:1 105:1 106:1 108:1 109:1 110:1 111:1 112:1 113:1 114:1 115:1 116:1 117:1 118:1 122:1 225:1 227:1 231:1 233:1 234:1 237:1 243:1 8220:1 8221:1 
10 9:1 10:1 13:1 32:1 36:1 40:1 41:1 44:1 45:1 46:1 50:1 56:1 65:1 66:1 69:1 77:1 78:1 79:1 80:1 82:1 84:1 97:1 98:1 99:1 100:1 101:1 102:1 103:1 104:1 105:1 108:1 109:1 110:1 111:1 112:1 113:1 114:1 115:1 116:1 117:1 118:1 120:1 122:1 225:1 227:1 231:1 233:1 234:1 237:1 245:1 8220:1 8221:1 
10 9:1 10:1 13:1 32:1 44:1 45:1 46:1 66:1 82:1 97:1 98:1 99:1 100:1 101:1 102:1 103:1 105:1 108:1 109:1 110:1 111:1 112:1 114:1 115:1 116:1 117:1 118:1 120:1 122:1 225:1 233:1 237:1 243:1 
10 9:1 10:1 13:1 32:1 44:1 45:1 46:1 66:1 67:1 74:1 77:1 80:1 82:1 83:1 97:1 98:1 99:1 100:1 101:1 103:1 104:1 105:1 108:1 109:1 110:1 111:1 112:1 113:1 114:1 115:1 116:1 117:1 118:1 120:1 224:1 225:1 227:1 231:1 233:1 234:1 
10 9:1 10:1 13:1 32:1 40:1 41:1 44:1 45:1 46:1 65:1 66:1 69:1 70:1 77:1 79:1 80:1 82:1 83:1 85:1 97:1 98:1 99:1 100:1 101:1 102:1 103:1 105:1 108:1 109:1 110:1 111:1 112:1 114:1 115:1 116:1 117:1 118:1 225:1 227:1 231:1 233:1 245:1 
10 9:1 10:1 13:1 32:1 44:1 45:1 46:1 65:1 66:1 67:1 68:1 71:1 77:1 80:1 82:1 83:1 97:1 98:1 99:1 100:1 101:1 102:1 103:1 105:1 108:1 109:1 110:1 111:1 112:1 114:1 115:1 116:1 117:1 118:1 225:1 227:1 231:1 237:1 
10 9:1 10:1 13:1 32:1 40:1 41:1 44:1 45:1 46:1 49:1 50:1 54:1 55:1 65:1 66:1 70:1 77:1 78:1 80:1 82:1 83:1 84:1 88:1 97:1 98:1 99:1 100:1 101:1 102:1 103:1 105:1 107:1 108:1 109:1 110:1 111:1 112:1 114:1 115:1 116:1 117:1 120:1 122:1 178:1 211:1 227:1 233:1 237:1 
10 9:1 10:1 13:1 32:1 44:1 45:1 46:1 66:1 67:1 69:1 70:1 80:1 82:1 97:1 98:1 99:1 100:1 101:1 102:1 103:1 105:1 108:1 109:1 110:1 111:1 112:1 113:1 114:1 115:1 116:1 117:1 118:1 227:1 231:1 233:1 237:1 
10 9:1 10:1 13:1 32:1 44:1 45:1 46:1 48:1 51:1 56:1 66:1 73:1 77:1 80:1 82:1 97:1 98:1 99:1 100:1 101:1 102:1 103:1 104:1 105:1 108:1 109:1 110:1 111:1 112:1 113:1 114:1 115:1 116:1 117:1 118:1 120:1 227:1 233:1 244:1 
10 9:1 10:1 13:1 32:1 44:1 45:1 46:1 66:1 67:1 70:1 71:1 82:1 84:1 86:1 97:1 98:1 99:1 100:1 101:1 102:1 104:1 105:1 106:1 108:1 109:1 110:1 111:1 112:1 113:1 114:1 115:1 116:1 117:1 118:1 119:1 120:1 121:1 225:1 237:1 8220:1 8221:1 
10 9:1 10:1 13:1 32:1 34:1 44:1 45:1 46:1 66:1 67:1 77:1 82:1 89:1 97:1 98:1 99:1 100:1 101:1 102:1 105:1 108:1 109:1 110:1 111:1 112:1 113:1 114:1 115:1 116:1 117:1 118:1 122:1 201:1 227:1 231:1 233:1 243:1 244:1 
10 9:1 10:1 13:1 32:1 44:1 45:1 46:1 66:1 80:1 82:1 86:1 88:1 97:1 98:1 99:1 100:1 101:1 102:1 103:1 105:1 106:1 108:1 109:1 110:1 111:1 112:1 113:1 114:1 115:1 116:1 117:1 118:1 225:1 227:1 231:1 243:1 
10 9:1 10:1 13:1 32:1 40:1 41:1 44:1 45:1 46:1 66:1 73:1 80:1 82:1 97:1 99:1 100:1 101:1 102:1 103:1 104:1 105:1 108:1 109:1 110:1 111:1 112:1 113:1 114:1 115:1 116:1 117:1 118:1 225:1 233:1 243:1 
10 9:1 10:1 13:1 32:1 44:1 45:1 46:1 49:1 55:1 66:1 82:1 97:1 99:1 100:1 101:1 103:1 105:1 108:1 109:1 110:1 111:1 112:1 114:1 115:1 116:1 117:1 118:1 234:1 
10 9:1 10:1 13:1 32:1 34:1 44:1 45:1 46:1 49:1 50:1 66:1 67:1 69:1 71:1 73:1 78:1 80:1 82:1 97:1 98:1 99:1 100:1 101:1 102:1 103:1 104:1 105:1 108:1 109:1 110:1 111:1 112:1 114:1 115:1 116:1 117:1 118:1 227:1 231:1 237:1 
10 9:1 10:1 13:1 32:1 44:1 45:1 46:1 66:1 77:1 80:1 82:1 97:1 99:1 100:1 101:1 102:1 103:1 104:1 105:1 106:1 108:1 109:1 110:1 111:1 112:1 113:1 114:1 115:1 116:1 117:1 118:1 122:1 225:1 227:1 243:1 
10 9:1 10:1 13:1 32:1 39:1 40:1 41:1 44:1 45:1 46:1 51:1 65:1 66:1 71:1 79:1 80:1 82:1 87:1 97:1 98:1 99:1 100:1 101:1 102:1 103:1 104:1 105:1 108:1 109:1 110:1 111:1 112:1 113:1 114:1 115:1 116:1 117:1 118:1 121:1 225:1 227:1 231:1 233:1 243:1 
10 9:1 10:1 13:1 32:1 34:1 44:1 45:1 46:1 66:1 69:1 82:1 85:1 97:1 98:1 99:1 100:1 101:1 102:1 103:1 104:1 105:1 108:1 109:1 110:1 111:1 112:1 113:1 114:1 115:1 116:1 117:1 118:1 122:1 225:1 227:1 234:1 
10 9:1 10:1 13:1 32:1 34:1 44:1 45:1 46:1 66:1 68:1 71:1 82:1 83:1 97:1 99:1 100:1 101:1 102:1 103:1 104:1 105:1 108:1 109:1 110:1 111:1 112:1 113:1 114:1 115:1 116:1 117:1 122:1 225:1 233:1 
10 9:1 10:1 13:1 32:1 44:1 45:1 46:1 65:1 66:1 67:1 69:1 78:1 82:1 83:1 97:1 98:1 99:1 100:1 101:1 102:1 103:1 104:1 105:1 106:1 108:1 109:1 110:1 111:1 112:1 113:1 114:1 115:1 116:1 117:1 118:1 120:1 122:1 224:1 225:1 227:1 231:1 233:1 234:1 237:1 245:1 8220:1 8221:1 
10 9:1 10:1 13:1 32:1 44:1 45:1 46:1 65:1 66:1 68:1 80:1 82:1 97:1 98:1 99:1 100:1 101:1 102:1 103:1 105:1 108:1 109:1 110:1 111:1 112:1 113:1 114:1 115:1 116:1 117:1 118:1 122:1 233:1 244:1 
10 9:1 10:1 13:1 32:1 36:1 44:1 45:1 46:1 50:1 53:1 66:1 82:1 97:1 98:1 99:1 100:1 101:1 102:1 103:1 104:1 105:1 108:1 109:1 110:1 111:1 112:1 114:1 115:1 116:1 117:1 118:1 231:1 233:1 234:1 245:1 
10 9:1 10:1 13:1 32:1 44:1 45:1 46:1 66:1 73:1 74:1 80:1 82:1 97:1 98:1 99:1 100:1 101:1 102:1 103:1 104:1 105:1 108:1 109:1 110:1 111:1 112:1 113:1 114:1 115:1 116:1 117:1 118:1 224:1 225:1 227:1 231:1 233:1 237:1 250:1 
10 9:1 10:1 13:1 32:1 40:1 41:1 44:1 45:1 46:1 65:1 66:1 67:1 71:1 76:1 82:1 97:1 98:1 99:1 100:1 101:1 102:1 103:1 105:1 108:1 109:1 110:1 111:1 112:1 113:1 114:1 115:1 116:1 117:1 122:1 225:1 227:1 231:1 233:1 237:1 243:1 245:1 
10 9:1 10:1 13:1 32:1 45:1 46:1 48:1 50:1 66:1 77:1 82:1 97:1 99:1 100:1 101:1 102:1 103:1 105:1 108:1 109:1 110:1 111:1 112:1 113:1 114:1 115:1 116:1 117:1 118:1 122:1 225:1 227:1 231:1 
10 9:1 10:1 13:1 32:1 44:1 45:1 46:1 66:1 72:1 80:1 82:1 97:1 98:1 99:1 100:1 101:1 102:1 103:1 104:1 105:1 108:1 109:1 110:1 111:1 112:1 113:1 114:1 115:1 116:1 117:1 118:1 225:1 227:1 231:1 234:1 243:1 250:1 
10 9:1 10:1 13:1 32:1 34:1 37:1 44:1 45:1 46:1 48:1 52:1 66:1 67:1 70:1 71:1 78:1 82:1 83:1 84:1 97:1 98:1 99:1 100:1 101:1 102:1 104:1 105:1 106:1 108:1 109:1 110:1 111:1 112:1 113:1 114:1 115:1 116:1 117:1 118:1 122:1 225:1 227:1 231:1 233:1 245:1 
10 9:1 10:1 13:1 32:1 40:1 41:1 44:1 45:1 46:1 52:1 53:1 66:1 67:1 77:1 80:1 82:1 83:1 84:1 97:1 99:1 100:1 101:1 102:1 103:1 105:1 108:1 109:1 110:1 111:1 112:1 114:1 115:1 116:1 117:1 118:1 122:1 225:1 227:1 231:1 237:1 243:1 245:1 
10 9:1 10:1 13:1 32:1 44:1 45:1 46:1 65:1 66:1 74:1 82:1 97:1 98:1 99:1 100:1 101:1 102:1 103:1 105:1 108:1 109:1 110:1 111:1 112:1 113:1 114:1 115:1 116:1 117:1 118:1 227:1 231:1 233:1 237:1 
10 9:1 10:1 13:1 32:1 44:1 45:1 46:1 66:1 82:1 97:1 98:1 99:1 100:1 101:1 102:1 103:1 105:1 108:1 109:1 110:1 111:1 112:1 113:1 114:1 115:1 116:1 117:1 118:1 122:1 225:1 233:1 237:1 
10 9:1 10:1 13:1 32:1 44:1 45:1 46:1 65:1 66:1 69:1 70:1 80:1 82:1 83:1 84:1 97:1 98:1 99:1 100:1 101:1 103:1 105:1 108:1 109:1 110:1 111:1 112:1 114:1 115:1 116:1 117:1 118:1 227:1 231:1 234:1 237:1 245:1 
10 9:1 10:1 13:1 32:1 44:1 45:1 46:1 66:1 67:1 74:1 82:1 97:1 98:1 99:1 100:1 101:1 102:1 103:1 104:1 105:1 108:1 109:1 110:1 111:1 112:1 113:1 114:1 115:1 116:1 117:1 118:1 122:1 225:1 233:1 
10 9:1 10:1 13:1 32:1 45:1 46:1 66:1 82:1 97:1 98:1 99:1 100:1 101:1 102:1 103:1 104:1 105:1 108:1 109:1 110:1 111:1 112:1 113:1 114:1 115:1 116:1 117:1 122:1 227:1 231:1 234:1 
10 9:1 10:1 13:1 32:1 44:1 45:1 46:1 47:1 49:1 50:1 51:1 53:1 54:1 56:1 57:1 65:1 66:1 76:1 77:1 82:1 97:1 98:1 99:1 100:1 101:1 103:1 105:1 106:1 108:1 109:1 110:1 111:1 112:1 113:1 114:1 115:1 116:1 117:1 120:1 186:1 225:1 227:1 234:1 
10 9:1 10:1 13:1 32:1 44:1 45:1 46:1 48:1 49:1 50:1 56:1 66:1 82:1 97:1 99:1 100:1 101:1 103:1 104:1 105:1 108:1 109:1 110:1 111:1 112:1 113:1 114:1 115:1 116:1 117:1 118:1 224:1 227:1 231:1 237:1 243:1 
10 9:1 10:1 13:1 32:1 34:1 44:1 45:1 46:1 66:1 80:1 82:1 97:1 98:1 99:1 100:1 101:1 102:1 103:1 105:1 108:1 109:1 110:1 111:1 112:1 113:1 114:1 115:1 116:1 117:1 118:1 225:1 227:1 231:1 237:1 
10 9:1 10:1 13:1 32:1 44:1 45:1 46:1 48:1 49:1 50:1 51:1 54:1 65:1 66:1 67:1 72:1 80:1 82:1 97:1 99:1 100:1 101:1 102:1 104:1 105:1 106:1 108:1 109:1 110:1 111:1 112:1 113:1 114:1 115:1 116:1 117:1 118:1 225:1 231:1 237:1 245:1 
10 9:1 10:1 13:1 32:1 44:1 45:1 46:1 65:1 66:1 69:1 77:1 82:1 83:1 84:1 97:1 98:1 99:1 100:1 101:1 102:1 104:1 105:1 107:1 108:1 109:1 110:1 111:1 112:1 113:1 114:1 115:1 116:1 117:1 118:1 225:1 233:1 234:1 237:1 
10 9:1 10:1 13:1 32:1 44:1 45:1 46:1 66:1 67:1 69:1 76:1 77:1 80:1 82:1 84:1 86:1 87:1 97:1 99:1 100:1 101:1 102:1 103:1 104:1 105:1 108:1 109:1 110:1 111:1 112:1 113:1 114:1 115:1 116:1 117:1 118:1 227:1 231:1 233:1 237:1 
10 9:1 10:1 13:1 32:1 45:1 46:1 65:1 66:1 68:1 70:1 73:1 82:1 97:1 98:1 99:1 100:1 101:1 103:1 105:1 108:1 109:1 110:1 111:1 112:1 113:1 114:1 115:1 116:1 117:1 118:1 227:1 231:1 
10 9:1 10:1 13:1 32:1 44:1 45:1 46:1 66:1 67:1 68:1 71:1 73:1 77:1 82:1 83:1 89:1 97:1 98:1 99:1 100:1 101:1 103:1 104:1 105:1 107:1 108:1 109:1 110:1 111:1 112:1 114:1 115:1 116:1 117:1 118:1 122:1 233:1 243:1 
10 9:1 10:1 13:1 32:1 44:1 45:1 46:1 66:1 69:1 71:1 74:1 77:1 80:1 82:1 83:1 84:1 85:1 97:1 99:1 100:1 101:1 102:1 103:1 104:1 105:1 106:1 108:1 109:1 110:1 111:1 112:1 113:1 114:1 115:1 116:1 117:1 118:1 225:1 227:1 231:1 233:1 
10 9:1 10:1 13:1 32:1 40:1 41:1 44:1 45:1 46:1 65:1 66:1 67:1 69:1 77:1 80:1 82:1 83:1 84:1 97:1 98:1 99:1 100:1 101:1 103:1 105:1 106:1 108:1 109:1 110:1 111:1 112:1 114:1 115:1 116:1 117:1 118:1 122:1 225:1 237:1 243:1 250:1 
10 9:1 10:1 13:1 32:1 44:1 45:1 46:1 48:1 50:1 54:1 66:1 69:1 77:1 82:1 83:1 86:1 97:1 98:1 99:1 100:1 101:1 102:1 103:1 104:1 105:1 106:1 108:1 109:1 110:1 111:1 112:1 113:1 114:1 115:1 116:1 117:1 118:1 120:1 122:1 225:1 226:1 227:1 234:1 
10 9:1 10:1 13:1 32:1 44:1 45:1 46:1 65:1 66:1 68:1 77:1 82:1 97:1 99:1 100:1 101:1 102:1 103:1 104:1 105:1 106:1 108:1 109:1 110:1 111:1 112:1 113:1 114:1 115:1 116:1 117:1 118:1 122:1 227:1 
10 9:1 10:1 13:1 32:1 44:1 45:1 46:1 48:1 50:1 52:1 66:1 82:1 97:1 98:1 99:1 100:1 101:1 102:1 105:1 106:1 108:1 109:1 110:1 111:1 112:1 113:1 114:1 115:1 116:1 117:1 122:1 225:1 227:1 231:1 233:1 250:1 
10 9:1 10:1 13:1 32:1 34:1 44:1 45:1 46:1 66:1 74:1 82:1 97:1 98:1 99:1 100:1 101:1 102:1 103:1 104:1 105:1 106:1 108:1 109:1 110:1 111:1 112:1 113:1 114:1 115:1 116:1 117:1 118:1 122:1 173:1 225:1 227:1 231:1 233:1 
10 9:1 10:1 13:1 32:1 34:1 37:1 38:1 44:1 45:1 46:1 48:1 49:1 50:1 54:1 66:1 67:1 68:1 70:1 72:1 76:1 78:1 80:1 82:1 84:1 97:1 98:1 99:1 100:1 101:1 102:1 103:1 105:1 108:1 109:1 110:1 111:1 112:1 113:1 114:1 115:1 116:1 117:1 118:1 122:1 201:1 225:1 231:1 234:1 237:1 245:1 
10 9:1 10:1 13:1 32:1 40:1 41:1 44:1 45:1 46:1 65:1 66:1 67:1 74:1 76:1 77:1 80:1 82:1 97:1 98:1 99:1 100:1 101:1 102:1 103:1 105:1 108:1 109:1 110:1 111:1 112:1 113:1 114:1 115:1 116:1 117:1 118:1 120:1 227:1 231:1 233:1 241:1 
10 9:1 10:1 13:1 32:1 44:1 45:1 46:1 54:1 66:1 82:1 97:1 98:1 99:1 100:1 101:1 102:1 105:1 106:1 108:1 109:1 110:1 111:1 112:1 114:1 115:1 116:1 117:1 118:1 120:1 122:1 225:1 227:1 231:1 233:1 234:1 237:1 245:1 
10 9:1 10:1 13:1 32:1 44:1 45:1 46:1 66:1 67:1 76:1 82:1 97:1 98:1 99:1 100:1 101:1 102:1 103:1 105:1 108:1 109:1 110:1 111:1 112:1 114:1 115:1 116:1 117:1 120:1 227:1 231:1 233:1 8211:1 
10 9:1 10:1 13:1 32:1 44:1 45:1 46:1 65:1 66:1 68:1 69:1 73:1 76:1 79:1 80:1 82:1 83:1 84:1 88:1 97:1 99:1 100:1 101:1 102:1 103:1 104:1 105:1 106:1 108:1 109:1 110:1 111:1 112:1 113:1 114:1 115:1 116:1 117:1 118:1 122:1 225:1 227:1 231:1 233:1 
10 9:1 10:1 13:1 32:1 40:1 41:1 44:1 45:1 46:1 66:1 68:1 71:1 82:1 84:1 97:1 98:1 99:1 100:1 101:1 102:1 103:1 104:1 105:1 107:1 108:1 109:1 110:1 111:1 112:1 113:1 114:1 115:1 116:1 117:1 118:1 231:1 233:1 243:1 
10 9:1 10:1 13:1 32:1 40:1 41:1 44:1 45:1 46:1 66:1 73:1 78:1 79:1 82:1 84:1 85:1 97:1 98:1 99:1 100:1 101:1 102:1 103:1 104:1 105:1 108:1 109:1 110:1 111:1 112:1 113:1 114:1 115:1 116:1 117:1 118:1 122:1 225:1 227:1 231:1 234:1 237:1 243:1 245:1 
10 9:1 10:1 13:1 32:1 44:1 45:1 46:1 66:1 82:1 97:1 98:1 99:1 100:1 101:1 105:1 108:1 109:1 110:1 111:1 112:1 113:1 114:1 115:1 116:1 117:1 118:1 225:1 227:1 231:1 233:1 
10 9:1 10:1 13:1 32:1 44:1 45:1 46:1 66:1 67:1 73:1 80:1 82:1 97:1 98:1 99:1 100:1 101:1 102:1 103:1 105:1 108:1 109:1 110:1 111:1 112:1 114:1 115:1 116:1 117:1 120:1 122:1 227:1 231:1 233:1 237:1 245:1 
10 9:1 10:1 13:1 32:1 44:1 45:1 46:1 66:1 79:1 82:1 85:1 86:1 97:1 98:1 99:1 100:1 101:1 102:1 103:1 105:1 106:1 108:1 109:1 110:1 111:1 112:1 113:1 114:1 115:1 116:1 117:1 118:1 122:1 225:1 227:1 231:1 233:1 234:1 
10 9:1 10:1 13:1 32:1 45:1 46:1 48:1 50:1 66:1 82:1 97:1 99:1 100:1 101:1 102:1 103:1 105:1 109:1 110:1 111:1 112:1 113:1 114:1 115:1 116:1 117:1 118:1 122:1 233:1 
10 9:1 10:1 13:1 32:1 36:1 44:1 45:1 46:1 53:1 57:1 65:1 66:1 67:1 73:1 76:1 82:1 97:1 98:1 99:1 100:1 101:1 102:1 103:1 104:1 105:1 108:1 109:1 110:1 111:1 112:1 113:1 114:1 115:1 116:1 117:1 118:1 120:1 225:1 227:1 231:1 245:1 
10 9:1 10:1 13:1 32:1 44:1 45:1 46:1 66:1 80:1 82:1 97:1 99:1 100:1 101:1 102:1 103:1 104:1 105:1 106:1 109:1 110:1 111:1 112:1 113:1 114:1 115:1 116:1 117:1 118:1 225:1 233:1 234:1 
10 9:1 10:1 13:1 32:1 44:1 45:1 46:1 65:1 66:1 70:1 78:1 82:1 83:1 97:1 98:1 99:1 100:1 101:1 102:1 103:1 105:1 107:1 108:1 109:1 110:1 111:1 112:1 113:1 114:1 115:1 116:1 117:1 121:1 122:1 227:1 231:1 234:1 
10 9:1 10:1 13:1 32:1 40:1 41:1 44:1 45:1 46:1 66:1 67:1 68:1 72:1 74:1 77:1 80:1 82:1 83:1 84:1 97:1 99:1 100:1 101:1 102:1 104:1 105:1 108:1 109:1 110:1 111:1 112:1 113:1 114:1 115:1 116:1 117:1 118:1 122:1 225:1 227:1 233:1 
10 9:1 10:1 13:1 32:1 44:1 45:1 46:1 49:1 50:1 51:1 65:1 66:1 67:1 68:1 74:1 82:1 97:1 98:1 99:1 100:1 101:1 102:1 103:1 105:1 108:1 109:1 110:1 111:1 112:1 113:1 114:1 115:1 116:1 117:1 118:1 122:1 225:1 227:1 231:1 243:1 
10 9:1 10:1 13:1 32:1 44:1 45:1 46:1 66:1 69:1 82:1 85:1 97:1 98:1 99:1 100:1 101:1 102:1 103:1 104:1 105:1 108:1 109:1 110:1 111:1 112:1 113:1 114:1 115:1 116:1 117:1 118:1 122:1 225:1 227:1 237:1 250:1 
10 9:1 10:1 13:1 32:1 44:1 45:1 46:1 66:1 82:1 97:1 99:1 100:1 101:1 102:1 103:1 105:1 108:1 109:1 110:1 111:1 112:1 113:1 114:1 115:1 116:1 117:1 118:1 122:1 227:1 
10 9:1 10:1 13:1 32:1 44:1 45:1 46:1 65:1 66:1 68:1 69:1 82:1 97:1 98:1 99:1 100:1 101:1 102:1 103:1 104:1 105:1 108:1 109:1 110:1 111:1 112:1 113:1 114:1 115:1 116:1 117:1 118:1 224:1 225:1 227:1 231:1 233:1 237:1 245:1 
10 9:1 10:1 13:1 32:1 40:1 41:1 44:1 45:1 46:1 65:1 66:1 69:1 71:1 77:1 82:1 83:1 97:1 99:1 100:1 101:1 103:1 104:1 105:1 108:1 109:1 110:1 111:1 112:1 114:1 115:1 116:1 117:1 225:1 233:1 237:1 250:1 
10 9:1 10:1 13:1 32:1 44:1 45:1 46:1 66:1 70:1 73:1 78:1 82:1 97:1 98:1 99:1 100:1 101:1 102:1 103:1 105:1 108:1 109:1 110:1 111:1 112:1 113:1 114:1 115:1 116:1 117:1 118:1 122:1 225:1 227:1 
10 9:1 10:1 13:1 32:1 44:1 45:1 46:1 65:1 66:1 67:1 77:1 82:1 83:1 97:1 98:1 99:1 100:1 101:1 102:1 103:1 105:1 108:1 109:1 110:1 111:1 112:1 114:1 115:1 116:1 117:1 122:1 227:1 231:1 8220:1 8221:1 
10 9:1 10:1 13:1 32:1 44:1 45:1 46:1 49:1 65:1 66:1 79:1 80:1 82:1 97:1 98:1 99:1 100:1 101:1 102:1 103:1 104:1 105:1 108:1 109:1 110:1 111:1 112:1 113:1 114:1 115:1 116:1 117:1 118:1 225:1 233:1 234:1 237:1 250:1 
10 9:1 10:1 13:1 32:1 44:1 45:1 46:1 66:1 67:1 71:1 78:1 82:1 97:1 98:1 99:1 100:1 101:1 103:1 104:1 105:1 108:1 109:1 110:1 111:1 112:1 113:1 114:1 115:1 116:1 117:1 118:1 225:1 227:1 231:1 233:1 
10 9:1 10:1 13:1 32:1 40:1 41:1 44:1 45:1 46:1 65:1 66:1 67:1 69:1 74:1 80:1 82:1 84:1 85:1 97:1 98:1 99:1 100:1 101:1 102:1 103:1 105:1 107:1 108:1 109:1 110:1 111:1 112:1 113:1 114:1 115:1 116:1 117:1 118:1 227:1 231:1 243:1 
10 9:1 10:1 13:1 32:1 33:1 44:1 45:1 63:1 66:1 80:1 82:1 97:1 98:1 99:1 100:1 101:1 102:1 103:1 105:1 107:1 108:1 109:1 110:1 111:1 112:1 114:1 115:1 116:1 117:1 118:1 225:1 227:1 231:1 233:1 237:1 245:1 
10 9:1 10:1 13:1 32:1 33:1 44:1 45:1 48:1 49:1 50:1 51:1 52:1 54:1 57:1 66:1 82:1 97:1 98:1 99:1 100:1 101:1 103:1 104:1 105:1 108:1 109:1 110:1 111:1 112:1 113:1 114:1 115:1 116:1 117:1 118:1 122:1 233:1 
10 9:1 10:1 13:1 32:1 40:1 41:1 44:1 45:1 46:1 66:1 68:1 72:1 73:1 74:1 76:1 77:1 78:1 80:1 82:1 83:1 84:1 97:1 98:1 99:1 100:1 101:1 102:1 103:1 105:1 108:1 109:1 110:1 111:1 112:1 114:1 115:1 116:1 117:1 118:1 121:1 233:1 
10 9:1 10:1 13:1 32:1 44:1 45:1 46:1 66:1 67:1 82:1 87:1 97:1 98:1 99:1 100:1 101:1 102:1 103:1 104:1 105:1 108:1 109:1 110:1 111:1 112:1 113:1 114:1 115:1 116:1 117:1 227:1 237:1 243:1 
10 9:1 10:1 13:1 32:1 40:1 41:1 44:1 45:1 46:1 65:1 66:1 68:1 76:1 77:1 80:1 82:1 90:1 97:1 98:1 99:1 100:1 101:1 102:1 103:1 104:1 105:1 108:1 109:1 110:1 111:1 112:1 113:1 114:1 115:1 116:1 117:1 118:1 122:1 227:1 233:1 237:1 
10 9:1 10:1 13:1 32:1 44:1 45:1 46:1 66:1 82:1 97:1 99:1 100:1 101:1 102:1 103:1 105:1 108:1 109:1 110:1 111:1 112:1 113:1 114:1 115:1 116:1 117:1 118:1 120:1 122:1 227:1 231:1 233:1 237:1 243:1 245:1 
10 9:1 10:1 13:1 32:1 44:1 45:1 46:1 49:1 56:1 57:1 65:1 66:1 70:1 73:1 82:1 97:1 99:1 100:1 101:1 102:1 103:1 104:1 105:1 108:1 109:1 110:1 111:1 112:1 113:1 114:1 115:1 116:1 117:1 118:1 122:1 225:1 227:1 231:1 
10 9:1 10:1 13:1 32:1 34:1 40:1 41:1 44:1 45:1 46:1 49:1 50:1 51:1 53:1 55:1 56:1 57:1 66:1 82:1 97:1 99:1 100:1 101:1 102:1 104:1 105:1 106:1 108:1 109:1 110:1 111:1 112:1 113:1 114:1 115:1 116:1 117:1 118:1 225:1 233:1 237:1 250:1 
10 9:1 10:1 13:1 32:1 34:1 44:1 45:1 46:1 65:1 66:1 67:1 69:1 71:1 77:1 79:1 82:1 83:1 97:1 98:1 99:1 100:1 101:1 102:1 103:1 104:1 105:1 108:1 109:1 110:1 111:1 112:1 113:1 114:1 115:1 116:1 117:1 118:1 120:1 122:1 225:1 227:1 231:1 233:1 237:1 250:1 
10 9:1 10:1 13:1 32:1 34:1 44:1 45:1 46:1 48:1 52:1 65:1 66:1 67:1 71:1 79:1 80:1 82:1 84:1 86:1 97:1 99:1 100:1 101:1 102:1 104:1 105:1 108:1 109:1 110:1 111:1 112:1 114:1 115:1 116:1 117:1 118:1 122:1 227:1 231:1 250:1 
10 9:1 10:1 13:1 32:1 44:1 45:1 46:1 49:1 52:1 66:1 68:1 70:1 73:1 78:1 80:1 82:1 97:1 98:1 99:1 100:1 101:1 102:1 103:1 104:1 105:1 108:1 109:1 110:1 111:1 112:1 113:1 114:1 115:1 116:1 117:1 118:1 225:1 233:1 
10 9:1 10:1 13:1 32:1 44:1 45:1 46:1 66:1 82:1 97:1 98:1 99:1 100:1 101:1 103:1 104:1 105:1 106:1 108:1 109:1 110:1 111:1 112:1 113:1 114:1 115:1 116:1 117:1 120:1 122:1 231:1 243:1 244:1 245:1 
10 9:1 10:1 13:1 32:1 36:1 44:1 45:1 46:1 48:1 51:1 52:1 55:1 57:1 66:1 79:1 82:1 97:1 98:1 99:1 100:1 101:1 102:1 104:1 105:1 108:1 109:1 110:1 111:1 112:1 113:1 114:1 115:1 116:1 117:1 118:1 225:1 227:1 231:1 233:1 234:1 245:1 250:1 
10 9:1 10:1 13:1 32:1 44:1 45:1 46:1 66:1 67:1 68:1 73:1 80:1 82:1 83:1 97:1 98:1 99:1 100:1 101:1 104:1 105:1 108:1 109:1 110:1 111:1 112:1 113:1 114:1 115:1 116:1 117:1 118:1 225:1 227:1 233:1 234:1 
10 9:1 10:1 13:1 32:1 40:1 41:1 44:1 45:1 46:1 65:1 66:1 67:1 80:1 82:1 97:1 98:1 99:1 100:1 101:1 102:1 103:1 105:1 106:1 108:1 109:1 110:1 111:1 112:1 113:1 114:1 115:1 116:1 117:1 225:1 227:1 231:1 233:1 
10 9:1 10:1 13:1 32:1 45:1 46:1 65:1 66:1 69:1 82:1 83:1 97:1 98:1 99:1 100:1 101:1 102:1 104:1 105:1 108:1 109:1 110:1 111:1 112:1 114:1 115:1 116:1 117:1 122:1 233:1 237:1 
10 9:1 10:1 13:1 32:1 34:1 40:1 41:1 44:1 45:1 46:1 66:1 67:1 69:1 74:1 77:1 78:1 80:1 82:1 83:1 97:1 98:1 99:1 100:1 101:1 102:1 104:1 105:1 108:1 109:1 110:1 111:1 112:1 113:1 114:1 115:1 116:1 117:1 118:1 120:1 122:1 225:1 227:1 231:1 233:1 237:1 243:1 245:1 250:1 
10 9:1 10:1 13:1 32:1 44:1 45:1 46:1 48:1 49:1 54:1 66:1 67:1 82:1 97:1 98:1 99:1 100:1 101:1 102:1 104:1 105:1 108:1 109:1 110:1 111:1 112:1 114:1 115:1 116:1 117:1 122:1 225:1 227:1 231:1 250:1 
10 9:1 10:1 13:1 32:1 40:1 41:1 44:1 45:1 46:1 48:1 49:1 51:1 52:1 53:1 66:1 67:1 72:1 77:1 80:1 81:1 82:1 83:1 97:1 98:1 99:1 100:1 101:1 102:1 103:1 104:1 105:1 106:1 108:1 109:1 110:1 111:1 112:1 113:1 114:1 115:1 116:1 117:1 118:1 121:1 186:1 227:1 231:1 234:1 237:1 243:1 
10 9:1 10:1 13:1 32:1 40:1 41:1 44:1 45:1 46:1 66:1 67:1 69:1 73:1 77:1 80:1 82:1 83:1 84:1 97:1 98:1 99:1 100:1 101:1 102:1 103:1 104:1 105:1 106:1 108:1 109:1 110:1 111:1 112:1 114:1 115:1 116:1 117:1 122:1 227:1 231:1 234:1 
10 9:1 10:1 13:1 32:1 44:1 45:1 46:1 48:1 49:1 52:1 65:1 66:1 82:1 97:1 98:1 99:1 100:1 101:1 102:1 105:1 108:1 109:1 110:1 111:1 112:1 113:1 114:1 115:1 116:1 117:1 118:1 120:1 122:1 233:1 237:1 8220:1 8221:1 
10 9:1 10:1 13:1 32:1 44:1 45:1 46:1 49:1 55:1 65:1 66:1 71:1 80:1 82:1 84:1 97:1 98:1 99:1 100:1 101:1 102:1 103:1 104:1 105:1 108:1 109:1 110:1 111:1 112:1 114:1 115:1 116:1 117:1 118:1 122:1 186:1 227:1 233:1 8220:1 8221:1 
10 9:1 10:1 13:1 32:1 44:1 45:1 46:1 66:1 82:1 83:1 97:1 98:1 99:1 100:1 101:1 102:1 103:1 105:1 108:1 109:1 110:1 111:1 112:1 113:1 114:1 115:1 116:1 117:1 122:1 225:1 233:1 8216:1 8217:1 8220:1 8221:1 
10 9:1 10:1 13:1 32:1 44:1 45:1 46:1 49:1 53:1 66:1 70:1 78:1 82:1 97:1 98:1 99:1 100:1 101:1 103:1 104:1 105:1 108:1 109:1 110:1 111:1 112:1 113:1 114:1 115:1 116:1 117:1 118:1 122:1 234:1 245:1 8220:1 
10 9:1 10:1 13:1 32:1 44:1 45:1 46:1 59:1 65:1 66:1 67:1 70:1 74:1 82:1 83:1 97:1 99:1 100:1 101:1 102:1 103:1 105:1 106:1 108:1 109:1 110:1 111:1 112:1 114:1 115:1 116:1 117:1 118:1 224:1 225:1 226:1 227:1 231:1 234:1 237:1 245:1 
10 9:1 10:1 13:1 32:1 44:1 45:1 46:1 66:1 82:1 97:1 99:1 100:1 101:1 103:1 105:1 108:1 109:1 110:1 111:1 112:1 113:1 114:1 115:1 116:1 117:1 118:1 122:1 225:1 227:1 231:1 233:1 243:1 
10 9:1 10:1 13:1 32:1 40:1 41:1 44:1 45:1 46:1 48:1 49:1 50:1 51:1 65:1 66:1 70:1 82:1 97:1 98:1 99:1 100:1 101:1 102:1 103:1 104:1 105:1 106:1 108:1 109:1 110:1 111:1 112:1 113:1 114:1 115:1 116:1 117:1 118:1 120:1 224:1 225:1 227:1 231:1 233:1 234:1 237:1 
10 9:1 10:1 13:1 32:1 34:1 44:1 45:1 46:1 66:1 79:1 82:1 97:1 99:1 100:1 101:1 104:1 105:1 108:1 109:1 110:1 111:1 112:1 113:1 114:1 115:1 116:1 117:1 118:1 233:1 
10 9:1 10:1 13:1 32:1 40:1 41:1 44:1 45:1 46:1 66:1 67:1 69:1 70:1 73:1 76:1 77:1 82:1 84:1 86:1 97:1 99:1 100:1 101:1 105:1 108:1 109:1 110:1 111:1 112:1 114:1 115:1 116:1 117:1 118:1 122:1 227:1 231:1 233:1 250:1 
10 9:1 10:1 13:1 32:1 44:1 45:1 46:1 48:1 49:1 66:1 67:1 80:1 82:1 83:1 97:1 98:1 99:1 100:1 101:1 103:1 104:1 105:1 108:1 109:1 110:1 111:1 112:1 114:1 115:1 116:1 117:1 170:1 227:1 231:1 237:1 
10 9:1 10:1 13:1 32:1 44:1 45:1 46:1 66:1 67:1 68:1 69:1 70:1 72:1 76:1 79:1 82:1 83:1 97:1 99:1 100:1 101:1 102:1 104:1 105:1 106:1 108:1 109:1 110:1 111:1 112:1 113:1 114:1 115:1 116:1 117:1 118:1 120:1 233:1 234:1 8220:1 8221:1 
10 9:1 10:1 13:1 32:1 37:1 44:1 45:1 46:1 49:1 50:1 51:1 66:1 67:1 69:1 77:1 80:1 82:1 83:1 97:1 99:1 100:1 101:1 102:1 103:1 104:1 105:1 106:1 108:1 109:1 110:1 111:1 112:1 113:1 114:1 115:1 116:1 117:1 118:1 225:1 227:1 231:1 233:1 243:1 
10 9:1 10:1 13:1 32:1 45:1 46:1 51:1 66:1 69:1 82:1 97:1 98:1 99:1 100:1 101:1 102:1 103:1 105:1 108:1 109:1 110:1 111:1 112:1 113:1 114:1 115:1 116:1 117:1 118:1 225:1 227:1 231:1 243:1 
10 9:1 10:1 13:1 32:1 37:1 44:1 45:1 46:1 48:1 49:1 50:1 52:1 65:1 66:1 67:1 70:1 73:1 82:1 97:1 98:1 99:1 100:1 101:1 103:1 104:1 105:1 108:1 109:1 110:1 111:1 112:1 113:1 114:1 115:1 116:1 117:1 118:1 225:1 231:1 237:1 
10 9:1 10:1 13:1 32:1 40:1 41:1 44:1 45:1 46:1 52:1 53:1 65:1 66:1 67:1 73:1 77:1 82:1 97:1 98:1 99:1 100:1 101:1 104:1 105:1 108:1 109:1 110:1 111:1 112:1 113:1 114:1 115:1 116:1 117:1 118:1 227:1 244:1 
10 9:1 10:1 13:1 32:1 44:1 45:1 46:1 49:1 53:1 54:1 57:1 66:1 77:1 82:1 83:1 97:1 98:1 99:1 100:1 101:1 102:1 103:1 104:1 105:1 106:1 108:1 109:1 110:1 111:1 112:1 114:1 115:1 116:1 117:1 205:1 225:1 227:1 233:1 243:1 
10 9:1 10:1 13:1 32:1 44:1 45:1 46:1 65:1 66:1 67:1 68:1 69:1 70:1 71:1 74:1 77:1 82:1 97:1 98:1 99:1 100:1 101:1 102:1 103:1 104:1 105:1 106:1 107:1 108:1 109:1 110:1 111:1 112:1 113:1 114:1 115:1 116:1 117:1 118:1 122:1 225:1 227:1 233:1 234:1 237:1 244:1 8220:1 8221:1 
10 9:1 10:1 13:1 32:1 40:1 41:1 44:1 45:1 46:1 48:1 49:1 50:1 52:1 53:1 65:1 66:1 75:1 80:1 81:1 82:1 86:1 97:1 98:1 99:1 100:1 101:1 102:1 103:1 104:1 105:1 108:1 109:1 110:1 111:1 112:1 113:1 114:1 115:1 116:1 117:1 118:1 122:1 225:1 227:1 231:1 233:1 237:1 8211:1 8220:1 8221:1 
10 9:1 10:1 13:1 32:1 44:1 45:1 46:1 65:1 66:1 70:1 80:1 82:1 83:1 97:1 98:1 99:1 100:1 101:1 103:1 104:1 105:1 108:1 109:1 110:1 111:1 112:1 113:1 114:1 115:1 116:1 117:1 118:1 225:1 227:1 231:1 250:1 8220:1 8221:1 
10 9:1 10:1 13:1 32:1 40:1 41:1 44:1 45:1 46:1 66:1 67:1 70:1 80:1 82:1 97:1 98:1 99:1 100:1 101:1 102:1 103:1 104:1 105:1 108:1 109:1 110:1 111:1 112:1 113:1 114:1 115:1 116:1 117:1 118:1 225:1 233:1 234:1 243:1 
10 9:1 10:1 13:1 32:1 44:1 45:1 46:1 66:1 67:1 71:1 74:1 82:1 84:1 97:1 99:1 100:1 101:1 102:1 105:1 108:1 109:1 110:1 111:1 112:1 113:1 114:1 115:1 116:1 117:1 118:1 225:1 227:1 231:1 233:1 
10 9:1 10:1 13:1 32:1 44:1 45:1 46:1 66:1 82:1 97:1 98:1 99:1 100:1 101:1 102:1 103:1 105:1 108:1 109:1 110:1 111:1 112:1 114:1 115:1 116:1 117:1 118:1 120:1 122:1 227:1 231:1 233:1 237:1 243:1 
10 9:1 10:1 13:1 32:1 34:1 44:1 45:1 46:1 65:1 66:1 67:1 76:1 77:1 79:1 82:1 83:1 97:1 98:1 99:1 100:1 101:1 103:1 105:1 106:1 107:1 108:1 109:1 110:1 111:1 112:1 113:1 114:1 115:1 116:1 117:1 118:1 122:1 224:1 225:1 227:1 231:1 237:1 
10 9:1 10:1 13:1 32:1 44:1 45:1 46:1 66:1 82:1 97:1 98:1 99:1 100:1 101:1 102:1 103:1 104:1 105:1 108:1 109:1 110:1 111:1 112:1 113:1 114:1 115:1 116:1 117:1 118:1 227:1 231:1 233:1 237:1 250:1 
10 9:1 10:1 13:1 32:1 44:1 45:1 46:1 48:1 49:1 50:1 53:1 57:1 66:1 82:1 97:1 98:1 99:1 100:1 101:1 102:1 103:1 104:1 105:1 106:1 108:1 109:1 110:1 111:1 112:1 113:1 114:1 115:1 116:1 117:1 227:1 233:1 237:1 
10 9:1 10:1 13:1 32:1 40:1 41:1 44:1 45:1 46:1 49:1 50:1 65:1 66:1 67:1 71:1 77:1 80:1 82:1 86:1 97:1 99:1 100:1 101:1 102:1 103:1 104:1 105:1 108:1 109:1 110:1 111:1 112:1 113:1 114:1 115:1 116:1 117:1 118:1 120:1 170:1 186:1 234:1 
10 9:1 10:1 13:1 32:1 40:1 41:1 44:1 45:1 46:1 65:1 66:1 68:1 74:1 76:1 80:1 82:1 97:1 98:1 99:1 100:1 101:1 102:1 103:1 105:1 106:1 108:1 109:1 110:1 111:1 112:1 113:1 114:1 115:1 116:1 117:1 118:1 120:1 225:1 233:1 
10 9:1 10:1 13:1 32:1 44:1 45:1 46:1 48:1 50:1 51:1 52:1 53:1 54:1 56:1 66:1 67:1 71:1 82:1 97:1 99:1 100:1 101:1 102:1 103:1 104:1 105:1 108:1 109:1 110:1 111:1 112:1 113:1 114:1 115:1 116:1 117:1 118:1 122:1 
10 9:1 10:1 13:1 32:1 44:1 45:1 46:1 66:1 73:1 75:1 80:1 82:1 97:1 98:1 99:1 100:1 101:1 102:1 103:1 104:1 105:1 108:1 109:1 110:1 111:1 112:1 113:1 114:1 115:1 116:1 117:1 227:1 231:1 250:1 
10 9:1 10:1 13:1 32:1 44:1 45:1 46:1 66:1 67:1 69:1 76:1 82:1 83:1 97:1 99:1 100:1 101:1 102:1 103:1 104:1 105:1 108:1 109:1 110:1 111:1 112:1 114:1 115:1 116:1 117:1 118:1 225:1 233:1 234:1 237:1 250:1 
10 9:1 10:1 13:1 32:1 44:1 45:1 46:1 48:1 49:1 50:1 65:1 66:1 68:1 69:1 70:1 73:1 76:1 77:1 79:1 80:1 82:1 83:1 97:1 98:1 99:1 100:1 101:1 102:1 103:1 104:1 105:1 108:1 109:1 110:1 111:1 112:1 114:1 115:1 116:1 117:1 118:1 121:1 225:1 231:1 233:1 250:1 8220:1 8221:1 
10 9:1 10:1 13:1 32:1 44:1 45:1 46:1 66:1 82:1 97:1 98:1 99:1 100:1 101:1 102:1 105:1 106:1 108:1 109:1 110:1 111:1 112:1 114:1 115:1 116:1 117:1 118:1 120:1 225:1 231:1 237:1 245:1 
10 9:1 10:1 13:1 32:1 44:1 45:1 46:1 66:1 82:1 83:1 86:1 97:1 98:1 99:1 100:1 101:1 102:1 103:1 105:1 108:1 109:1 110:1 111:1 112:1 113:1 114:1 115:1 116:1 117:1 118:1 233:1 234:1 245:1 
10 9:1 10:1 13:1 32:1 44:1 45:1 46:1 66:1 74:1 82:1 97:1 99:1 100:1 101:1 102:1 105:1 108:1 109:1 110:1 111:1 112:1 113:1 114:1 115:1 116:1 117:1 118:1 120:1 225:1 227:1 237:1 243:1 
10 9:1 10:1 13:1 32:1 44:1 45:1 46:1 66:1 68:1 80:1 82:1 83:1 84:1 97:1 98:1 99:1 100:1 101:1 104:1 105:1 108:1 109:1 110:1 111:1 112:1 113:1 114:1 115:1 116:1 117:1 118:1 122:1 225:1 233:1 
10 9:1 10:1 13:1 32:1 44:1 45:1 46:1 66:1 82:1 97:1 99:1 100:1 101:1 102:1 103:1 104:1 105:1 108:1 109:1 110:1 111:1 112:1 114:1 115:1 116:1 117:1 118:1 122:1 231:1 233:1 243:1 245:1 
10 9:1 10:1 13:1 32:1 34:1 44:1 45:1 46:1 65:1 66:1 79:1 80:1 82:1 97:1 98:1 99:1 100:1 101:1 102:1 103:1 104:1 105:1 106:1 108:1 109:1 110:1 111:1 112:1 113:1 114:1 115:1 116:1 117:1 118:1 120:1 122:1 227:1 231:1 233:1 243:1 
10 9:1 10:1 13:1 32:1 44:1 45:1 46:1 53:1 54:1 56:1 66:1 77:1 78:1 82:1 97:1 98:1 99:1 100:1 101:1 103:1 104:1 105:1 106:1 108:1 109:1 110:1 111:1 112:1 113:1 114:1 115:1 116:1 117:1 118:1 120:1 224:1 225:1 231:1 243:1 245:1 250:1 
10 9:1 10:1 13:1 32:1 40:1 41:1 44:1 45:1 46:1 48:1 49:1 50:1 51:1 52:1 57:1 66:1 67:1 69:1 71:1 73:1 80:1 82:1 97:1 99:1 100:1 101:1 102:1 103:1 105:1 108:1 109:1 110:1 111:1 112:1 113:1 114:1 115:1 116:1 117:1 118:1 120:1 122:1 225:1 227:1 231:1 233:1 237:1 243:1 
10 9:1 10:1 13:1 32:1 44:1 45:1 46:1 66:1 68:1 82:1 97:1 98:1 99:1 100:1 101:1 103:1 104:1 105:1 108:1 109:1 110:1 111:1 112:1 114:1 115:1 116:1 117:1 118:1 233:1 234:1 243:1 250:1 
10 9:1 10:1 13:1 32:1 44:1 45:1 46:1 66:1 82:1 97:1 99:1 100:1 101:1 102:1 103:1 104:1 105:1 108:1 109:1 110:1 111:1 112:1 113:1 114:1 115:1 116:1 117:1 118:1 227:1 
10 9:1 10:1 13:1 32:1 44:1 45:1 46:1 65:1 66:1 77:1 82:1 83:1 97:1 98:1 99:1 100:1 101:1 103:1 104:1 105:1 106:1 108:1 109:1 110:1 111:1 112:1 114:1 115:1 116:1 117:1 118:1 231:1 233:1 250:1 
10 9:1 10:1 13:1 32:1 40:1 41:1 44:1 45:1 46:1 48:1 50:1 51:1 53:1 66:1 67:1 68:1 73:1 80:1 82:1 83:1 97:1 98:1 99:1 100:1 101:1 102:1 103:1 104:1 105:1 108:1 109:1 110:1 111:1 112:1 113:1 114:1 115:1 116:1 117:1 118:1 122:1 225:1 226:1 227:1 231:1 243:1 244:1 
11 9:1 10:1 13:1 32:1 40:1 41:1 44:1 45:1 46:1 48:1 49:1 50:1 52:1 53:1 54:1 57:1 65:1 74:1 80:1 84:1 97:1 98:1 99:1 100:1 101:1 103:1 104:1 105:1 108:1 109:1 110:1 111:1 112:1 113:1 114:1 115:1 116:1 117:1 237:1 245:1 
11 9:1 10:1 13:1 32:1 34:1 44:1 45:1 46:1 67:1 77:1 80:1 84:1 97:1 98:1 99:1 100:1 101:1 102:1 103:1 105:1 108:1 109:1 110:1 111:1 112:1 113:1 114:1 115:1 116:1 117:1 118:1 225:1 227:1 231:1 237:1 245:1 
11 9:1 10:1 13:1 32:1 44:1 45:1 46:1 49:1 56:1 74:1 80:1 84:1 97:1 98:1 99:1 100:1 101:1 103:1 104:1 105:1 106:1 109:1 110:1 111:1 112:1 114:1 115:1 116:1 117:1 233:1 
11 9:1 10:1 13:1 32:1 44:1 45:1 46:1 48:1 50:1 56:1 66:1 76:1 78:1 80:1 83:1 84:1 86:1 97:1 98:1 99:1 100:1 101:1 102:1 103:1 104:1 105:1 108:1 109:1 110:1 111:1 112:1 113:1 114:1 115:1 116:1 117:1 118:1 122:1 243:1 
11 9:1 10:1 13:1 32:1 44:1 45:1 46:1 48:1 49:1 50:1 66:1 67:1 69:1 80:1 84:1 97:1 98:1 99:1 100:1 101:1 102:1 103:1 104:1 105:1 108:1 109:1 110:1 111:1 112:1 114:1 115:1 116:1 117:1 118:1 120:1 224:1 225:1 227:1 231:1 233:1 234:1 237:1 
11 9:1 10:1 13:1 32:1 44:1 45:1 46:1 72:1 77:1 80:1 83:1 84:1 97:1 98:1 99:1 100:1 101:1 102:1 103:1 105:1 108:1 109:1 110:1 111:1 112:1 114:1 115:1 116:1 117:1 118:1 225:1 227:1 233:1 237:1 
11 9:1 10:1 13:1 32:1 44:1 45:1 46:1 80:1 84:1 97:1 99:1 100:1 101:1 102:1 103:1 105:1 108:1 109:1 110:1 111:1 112:1 113:1 114:1 115:1 116:1 117:1 118:1 231:1 233:1 
11 9:1 10:1 13:1 32:1 44:1 45:1 46:1 80:1 84:1 97:1 99:1 100:1 101:1 102:1 103:1 104:1 105:1 106:1 108:1 109:1 110:1 111:1 112:1 113:1 114:1 115:1 116:1 117:1 118:1 122:1 225:1 227:1 231:1 237:1 
11 9:1 10:1 13:1 32:1 44:1 45:1 46:1 48:1 49:1 50:1 53:1 65:1 80:1 84:1 97:1 98:1 99:1 100:1 101:1 103:1 105:1 108:1 109:1 110:1 111:1 112:1 114:1 115:1 116:1 117:1 120:1 225:1 227:1 231:1 234:1 245:1 
11 9:1 10:1 13:1 32:1 44:1 45:1 46:1 80:1 84:1 97:1 98:1 99:1 100:1 101:1 102:1 103:1 105:1 108:1 109:1 110:1 111:1 112:1 113:1 114:1 115:1 116:1 117:1 227:1 231:1 233:1 234:1 245:1 8220:1 8221:1 
11 9:1 10:1 13:1 32:1 44:1 45:1 46:1 65:1 74:1 80:1 84:1 87:1 97:1 98:1 99:1 100:1 101:1 103:1 105:1 107:1 108:1 109:1 110:1 111:1 112:1 113:1 114:1 115:1 116:1 117:1 118:1 225:1 227:1 231:1 237:1 245:1 250:1 
11 9:1 10:1 13:1 32:1 44:1 45:1 46:1 80:1 84:1 97:1 98:1 99:1 100:1 101:1 103:1 104:1 105:1 108:1 109:1 110:1 111:1 112:1 113:1 114:1 115:1 116:1 117:1 118:1 120:1 227:1 231:1 245:1 
11 9:1 10:1 13:1 32:1 44:1 45:1 46:1 48:1 50:1 55:1 57:1 66:1 80:1 83:1 84:1 97:1 98:1 99:1 100:1 101:1 102:1 103:1 104:1 105:1 108:1 109:1 110:1 111:1 112:1 113:1 114:1 115:1 116:1 117:1 118:1 122:1 227:1 231:1 237:1 
11 9:1 10:1 13:1 32:1 34:1 44:1 45:1 46:1 79:1 80:1 84:1 97:1 98:1 99:1 100:1 101:1 103:1 104:1 105:1 106:1 108:1 109:1 110:1 111:1 112:1 113:1 114:1 115:1 116:1 117:1 118:1 227:1 231:1 233:1 237:1 250:1 8221:1 
11 9:1 10:1 13:1 32:1 34:1 37:1 40:1 41:1 44:1 45:1 46:1 48:1 49:1 50:1 54:1 66:1 69:1 73:1 80:1 84:1 97:1 98:1 99:1 100:1 101:1 102:1 103:1 104:1 105:1 108:1 109:1 110:1 111:1 112:1 113:1 114:1 115:1 116:1 117:1 118:1 120:1 225:1 233:1 
11 9:1 10:1 13:1 32:1 44:1 45:1 46:1 76:1 80:1 83:1 84:1 97:1 98:1 99:1 100:1 101:1 102:1 104:1 105:1 106:1 108:1 109:1 110:1 111:1 112:1 113:1 114:1 115:1 116:1 117:1 118:1 119:1 120:1 121:1 
11 9:1 10:1 13:1 32:1 44:1 45:1 46:1 65:1 67:1 80:1 84:1 97:1 98:1 99:1 100:1 101:1 102:1 103:1 105:1 108:1 109:1 110:1 111:1 112:1 114:1 115:1 116:1 117:1 118:1 122:1 224:1 231:1 237:1 243:1 245:1 
11 9:1 10:1 13:1 32:1 37:1 44:1 45:1 46:1 48:1 49:1 50:1 51:1 54:1 55:1 56:1 69:1 74:1 80:1 83:1 84:1 97:1 98:1 99:1 100:1 101:1 105:1 109:1 110:1 111:1 112:1 113:1 114:1 115:1 116:1 117:1 118:1 120:1 231:1 232:1 233:1 243:1 245:1 
11 9:1 10:1 13:1 32:1 45:1 46:1 48:1 49:1 50:1 78:1 80:1 83:1 84:1 89:1 97:1 98:1 99:1 100:1 101:1 103:1 104:1 105:1 107:1 108:1 109:1 110:1 111:1 112:1 114:1 115:1 116:1 117:1 118:1 120:1 227:1 231:1 237:1 
11 9:1 10:1 13:1 32:1 44:1 45:1 46:1 80:1 84:1 97:1 98:1 99:1 100:1 101:1 102:1 103:1 104:1 105:1 106:1 108:1 109:1 110:1 111:1 112:1 113:1 114:1 115:1 116:1 117:1 118:1 231:1 
11 9:1 10:1 13:1 32:1 44:1 45:1 46:1 69:1 80:1 83:1 84:1 97:1 98:1 99:1 100:1 101:1 103:1 104:1 105:1 108:1 109:1 110:1 111:1 112:1 113:1 114:1 115:1 116:1 117:1 118:1 224:1 225:1 227:1 231:1 245:1 8220:1 8221:1 
11 9:1 10:1 13:1 32:1 44:1 45:1 46:1 80:1 84:1 97:1 98:1 99:1 100:1 101:1 102:1 103:1 105:1 108:1 109:1 110:1 111:1 112:1 113:1 114:1 115:1 116:1 117:1 227:1 231:1 233:1 243:1 
11 9:1 10:1 13:1 32:1 44:1 45:1 46:1 67:1 70:1 77:1 80:1 84:1 97:1 98:1 99:1 100:1 101:1 103:1 104:1 105:1 106:1 108:1 109:1 110:1 111:1 112:1 113:1 114:1 115:1 116:1 117:1 118:1 120:1 122:1 224:1 225:1 227:1 233:1 
11 9:1 10:1 13:1 32:1 37:1 44:1 45:1 46:1 48:1 49:1 50:1 51:1 52:1 56:1 57:1 69:1 71:1 76:1 79:1 80:1 84:1 97:1 98:1 99:1 100:1 101:1 103:1 104:1 105:1 108:1 109:1 110:1 111:1 112:1 114:1 115:1 116:1 117:1 118:1 233:1 243:1 
11 9:1 10:1 13:1 32:1 44:1 45:1 46:1 67:1 69:1 77:1 79:1 80:1 84:1 85:1 97:1 98:1 99:1 100:1 101:1 103:1 104:1 105:1 106:1 108:1 109:1 110:1 111:1 112:1 113:1 114:1 115:1 116:1 117:1 118:1 120:1 122:1 227:1 231:1 233:1 
11 9:1 10:1 13:1 32:1 44:1 45:1 46:1 69:1 78:1 80:1 84:1 97:1 98:1 99:1 100:1 101:1 102:1 103:1 104:1 105:1 108:1 109:1 110:1 111:1 112:1 113:1 114:1 115:1 116:1 117:1 118:1 227:1 233:1 237:1 250:1 
11 9:1 10:1 13:1 32:1 44:1 45:1 46:1 49:1 50:1 65:1 80:1 84:1 97:1 98:1 99:1 100:1 101:1 102:1 103:1 104:1 105:1 108:1 109:1 110:1 111:1 112:1 113:1 114:1 115:1 116:1 117:1 118:1 122:1 225:1 227:1 231:1 243:1 
11 9:1 10:1 13:1 32:1 37:1 40:1 41:1 44:1 45:1 46:1 48:1 49:1 65:1 67:1 68:1 69:1 73:1 77:1 80:1 84:1 85:1 97:1 98:1 99:1 100:1 101:1 102:1 103:1 104:1 105:1 106:1 108:1 109:1 110:1 111:1 112:1 113:1 114:1 115:1 116:1 117:1 118:1 205:1 231:1 233:1 237:1 
11 9:1 10:1 13:1 32:1 34:1 37:1 44:1 45:1 46:1 51:1 55:1 67:1 69:1 77:1 79:1 80:1 83:1 84:1 97:1 98:1 99:1 100:1 101:1 102:1 103:1 104:1 105:1 106:1 108:1 109:1 110:1 111:1 112:1 113:1 114:1 115:1 116:1 117:1 225:1 227:1 231:1 243:1 
11 9:1 10:1 13:1 32:1 37:1 40:1 41:1 45:1 46:1 48:1 50:1 54:1 80:1 82:1 84:1 85:1 97:1 99:1 100:1 101:1 103:1 104:1 105:1 108:1 109:1 110:1 111:1 112:1 113:1 114:1 115:1 116:1 117:1 118:1 122:1 225:1 227:1 231:1 243:1 250:1 
11 9:1 10:1 13:1 32:1 44:1 45:1 46:1 80:1 84:1 97:1 99:1 100:1 101:1 103:1 104:1 105:1 108:1 109:1 110:1 111:1 112:1 113:1 114:1 115:1 116:1 117:1 118:1 225:1 227:1 231:1 233:1 237:1 
11 9:1 10:1 13:1 32:1 44:1 45:1 46:1 74:1 80:1 84:1 97:1 98:1 99:1 100:1 101:1 102:1 103:1 105:1 106:1 108:1 109:1 110:1 111:1 112:1 113:1 114:1 115:1 116:1 117:1 118:1 120:1 171:1 187:1 225:1 227:1 231:1 234:1 243:1 
11 9:1 10:1 13:1 32:1 34:1 44:1 45:1 46:1 47:1 80:1 84:1 97:1 98:1 99:1 100:1 101:1 102:1 103:1 105:1 106:1 108:1 109:1 110:1 111:1 112:1 114:1 115:1 116:1 117:1 118:1 227:1 231:1 237:1 243:1 
11 9:1 10:1 13:1 32:1 44:1 45:1 46:1 65:1 67:1 68:1 73:1 79:1 80:1 84:1 97:1 98:1 99:1 100:1 101:1 102:1 105:1 108:1 109:1 110:1 111:1 112:1 113:1 114:1 115:1 116:1 117:1 118:1 122:1 225:1 227:1 231:1 234:1 237:1 243:1 8220:1 
11 9:1 10:1 13:1 32:1 44:1 45:1 46:1 65:1 66:1 67:1 69:1 72:1 80:1 83:1 84:1 97:1 98:1 99:1 100:1 101:1 102:1 103:1 105:1 107:1 108:1 109:1 110:1 111:1 112:1 113:1 114:1 115:1 116:1 117:1 118:1 120:1 122:1 227:1 234:1 237:1 
11 9:1 10:1 13:1 32:1 40:1 41:1 44:1 45:1 46:1 80:1 84:1 97:1 99:1 100:1 101:1 102:1 103:1 104:1 105:1 106:1 108:1 109:1 110:1 111:1 112:1 113:1 114:1 115:1 116:1 117:1 118:1 225:1 227:1 231:1 
11 9:1 10:1 13:1 32:1 34:1 44:1 45:1 46:1 66:1 70:1 71:1 73:1 80:1 84:1 97:1 99:1 100:1 101:1 102:1 103:1 104:1 105:1 108:1 109:1 110:1 111:1 112:1 114:1 115:1 116:1 117:1 118:1 225:1 231:1 245:1 
11 9:1 10:1 13:1 32:1 45:1 46:1 65:1 80:1 84:1 97:1 98:1 99:1 100:1 101:1 102:1 103:1 104:1 105:1 108:1 109:1 110:1 111:1 112:1 113:1 114:1 115:1 116:1 117:1 225:1 227:1 231:1 
11 9:1 10:1 13:1 32:1 44:1 45:1 46:1 65:1 67:1 80:1 84:1 97:1 98:1 99:1 100:1 101:1 102:1 103:1 105:1 106:1 108:1 109:1 110:1 111:1 112:1 113:1 114:1 115:1 116:1 117:1 118:1 122:1 225:1 233:1 243:1 
11 9:1 10:1 13:1 32:1 45:1 46:1 80:1 84:1 97:1 98:1 99:1 100:1 101:1 102:1 103:1 104:1 105:1 108:1 109:1 110:1 111:1 112:1 114:1 115:1 116:1 117:1 118:1 233:1 237:1 243:1 
11 9:1 10:1 13:1 32:1 45:1 46:1 80:1 84:1 97:1 98:1 99:1 100:1 101:1 102:1 103:1 104:1 105:1 106:1 108:1 109:1 110:1 111:1 112:1 113:1 114:1 115:1 116:1 117:1 118:1 122:1 224:1 225:1 227:1 231:1 233:1 8216:1 8217:1 8220:1 8221:1 
11 9:1 10:1 13:1 32:1 44:1 45:1 46:1 80:1 83:1 84:1 97:1 98:1 99:1 100:1 101:1 102:1 104:1 105:1 108:1 109:1 110:1 111:1 112:1 113:1 114:1 115:1 116:1 117:1 118:1 120:1 226:1 227:1 231:1 237:1 8220:1 8221:1 
11 9:1 10:1 13:1 32:1 44:1 45:1 46:1 77:1 78:1 80:1 83:1 84:1 97:1 99:1 100:1 101:1 102:1 103:1 104:1 105:1 108:1 109:1 110:1 111:1 112:1 113:1 114:1 115:1 116:1 117:1 118:1 227:1 231:1 243:1 
11 9:1 10:1 13:1 32:1 44:1 45:1 46:1 48:1 50:1 65:1 67:1 70:1 74:1 77:1 78:1 80:1 83:1 84:1 97:1 98:1 99:1 100:1 101:1 102:1 103:1 104:1 105:1 108:1 109:1 110:1 111:1 112:1 114:1 115:1 116:1 118:1 227:1 231:1 233:1 234:1 237:1 245:1 
11 9:1 10:1 13:1 32:1 45:1 46:1 48:1 52:1 56:1 65:1 67:1 68:1 69:1 71:1 80:1 84:1 97:1 98:1 99:1 100:1 101:1 102:1 103:1 105:1 108:1 109:1 110:1 111:1 112:1 113:1 114:1 115:1 116:1 117:1 118:1 122:1 225:1 227:1 231:1 233:1 234:1 
11 9:1 10:1 13:1 32:1 37:1 44:1 45:1 46:1 48:1 49:1 50:1 80:1 84:1 97:1 98:1 99:1 100:1 101:1 103:1 104:1 105:1 108:1 109:1 110:1 111:1 112:1 114:1 115:1 116:1 117:1 118:1 122:1 224:1 225:1 243:1 
11 9:1 10:1 13:1 32:1 39:1 44:1 45:1 46:1 68:1 71:1 76:1 80:1 84:1 97:1 98:1 99:1 100:1 101:1 102:1 103:1 104:1 105:1 106:1 108:1 109:1 110:1 111:1 112:1 113:1 114:1 115:1 116:1 117:1 118:1 225:1 234:1 237:1 8220:1 
11 9:1 10:1 13:1 32:1 34:1 39:1 44:1 45:1 46:1 66:1 68:1 70:1 72:1 74:1 76:1 80:1 84:1 97:1 98:1 99:1 100:1 101:1 102:1 105:1 107:1 108:1 109:1 110:1 111:1 112:1 113:1 114:1 115:1 116:1 117:1 118:1 120:1 225:1 227:1 231:1 245:1 
11 9:1 10:1 13:1 32:1 44:1 45:1 46:1 48:1 49:1 52:1 54:1 57:1 67:1 71:1 80:1 84:1 97:1 98:1 99:1 100:1 101:1 102:1 103:1 105:1 107:1 108:1 109:1 110:1 111:1 112:1 113:1 114:1 115:1 116:1 117:1 118:1 122:1 227:1 231:1 243:1 
11 9:1 10:1 13:1 32:1 44:1 45:1 46:1 49:1 53:1 56:1 57:1 66:1 71:1 77:1 80:1 84:1 97:1 99:1 100:1 101:1 103:1 104:1 105:1 108:1 109:1 110:1 111:1 112:1 113:1 114:1 115:1 116:1 117:1 118:1 225:1 227:1 233:1 245:1 
11 9:1 10:1 13:1 32:1 44:1 45:1 46:1 65:1 80:1 84:1 86:1 97:1 98:1 99:1 100:1 101:1 102:1 103:1 104:1 105:1 108:1 109:1 110:1 111:1 112:1 113:1 114:1 115:1 116:1 117:1 118:1 120:1 122:1 231:1 243:1 
11 9:1 10:1 13:1 32:1 44:1 45:1 46:1 80:1 84:1 97:1 99:1 100:1 101:1 102:1 103:1 104:1 105:1 108:1 109:1 110:1 111:1 112:1 113:1 114:1 115:1 116:1 117:1 118:1 227:1 237:1 
11 9:1 10:1 13:1 32:1 44:1 45:1 46:1 48:1 50:1 66:1 67:1 70:1 76:1 77:1 80:1 84:1 97:1 98:1 99:1 100:1 101:1 102:1 103:1 104:1 105:1 108:1 109:1 110:1 111:1 112:1 113:1 114:1 115:1 116:1 117:1 118:1 122:1 171:1 187:1 224:1 225:1 231:1 250:1 
11 9:1 10:1 13:1 32:1 44:1 45:1 46:1 59:1 67:1 69:1 78:1 80:1 83:1 84:1 97:1 98:1 99:1 100:1 101:1 102:1 103:1 104:1 105:1 108:1 109:1 110:1 111:1 112:1 113:1 114:1 115:1 116:1 117:1 118:1 225:1 231:1 234:1 237:1 
11 9:1 10:1 13:1 32:1 44:1 45:1 46:1 80:1 84:1 97:1 98:1 99:1 100:1 101:1 102:1 103:1 104:1 105:1 106:1 108:1 109:1 110:1 111:1 112:1 113:1 114:1 115:1 116:1 117:1 231:1 243:1 
11 9:1 10:1 13:1 32:1 44:1 45:1 46:1 66:1 67:1 79:1 80:1 84:1 97:1 98:1 99:1 100:1 101:1 102:1 103:1 105:1 108:1 109:1 110:1 111:1 112:1 113:1 114:1 115:1 116:1 117:1 118:1 120:1 122:1 225:1 227:1 237:1 8220:1 8221:1 
11 9:1 10:1 13:1 32:1 44:1 45:1 46:1 71:1 76:1 77:1 80:1 84:1 97:1 99:1 100:1 101:1 102:1 103:1 104:1 105:1 106:1 108:1 109:1 110:1 111:1 112:1 113:1 114:1 115:1 116:1 117:1 227:1 231:1 237:1 8220:1 8221:1 
11 9:1 10:1 13:1 32:1 44:1 45:1 46:1 49:1 54:1 55:1 57:1 63:1 67:1 68:1 79:1 80:1 84:1 97:1 98:1 99:1 100:1 101:1 102:1 103:1 104:1 105:1 108:1 109:1 110:1 111:1 112:1 113:1 114:1 115:1 116:1 117:1 118:1 122:1 225:1 227:1 233:1 250:1 
11 9:1 10:1 13:1 32:1 44:1 45:1 46:1 80:1 83:1 84:1 97:1 98:1 99:1 100:1 101:1 102:1 103:1 104:1 105:1 106:1 108:1 109:1 110:1 111:1 112:1 113:1 114:1 115:1 116:1 117:1 118:1 225:1 231:1 245:1 250:1 
11 9:1 10:1 13:1 32:1 34:1 44:1 45:1 46:1 80:1 84:1 97:1 99:1 100:1 101:1 102:1 103:1 105:1 108:1 109:1 110:1 111:1 112:1 113:1 114:1 115:1 116:1 117:1 118:1 201:1 225:1 227:1 234:1 237:1 
11 9:1 10:1 13:1 32:1 34:1 44:1 45:1 46:1 69:1 70:1 77:1 80:1 84:1 97:1 99:1 100:1 101:1 102:1 103:1 104:1 105:1 108:1 109:1 110:1 111:1 112:1 113:1 114:1 115:1 116:1 117:1 118:1 120:1 122:1 227:1 231:1 234:1 237:1 243:1 245:1 
11 9:1 10:1 13:1 32:1 44:1 45:1 46:1 80:1 84:1 97:1 99:1 100:1 101:1 102:1 103:1 104:1 105:1 106:1 108:1 109:1 110:1 111:1 112:1 113:1 114:1 115:1 116:1 117:1 118:1 224:1 225:1 227:1 234:1 237:1 
11 9:1 10:1 13:1 32:1 44:1 45:1 46:1 80:1 84:1 97:1 98:1 99:1 100:1 101:1 102:1 103:1 104:1 105:1 108:1 109:1 110:1 111:1 112:1 113:1 114:1 115:1 116:1 117:1 118:1 227:1 231:1 233:1 243:1 
11 9:1 10:1 13:1 32:1 44:1 45:1 46:1 66:1 67:1 68:1 80:1 83:1 84:1 97:1 98:1 99:1 100:1 101:1 102:1 103:1 105:1 108:1 109:1 110:1 111:1 112:1 113:1 114:1 115:1 116:1 117:1 122:1 171:1 187:1 231:1 233:1 
11 9:1 10:1 13:1 32:1 44:1 45:1 46:1 69:1 75:1 76:1 80:1 84:1 85:1 97:1 98:1 99:1 100:1 101:1 102:1 103:1 104:1 105:1 108:1 109:1 110:1 111:1 112:1 114:1 115:1 116:1 117:1 118:1 120:1 225:1 227:1 231:1 237:1 
11 9:1 10:1 13:1 32:1 34:1 44:1 45:1 46:1 65:1 67:1 71:1 77:1 80:1 84:1 97:1 99:1 100:1 101:1 102:1 103:1 104:1 105:1 108:1 109:1 110:1 111:1 112:1 113:1 114:1 115:1 116:1 117:1 118:1 120:1 122:1 225:1 227:1 231:1 243:1 245:1 
11 9:1 10:1 13:1 32:1 45:1 46:1 48:1 49:1 50:1 65:1 67:1 74:1 76:1 80:1 84:1 86:1 97:1 98:1 99:1 100:1 101:1 102:1 104:1 105:1 108:1 109:1 110:1 111:1 112:1 113:1 114:1 115:1 116:1 117:1 231:1 237:1 250:1 
11 9:1 10:1 13:1 32:1 44:1 45:1 46:1 48:1 50:1 76:1 78:1 80:1 84:1 90:1 97:1 98:1 99:1 100:1 101:1 102:1 103:1 105:1 108:1 109:1 110:1 111:1 112:1 114:1 115:1 116:1 117:1 118:1 122:1 224:1 225:1 227:1 231:1 233:1 237:1 
11 9:1 10:1 13:1 32:1 44:1 45:1 46:1 80:1 84:1 97:1 99:1 100:1 101:1 102:1 103:1 105:1 109:1 110:1 111:1 112:1 113:1 114:1 115:1 116:1 117:1 118:1 122:1 227:1 231:1 233:1 
11 9:1 10:1 13:1 32:1 44:1 45:1 46:1 48:1 50:1 67:1 80:1 84:1 97:1 99:1 100:1 101:1 102:1 103:1 104:1 105:1 108:1 109:1 110:1 111:1 112:1 114:1 115:1 116:1 117:1 118:1 225:1 227:1 8220:1 8221:1 
11 9:1 10:1 13:1 32:1 44:1 45:1 46:1 47:1 48:1 50:1 54:1 55:1 77:1 80:1 83:1 84:1 86:1 97:1 98:1 99:1 100:1 101:1 102:1 103:1 105:1 108:1 109:1 110:1 111:1 112:1 113:1 114:1 115:1 116:1 117:1 118:1 122:1 233:1 237:1 243:1 250:1 
11 9:1 10:1 13:1 32:1 44:1 45:1 46:1 66:1 69:1 80:1 84:1 97:1 98:1 99:1 100:1 101:1 102:1 103:1 104:1 105:1 106:1 108:1 109:1 110:1 111:1 112:1 113:1 114:1 115:1 116:1 117:1 118:1 122:1 225:1 227:1 231:1 233:1 250:1 
11 9:1 10:1 13:1 32:1 44:1 45:1 46:1 67:1 71:1 80:1 84:1 97:1 98:1 99:1 100:1 101:1 102:1 103:1 105:1 106:1 108:1 109:1 110:1 111:1 112:1 113:1 114:1 115:1 116:1 117:1 118:1 120:1 224:1 227:1 231:1 234:1 244:1 
11 9:1 10:1 13:1 32:1 40:1 41:1 44:1 45:1 46:1 48:1 49:1 50:1 69:1 70:1 73:1 80:1 82:1 84:1 97:1 98:1 99:1 100:1 101:1 103:1 104:1 105:1 108:1 109:1 110:1 111:1 112:1 113:1 114:1 115:1 116:1 117:1 118:1 225:1 227:1 231:1 
11 9:1 10:1 13:1 32:1 40:1 41:1 44:1 45:1 46:1 65:1 66:1 69:1 70:1 73:1 76:1 77:1 78:1 80:1 84:1 97:1 98:1 99:1 100:1 101:1 103:1 105:1 108:1 109:1 110:1 111:1 112:1 114:1 115:1 116:1 117:1 227:1 231:1 233:1 234:1 
11 9:1 10:1 13:1 32:1 34:1 44:1 45:1 46:1 65:1 69:1 71:1 80:1 84:1 85:1 97:1 98:1 99:1 100:1 101:1 102:1 103:1 104:1 105:1 108:1 109:1 110:1 111:1 112:1 113:1 114:1 115:1 116:1 117:1 120:1 225:1 231:1 245:1 
11 9:1 10:1 13:1 32:1 44:1 45:1 46:1 50:1 53:1 54:1 77:1 80:1 84:1 97:1 99:1 100:1 101:1 102:1 103:1 105:1 106:1 108:1 109:1 110:1 111:1 112:1 113:1 114:1 115:1 116:1 117:1 118:1 120:1 225:1 234:1 243:1 
11 9:1 10:1 13:1 32:1 44:1 45:1 46:1 66:1 67:1 69:1 80:1 84:1 97:1 98:1 99:1 100:1 101:1 102:1 103:1 104:1 105:1 106:1 108:1 109:1 110:1 111:1 112:1 113:1 114:1 115:1 116:1 117:1 118:1 122:1 171:1 187:1 225:1 227:1 231:1 233:1 
11 9:1 10:1 13:1 32:1 40:1 41:1 44:1 45:1 46:1 65:1 69:1 70:1 73:1 76:1 78:1 80:1 82:1 84:1 86:1 97:1 98:1 99:1 100:1 101:1 102:1 103:1 105:1 108:1 109:1 110:1 111:1 112:1 113:1 114:1 115:1 116:1 117:1 118:1 120:1 224:1 225:1 227:1 231:1 233:1 234:1 237:1 8220:1 8221:1 
11 9:1 10:1 13:1 32:1 44:1 45:1 46:1 65:1 66:1 74:1 80:1 84:1 97:1 99:1 100:1 101:1 102:1 103:1 104:1 105:1 107:1 108:1 109:1 110:1 111:1 112:1 114:1 115:1 116:1 117:1 118:1 120:1 122:1 227:1 231:1 243:1 250:1 
11 9:1 10:1 13:1 32:1 44:1 45:1 46:1 80:1 84:1 97:1 98:1 99:1 100:1 101:1 103:1 104:1 105:1 106:1 108:1 109:1 110:1 111:1 112:1 113:1 114:1 115:1 116:1 117:1 118:1 120:1 171:1 187:1 225:1 
11 9:1 10:1 13:1 32:1 44:1 45:1 46:1 49:1 50:1 52:1 55:1 80:1 84:1 97:1 98:1 99:1 100:1 101:1 104:1 105:1 108:1 109:1 110:1 111:1 112:1 114:1 115:1 116:1 117:1 118:1 122:1 225:1 231:1 237:1 250:1 
11 9:1 10:1 13:1 32:1 44:1 45:1 46:1 75:1 76:1 80:1 84:1 97:1 98:1 99:1 100:1 101:1 102:1 103:1 104:1 105:1 108:1 109:1 110:1 111:1 112:1 114:1 115:1 116:1 117:1 118:1 250:1 
11 9:1 10:1 13:1 32:1 44:1 45:1 46:1 48:1 52:1 56:1 65:1 68:1 69:1 80:1 84:1 97:1 98:1 99:1 100:1 101:1 102:1 103:1 104:1 105:1 106:1 108:1 109:1 110:1 111:1 112:1 113:1 114:1 115:1 116:1 117:1 118:1 120:1 122:1 225:1 227:1 231:1 233:1 234:1 237:1 243:1 
11 9:1 10:1 13:1 32:1 44:1 45:1 46:1 48:1 50:1 57:1 74:1 80:1 83:1 84:1 97:1 98:1 99:1 100:1 101:1 102:1 103:1 104:1 105:1 108:1 109:1 110:1 111:1 112:1 113:1 114:1 115:1 116:1 117:1 118:1 225:1 227:1 231:1 233:1 243:1 245:1 250:1 
11 9:1 10:1 13:1 32:1 44:1 45:1 46:1 76:1 80:1 84:1 97:1 99:1 100:1 101:1 103:1 105:1 106:1 108:1 109:1 110:1 111:1 112:1 113:1 114:1 115:1 116:1 117:1 118:1 122:1 224:1 225:1 227:1 231:1 233:1 234:1 237:1 243:1 8220:1 8221:1 
11 9:1 10:1 13:1 32:1 44:1 45:1 46:1 80:1 82:1 83:1 84:1 97:1 98:1 99:1 100:1 101:1 103:1 105:1 106:1 109:1 110:1 111:1 112:1 113:1 114:1 115:1 116:1 117:1 118:1 122:1 224:1 225:1 227:1 233:1 234:1 244:1 
11 9:1 10:1 13:1 32:1 34:1 44:1 45:1 46:1 55:1 56:1 57:1 80:1 84:1 97:1 98:1 99:1 100:1 101:1 105:1 106:1 108:1 109:1 110:1 111:1 112:1 113:1 114:1 115:1 116:1 117:1 118:1 120:1 227:1 231:1 233:1 243:1 
11 9:1 10:1 13:1 32:1 40:1 41:1 44:1 45:1 46:1 48:1 50:1 53:1 80:1 84:1 97:1 99:1 100:1 101:1 102:1 103:1 105:1 108:1 109:1 110:1 111:1 112:1 114:1 115:1 116:1 117:1 118:1 122:1 227:1 231:1 237:1 
11 9:1 10:1 13:1 32:1 44:1 45:1 46:1 80:1 84:1 86:1 97:1 98:1 99:1 100:1 101:1 102:1 104:1 105:1 106:1 108:1 109:1 110:1 111:1 112:1 113:1 114:1 115:1 116:1 117:1 118:1 227:1 231:1 233:1 237:1 
11 9:1 10:1 13:1 32:1 45:1 46:1 49:1 51:1 67:1 76:1 80:1 84:1 97:1 99:1 100:1 101:1 102:1 105:1 108:1 109:1 110:1 111:1 112:1 113:1 114:1 115:1 116:1 117:1 118:1 120:1 122:1 225:1 233:1 234:1 237:1 
11 9:1 10:1 13:1 32:1 40:1 41:1 45:1 46:1 65:1 66:1 68:1 73:1 74:1 79:1 80:1 83:1 84:1 86:1 97:1 98:1 99:1 100:1 101:1 103:1 104:1 105:1 108:1 109:1 110:1 111:1 112:1 114:1 115:1 116:1 117:1 118:1 119:1 227:1 231:1 233:1 237:1 
11 9:1 10:1 13:1 32:1 44:1 45:1 46:1 48:1 50:1 56:1 66:1 76:1 77:1 78:1 79:1 80:1 83:1 84:1 86:1 97:1 98:1 99:1 100:1 101:1 102:1 103:1 104:1 105:1 106:1 108:1 109:1 110:1 111:1 112:1 114:1 115:1 116:1 117:1 118:1 122:1 224:1 227:1 231:1 234:1 8220:1 8221:1 
11 9:1 10:1 13:1 32:1 44:1 45:1 46:1 49:1 50:1 51:1 68:1 69:1 70:1 80:1 84:1 97:1 98:1 99:1 100:1 101:1 104:1 105:1 106:1 109:1 110:1 111:1 112:1 113:1 114:1 115:1 116:1 117:1 118:1 231:1 
11 9:1 10:1 13:1 32:1 44:1 45:1 46:1 48:1 49:1 50:1 53:1 67:1 69:1 78:1 80:1 84:1 97:1 98:1 99:1 100:1 101:1 102:1 105:1 106:1 108:1 109:1 110:1 111:1 112:1 113:1 114:1 115:1 116:1 117:1 118:1 120:1 122:1 225:1 227:1 231:1 233:1 237:1 243:1 
11 9:1 10:1 13:1 32:1 44:1 45:1 46:1 48:1 49:1 50:1 55:1 65:1 80:1 84:1 97:1 99:1 100:1 101:1 102:1 103:1 104:1 105:1 108:1 109:1 110:1 111:1 112:1 114:1 115:1 116:1 118:1 224:1 227:1 233:1 243:1 245:1 
11 9:1 10:1 13:1 32:1 44:1 45:1 46:1 65:1 66:1 67:1 69:1 71:1 74:1 76:1 78:1 79:1 80:1 84:1 85:1 87:1 97:1 98:1 99:1 100:1 101:1 102:1 103:1 104:1 105:1 107:1 108:1 109:1 110:1 111:1 112:1 113:1 114:1 115:1 116:1 117:1 118:1 224:1 225:1 227:1 231:1 237:1 250:1 
11 9:1 10:1 13:1 32:1 44:1 45:1 46:1 80:1 84:1 97:1 98:1 99:1 100:1 101:1 102:1 103:1 104:1 105:1 106:1 108:1 109:1 110:1 111:1 112:1 113:1 114:1 115:1 116:1 117:1 118:1 122:1 234:1 237:1 
11 9:1 10:1 13:1 32:1 45:1 46:1 48:1 50:1 53:1 56:1 65:1 67:1 80:1 84:1 97:1 98:1 99:1 100:1 101:1 102:1 104:1 105:1 108:1 109:1 110:1 111:1 112:1 113:1 114:1 115:1 116:1 117:1 118:1 122:1 225:1 227:1 233:1 237:1 243:1 245:1 
11 9:1 10:1 13:1 32:1 44:1 45:1 46:1 67:1 80:1 83:1 84:1 97:1 98:1 99:1 100:1 101:1 102:1 105:1 108:1 109:1 110:1 111:1 112:1 113:1 114:1 115:1 116:1 117:1 118:1 225:1 231:1 233:1 243:1 
11 9:1 10:1 13:1 32:1 44:1 45:1 46:1 67:1 70:1 80:1 84:1 97:1 98:1 99:1 100:1 101:1 102:1 105:1 108:1 109:1 110:1 111:1 112:1 113:1 114:1 115:1 116:1 117:1 118:1 120:1 122:1 227:1 231:1 237:1 250:1 
11 9:1 10:1 13:1 32:1 45:1 46:1 80:1 84:1 97:1 98:1 99:1 100:1 101:1 102:1 103:1 104:1 105:1 106:1 108:1 109:1 110:1 111:1 112:1 113:1 114:1 115:1 116:1 117:1 118:1 227:1 231:1 233:1 243:1 
11 9:1 10:1 13:1 32:1 44:1 45:1 46:1 48:1 49:1 77:1 80:1 82:1 84:1 97:1 99:1 100:1 101:1 102:1 103:1 104:1 105:1 106:1 108:1 109:1 110:1 111:1 112:1 113:1 114:1 115:1 116:1 117:1 118:1 120:1 225:1 237:1 250:1 8220:1 8221:1 
11 9:1 10:1 13:1 32:1 40:1 41:1 44:1 45:1 46:1 67:1 69:1 70:1 71:1 73:1 76:1 77:1 80:1 83:1 84:1 97:1 98:1 99:1 100:1 101:1 102:1 103:1 104:1 105:1 106:1 108:1 109:1 110:1 111:1 112:1 113:1 114:1 115:1 116:1 117:1 118:1 225:1 233:1 234:1 237:1 
11 9:1 10:1 13:1 32:1 44:1 45:1 46:1 80:1 84:1 97:1 98:1 99:1 100:1 101:1 102:1 103:1 104:1 105:1 108:1 109:1 110:1 111:1 112:1 113:1 114:1 115:1 116:1 117:1 118:1 122:1 225:1 227:1 231:1 
11 9:1 10:1 13:1 32:1 45:1 46:1 80:1 84:1 97:1 99:1 100:1 101:1 102:1 103:1 105:1 106:1 108:1 109:1 110:1 111:1 112:1 113:1 114:1 115:1 116:1 117:1 118:1 120:1 231:1 
11 9:1 10:1 13:1 32:1 34:1 44:1 45:1 46:1 80:1 84:1 97:1 98:1 99:1 100:1 101:1 102:1 103:1 104:1 105:1 108:1 109:1 110:1 111:1 112:1 113:1 114:1 115:1 116:1 117:1 118:1 227:1 233:1 234:1 237:1 243:1 
11 9:1 10:1 13:1 32:1 44:1 45:1 46:1 48:1 50:1 55:1 69:1 76:1 79:1 80:1 83:1 84:1 85:1 86:1 97:1 98:1 99:1 100:1 101:1 102:1 103:1 104:1 105:1 108:1 109:1 110:1 111:1 112:1 113:1 114:1 115:1 116:1 117:1 118:1 120:1 227:1 231:1 234:1 237:1 243:1 
11 9:1 10:1 13:1 32:1 44:1 45:1 46:1 48:1 49:1 50:1 53:1 66:1 67:1 68:1 70:1 71:1 72:1 74:1 77:1 80:1 83:1 84:1 85:1 97:1 98:1 99:1 100:1 101:1 103:1 105:1 108:1 109:1 110:1 111:1 112:1 114:1 115:1 116:1 117:1 118:1 121:1 231:1 233:1 245:1 
11 9:1 10:1 13:1 32:1 44:1 45:1 46:1 65:1 74:1 80:1 84:1 97:1 99:1 100:1 101:1 102:1 103:1 105:1 108:1 109:1 110:1 111:1 112:1 113:1 114:1 115:1 116:1 117:1 118:1 120:1 224:1 227:1 231:1 234:1 245:1 8220:1 8221:1 
11 9:1 10:1 13:1 32:1 44:1 45:1 46:1 65:1 67:1 70:1 71:1 73:1 76:1 77:1 80:1 82:1 84:1 97:1 98:1 99:1 100:1 101:1 102:1 103:1 104:1 105:1 106:1 107:1 108:1 109:1 110:1 111:1 112:1 114:1 115:1 116:1 117:1 118:1 225:1 227:1 231:1 233:1 234:1 
11 9:1 10:1 13:1 32:1 44:1 45:1 46:1 69:1 70:1 73:1 76:1 77:1 80:1 84:1 85:1 97:1 99:1 100:1 101:1 102:1 103:1 105:1 106:1 108:1 109:1 110:1 111:1 112:1 113:1 114:1 115:1 116:1 117:1 118:1 122:1 225:1 227:1 231:1 237:1 
11 9:1 10:1 13:1 32:1 38:1 45:1 46:1 48:1 50:1 57:1 65:1 66:1 69:1 77:1 79:1 80:1 84:1 86:1 88:1 97:1 98:1 99:1 100:1 101:1 103:1 104:1 105:1 108:1 109:1 110:1 111:1 112:1 114:1 115:1 116:1 117:1 118:1 119:1 227:1 231:1 233:1 234:1 237:1 250:1 
11 9:1 10:1 13:1 32:1 44:1 45:1 46:1 65:1 69:1 71:1 72:1 80:1 84:1 97:1 99:1 100:1 101:1 102:1 104:1 105:1 106:1 108:1 109:1 110:1 111:1 112:1 113:1 114:1 115:1 116:1 117:1 118:1 171:1 187:1 224:1 227:1 231:1 234:1 
11 9:1 10:1 13:1 32:1 34:1 44:1 45:1 46:1 71:1 79:1 80:1 84:1 88:1 97:1 99:1 100:1 101:1 102:1 103:1 104:1 105:1 106:1 108:1 109:1 110:1 111:1 112:1 113:1 114:1 115:1 116:1 117:1 118:1 225:1 227:1 233:1 243:1 
11 9:1 10:1 13:1 32:1 44:1 45:1 46:1 48:1 49:1 52:1 53:1 54:1 80:1 84:1 97:1 98:1 99:1 100:1 101:1 103:1 104:1 105:1 106:1 108:1 109:1 110:1 111:1 112:1 113:1 114:1 115:1 116:1 117:1 122:1 224:1 225:1 227:1 231:1 233:1 234:1 237:1 250:1 
11 9:1 10:1 13:1 32:1 44:1 45:1 46:1 80:1 84:1 86:1 97:1 98:1 99:1 100:1 101:1 102:1 104:1 105:1 108:1 109:1 110:1 111:1 112:1 113:1 114:1 115:1 116:1 117:1 118:1 120:1 122:1 224:1 227:1 234:1 
11 9:1 10:1 13:1 32:1 44:1 45:1 46:1 49:1 50:1 52:1 55:1 56:1 79:1 80:1 84:1 97:1 98:1 99:1 100:1 101:1 102:1 103:1 105:1 106:1 109:1 110:1 111:1 112:1 114:1 115:1 116:1 117:1 224:1 250:1 
11 9:1 10:1 13:1 32:1 44:1 45:1 46:1 48:1 49:1 50:1 65:1 67:1 68:1 69:1 72:1 76:1 80:1 82:1 84:1 85:1 89:1 97:1 98:1 99:1 100:1 101:1 103:1 104:1 105:1 108:1 109:1 110:1 111:1 112:1 114:1 115:1 116:1 117:1 118:1 186:1 224:1 225:1 231:1 
11 9:1 10:1 13:1 32:1 34:1 44:1 45:1 46:1 65:1 70:1 71:1 76:1 77:1 80:1 84:1 97:1 98:1 99:1 100:1 101:1 102:1 103:1 104:1 105:1 108:1 109:1 110:1 111:1 112:1 114:1 115:1 116:1 117:1 224:1 234:1 250:1 
11 9:1 10:1 13:1 32:1 45:1 63:1 65:1 79:1 80:1 82:1 84:1 97:1 98:1 99:1 100:1 101:1 102:1 103:1 104:1 105:1 106:1 108:1 109:1 110:1 111:1 112:1 113:1 114:1 115:1 116:1 117:1 225:1 227:1 
11 9:1 10:1 13:1 32:1 44:1 45:1 46:1 65:1 70:1 71:1 72:1 80:1 84:1 97:1 98:1 99:1 100:1 101:1 102:1 104:1 105:1 106:1 108:1 109:1 110:1 111:1 112:1 114:1 115:1 116:1 117:1 118:1 227:1 231:1 233:1 
11 9:1 10:1 13:1 32:1 44:1 45:1 46:1 65:1 70:1 78:1 80:1 82:1 84:1 97:1 99:1 100:1 101:1 102:1 103:1 105:1 108:1 109:1 110:1 111:1 112:1 113:1 114:1 115:1 116:1 117:1 118:1 122:1 227:1 231:1 233:1 243:1 
11 9:1 10:1 13:1 32:1 44:1 45:1 46:1 78:1 80:1 84:1 97:1 99:1 100:1 101:1 102:1 103:1 104:1 105:1 106:1 108:1 109:1 110:1 111:1 112:1 113:1 114:1 115:1 116:1 117:1 118:1 
11 9:1 10:1 13:1 32:1 44:1 45:1 46:1 50:1 53:1 65:1 72:1 75:1 77:1 80:1 84:1 97:1 98:1 99:1 100:1 101:1 102:1 103:1 105:1 106:1 108:1 109:1 110:1 111:1 112:1 113:1 114:1 115:1 116:1 117:1 122:1 225:1 227:1 231:1 233:1 245:1 
11 9:1 10:1 13:1 32:1 43:1 45:1 46:1 50:1 80:1 81:1 84:1 97:1 99:1 100:1 101:1 102:1 103:1 104:1 105:1 108:1 109:1 110:1 111:1 112:1 113:1 114:1 115:1 116:1 117:1 118:1 122:1 227:1 
11 9:1 10:1 13:1 32:1 39:1 44:1 45:1 46:1 65:1 66:1 68:1 70:1 73:1 76:1 79:1 80:1 82:1 84:1 87:1 89:1 97:1 98:1 99:1 100:1 101:1 102:1 103:1 104:1 105:1 107:1 108:1 109:1 110:1 111:1 112:1 113:1 114:1 115:1 116:1 117:1 118:1 121:1 171:1 187:1 227:1 231:1 243:1 244:1 
11 9:1 10:1 13:1 32:1 44:1 45:1 46:1 80:1 84:1 97:1 98:1 99:1 100:1 101:1 103:1 104:1 105:1 109:1 110:1 111:1 112:1 114:1 115:1 116:1 117:1 118:1 120:1 227:1 231:1 234:1 250:1 
11 9:1 10:1 13:1 32:1 45:1 46:1 59:1 80:1 84:1 97:1 99:1 100:1 101:1 104:1 105:1 108:1 109:1 110:1 111:1 112:1 113:1 114:1 115:1 116:1 117:1 225:1 227:1 231:1 237:1 243:1 
11 9:1 10:1 13:1 32:1 45:1 46:1 48:1 50:1 57:1 80:1 83:1 84:1 85:1 97:1 99:1 100:1 101:1 102:1 105:1 106:1 108:1 109:1 110:1 111:1 112:1 113:1 114:1 115:1 116:1 117:1 118:1 120:1 122:1 225:1 231:1 237:1 245:1 
11 9:1 10:1 13:1 32:1 34:1 44:1 45:1 46:1 66:1 67:1 71:1 80:1 84:1 97:1 98:1 99:1 100:1 101:1 103:1 104:1 105:1 106:1 108:1 109:1 110:1 111:1 112:1 114:1 115:1 116:1 117:1 118:1 122:1 227:1 231:1 233:1 
11 9:1 10:1 13:1 32:1 44:1 45:1 46:1 80:1 84:1 97:1 98:1 99:1 100:1 101:1 102:1 103:1 104:1 105:1 108:1 109:1 110:1 111:1 112:1 113:1 114:1 115:1 116:1 117:1 118:1 227:1 231:1 234:1 
11 9:1 10:1 13:1 32:1 40:1 41:1 45:1 46:1 80:1 84:1 97:1 98:1 99:1 100:1 101:1 102:1 103:1 105:1 108:1 109:1 110:1 111:1 112:1 113:1 114:1 115:1 116:1 117:1 118:1 122:1 227:1 231:1 
11 9:1 10:1 13:1 32:1 44:1 45:1 46:1 48:1 49:1 51:1 68:1 77:1 78:1 80:1 84:1 97:1 98:1 99:1 100:1 101:1 102:1 103:1 104:1 105:1 106:1 108:1 109:1 110:1 111:1 112:1 113:1 114:1 115:1 116:1 117:1 118:1 224:1 225:1 227:1 231:1 233:1 234:1 8220:1 8221:1 
11 9:1 10:1 13:1 32:1 44:1 45:1 46:1 65:1 68:1 69:1 73:1 78:1 79:1 80:1 84:1 85:1 97:1 98:1 99:1 100:1 101:1 102:1 103:1 104:1 105:1 106:1 108:1 109:1 110:1 111:1 112:1 113:1 114:1 115:1 116:1 117:1 118:1 120:1 122:1 227:1 231:1 233:1 234:1 237:1 
11 9:1 10:1 13:1 32:1 44:1 45:1 46:1 67:1 68:1 80:1 83:1 84:1 85:1 97:1 98:1 99:1 100:1 101:1 103:1 105:1 106:1 108:1 109:1 110:1 111:1 112:1 113:1 114:1 115:1 116:1 117:1 118:1 225:1 227:1 231:1 
11 9:1 10:1 13:1 32:1 34:1 44:1 45:1 46:1 66:1 68:1 80:1 83:1 84:1 97:1 98:1 99:1 100:1 101:1 102:1 103:1 105:1 108:1 109:1 110:1 111:1 112:1 113:1 114:1 115:1 116:1 117:1 118:1 227:1 250:1 
11 9:1 10:1 13:1 32:1 44:1 45:1 46:1 49:1 50:1 55:1 57:1 74:1 77:1 79:1 80:1 82:1 84:1 97:1 99:1 100:1 101:1 102:1 103:1 105:1 106:1 108:1 109:1 110:1 111:1 112:1 114:1 115:1 116:1 117:1 118:1 227:1 231:1 243:1 
11 9:1 10:1 13:1 32:1 44:1 45:1 46:1 48:1 49:1 50:1 55:1 57:1 71:1 77:1 78:1 79:1 80:1 84:1 86:1 90:1 97:1 98:1 99:1 100:1 101:1 102:1 103:1 105:1 106:1 108:1 109:1 110:1 111:1 112:1 114:1 115:1 116:1 117:1 118:1 120:1 122:1 224:1 227:1 231:1 
11 9:1 10:1 13:1 32:1 44:1 45:1 46:1 48:1 53:1 54:1 67:1 80:1 84:1 97:1 98:1 99:1 100:1 101:1 102:1 104:1 105:1 108:1 109:1 110:1 111:1 112:1 113:1 114:1 115:1 116:1 117:1 118:1 225:1 226:1 231:1 243:1 245:1 250:1 
11 9:1 10:1 13:1 32:1 44:1 45:1 46:1 67:1 80:1 84:1 97:1 99:1 100:1 101:1 102:1 103:1 105:1 106:1 108:1 109:1 110:1 111:1 112:1 113:1 114:1 115:1 116:1 117:1 118:1 122:1 225:1 227:1 233:1 237:1 
11 9:1 10:1 13:1 32:1 44:1 45:1 46:1 63:1 66:1 80:1 84:1 97:1 98:1 99:1 100:1 101:1 102:1 103:1 104:1 105:1 108:1 109:1 110:1 111:1 112:1 113:1 114:1 115:1 116:1 117:1 118:1 122:1 225:1 227:1 233:1 
11 9:1 10:1 13:1 32:1 44:1 45:1 46:1 65:1 80:1 84:1 97:1 98:1 99:1 100:1 101:1 102:1 103:1 104:1 105:1 108:1 109:1 110:1 111:1 112:1 113:1 114:1 115:1 116:1 117:1 118:1 224:1 225:1 227:1 231:1 237:1 
11 9:1 10:1 13:1 32:1 44:1 45:1 46:1 48:1 50:1 56:1 67:1 68:1 80:1 84:1 97:1 98:1 99:1 100:1 101:1 102:1 103:1 104:1 105:1 108:1 109:1 110:1 111:1 112:1 113:1 114:1 115:1 116:1 117:1 118:1 122:1 227:1 231:1 233:1 245:1 
11 9:1 10:1 13:1 32:1 40:1 41:1 44:1 45:1 46:1 73:1 79:1 80:1 84:1 97:1 98:1 99:1 100:1 101:1 103:1 104:1 105:1 108:1 109:1 110:1 111:1 112:1 113:1 114:1 115:1 116:1 117:1 118:1 122:1 224:1 227:1 231:1 245:1 
11 9:1 10:1 13:1 32:1 34:1 44:1 45:1 46:1 67:1 69:1 80:1 84:1 85:1 97:1 98:1 99:1 100:1 101:1 102:1 103:1 104:1 105:1 108:1 109:1 110:1 111:1 112:1 113:1 114:1 115:1 116:1 117:1 118:1 227:1 243:1 
11 9:1 10:1 13:1 32:1 44:1 45:1 46:1 80:1 84:1 97:1 99:1 100:1 101:1 102:1 103:1 104:1 105:1 108:1 109:1 110:1 111:1 112:1 113:1 114:1 115:1 116:1 117:1 118:1 122:1 225:1 233:1 8211:1 
11 9:1 10:1 13:1 32:1 34:1 44:1 45:1 46:1 49:1 65:1 71:1 76:1 80:1 83:1 84:1 85:1 97:1 98:1 99:1 100:1 101:1 102:1 103:1 104:1 105:1 108:1 109:1 110:1 111:1 112:1 114:1 115:1 116:1 117:1 118:1 224:1 225:1 227:1 231:1 233:1 
11 9:1 10:1 13:1 32:1 44:1 45:1 46:1 48:1 54:1 55:1 66:1 73:1 78:1 80:1 84:1 97:1 99:1 100:1 101:1 102:1 103:1 104:1 105:1 106:1 108:1 109:1 110:1 111:1 112:1 114:1 115:1 116:1 117:1 118:1 225:1 227:1 231:1 233:1 234:1 8220:1 8221:1 
11 9:1 10:1 13:1 32:1 44:1 45:1 46:1 68:1 69:1 71:1 80:1 83:1 84:1 97:1 99:1 100:1 101:1 102:1 104:1 105:1 108:1 109:1 110:1 111:1 112:1 113:1 114:1 115:1 116:1 117:1 118:1 171:1 187:1 227:1 231:1 233:1 237:1 
11 9:1 10:1 13:1 32:1 44:1 45:1 46:1 48:1 49:1 50:1 51:1 57:1 69:1 71:1 73:1 77:1 78:1 80:1 84:1 85:1 97:1 98:1 99:1 100:1 101:1 102:1 103:1 104:1 105:1 106:1 108:1 109:1 110:1 111:1 112:1 113:1 114:1 115:1 116:1 117:1 118:1 227:1 233:1 243:1 
11 9:1 10:1 13:1 32:1 44:1 45:1 46:1 49:1 50:1 53:1 54:1 56:1 57:1 66:1 73:1 77:1 80:1 84:1 97:1 98:1 99:1 100:1 101:1 102:1 103:1 104:1 105:1 106:1 108:1 109:1 110:1 111:1 112:1 114:1 115:1 116:1 117:1 224:1 227:1 
11 9:1 10:1 13:1 32:1 44:1 45:1 46:1 48:1 49:1 50:1 51:1 52:1 54:1 67:1 70:1 71:1 73:1 77:1 78:1 80:1 82:1 83:1 84:1 97:1 98:1 99:1 100:1 101:1 103:1 104:1 105:1 108:1 109:1 110:1 111:1 112:1 114:1 115:1 116:1 118:1 120:1 224:1 227:1 231:1 237:1 
11 9:1 10:1 13:1 32:1 44:1 45:1 46:1 49:1 52:1 76:1 80:1 84:1 97:1 98:1 99:1 100:1 101:1 105:1 108:1 109:1 110:1 111:1 112:1 114:1 115:1 116:1 117:1 224:1 225:1 227:1 234:1 8220:1 8221:1 
11 9:1 10:1 13:1 32:1 44:1 45:1 46:1 65:1 71:1 80:1 84:1 97:1 99:1 100:1 101:1 102:1 103:1 104:1 105:1 109:1 110:1 111:1 112:1 113:1 114:1 115:1 116:1 117:1 118:1 121:1 122:1 171:1 187:1 227:1 231:1 
11 9:1 10:1 13:1 32:1 44:1 45:1 46:1 67:1 73:1 78:1 80:1 84:1 97:1 98:1 99:1 100:1 101:1 102:1 103:1 105:1 109:1 110:1 111:1 112:1 113:1 114:1 115:1 116:1 117:1 118:1 122:1 224:1 227:1 233:1 8220:1 
11 9:1 10:1 13:1 32:1 34:1 44:1 45:1 46:1 65:1 66:1 69:1 76:1 80:1 84:1 97:1 98:1 99:1 100:1 101:1 102:1 103:1 104:1 105:1 106:1 108:1 109:1 110:1 111:1 112:1 113:1 114:1 115:1 116:1 117:1 118:1 224:1 227:1 231:1 234:1 237:1 
11 9:1 10:1 13:1 32:1 44:1 45:1 46:1 70:1 73:1 77:1 80:1 84:1 97:1 98:1 99:1 100:1 101:1 102:1 103:1 104:1 105:1 108:1 109:1 110:1 111:1 112:1 114:1 115:1 116:1 117:1 122:1 225:1 227:1 231:1 233:1 234:1 237:1 245:1 250:1 
11 9:1 10:1 13:1 32:1 44:1 45:1 46:1 51:1 66:1 67:1 68:1 70:1 71:1 74:1 76:1 77:1 79:1 80:1 82:1 83:1 84:1 86:1 97:1 98:1 99:1 100:1 101:1 102:1 103:1 104:1 105:1 108:1 109:1 110:1 111:1 112:1 113:1 114:1 115:1 116:1 117:1 118:1 120:1 122:1 201:1 225:1 227:1 231:1 233:1 243:1 8211:1 
11 9:1 10:1 13:1 32:1 44:1 45:1 46:1 48:1 50:1 53:1 54:1 57:1 67:1 77:1 80:1 84:1 86:1 97:1 98:1 99:1 100:1 101:1 102:1 103:1 104:1 105:1 108:1 109:1 110:1 111:1 112:1 113:1 114:1 115:1 116:1 117:1 118:1 224:1 225:1 227:1 245:1 8220:1 8221:1 
11 9:1 10:1 13:1 32:1 44:1 45:1 46:1 80:1 84:1 97:1 98:1 99:1 100:1 101:1 102:1 103:1 105:1 108:1 109:1 110:1 111:1 112:1 113:1 114:1 115:1 116:1 117:1 120:1 224:1 227:1 231:1 237:1 
11 9:1 10:1 13:1 32:1 44:1 45:1 46:1 80:1 84:1 97:1 99:1 100:1 101:1 103:1 104:1 105:1 108:1 109:1 110:1 111:1 112:1 113:1 114:1 115:1 116:1 117:1 118:1 225:1 227:1 231:1 237:1 
11 9:1 10:1 13:1 32:1 45:1 46:1 65:1 67:1 69:1 70:1 78:1 80:1 82:1 84:1 86:1 97:1 98:1 99:1 100:1 101:1 103:1 104:1 105:1 106:1 108:1 109:1 110:1 111:1 112:1 114:1 115:1 116:1 117:1 120:1 121:1 122:1 227:1 231:1 234:1 237:1 245:1 
11 9:1 10:1 13:1 32:1 44:1 45:1 46:1 52:1 80:1 84:1 97:1 98:1 99:1 100:1 101:1 102:1 103:1 104:1 105:1 106:1 108:1 109:1 110:1 111:1 112:1 113:1 114:1 115:1 116:1 117:1 224:1 225:1 227:1 231:1 234:1 243:1 
11 9:1 10:1 13:1 32:1 44:1 45:1 46:1 48:1 49:1 51:1 71:1 72:1 80:1 83:1 84:1 85:1 97:1 98:1 99:1 100:1 101:1 102:1 103:1 104:1 105:1 108:1 109:1 110:1 111:1 112:1 114:1 115:1 116:1 117:1 118:1 225:1 227:1 231:1 233:1 243:1 
11 9:1 10:1 13:1 32:1 44:1 45:1 46:1 65:1 76:1 80:1 84:1 86:1 97:1 98:1 99:1 100:1 101:1 102:1 103:1 104:1 105:1 106:1 108:1 109:1 110:1 111:1 112:1 113:1 114:1 115:1 116:1 117:1 118:1 122:1 171:1 187:1 227:1 233:1 237:1 
11 9:1 10:1 13:1 32:1 44:1 45:1 46:1 48:1 51:1 56:1 80:1 84:1 97:1 99:1 100:1 101:1 102:1 103:1 104:1 105:1 108:1 109:1 110:1 111:1 112:1 114:1 115:1 116:1 117:1 118:1 122:1 171:1 187:1 225:1 227:1 
11 9:1 10:1 13:1 32:1 44:1 45:1 46:1 48:1 49:1 50:1 51:1 52:1 53:1 56:1 80:1 84:1 97:1 99:1 100:1 101:1 102:1 103:1 105:1 108:1 109:1 110:1 111:1 112:1 113:1 114:1 115:1 116:1 117:1 118:1 122:1 225:1 227:1 231:1 233:1 237:1 245:1 250:1 8220:1 8221:1 
11 9:1 10:1 13:1 32:1 44:1 45:1 46:1 79:1 80:1 84:1 97:1 99:1 100:1 101:1 102:1 103:1 104:1 105:1 106:1 108:1 109:1 110:1 111:1 112:1 113:1 114:1 115:1 116:1 117:1 118:1 120:1 122:1 224:1 225:1 227:1 231:1 233:1 8220:1 
11 9:1 10:1 13:1 32:1 44:1 45:1 46:1 48:1 49:1 50:1 55:1 56:1 77:1 80:1 84:1 97:1 98:1 99:1 100:1 101:1 102:1 103:1 104:1 105:1 106:1 108:1 109:1 110:1 111:1 112:1 113:1 114:1 115:1 116:1 117:1 118:1 122:1 224:1 227:1 231:1 234:1 237:1 8220:1 8221:1 
11 9:1 10:1 13:1 32:1 44:1 45:1 46:1 65:1 80:1 84:1 97:1 98:1 99:1 100:1 101:1 102:1 103:1 104:1 105:1 108:1 109:1 110:1 111:1 112:1 113:1 114:1 115:1 116:1 117:1 118:1 122:1 171:1 187:1 224:1 225:1 227:1 233:1 243:1 
11 9:1 10:1 13:1 32:1 38:1 44:1 45:1 46:1 69:1 74:1 80:1 83:1 84:1 87:1 89:1 97:1 99:1 100:1 101:1 103:1 104:1 105:1 106:1 108:1 109:1 110:1 111:1 112:1 113:1 114:1 115:1 116:1 117:1 118:1 120:1 225:1 227:1 231:1 
11 9:1 10:1 13:1 32:1 44:1 45:1 46:1 66:1 69:1 76:1 80:1 84:1 97:1 98:1 99:1 100:1 101:1 102:1 104:1 105:1 106:1 108:1 109:1 110:1 111:1 112:1 113:1 114:1 115:1 116:1 117:1 118:1 122:1 225:1 227:1 233:1 234:1 237:1 
11 9:1 10:1 13:1 32:1 34:1 44:1 45:1 46:1 65:1 77:1 80:1 84:1 97:1 98:1 99:1 100:1 101:1 102:1 103:1 104:1 105:1 106:1 108:1 109:1 110:1 111:1 112:1 113:1 114:1 115:1 116:1 117:1 118:1 122:1 225:1 226:1 227:1 233:1 237:1 
11 9:1 10:1 13:1 32:1 44:1 45:1 46:1 80:1 84:1 97:1 98:1 99:1 100:1 101:1 102:1 105:1 108:1 109:1 110:1 111:1 112:1 114:1 115:1 116:1 117:1 118:1 224:1 225:1 227:1 231:1 245:1 250:1 8220:1 8221:1 
11 9:1 10:1 13:1 32:1 34:1 44:1 45:1 46:1 66:1 67:1 69:1 80:1 83:1 84:1 97:1 98:1 99:1 100:1 101:1 102:1 103:1 105:1 108:1 109:1 110:1 111:1 112:1 113:1 114:1 115:1 116:1 117:1 118:1 120:1 225:1 231:1 233:1 
11 9:1 10:1 13:1 32:1 34:1 44:1 45:1 46:1 65:1 70:1 71:1 78:1 80:1 84:1 97:1 99:1 100:1 101:1 103:1 104:1 105:1 108:1 109:1 110:1 111:1 112:1 113:1 114:1 115:1 116:1 117:1 118:1 120:1 224:1 225:1 227:1 231:1 234:1 243:1 
11 9:1 10:1 13:1 32:1 44:1 45:1 46:1 65:1 71:1 74:1 76:1 80:1 84:1 97:1 98:1 99:1 100:1 101:1 102:1 103:1 104:1 105:1 106:1 108:1 109:1 110:1 111:1 112:1 113:1 114:1 115:1 116:1 117:1 118:1 227:1 250:1 
11 9:1 10:1 13:1 32:1 44:1 45:1 46:1 48:1 49:1 50:1 66:1 67:1 68:1 70:1 80:1 84:1 97:1 98:1 99:1 100:1 101:1 103:1 105:1 106:1 108:1 109:1 110:1 111:1 112:1 113:1 114:1 115:1 116:1 117:1 118:1 122:1 186:1 227:1 231:1 8220:1 8221:1 
11 9:1 10:1 13:1 32:1 44:1 45:1 46:1 50:1 52:1 69:1 70:1 80:1 83:1 84:1 97:1 98:1 99:1 100:1 101:1 102:1 103:1 105:1 108:1 109:1 110:1 111:1 112:1 114:1 115:1 116:1 117:1 118:1 120:1 225:1 227:1 231:1 237:1 
11 9:1 10:1 13:1 32:1 44:1 45:1 46:1 66:1 67:1 68:1 70:1 71:1 72:1 77:1 80:1 83:1 84:1 97:1 98:1 99:1 100:1 101:1 102:1 103:1 105:1 108:1 109:1 110:1 111:1 112:1 113:1 114:1 115:1 116:1 117:1 118:1 227:1 231:1 233:1 
11 9:1 10:1 13:1 32:1 44:1 45:1 46:1 48:1 49:1 53:1 55:1 69:1 76:1 77:1 80:1 84:1 97:1 98:1 99:1 100:1 101:1 103:1 104:1 105:1 108:1 109:1 110:1 111:1 112:1 114:1 115:1 116:1 117:1 118:1 120:1 224:1 227:1 231:1 
11 9:1 10:1 13:1 32:1 40:1 41:1 44:1 45:1 46:1 80:1 84:1 97:1 98:1 99:1 100:1 101:1 102:1 103:1 104:1 105:1 106:1 108:1 109:1 110:1 111:1 112:1 114:1 115:1 116:1 117:1 118:1 122:1 224:1 225:1 227:1 231:1 
11 9:1 10:1 13:1 32:1 44:1 45:1 46:1 49:1 54:1 55:1 57:1 65:1 67:1 69:1 77:1 80:1 84:1 97:1 98:1 99:1 100:1 101:1 102:1 104:1 105:1 108:1 109:1 110:1 111:1 112:1 114:1 115:1 116:1 117:1 118:1 227:1 231:1 234:1 237:1 245:1 
11 9:1 10:1 13:1 32:1 37:1 44:1 45:1 46:1 48:1 49:1 50:1 55:1 57:1 68:1 69:1 73:1 80:1 84:1 97:1 98:1 99:1 100:1 101:1 102:1 105:1 108:1 109:1 110:1 111:1 112:1 113:1 114:1 115:1 116:1 117:1 118:1 120:1 237:1 
11 9:1 10:1 13:1 32:1 44:1 45:1 46:1 65:1 67:1 69:1 70:1 80:1 82:1 84:1 97:1 98:1 99:1 100:1 101:1 105:1 108:1 109:1 110:1 111:1 112:1 113:1 114:1 115:1 116:1 117:1 118:1 122:1 225:1 227:1 231:1 244:1 250:1 8220:1 8221:1 
11 9:1 10:1 13:1 32:1 34:1 44:1 45:1 46:1 67:1 70:1 76:1 79:1 80:1 84:1 97:1 98:1 99:1 100:1 101:1 102:1 103:1 105:1 106:1 108:1 109:1 110:1 111:1 112:1 113:1 114:1 115:1 116:1 117:1 118:1 122:1 227:1 231:1 
11 9:1 10:1 13:1 32:1 44:1 45:1 46:1 48:1 49:1 50:1 55:1 57:1 65:1 69:1 72:1 74:1 77:1 78:1 80:1 84:1 85:1 97:1 98:1 99:1 100:1 101:1 102:1 103:1 104:1 105:1 106:1 108:1 109:1 110:1 111:1 112:1 114:1 115:1 116:1 117:1 118:1 120:1 225:1 231:1 233:1 234:1 237:1 243:1 8220:1 8221:1 
11 9:1 10:1 13:1 32:1 44:1 45:1 46:1 48:1 50:1 68:1 80:1 83:1 84:1 97:1 98:1 99:1 100:1 101:1 104:1 105:1 108:1 109:1 110:1 111:1 112:1 113:1 114:1 115:1 116:1 117:1 122:1 227:1 231:1 234:1 245:1 8221:1 
11 9:1 10:1 13:1 32:1 44:1 45:1 46:1 48:1 49:1 50:1 51:1 56:1 68:1 69:1 74:1 76:1 78:1 80:1 83:1 84:1 85:1 97:1 99:1 100:1 101:1 102:1 103:1 105:1 108:1 109:1 110:1 111:1 112:1 113:1 114:1 115:1 116:1 117:1 118:1 122:1 225:1 227:1 231:1 233:1 237:1 243:1 250:1 8220:1 8221:1 
11 9:1 10:1 13:1 32:1 33:1 40:1 41:1 44:1 45:1 69:1 77:1 80:1 83:1 84:1 97:1 98:1 99:1 100:1 101:1 102:1 103:1 104:1 105:1 108:1 109:1 110:1 111:1 112:1 113:1 114:1 115:1 116:1 117:1 122:1 225:1 227:1 243:1 
11 9:1 10:1 13:1 32:1 44:1 45:1 46:1 69:1 71:1 80:1 84:1 97:1 99:1 100:1 101:1 102:1 103:1 105:1 108:1 109:1 110:1 111:1 112:1 114:1 115:1 116:1 117:1 118:1 122:1 227:1 231:1 234:1 
11 9:1 10:1 13:1 32:1 44:1 45:1 46:1 76:1 80:1 84:1 86:1 97:1 98:1 99:1 100:1 101:1 102:1 103:1 104:1 105:1 108:1 109:1 110:1 111:1 112:1 113:1 114:1 115:1 116:1 117:1 118:1 120:1 122:1 231:1 233:1 237:1 243:1 245:1 
11 9:1 10:1 13:1 32:1 44:1 45:1 46:1 80:1 84:1 97:1 99:1 100:1 101:1 102:1 103:1 104:1 105:1 108:1 109:1 110:1 111:1 112:1 114:1 115:1 116:1 117:1 118:1 122:1 225:1 227:1 233:1 243:1 
11 9:1 10:1 13:1 32:1 44:1 45:1 46:1 80:1 84:1 97:1 98:1 99:1 100:1 101:1 102:1 104:1 105:1 106:1 108:1 109:1 110:1 111:1 112:1 113:1 114:1 115:1 116:1 117:1 118:1 224:1 225:1 227:1 231:1 233:1 234:1 245:1 
11 9:1 10:1 13:1 32:1 44:1 45:1 46:1 65:1 66:1 68:1 74:1 80:1 84:1 97:1 98:1 99:1 100:1 101:1 103:1 104:1 105:1 107:1 108:1 109:1 110:1 111:1 112:1 114:1 115:1 116:1 117:1 118:1 120:1 122:1 225:1 
11 9:1 10:1 13:1 32:1 44:1 45:1 46:1 50:1 53:1 65:1 80:1 83:1 84:1 86:1 87:1 97:1 98:1 99:1 100:1 101:1 102:1 103:1 105:1 106:1 108:1 109:1 110:1 111:1 112:1 114:1 115:1 116:1 117:1 118:1 120:1 122:1 227:1 231:1 
11 9:1 10:1 13:1 32:1 44:1 45:1 46:1 48:1 49:1 50:1 53:1 55:1 56:1 65:1 68:1 79:1 80:1 82:1 84:1 97:1 98:1 99:1 100:1 101:1 102:1 103:1 104:1 105:1 106:1 108:1 109:1 110:1 111:1 112:1 114:1 115:1 116:1 117:1 118:1 122:1 224:1 225:1 233:1 245:1 
11 9:1 10:1 13:1 32:1 44:1 45:1 46:1 66:1 67:1 69:1 71:1 76:1 80:1 84:1 97:1 98:1 99:1 100:1 101:1 102:1 103:1 104:1 105:1 108:1 109:1 110:1 111:1 112:1 113:1 114:1 115:1 116:1 117:1 118:1 120:1 225:1 233:1 234:1 237:1 
11 9:1 10:1 13:1 32:1 44:1 45:1 46:1 80:1 84:1 97:1 98:1 99:1 100:1 101:1 102:1 103:1 105:1 106:1 108:1 109:1 110:1 111:1 112:1 113:1 114:1 115:1 116:1 117:1 118:1 122:1 225:1 227:1 231:1 237:1 243:1 
12 9:1 10:1 13:1 32:1 44:1 46:1 97:1 98:1 99:1 100:1 101:1 104:1 105:1 106:1 107:1 108:1 109:1 110:1 111:1 112:1 114:1 115:1 116:1 117:1 118:1 121:1 122:1 225:1 228:1 237:1 250:1 253:1 269:1 357:1 382:1 
12 9:1 10:1 13:1 32:1 44:1 46:1 97:1 98:1 99:1 100:1 101:1 104:1 105:1 106:1 107:1 108:1 109:1 110:1 111:1 112:1 114:1 115:1 116:1 117:1 118:1 121:1 122:1 225:1 233:1 237:1 250:1 253:1 269:1 
12 9:1 10:1 13:1 32:1 34:1 44:1 46:1 48:1 50:1 56:1 71:1 75:1 78:1 82:1 97:1 98:1 99:1 100:1 101:1 102:1 103:1 104:1 105:1 106:1 107:1 108:1 109:1 110:1 111:1 114:1 115:1 116:1 117:1 118:1 121:1 122:1 225:1 228:1 233:1 237:1 244:1 250:1 253:1 269:1 318:1 353:1 
12 9:1 10:1 13:1 32:1 44:1 46:1 68:1 72:1 75:1 78:1 80:1 82:1 83:1 97:1 98:1 99:1 100:1 101:1 104:1 105:1 106:1 107:1 108:1 109:1 110:1 111:1 112:1 114:1 115:1 116:1 117:1 118:1 121:1 122:1 225:1 237:1 244:1 250:1 253:1 271:1 353:1 357:1 
12 9:1 10:1 13:1 32:1 44:1 46:1 97:1 99:1 100:1 101:1 104:1 105:1 106:1 107:1 108:1 109:1 110:1 111:1 112:1 114:1 115:1 116:1 117:1 118:1 120:1 121:1 122:1 218:1 225:1 233:1 237:1 250:1 253:1 269:1 271:1 353:1 357:1 
12 9:1 10:1 13:1 32:1 44:1 46:1 65:1 66:1 74:1 75:1 76:1 77:1 97:1 98:1 99:1 100:1 101:1 103:1 104:1 105:1 106:1 107:1 108:1 109:1 110:1 111:1 112:1 114:1 115:1 116:1 117:1 118:1 121:1 122:1 225:1 233:1 243:1 269:1 353:1 
12 9:1 10:1 13:1 32:1 44:1 46:1 48:1 50:1 51:1 55:1 56:1 57:1 66:1 82:1 83:1 97:1 98:1 99:1 100:1 101:1 102:1 104:1 105:1 106:1 107:1 108:1 109:1 110:1 111:1 112:1 114:1 115:1 116:1 117:1 118:1 121:1 122:1 218:1 225:1 233:1 237:1 253:1 269:1 328:1 353:1 382:1 
12 9:1 10:1 13:1 32:1 44:1 46:1 75:1 83:1 97:1 98:1 99:1 100:1 101:1 104:1 105:1 106:1 107:1 108:1 109:1 110:1 111:1 112:1 114:1 115:1 116:1 118:1 122:1 225:1 237:1 253:1 269:1 353:1 
12 9:1 10:1 13:1 32:1 44:1 46:1 66:1 75:1 76:1 78:1 84:1 97:1 98:1 99:1 100:1 101:1 102:1 103:1 104:1 105:1 106:1 107:1 108:1 109:1 110:1 111:1 112:1 114:1 115:1 116:1 117:1 118:1 121:1 122:1 225:1 233:1 237:1 244:1 250:1 253:1 269:1 271:1 318:1 337:1 353:1 382:1 
12 9:1 10:1 13:1 32:1 44:1 46:1 65:1 75:1 79:1 84:1 90:1 97:1 98:1 100:1 101:1 104:1 105:1 106:1 107:1 108:1 109:1 110:1 111:1 112:1 114:1 115:1 116:1 117:1 118:1 121:1 122:1 225:1 233:1 237:1 250:1 269:1 318:1 382:1 
12 9:1 10:1 13:1 32:1 44:1 46:1 49:1 57:1 71:1 83:1 97:1 98:1 99:1 100:1 101:1 104:1 105:1 106:1 107:1 108:1 109:1 110:1 111:1 112:1 114:1 115:1 116:1 117:1 118:1 121:1 225:1 233:1 382:1 
12 9:1 10:1 13:1 32:1 40:1 41:1 44:1 46:1 71:1 74:1 77:1 79:1 80:1 84:1 97:1 98:1 99:1 100:1 101:1 104:1 105:1 106:1 107:1 108:1 109:1 110:1 111:1 112:1 114:1 115:1 116:1 117:1 118:1 121:1 122:1 225:1 250:1 253:1 269:1 271:1 353:1 382:1 
12 9:1 10:1 13:1 32:1 44:1 46:1 48:1 54:1 83:1 86:1 97:1 98:1 99:1 100:1 101:1 103:1 104:1 105:1 106:1 107:1 108:1 109:1 110:1 111:1 112:1 114:1 115:1 116:1 118:1 121:1 225:1 237:1 253:1 353:1 382:1 
12 9:1 10:1 13:1 32:1 44:1 46:1 66:1 75:1 97:1 98:1 99:1 100:1 101:1 104:1 105:1 106:1 107:1 108:1 109:1 110:1 111:1 112:1 114:1 115:1 116:1 117:1 118:1 121:1 122:1 225:1 237:1 244:1 250:1 253:1 269:1 328:1 353:1 382:1 
12 9:1 10:1 13:1 32:1 44:1 63:1 97:1 98:1 99:1 100:1 101:1 102:1 104:1 105:1 106:1 107:1 108:1 109:1 110:1 111:1 112:1 114:1 115:1 116:1 117:1 118:1 121:1 122:1 225:1 228:1 233:1 237:1 250:1 253:1 269:1 271:1 318:1 353:1 382:1 
12 9:1 10:1 13:1 32:1 34:1 44:1 46:1 65:1 66:1 97:1 98:1 99:1 100:1 101:1 104:1 105:1 106:1 107:1 108:1 109:1 110:1 111:1 112:1 114:1 115:1 116:1 117:1 118:1 121:1 122:1 225:1 237:1 253:1 328:1 357:1 
12 9:1 10:1 13:1 32:1 44:1 46:1 48:1 50:1 52:1 53:1 57:1 68:1 71:1 74:1 77:1 83:1 86:1 97:1 98:1 99:1 100:1 101:1 104:1 105:1 106:1 107:1 108:1 109:1 110:1 111:1 112:1 114:1 115:1 116:1 117:1 118:1 225:1 233:1 237:1 250:1 253:1 269:1 271:1 328:1 353:1 382:1 
12 9:1 10:1 13:1 32:1 44:1 46:1 68:1 70:1 84:1 97:1 98:1 99:1 100:1 101:1 103:1 104:1 105:1 106:1 107:1 108:1 109:1 110:1 111:1 112:1 114:1 115:1 116:1 117:1 118:1 121:1 122:1 225:1 237:1 253:1 269:1 318:1 328:1 382:1 
12 9:1 10:1 13:1 32:1 44:1 46:1 48:1 49:1 53:1 55:1 57:1 97:1 99:1 100:1 101:1 104:1 105:1 106:1 107:1 108:1 109:1 110:1 111:1 112:1 114:1 115:1 116:1 117:1 118:1 121:1 122:1 225:1 237:1 250:1 253:1 269:1 328:1 353:1 382:1 
12 9:1 10:1 13:1 32:1 44:1 46:1 65:1 71:1 72:1 76:1 77:1 87:1 97:1 98:1 99:1 100:1 101:1 103:1 104:1 105:1 106:1 107:1 108:1 109:1 110:1 111:1 112:1 114:1 115:1 116:1 117:1 118:1 119:1 121:1 122:1 225:1 233:1 237:1 253:1 269:1 318:1 353:1 382:1 
12 9:1 10:1 13:1 32:1 44:1 46:1 78:1 97:1 98:1 99:1 100:1 101:1 102:1 103:1 104:1 105:1 106:1 107:1 108:1 109:1 110:1 111:1 112:1 114:1 115:1 116:1 117:1 118:1 121:1 122:1 225:1 233:1 237:1 253:1 269:1 318:1 357:1 
12 9:1 10:1 13:1 32:1 44:1 46:1 97:1 99:1 100:1 101:1 102:1 103:1 104:1 105:1 106:1 107:1 108:1 109:1 110:1 111:1 112:1 114:1 115:1 116:1 117:1 118:1 121:1 122:1 225:1 237:1 244:1 253:1 269:1 318:1 353:1 357:1 382:1 8211:1 
12 9:1 10:1 13:1 32:1 44:1 46:1 97:1 98:1 99:1 100:1 101:1 104:1 105:1 106:1 107:1 108:1 109:1 110:1 111:1 112:1 114:1 115:1 116:1 117:1 118:1 122:1 225:1 237:1 250:1 253:1 269:1 353:1 357:1 382:1 
12 9:1 10:1 13:1 32:1 40:1 44:1 46:1 48:1 49:1 50:1 66:1 80:1 83:1 97:1 98:1 99:1 100:1 101:1 104:1 105:1 106:1 107:1 108:1 109:1 110:1 111:1 112:1 114:1 115:1 116:1 117:1 118:1 122:1 237:1 253:1 357:1 382:1 
12 9:1 10:1 13:1 32:1 44:1 46:1 78:1 80:1 84:1 86:1 89:1 97:1 98:1 99:1 100:1 101:1 102:1 104:1 105:1 106:1 107:1 108:1 109:1 110:1 111:1 112:1 114:1 115:1 116:1 117:1 118:1 122:1 225:1 228:1 233:1 237:1 243:1 244:1 250:1 269:1 271:1 353:1 357:1 382:1 
12 9:1 10:1 13:1 32:1 44:1 46:1 75:1 97:1 98:1 99:1 100:1 101:1 104:1 105:1 106:1 107:1 108:1 109:1 110:1 111:1 112:1 114:1 115:1 116:1 117:1 118:1 121:1 122:1 233:1 237:1 250:1 269:1 382:1 
12 9:1 10:1 13:1 32:1 38:1 40:1 41:1 44:1 46:1 65:1 73:1 75:1 76:1 77:1 83:1 97:1 98:1 99:1 100:1 101:1 102:1 103:1 104:1 105:1 106:1 107:1 108:1 109:1 110:1 111:1 112:1 114:1 115:1 116:1 117:1 118:1 119:1 121:1 122:1 225:1 233:1 237:1 250:1 253:1 269:1 318:1 382:1 8211:1 
12 9:1 10:1 13:1 32:1 46:1 97:1 98:1 99:1 100:1 101:1 102:1 104:1 105:1 106:1 107:1 108:1 109:1 110:1 111:1 112:1 114:1 115:1 116:1 117:1 118:1 122:1 225:1 233:1 237:1 250:1 253:1 269:1 353:1 357:1 
12 9:1 10:1 13:1 32:1 44:1 46:1 77:1 82:1 83:1 97:1 99:1 100:1 101:1 105:1 106:1 107:1 108:1 109:1 110:1 111:1 112:1 114:1 115:1 116:1 117:1 118:1 121:1 122:1 225:1 228:1 237:1 244:1 250:1 357:1 382:1 
12 9:1 10:1 13:1 32:1 46:1 47:1 48:1 50:1 56:1 65:1 77:1 80:1 82:1 83:1 84:1 86:1 97:1 98:1 99:1 100:1 101:1 103:1 104:1 105:1 106:1 107:1 108:1 109:1 110:1 111:1 112:1 114:1 115:1 116:1 117:1 118:1 122:1 225:1 233:1 237:1 269:1 318:1 352:1 357:1 382:1 
12 9:1 10:1 13:1 32:1 44:1 46:1 49:1 50:1 54:1 71:1 80:1 87:1 97:1 98:1 99:1 100:1 101:1 103:1 104:1 105:1 106:1 107:1 108:1 109:1 110:1 111:1 112:1 114:1 115:1 116:1 117:1 118:1 122:1 225:1 228:1 237:1 250:1 253:1 269:1 271:1 328:1 353:1 357:1 382:1 
12 9:1 10:1 13:1 32:1 44:1 46:1 53:1 56:1 65:1 97:1 98:1 99:1 100:1 101:1 104:1 105:1 106:1 107:1 108:1 109:1 110:1 111:1 112:1 114:1 115:1 116:1 117:1 118:1 121:1 122:1 225:1 228:1 233:1 243:1 253:1 269:1 328:1 353:1 357:1 382:1 
12 9:1 10:1 13:1 32:1 44:1 46:1 97:1 98:1 99:1 100:1 101:1 102:1 103:1 104:1 105:1 106:1 107:1 108:1 109:1 110:1 111:1 112:1 114:1 115:1 116:1 117:1 118:1 120:1 121:1 122:1 225:1 233:1 237:1 250:1 253:1 269:1 353:1 357:1 382:1 
12 9:1 10:1 13:1 32:1 46:1 48:1 49:1 50:1 51:1 53:1 57:1 74:1 83:1 87:1 97:1 98:1 99:1 100:1 101:1 105:1 106:1 107:1 108:1 109:1 110:1 111:1 112:1 114:1 115:1 116:1 117:1 118:1 121:1 122:1 225:1 233:1 250:1 253:1 318:1 353:1 382:1 
12 9:1 10:1 13:1 32:1 44:1 46:1 69:1 75:1 77:1 97:1 98:1 99:1 100:1 101:1 102:1 104:1 105:1 107:1 108:1 109:1 110:1 111:1 112:1 114:1 115:1 116:1 117:1 118:1 120:1 121:1 122:1 218:1 225:1 228:1 250:1 253:1 269:1 318:1 353:1 357:1 382:1 
12 9:1 10:1 13:1 32:1 44:1 46:1 48:1 49:1 50:1 53:1 56:1 65:1 67:1 68:1 69:1 72:1 73:1 75:1 76:1 77:1 78:1 82:1 97:1 98:1 99:1 100:1 101:1 104:1 105:1 106:1 107:1 108:1 109:1 110:1 111:1 112:1 114:1 115:1 116:1 117:1 118:1 121:1 122:1 225:1 233:1 237:1 250:1 253:1 269:1 317:1 318:1 353:1 381:1 382:1 8220:1 8222:1 
12 9:1 10:1 13:1 32:1 44:1 46:1 71:1 74:1 97:1 98:1 99:1 100:1 101:1 102:1 103:1 104:1 105:1 106:1 107:1 108:1 109:1 110:1 111:1 112:1 114:1 115:1 116:1 118:1 121:1 122:1 225:1 233:1 237:1 253:1 269:1 271:1 328:1 357:1 382:1 
12 9:1 10:1 13:1 32:1 44:1 46:1 72:1 75:1 77:1 80:1 83:1 97:1 98:1 99:1 100:1 101:1 102:1 104:1 105:1 106:1 107:1 108:1 109:1 110:1 111:1 112:1 114:1 115:1 116:1 117:1 118:1 121:1 122:1 237:1 250:1 253:1 269:1 353:1 382:1 
12 9:1 10:1 13:1 32:1 37:1 40:1 44:1 46:1 49:1 52:1 54:1 55:1 57:1 66:1 68:1 72:1 74:1 77:1 78:1 80:1 83:1 97:1 98:1 99:1 100:1 101:1 103:1 104:1 105:1 106:1 107:1 108:1 109:1 110:1 111:1 112:1 114:1 115:1 116:1 117:1 118:1 122:1 225:1 228:1 233:1 237:1 250:1 269:1 314:1 318:1 
12 9:1 10:1 13:1 32:1 44:1 46:1 97:1 98:1 99:1 100:1 101:1 102:1 104:1 105:1 106:1 107:1 108:1 109:1 110:1 111:1 112:1 114:1 115:1 116:1 117:1 118:1 119:1 121:1 225:1 233:1 250:1 269:1 271:1 
12 9:1 10:1 13:1 32:1 44:1 46:1 97:1 98:1 99:1 100:1 101:1 104:1 105:1 106:1 107:1 108:1 109:1 110:1 111:1 112:1 114:1 115:1 116:1 117:1 118:1 120:1 121:1 122:1 225:1 233:1 237:1 250:1 269:1 353:1 357:1 382:1 
12 9:1 10:1 13:1 32:1 34:1 44:1 46:1 97:1 98:1 99:1 100:1 101:1 103:1 104:1 105:1 106:1 107:1 108:1 109:1 110:1 111:1 112:1 114:1 115:1 116:1 117:1 118:1 121:1 122:1 225:1 228:1 233:1 237:1 253:1 269:1 318:1 353:1 382:1 
12 9:1 10:1 13:1 32:1 44:1 46:1 97:1 98:1 99:1 100:1 101:1 102:1 104:1 105:1 106:1 107:1 108:1 109:1 110:1 111:1 112:1 114:1 115:1 116:1 117:1 118:1 120:1 121:1 122:1 225:1 233:1 237:1 250:1 269:1 318:1 353:1 382:1 8211:1 
12 9:1 10:1 13:1 32:1 44:1 46:1 48:1 49:1 57:1 68:1 74:1 77:1 97:1 98:1 99:1 100:1 101:1 103:1 104:1 105:1 106:1 107:1 108:1 109:1 110:1 111:1 112:1 114:1 115:1 116:1 117:1 118:1 121:1 122:1 225:1 237:1 253:1 268:1 269:1 
12 9:1 10:1 13:1 32:1 44:1 46:1 77:1 83:1 97:1 98:1 99:1 100:1 101:1 102:1 103:1 104:1 105:1 106:1 107:1 108:1 109:1 110:1 111:1 112:1 114:1 115:1 116:1 117:1 118:1 121:1 122:1 225:1 228:1 237:1 253:1 382:1 
12 9:1 10:1 13:1 32:1 44:1 46:1 82:1 83:1 97:1 99:1 100:1 101:1 104:1 105:1 107:1 108:1 109:1 110:1 111:1 112:1 114:1 115:1 116:1 117:1 118:1 121:1 122:1 225:1 233:1 237:1 250:1 269:1 271:1 353:1 
12 9:1 10:1 13:1 32:1 44:1 46:1 48:1 49:1 50:1 97:1 98:1 99:1 100:1 101:1 102:1 104:1 105:1 106:1 107:1 108:1 109:1 110:1 111:1 112:1 114:1 115:1 116:1 117:1 118:1 121:1 122:1 225:1 228:1 233:1 237:1 250:1 253:1 269:1 328:1 353:1 357:1 382:1 
12 9:1 10:1 13:1 32:1 44:1 46:1 65:1 75:1 97:1 98:1 99:1 100:1 101:1 103:1 104:1 105:1 106:1 107:1 108:1 109:1 110:1 111:1 112:1 114:1 115:1 116:1 117:1 118:1 121:1 122:1 225:1 233:1 237:1 253:1 269:1 318:1 353:1 357:1 382:1 
12 9:1 10:1 13:1 32:1 44:1 46:1 65:1 66:1 67:1 68:1 73:1 83:1 84:1 90:1 97:1 98:1 99:1 100:1 101:1 102:1 103:1 104:1 105:1 106:1 107:1 108:1 109:1 110:1 111:1 112:1 114:1 115:1 116:1 117:1 118:1 121:1 122:1 225:1 237:1 250:1 253:1 269:1 357:1 381:1 382:1 
12 9:1 10:1 13:1 32:1 44:1 46:1 97:1 98:1 99:1 100:1 101:1 104:1 105:1 106:1 107:1 108:1 109:1 110:1 111:1 112:1 114:1 115:1 116:1 117:1 118:1 121:1 122:1 225:1 228:1 233:1 237:1 253:1 269:1 318:1 328:1 353:1 357:1 382:1 
12 9:1 10:1 13:1 32:1 34:1 44:1 46:1 71:1 73:1 76:1 97:1 98:1 99:1 100:1 101:1 103:1 104:1 105:1 106:1 107:1 108:1 109:1 110:1 111:1 112:1 114:1 115:1 116:1 117:1 118:1 121:1 122:1 225:1 237:1 250:1 253:1 353:1 357:1 382:1 
12 9:1 10:1 13:1 32:1 44:1 46:1 48:1 50:1 54:1 57:1 83:1 86:1 97:1 98:1 99:1 100:1 101:1 102:1 103:1 104:1 105:1 106:1 107:1 108:1 109:1 110:1 111:1 112:1 114:1 115:1 116:1 117:1 118:1 119:1 121:1 122:1 225:1 233:1 237:1 250:1 253:1 269:1 318:1 353:1 382:1 
12 9:1 10:1 13:1 32:1 44:1 46:1 65:1 71:1 73:1 74:1 75:1 84:1 97:1 98:1 99:1 100:1 101:1 103:1 104:1 105:1 106:1 107:1 108:1 109:1 110:1 111:1 112:1 114:1 115:1 116:1 117:1 118:1 121:1 122:1 225:1 233:1 237:1 244:1 250:1 253:1 269:1 318:1 328:1 353:1 357:1 
12 9:1 10:1 13:1 32:1 44:1 46:1 67:1 97:1 98:1 99:1 100:1 101:1 104:1 105:1 106:1 107:1 108:1 109:1 110:1 111:1 112:1 114:1 115:1 116:1 117:1 118:1 121:1 122:1 225:1 233:1 237:1 250:1 253:1 318:1 353:1 357:1 382:1 8220:1 8222:1 
12 9:1 10:1 13:1 32:1 46:1 97:1 98:1 99:1 100:1 101:1 103:1 104:1 105:1 106:1 107:1 108:1 109:1 110:1 111:1 112:1 114:1 115:1 116:1 117:1 118:1 121:1 122:1 225:1 228:1 233:1 237:1 244:1 250:1 253:1 269:1 353:1 357:1 382:1 
12 9:1 10:1 13:1 32:1 44:1 46:1 48:1 50:1 51:1 74:1 82:1 97:1 99:1 100:1 101:1 102:1 103:1 104:1 105:1 107:1 108:1 109:1 110:1 111:1 112:1 114:1 115:1 116:1 117:1 118:1 121:1 122:1 225:1 244:1 250:1 269:1 271:1 382:1 
12 9:1 10:1 13:1 32:1 44:1 63:1 65:1 66:1 69:1 70:1 75:1 78:1 97:1 98:1 99:1 100:1 101:1 103:1 104:1 105:1 107:1 108:1 109:1 110:1 111:1 114:1 115:1 116:1 117:1 118:1 121:1 122:1 225:1 237:1 269:1 353:1 
12 9:1 10:1 13:1 32:1 44:1 46:1 49:1 53:1 54:1 70:1 83:1 86:1 97:1 98:1 99:1 100:1 101:1 102:1 104:1 105:1 106:1 107:1 108:1 109:1 110:1 111:1 112:1 114:1 115:1 116:1 117:1 118:1 122:1 
12 9:1 10:1 13:1 32:1 44:1 46:1 48:1 55:1 72:1 75:1 97:1 98:1 99:1 100:1 101:1 104:1 105:1 106:1 107:1 108:1 109:1 110:1 111:1 112:1 114:1 115:1 116:1 117:1 118:1 122:1 218:1 225:1 233:1 237:1 243:1 244:1 253:1 353:1 382:1 
12 9:1 10:1 13:1 32:1 44:1 46:1 83:1 97:1 98:1 99:1 100:1 101:1 102:1 104:1 105:1 106:1 107:1 108:1 109:1 110:1 111:1 112:1 114:1 115:1 116:1 117:1 118:1 121:1 122:1 225:1 233:1 237:1 253:1 269:1 271:1 318:1 353:1 357:1 382:1 
12 9:1 10:1 13:1 32:1 44:1 46:1 48:1 50:1 52:1 83:1 97:1 98:1 99:1 100:1 101:1 104:1 105:1 106:1 107:1 108:1 109:1 110:1 111:1 112:1 114:1 115:1 116:1 117:1 118:1 122:1 225:1 233:1 237:1 244:1 253:1 269:1 318:1 353:1 357:1 382:1 
12 9:1 10:1 13:1 32:1 44:1 46:1 50:1 51:1 53:1 54:1 55:1 57:1 69:1 83:1 86:1 97:1 99:1 100:1 101:1 102:1 103:1 104:1 105:1 106:1 107:1 108:1 109:1 110:1 111:1 112:1 114:1 115:1 116:1 117:1 118:1 121:1 122:1 225:1 237:1 243:1 253:1 269:1 353:1 382:1 
12 9:1 10:1 13:1 32:1 44:1 46:1 97:1 98:1 99:1 100:1 101:1 103:1 104:1 105:1 106:1 107:1 108:1 109:1 110:1 111:1 112:1 114:1 115:1 116:1 117:1 118:1 120:1 121:1 122:1 225:1 237:1 253:1 269:1 271:1 353:1 382:1 
12 9:1 10:1 13:1 32:1 44:1 46:1 66:1 97:1 98:1 99:1 100:1 101:1 102:1 104:1 105:1 106:1 107:1 108:1 109:1 110:1 111:1 112:1 114:1 115:1 116:1 117:1 118:1 121:1 122:1 
12 9:1 10:1 13:1 32:1 44:1 46:1 65:1 66:1 75:1 97:1 98:1 100:1 101:1 102:1 104:1 105:1 106:1 107:1 108:1 109:1 110:1 111:1 112:1 114:1 115:1 116:1 117:1 118:1 121:1 122:1 225:1 237:1 269:1 353:1 357:1 8220:1 8222:1 
12 9:1 10:1 13:1 32:1 46:1 69:1 84:1 97:1 99:1 100:1 101:1 104:1 105:1 106:1 107:1 108:1 109:1 110:1 111:1 112:1 114:1 115:1 116:1 117:1 118:1 120:1 121:1 122:1 225:1 233:1 237:1 243:1 250:1 253:1 269:1 318:1 353:1 
12 9:1 10:1 13:1 32:1 44:1 46:1 65:1 75:1 76:1 77:1 83:1 85:1 90:1 97:1 98:1 99:1 100:1 101:1 102:1 103:1 104:1 105:1 106:1 107:1 108:1 109:1 110:1 111:1 112:1 114:1 115:1 116:1 117:1 118:1 121:1 122:1 225:1 233:1 243:1 250:1 253:1 269:1 271:1 317:1 318:1 353:1 
12 9:1 10:1 13:1 32:1 34:1 40:1 41:1 44:1 63:1 75:1 77:1 79:1 83:1 97:1 99:1 100:1 101:1 104:1 105:1 106:1 107:1 108:1 109:1 110:1 111:1 112:1 114:1 115:1 116:1 117:1 118:1 121:1 122:1 253:1 269:1 271:1 
12 9:1 10:1 13:1 32:1 37:1 44:1 46:1 48:1 49:1 50:1 51:1 54:1 55:1 56:1 57:1 83:1 97:1 98:1 99:1 100:1 101:1 105:1 106:1 107:1 108:1 110:1 111:1 112:1 114:1 115:1 116:1 117:1 118:1 121:1 122:1 225:1 253:1 269:1 353:1 382:1 
12 9:1 10:1 13:1 32:1 46:1 48:1 49:1 50:1 97:1 98:1 99:1 100:1 101:1 104:1 105:1 106:1 107:1 108:1 109:1 110:1 111:1 112:1 114:1 115:1 116:1 117:1 118:1 122:1 225:1 233:1 237:1 250:1 253:1 269:1 318:1 328:1 357:1 382:1 8211:1 
12 9:1 10:1 13:1 32:1 44:1 46:1 97:1 98:1 99:1 100:1 101:1 102:1 104:1 105:1 106:1 107:1 108:1 109:1 110:1 111:1 112:1 114:1 115:1 116:1 117:1 118:1 121:1 122:1 225:1 233:1 250:1 269:1 271:1 318:1 353:1 357:1 382:1 
12 9:1 10:1 13:1 32:1 44:1 46:1 97:1 98:1 99:1 100:1 101:1 102:1 104:1 105:1 106:1 107:1 108:1 109:1 110:1 111:1 112:1 114:1 115:1 116:1 117:1 118:1 121:1 122:1 225:1 228:1 237:1 243:1 244:1 250:1 253:1 269:1 271:1 318:1 328:1 353:1 357:1 382:1 
12 9:1 10:1 13:1 32:1 44:1 46:1 49:1 50:1 53:1 54:1 56:1 57:1 68:1 70:1 86:1 97:1 99:1 100:1 101:1 104:1 105:1 106:1 107:1 108:1 109:1 110:1 111:1 112:1 114:1 115:1 116:1 117:1 118:1 122:1 225:1 233:1 237:1 250:1 269:1 271:1 318:1 353:1 357:1 382:1 8220:1 
12 9:1 10:1 13:1 32:1 44:1 46:1 65:1 66:1 73:1 97:1 98:1 99:1 100:1 101:1 104:1 105:1 106:1 107:1 108:1 109:1 110:1 111:1 112:1 114:1 115:1 116:1 117:1 118:1 121:1 122:1 225:1 228:1 233:1 237:1 244:1 250:1 269:1 271:1 328:1 353:1 357:1 382:1 
12 9:1 10:1 13:1 32:1 44:1 46:1 50:1 57:1 70:1 80:1 86:1 97:1 98:1 99:1 100:1 101:1 103:1 104:1 105:1 106:1 107:1 108:1 109:1 110:1 111:1 112:1 114:1 115:1 116:1 117:1 118:1 121:1 122:1 225:1 233:1 237:1 250:1 271:1 318:1 353:1 357:1 382:1 
12 9:1 10:1 13:1 32:1 34:1 44:1 46:1 69:1 77:1 78:1 83:1 97:1 98:1 99:1 100:1 101:1 104:1 105:1 106:1 107:1 108:1 109:1 110:1 111:1 112:1 114:1 115:1 116:1 117:1 118:1 121:1 225:1 233:1 253:1 269:1 318:1 353:1 357:1 382:1 
12 9:1 10:1 13:1 32:1 44:1 46:1 48:1 49:1 50:1 51:1 53:1 55:1 56:1 66:1 68:1 74:1 75:1 77:1 79:1 90:1 97:1 98:1 99:1 100:1 101:1 102:1 104:1 105:1 106:1 107:1 108:1 109:1 110:1 111:1 112:1 114:1 115:1 116:1 117:1 118:1 121:1 122:1 225:1 233:1 237:1 244:1 250:1 253:1 271:1 318:1 352:1 353:1 382:1 
12 9:1 10:1 13:1 32:1 34:1 44:1 46:1 72:1 76:1 84:1 87:1 97:1 98:1 99:1 100:1 101:1 102:1 103:1 104:1 105:1 107:1 108:1 109:1 110:1 111:1 112:1 114:1 115:1 116:1 117:1 118:1 120:1 121:1 122:1 225:1 233:1 243:1 250:1 253:1 269:1 271:1 353:1 
12 9:1 10:1 13:1 32:1 44:1 46:1 72:1 73:1 83:1 97:1 98:1 100:1 101:1 102:1 104:1 105:1 106:1 107:1 108:1 109:1 110:1 111:1 112:1 114:1 115:1 116:1 117:1 118:1 121:1 225:1 233:1 253:1 318:1 357:1 
12 9:1 10:1 13:1 32:1 44:1 46:1 48:1 49:1 50:1 56:1 57:1 77:1 97:1 98:1 99:1 100:1 101:1 102:1 103:1 104:1 105:1 106:1 107:1 108:1 109:1 110:1 111:1 112:1 114:1 115:1 116:1 117:1 118:1 121:1 122:1 225:1 233:1 237:1 253:1 353:1 357:1 382:1 
12 9:1 10:1 13:1 32:1 44:1 46:1 97:1 98:1 99:1 100:1 101:1 104:1 105:1 106:1 107:1 108:1 109:1 110:1 111:1 112:1 114:1 115:1 116:1 117:1 118:1 121:1 225:1 237:1 250:1 253:1 269:1 318:1 357:1 382:1 
12 9:1 10:1 13:1 32:1 40:1 41:1 44:1 46:1 49:1 51:1 53:1 54:1 55:1 57:1 68:1 70:1 80:1 83:1 84:1 90:1 97:1 98:1 99:1 100:1 101:1 102:1 104:1 105:1 106:1 107:1 108:1 109:1 110:1 111:1 112:1 114:1 115:1 116:1 117:1 118:1 121:1 122:1 225:1 237:1 250:1 353:1 357:1 
12 9:1 10:1 13:1 32:1 44:1 46:1 76:1 84:1 97:1 98:1 100:1 101:1 104:1 105:1 106:1 107:1 108:1 109:1 110:1 111:1 112:1 114:1 115:1 116:1 117:1 118:1 121:1 122:1 225:1 244:1 253:1 357:1 382:1 8220:1 
12 9:1 10:1 13:1 32:1 40:1 41:1 44:1 46:1 49:1 50:1 51:1 52:1 56:1 66:1 69:1 70:1 71:1 72:1 77:1 85:1 97:1 98:1 99:1 100:1 101:1 102:1 104:1 105:1 106:1 107:1 108:1 109:1 110:1 111:1 112:1 114:1 115:1 116:1 117:1 118:1 121:1 122:1 225:1 233:1 237:1 243:1 250:1 253:1 357:1 382:1 
12 9:1 10:1 13:1 32:1 44:1 46:1 97:1 98:1 99:1 100:1 101:1 102:1 105:1 107:1 108:1 109:1 110:1 111:1 112:1 114:1 115:1 116:1 117:1 118:1 121:1 122:1 233:1 237:1 250:1 269:1 271:1 353:1 357:1 382:1 
12 9:1 10:1 13:1 32:1 44:1 46:1 49:1 50:1 65:1 73:1 97:1 98:1 99:1 100:1 101:1 102:1 103:1 104:1 105:1 107:1 108:1 109:1 110:1 111:1 112:1 114:1 115:1 116:1 117:1 118:1 121:1 122:1 225:1 233:1 237:1 253:1 269:1 353:1 
12 9:1 10:1 13:1 32:1 39:1 44:1 46:1 65:1 83:1 85:1 89:1 97:1 98:1 99:1 100:1 101:1 102:1 104:1 105:1 106:1 107:1 108:1 109:1 110:1 111:1 112:1 114:1 115:1 116:1 117:1 118:1 122:1 225:1 233:1 237:1 250:1 253:1 269:1 318:1 
12 9:1 10:1 13:1 32:1 44:1 46:1 65:1 97:1 98:1 99:1 100:1 101:1 102:1 103:1 104:1 105:1 106:1 107:1 108:1 109:1 110:1 111:1 112:1 114:1 115:1 116:1 117:1 118:1 121:1 122:1 225:1 233:1 237:1 244:1 250:1 253:1 271:1 353:1 382:1 8211:1 
12 9:1 10:1 13:1 32:1 44:1 46:1 69:1 97:1 98:1 99:1 100:1 101:1 103:1 105:1 106:1 107:1 108:1 109:1 110:1 111:1 112:1 114:1 115:1 116:1 117:1 118:1 121:1 122:1 225:1 237:1 243:1 250:1 253:1 269:1 271:1 318:1 357:1 
12 9:1 10:1 13:1 32:1 44:1 46:1 97:1 98:1 99:1 100:1 101:1 104:1 105:1 106:1 107:1 108:1 109:1 110:1 111:1 114:1 115:1 116:1 118:1 121:1 122:1 225:1 233:1 237:1 244:1 253:1 269:1 328:1 353:1 382:1 
12 9:1 10:1 13:1 32:1 44:1 46:1 75:1 97:1 98:1 99:1 100:1 101:1 103:1 104:1 105:1 106:1 107:1 108:1 109:1 110:1 111:1 112:1 114:1 115:1 116:1 117:1 118:1 121:1 122:1 225:1 237:1 243:1 250:1 253:1 269:1 318:1 353:1 382:1 
12 9:1 10:1 13:1 32:1 44:1 46:1 86:1 90:1 97:1 98:1 99:1 100:1 101:1 102:1 104:1 105:1 106:1 107:1 108:1 109:1 110:1 111:1 112:1 114:1 115:1 116:1 117:1 118:1 121:1 122:1 225:1 233:1 237:1 243:1 250:1 253:1 269:1 328:1 357:1 382:1 
12 9:1 10:1 13:1 32:1 40:1 41:1 46:1 48:1 68:1 69:1 80:1 82:1 97:1 99:1 100:1 101:1 102:1 104:1 105:1 106:1 107:1 108:1 109:1 110:1 111:1 112:1 114:1 115:1 116:1 117:1 118:1 121:1 225:1 228:1 233:1 237:1 243:1 244:1 250:1 253:1 353:1 357:1 
12 9:1 10:1 13:1 32:1 44:1 46:1 68:1 80:1 90:1 97:1 98:1 99:1 100:1 101:1 102:1 104:1 105:1 106:1 107:1 108:1 109:1 110:1 111:1 112:1 114:1 115:1 116:1 117:1 118:1 121:1 122:1 225:1 233:1 237:1 250:1 253:1 269:1 328:1 353:1 382:1 
12 9:1 10:1 13:1 32:1 44:1 46:1 97:1 98:1 99:1 100:1 101:1 104:1 105:1 106:1 107:1 108:1 109:1 110:1 111:1 112:1 114:1 115:1 116:1 117:1 118:1 120:1 121:1 225:1 233:1 237:1 250:1 269:1 318:1 382:1 
12 9:1 10:1 13:1 32:1 44:1 46:1 69:1 71:1 74:1 84:1 97:1 99:1 100:1 101:1 104:1 105:1 106:1 107:1 108:1 109:1 110:1 111:1 112:1 114:1 115:1 116:1 117:1 118:1 120:1 121:1 122:1 218:1 225:1 237:1 250:1 253:1 269:1 353:1 
12 9:1 10:1 13:1 32:1 44:1 46:1 48:1 50:1 52:1 67:1 68:1 71:1 74:1 80:1 82:1 83:1 97:1 98:1 99:1 100:1 101:1 102:1 103:1 104:1 105:1 106:1 107:1 108:1 109:1 110:1 111:1 112:1 114:1 115:1 116:1 117:1 118:1 121:1 122:1 225:1 233:1 237:1 250:1 253:1 269:1 318:1 
12 9:1 10:1 13:1 32:1 44:1 46:1 97:1 98:1 99:1 100:1 101:1 104:1 105:1 106:1 107:1 108:1 109:1 110:1 111:1 112:1 114:1 115:1 116:1 117:1 118:1 121:1 122:1 225:1 233:1 237:1 250:1 253:1 269:1 357:1 
12 9:1 10:1 13:1 32:1 44:1 46:1 79:1 97:1 98:1 99:1 100:1 101:1 102:1 103:1 104:1 105:1 106:1 107:1 108:1 109:1 110:1 111:1 112:1 114:1 115:1 116:1 117:1 118:1 121:1 122:1 225:1 233:1 237:1 250:1 253:1 269:1 318:1 328:1 353:1 357:1 382:1 
12 9:1 10:1 13:1 32:1 44:1 46:1 97:1 98:1 99:1 100:1 101:1 104:1 105:1 106:1 107:1 108:1 109:1 110:1 111:1 112:1 114:1 115:1 116:1 117:1 118:1 121:1 122:1 225:1 228:1 233:1 237:1 250:1 253:1 269:1 353:1 357:1 382:1 
12 9:1 10:1 13:1 32:1 44:1 46:1 48:1 53:1 97:1 99:1 100:1 101:1 104:1 105:1 106:1 107:1 108:1 109:1 110:1 111:1 112:1 114:1 115:1 116:1 118:1 121:1 122:1 225:1 237:1 250:1 253:1 269:1 353:1 382:1 
12 9:1 10:1 13:1 32:1 46:1 82:1 97:1 98:1 99:1 100:1 101:1 104:1 105:1 106:1 107:1 108:1 109:1 110:1 111:1 112:1 114:1 115:1 116:1 117:1 118:1 121:1 122:1 225:1 233:1 237:1 244:1 250:1 253:1 269:1 328:1 353:1 357:1 382:1 
12 9:1 10:1 13:1 32:1 44:1 46:1 68:1 97:1 98:1 100:1 101:1 104:1 105:1 106:1 107:1 108:1 109:1 110:1 111:1 112:1 114:1 115:1 116:1 117:1 118:1 121:1 122:1 225:1 233:1 237:1 244:1 253:1 269:1 318:1 328:1 357:1 382:1 
12 9:1 10:1 13:1 32:1 44:1 46:1 74:1 80:1 97:1 99:1 100:1 101:1 102:1 104:1 105:1 106:1 107:1 108:1 109:1 110:1 111:1 112:1 114:1 115:1 116:1 117:1 118:1 121:1 122:1 225:1 233:1 250:1 253:1 269:1 271:1 314:1 328:1 357:1 382:1 8220:1 
12 9:1 10:1 13:1 32:1 33:1 34:1 44:1 46:1 65:1 75:1 97:1 98:1 99:1 100:1 101:1 104:1 105:1 106:1 107:1 108:1 109:1 110:1 111:1 112:1 114:1 115:1 116:1 117:1 118:1 121:1 122:1 225:1 233:1 244:1 250:1 253:1 269:1 357:1 382:1 
12 9:1 10:1 13:1 32:1 44:1 46:1 48:1 50:1 53:1 54:1 65:1 83:1 97:1 98:1 99:1 100:1 101:1 102:1 104:1 105:1 106:1 107:1 108:1 110:1 111:1 112:1 114:1 115:1 116:1 117:1 118:1 121:1 122:1 225:1 233:1 237:1 243:1 250:1 253:1 353:1 357:1 
12 9:1 10:1 13:1 32:1 40:1 41:1 44:1 46:1 66:1 70:1 72:1 80:1 97:1 98:1 99:1 100:1 101:1 103:1 104:1 105:1 106:1 107:1 108:1 109:1 110:1 111:1 112:1 114:1 115:1 116:1 117:1 118:1 121:1 122:1 225:1 228:1 233:1 253:1 269:1 271:1 318:1 353:1 357:1 
12 9:1 10:1 13:1 32:1 44:1 46:1 97:1 98:1 99:1 100:1 101:1 102:1 104:1 105:1 106:1 107:1 108:1 109:1 110:1 111:1 112:1 114:1 115:1 116:1 117:1 118:1 121:1 122:1 225:1 233:1 237:1 250:1 253:1 269:1 271:1 318:1 328:1 357:1 382:1 
12 9:1 10:1 13:1 32:1 44:1 46:1 48:1 49:1 50:1 51:1 52:1 53:1 54:1 55:1 83:1 97:1 98:1 99:1 100:1 101:1 104:1 105:1 106:1 107:1 108:1 109:1 110:1 111:1 112:1 114:1 115:1 116:1 117:1 118:1 121:1 122:1 225:1 243:1 253:1 269:1 382:1 
12 9:1 10:1 13:1 32:1 44:1 46:1 97:1 98:1 99:1 100:1 101:1 104:1 105:1 106:1 107:1 108:1 109:1 110:1 111:1 112:1 114:1 115:1 116:1 117:1 118:1 121:1 122:1 225:1 233:1 237:1 253:1 269:1 318:1 353:1 357:1 382:1 
12 9:1 10:1 13:1 32:1 44:1 46:1 97:1 98:1 99:1 100:1 101:1 104:1 105:1 106:1 107:1 108:1 109:1 110:1 111:1 112:1 114:1 115:1 116:1 117:1 118:1 121:1 122:1 225:1 244:1 250:1 253:1 269:1 318:1 353:1 357:1 382:1 
12 9:1 10:1 13:1 32:1 46:1 48:1 49:1 53:1 54:1 68:1 97:1 98:1 99:1 100:1 101:1 103:1 104:1 105:1 106:1 107:1 108:1 109:1 110:1 111:1 112:1 114:1 115:1 116:1 117:1 118:1 121:1 122:1 225:1 237:1 244:1 253:1 318:1 353:1 357:1 382:1 
12 9:1 10:1 13:1 32:1 44:1 46:1 66:1 67:1 68:1 72:1 76:1 78:1 83:1 84:1 86:1 97:1 98:1 99:1 100:1 101:1 104:1 105:1 106:1 107:1 108:1 109:1 110:1 111:1 112:1 114:1 115:1 116:1 117:1 118:1 121:1 122:1 225:1 237:1 253:1 318:1 353:1 
12 9:1 10:1 13:1 32:1 44:1 46:1 77:1 83:1 84:1 86:1 97:1 98:1 100:1 101:1 102:1 105:1 106:1 107:1 108:1 109:1 110:1 111:1 112:1 114:1 115:1 116:1 117:1 118:1 121:1 122:1 225:1 233:1 237:1 244:1 250:1 253:1 353:1 357:1 382:1 
12 9:1 10:1 13:1 32:1 44:1 46:1 66:1 67:1 69:1 73:1 79:1 97:1 98:1 99:1 100:1 101:1 102:1 103:1 104:1 105:1 106:1 107:1 108:1 109:1 110:1 111:1 112:1 114:1 115:1 116:1 117:1 118:1 121:1 122:1 225:1 233:1 237:1 243:1 250:1 253:1 318:1 353:1 357:1 382:1 
12 9:1 10:1 13:1 32:1 34:1 44:1 46:1 68:1 75:1 82:1 83:1 97:1 98:1 99:1 100:1 101:1 102:1 104:1 105:1 106:1 107:1 108:1 109:1 110:1 111:1 112:1 114:1 115:1 116:1 117:1 118:1 122:1 225:1 233:1 237:1 243:1 244:1 253:1 269:1 271:1 353:1 357:1 382:1 
12 9:1 10:1 13:1 32:1 40:1 41:1 44:1 46:1 49:1 50:1 53:1 57:1 65:1 68:1 73:1 74:1 77:1 83:1 84:1 97:1 98:1 99:1 100:1 101:1 102:1 103:1 104:1 105:1 106:1 107:1 108:1 109:1 110:1 111:1 112:1 114:1 115:1 116:1 117:1 118:1 121:1 122:1 225:1 237:1 250:1 269:1 328:1 353:1 382:1 
12 9:1 10:1 13:1 32:1 44:1 46:1 50:1 53:1 74:1 78:1 83:1 87:1 97:1 98:1 99:1 100:1 101:1 104:1 105:1 106:1 107:1 108:1 109:1 110:1 111:1 112:1 114:1 115:1 116:1 117:1 118:1 121:1 122:1 225:1 233:1 237:1 253:1 269:1 352:1 353:1 357:1 
12 9:1 10:1 13:1 32:1 44:1 46:1 80:1 85:1 97:1 98:1 99:1 100:1 101:1 104:1 105:1 106:1 107:1 108:1 109:1 110:1 111:1 112:1 114:1 115:1 116:1 117:1 118:1 121:1 122:1 225:1 228:1 233:1 237:1 250:1 253:1 269:1 318:1 353:1 357:1 382:1 
12 9:1 10:1 13:1 32:1 44:1 46:1 65:1 66:1 71:1 72:1 75:1 78:1 80:1 82:1 84:1 86:1 97:1 99:1 100:1 101:1 102:1 103:1 104:1 105:1 106:1 107:1 108:1 109:1 110:1 111:1 112:1 114:1 115:1 116:1 117:1 118:1 122:1 225:1 237:1 250:1 253:1 269:1 271:1 353:1 357:1 
12 9:1 10:1 13:1 32:1 44:1 46:1 70:1 97:1 98:1 99:1 100:1 101:1 102:1 104:1 105:1 106:1 107:1 108:1 109:1 110:1 111:1 112:1 114:1 115:1 116:1 117:1 118:1 120:1 121:1 122:1 225:1 237:1 243:1 253:1 268:1 269:1 353:1 357:1 382:1 
12 9:1 10:1 13:1 32:1 40:1 41:1 46:1 48:1 50:1 54:1 75:1 78:1 82:1 83:1 97:1 98:1 99:1 100:1 101:1 104:1 105:1 106:1 107:1 108:1 109:1 110:1 111:1 112:1 114:1 115:1 116:1 117:1 118:1 121:1 122:1 225:1 233:1 250:1 253:1 318:1 352:1 353:1 
12 9:1 10:1 13:1 32:1 44:1 46:1 65:1 68:1 77:1 78:1 82:1 83:1 97:1 98:1 99:1 100:1 101:1 104:1 105:1 106:1 107:1 108:1 109:1 110:1 111:1 112:1 114:1 115:1 116:1 117:1 118:1 121:1 122:1 225:1 228:1 233:1 237:1 244:1 250:1 253:1 269:1 318:1 353:1 357:1 382:1 8211:1 
12 9:1 10:1 13:1 32:1 44:1 46:1 50:1 52:1 53:1 66:1 67:1 77:1 78:1 84:1 97:1 98:1 99:1 100:1 101:1 104:1 105:1 106:1 107:1 108:1 109:1 110:1 111:1 112:1 114:1 115:1 116:1 117:1 118:1 119:1 120:1 121:1 122:1 225:1 233:1 237:1 243:1 250:1 253:1 269:1 318:1 353:1 382:1 
12 9:1 10:1 13:1 32:1 34:1 44:1 46:1 71:1 77:1 97:1 98:1 99:1 100:1 101:1 102:1 104:1 105:1 107:1 108:1 109:1 110:1 111:1 112:1 114:1 115:1 116:1 117:1 118:1 121:1 225:1 233:1 237:1 243:1 250:1 253:1 269:1 271:1 318:1 353:1 357:1 382:1 
12 9:1 10:1 13:1 32:1 44:1 46:1 66:1 97:1 98:1 99:1 100:1 101:1 104:1 105:1 106:1 107:1 108:1 109:1 110:1 111:1 112:1 114:1 115:1 116:1 117:1 118:1 121:1 122:1 225:1 233:1 237:1 244:1 250:1 253:1 271:1 357:1 382:1 
12 9:1 10:1 13:1 32:1 40:1 41:1 44:1 46:1 48:1 49:1 50:1 51:1 53:1 54:1 55:1 56:1 83:1 97:1 98:1 99:1 100:1 101:1 104:1 105:1 107:1 108:1 109:1 110:1 111:1 112:1 114:1 115:1 117:1 118:1 121:1 122:1 225:1 233:1 243:1 253:1 269:1 328:1 353:1 
12 9:1 10:1 13:1 32:1 46:1 48:1 50:1 56:1 71:1 78:1 80:1 83:1 97:1 98:1 99:1 100:1 101:1 102:1 103:1 104:1 105:1 106:1 107:1 108:1 109:1 110:1 111:1 112:1 114:1 115:1 116:1 117:1 118:1 119:1 120:1 122:1 225:1 237:1 269:1 318:1 
12 9:1 10:1 13:1 32:1 40:1 41:1 44:1 63:1 97:1 98:1 99:1 100:1 101:1 104:1 105:1 106:1 107:1 108:1 109:1 110:1 111:1 112:1 114:1 115:1 116:1 117:1 118:1 121:1 122:1 225:1 233:1 244:1 250:1 253:1 357:1 382:1 
12 9:1 10:1 13:1 32:1 44:1 46:1 82:1 83:1 97:1 98:1 99:1 100:1 101:1 104:1 105:1 106:1 107:1 108:1 109:1 110:1 111:1 112:1 114:1 115:1 116:1 117:1 118:1 121:1 122:1 225:1 233:1 237:1 250:1 253:1 269:1 318:1 357:1 
12 9:1 10:1 13:1 32:1 44:1 46:1 97:1 98:1 99:1 100:1 101:1 104:1 105:1 106:1 107:1 108:1 109:1 110:1 111:1 112:1 114:1 115:1 116:1 117:1 118:1 121:1 122:1 225:1 233:1 237:1 243:1 244:1 250:1 253:1 269:1 357:1 382:1 
12 9:1 10:1 13:1 32:1 44:1 46:1 49:1 97:1 98:1 99:1 100:1 101:1 102:1 104:1 105:1 106:1 107:1 108:1 109:1 110:1 111:1 112:1 114:1 115:1 116:1 117:1 118:1 121:1 122:1 225:1 233:1 237:1 250:1 253:1 353:1 357:1 
12 9:1 10:1 13:1 32:1 37:1 40:1 41:1 43:1 44:1 46:1 48:1 50:1 53:1 75:1 77:1 79:1 83:1 97:1 99:1 100:1 101:1 104:1 105:1 106:1 107:1 108:1 109:1 110:1 111:1 112:1 114:1 115:1 116:1 117:1 118:1 121:1 122:1 225:1 237:1 244:1 250:1 253:1 269:1 318:1 353:1 382:1 
12 9:1 10:1 13:1 32:1 44:1 46:1 76:1 97:1 98:1 99:1 100:1 101:1 102:1 104:1 105:1 106:1 107:1 108:1 109:1 110:1 111:1 112:1 114:1 115:1 116:1 117:1 118:1 121:1 122:1 225:1 233:1 237:1 250:1 253:1 269:1 328:1 352:1 353:1 382:1 8220:1 
12 9:1 10:1 13:1 32:1 34:1 44:1 46:1 65:1 68:1 74:1 75:1 76:1 79:1 80:1 83:1 97:1 98:1 99:1 100:1 101:1 102:1 103:1 104:1 105:1 106:1 107:1 108:1 109:1 110:1 111:1 112:1 114:1 115:1 116:1 117:1 118:1 121:1 122:1 225:1 237:1 250:1 253:1 353:1 
12 9:1 10:1 13:1 32:1 44:1 46:1 63:1 68:1 72:1 79:1 80:1 82:1 83:1 97:1 98:1 99:1 100:1 101:1 103:1 104:1 105:1 106:1 107:1 108:1 109:1 110:1 111:1 112:1 114:1 115:1 116:1 117:1 118:1 120:1 121:1 122:1 225:1 237:1 250:1 253:1 268:1 269:1 318:1 328:1 353:1 382:1 8220:1 8222:1 
12 9:1 10:1 13:1 32:1 40:1 41:1 44:1 46:1 47:1 48:1 49:1 50:1 51:1 68:1 70:1 72:1 73:1 75:1 76:1 80:1 84:1 86:1 97:1 98:1 99:1 100:1 101:1 102:1 104:1 105:1 106:1 107:1 108:1 109:1 110:1 111:1 112:1 114:1 115:1 116:1 117:1 118:1 121:1 225:1 237:1 250:1 253:1 269:1 352:1 353:1 357:1 
12 9:1 10:1 13:1 32:1 44:1 46:1 66:1 70:1 71:1 87:1 97:1 98:1 99:1 100:1 101:1 103:1 104:1 105:1 106:1 107:1 108:1 109:1 110:1 111:1 112:1 114:1 115:1 116:1 117:1 118:1 121:1 122:1 225:1 233:1 237:1 250:1 253:1 269:1 318:1 328:1 
12 9:1 10:1 13:1 32:1 44:1 46:1 77:1 79:1 90:1 97:1 98:1 99:1 100:1 101:1 103:1 104:1 105:1 106:1 107:1 108:1 109:1 110:1 111:1 112:1 114:1 115:1 116:1 117:1 118:1 121:1 122:1 218:1 225:1 233:1 237:1 244:1 250:1 269:1 271:1 353:1 357:1 382:1 8220:1 
12 9:1 10:1 13:1 32:1 34:1 44:1 46:1 74:1 77:1 84:1 90:1 97:1 98:1 99:1 100:1 101:1 103:1 104:1 105:1 106:1 107:1 108:1 109:1 110:1 111:1 114:1 115:1 116:1 117:1 118:1 121:1 122:1 233:1 237:1 250:1 253:1 269:1 353:1 357:1 382:1 
12 9:1 10:1 13:1 32:1 44:1 46:1 97:1 98:1 99:1 100:1 101:1 102:1 104:1 105:1 106:1 107:1 108:1 109:1 110:1 111:1 112:1 114:1 115:1 116:1 117:1 118:1 121:1 122:1 225:1 233:1 237:1 250:1 253:1 269:1 357:1 382:1 
12 9:1 10:1 13:1 32:1 46:1 77:1 80:1 83:1 97:1 98:1 99:1 100:1 101:1 102:1 104:1 105:1 107:1 108:1 109:1 110:1 111:1 112:1 114:1 115:1 116:1 117:1 118:1 121:1 122:1 225:1 237:1 250:1 253:1 269:1 318:1 328:1 357:1 382:1 
12 9:1 10:1 13:1 32:1 40:1 41:1 44:1 46:1 97:1 98:1 99:1 100:1 101:1 104:1 105:1 106:1 107:1 108:1 109:1 110:1 111:1 112:1 114:1 115:1 116:1 117:1 118:1 121:1 122:1 225:1 233:1 237:1 243:1 253:1 269:1 318:1 353:1 357:1 
12 9:1 10:1 13:1 32:1 44:1 46:1 74:1 77:1 86:1 97:1 98:1 99:1 100:1 101:1 104:1 105:1 106:1 107:1 108:1 109:1 110:1 111:1 112:1 114:1 115:1 116:1 117:1 118:1 122:1 225:1 228:1 237:1 250:1 269:1 318:1 353:1 357:1 382:1 
12 9:1 10:1 13:1 32:1 44:1 46:1 84:1 97:1 98:1 99:1 100:1 101:1 104:1 105:1 106:1 107:1 108:1 109:1 110:1 111:1 112:1 114:1 115:1 116:1 117:1 118:1 121:1 122:1 225:1 237:1 243:1 250:1 253:1 269:1 353:1 357:1 382:1 8221:1 
12 9:1 10:1 13:1 32:1 44:1 46:1 65:1 67:1 72:1 73:1 74:1 76:1 80:1 97:1 98:1 99:1 100:1 101:1 104:1 105:1 106:1 107:1 108:1 109:1 110:1 111:1 112:1 114:1 115:1 116:1 117:1 118:1 121:1 122:1 225:1 228:1 237:1 253:1 269:1 352:1 357:1 382:1 
12 9:1 10:1 13:1 32:1 34:1 40:1 41:1 44:1 46:1 65:1 69:1 75:1 80:1 82:1 83:1 97:1 98:1 99:1 100:1 101:1 104:1 105:1 106:1 107:1 108:1 109:1 110:1 111:1 112:1 114:1 115:1 116:1 117:1 118:1 122:1 225:1 237:1 243:1 250:1 253:1 269:1 318:1 353:1 357:1 382:1 
12 9:1 10:1 13:1 32:1 44:1 46:1 66:1 77:1 78:1 97:1 98:1 99:1 100:1 101:1 102:1 104:1 105:1 106:1 107:1 108:1 109:1 110:1 111:1 112:1 114:1 115:1 116:1 118:1 121:1 122:1 225:1 233:1 237:1 243:1 244:1 250:1 253:1 269:1 314:1 318:1 328:1 353:1 357:1 382:1 
12 9:1 10:1 13:1 32:1 44:1 46:1 48:1 51:1 65:1 97:1 98:1 99:1 100:1 101:1 103:1 104:1 105:1 106:1 107:1 108:1 109:1 110:1 111:1 112:1 114:1 115:1 116:1 117:1 118:1 120:1 121:1 122:1 225:1 233:1 237:1 250:1 253:1 269:1 357:1 
12 9:1 10:1 13:1 32:1 44:1 46:1 97:1 98:1 99:1 100:1 101:1 102:1 104:1 105:1 106:1 107:1 108:1 109:1 110:1 111:1 112:1 114:1 115:1 116:1 117:1 118:1 121:1 122:1 233:1 237:1 250:1 269:1 318:1 353:1 382:1 
12 9:1 10:1 13:1 32:1 44:1 46:1 79:1 83:1 97:1 99:1 100:1 101:1 102:1 104:1 105:1 106:1 107:1 108:1 109:1 110:1 111:1 112:1 114:1 115:1 116:1 117:1 118:1 121:1 122:1 225:1 233:1 237:1 250:1 253:1 269:1 314:1 382:1 8220:1 8222:1 
12 9:1 10:1 13:1 32:1 44:1 46:1 48:1 50:1 77:1 80:1 97:1 98:1 99:1 100:1 101:1 102:1 104:1 105:1 106:1 107:1 108:1 109:1 110:1 111:1 112:1 114:1 115:1 116:1 117:1 118:1 121:1 122:1 225:1 233:1 237:1 253:1 269:1 318:1 328:1 353:1 357:1 382:1 8220:1 8222:1 
12 9:1 10:1 13:1 32:1 44:1 46:1 59:1 97:1 98:1 99:1 100:1 101:1 104:1 105:1 106:1 107:1 108:1 109:1 110:1 111:1 112:1 114:1 115:1 116:1 117:1 118:1 121:1 122:1 225:1 233:1 237:1 250:1 253:1 269:1 353:1 357:1 382:1 
12 9:1 10:1 13:1 32:1 34:1 37:1 44:1 46:1 48:1 50:1 51:1 52:1 53:1 54:1 66:1 75:1 83:1 84:1 97:1 98:1 99:1 100:1 101:1 103:1 104:1 105:1 106:1 107:1 108:1 109:1 110:1 111:1 112:1 114:1 115:1 116:1 117:1 118:1 121:1 122:1 225:1 228:1 233:1 237:1 243:1 244:1 250:1 253:1 269:1 318:1 353:1 357:1 382:1 
12 9:1 10:1 13:1 32:1 40:1 41:1 44:1 46:1 68:1 97:1 98:1 99:1 100:1 101:1 104:1 105:1 106:1 107:1 108:1 110:1 111:1 112:1 114:1 115:1 116:1 117:1 118:1 121:1 122:1 225:1 237:1 244:1 250:1 253:1 269:1 271:1 318:1 328:1 353:1 357:1 8211:1 
12 9:1 10:1 13:1 32:1 44:1 46:1 65:1 67:1 72:1 76:1 77:1 86:1 97:1 98:1 99:1 100:1 101:1 103:1 104:1 105:1 106:1 107:1 108:1 109:1 110:1 111:1 112:1 114:1 115:1 116:1 117:1 118:1 121:1 122:1 225:1 237:1 250:1 253:1 269:1 271:1 353:1 357:1 382:1 
12 9:1 10:1 13:1 32:1 44:1 46:1 97:1 98:1 99:1 100:1 101:1 104:1 105:1 106:1 107:1 108:1 109:1 110:1 111:1 112:1 114:1 115:1 116:1 117:1 118:1 122:1 225:1 237:1 250:1 253:1 269:1 318:1 353:1 382:1 
12 9:1 10:1 13:1 32:1 40:1 41:1 44:1 46:1 65:1 66:1 71:1 72:1 75:1 76:1 77:1 97:1 98:1 99:1 100:1 101:1 103:1 104:1 105:1 106:1 107:1 108:1 110:1 111:1 112:1 114:1 115:1 116:1 117:1 118:1 121:1 122:1 225:1 233:1 237:1 253:1 328:1 353:1 357:1 
12 9:1 10:1 13:1 32:1 44:1 46:1 68:1 77:1 83:1 84:1 86:1 97:1 98:1 99:1 100:1 101:1 102:1 104:1 105:1 106:1 107:1 108:1 109:1 110:1 111:1 112:1 114:1 115:1 116:1 117:1 118:1 121:1 122:1 180:1 237:1 382:1 
12 9:1 10:1 13:1 32:1 40:1 41:1 44:1 46:1 48:1 50:1 51:1 65:1 76:1 78:1 80:1 84:1 97:1 98:1 100:1 101:1 104:1 105:1 106:1 107:1 108:1 109:1 110:1 111:1 112:1 114:1 115:1 116:1 117:1 118:1 121:1 122:1 225:1 233:1 243:1 253:1 328:1 352:1 357:1 382:1 
12 9:1 10:1 13:1 32:1 44:1 46:1 48:1 53:1 55:1 57:1 83:1 97:1 98:1 99:1 100:1 101:1 104:1 105:1 106:1 107:1 108:1 109:1 110:1 111:1 112:1 114:1 115:1 116:1 117:1 118:1 121:1 122:1 225:1 233:1 253:1 318:1 382:1 
12 9:1 10:1 13:1 32:1 34:1 44:1 46:1 83:1 97:1 98:1 99:1 100:1 101:1 102:1 103:1 104:1 105:1 106:1 107:1 108:1 109:1 110:1 111:1 112:1 114:1 115:1 116:1 117:1 118:1 121:1 122:1 180:1 225:1 233:1 253:1 357:1 382:1 
12 9:1 10:1 13:1 32:1 44:1 46:1 48:1 50:1 53:1 75:1 78:1 79:1 97:1 98:1 99:1 100:1 101:1 103:1 104:1 105:1 106:1 107:1 108:1 109:1 110:1 111:1 112:1 114:1 115:1 116:1 117:1 118:1 119:1 121:1 122:1 225:1 243:1 253:1 269:1 318:1 
12 9:1 10:1 13:1 32:1 40:1 41:1 46:1 49:1 50:1 55:1 68:1 97:1 98:1 99:1 100:1 101:1 104:1 105:1 106:1 107:1 108:1 109:1 110:1 111:1 112:1 114:1 115:1 116:1 117:1 118:1 121:1 122:1 225:1 237:1 269:1 357:1 382:1 
12 9:1 10:1 13:1 32:1 44:1 46:1 67:1 72:1 97:1 98:1 99:1 100:1 101:1 104:1 105:1 106:1 107:1 108:1 109:1 110:1 111:1 112:1 114:1 115:1 116:1 117:1 118:1 121:1 122:1 
12 9:1 10:1 13:1 32:1 44:1 46:1 71:1 74:1 76:1 77:1 86:1 87:1 97:1 98:1 99:1 100:1 101:1 102:1 103:1 104:1 105:1 106:1 107:1 108:1 109:1 110:1 111:1 112:1 114:1 115:1 116:1 117:1 118:1 121:1 122:1 
12 9:1 10:1 13:1 32:1 44:1 46:1 80:1 82:1 83:1 97:1 98:1 99:1 100:1 101:1 104:1 105:1 106:1 107:1 108:1 109:1 110:1 111:1 112:1 114:1 115:1 116:1 117:1 118:1 121:1 122:1 225:1 237:1 244:1 250:1 253:1 382:1 
12 9:1 10:1 13:1 32:1 44:1 46:1 97:1 98:1 99:1 100:1 101:1 102:1 104:1 105:1 106:1 107:1 108:1 109:1 110:1 111:1 112:1 114:1 115:1 116:1 117:1 118:1 121:1 122:1 225:1 228:1 233:1 237:1 250:1 269:1 318:1 353:1 357:1 382:1 
12 9:1 10:1 13:1 32:1 44:1 46:1 97:1 98:1 99:1 100:1 101:1 102:1 104:1 105:1 106:1 107:1 108:1 109:1 110:1 111:1 112:1 114:1 115:1 116:1 117:1 118:1 120:1 121:1 122:1 
12 9:1 10:1 13:1 32:1 44:1 46:1 97:1 98:1 99:1 100:1 101:1 104:1 105:1 106:1 107:1 108:1 109:1 110:1 111:1 112:1 114:1 115:1 116:1 117:1 118:1 121:1 233:1 250:1 253:1 269:1 353:1 357:1 382:1 
12 9:1 10:1 13:1 32:1 40:1 41:1 44:1 46:1 52:1 55:1 97:1 98:1 99:1 100:1 101:1 102:1 104:1 105:1 106:1 107:1 108:1 109:1 110:1 111:1 112:1 114:1 115:1 116:1 117:1 118:1 121:1 122:1 225:1 233:1 237:1 250:1 253:1 269:1 353:1 357:1 
12 9:1 10:1 13:1 32:1 40:1 41:1 44:1 46:1 77:1 97:1 98:1 99:1 100:1 101:1 104:1 105:1 106:1 107:1 108:1 109:1 110:1 111:1 112:1 114:1 115:1 116:1 117:1 118:1 120:1 122:1 225:1 237:1 250:1 269:1 318:1 353:1 
12 9:1 10:1 13:1 32:1 44:1 46:1 66:1 86:1 97:1 98:1 99:1 100:1 101:1 104:1 105:1 106:1 107:1 108:1 109:1 110:1 111:1 112:1 114:1 115:1 116:1 117:1 118:1 120:1 121:1 122:1 225:1 237:1 244:1 253:1 269:1 353:1 382:1 
12 9:1 10:1 13:1 32:1 44:1 46:1 68:1 76:1 97:1 98:1 99:1 100:1 101:1 102:1 103:1 104:1 105:1 106:1 107:1 108:1 109:1 110:1 111:1 112:1 114:1 115:1 116:1 117:1 118:1 121:1 122:1 225:1 233:1 237:1 250:1 253:1 269:1 352:1 353:1 382:1 
12 9:1 10:1 13:1 32:1 44:1 46:1 49:1 50:1 53:1 65:1 78:1 79:1 82:1 83:1 85:1 97:1 98:1 99:1 100:1 101:1 102:1 103:1 104:1 105:1 106:1 107:1 108:1 109:1 110:1 111:1 112:1 114:1 115:1 116:1 117:1 118:1 121:1 122:1 225:1 233:1 237:1 243:1 253:1 269:1 318:1 328:1 353:1 382:1 
12 9:1 10:1 13:1 32:1 44:1 46:1 97:1 98:1 99:1 100:1 101:1 104:1 105:1 106:1 107:1 108:1 109:1 110:1 111:1 112:1 114:1 115:1 116:1 117:1 118:1 122:1 225:1 233:1 253:1 269:1 271:1 318:1 328:1 353:1 357:1 382:1 
12 9:1 10:1 13:1 32:1 40:1 41:1 44:1 46:1 69:1 97:1 98:1 99:1 100:1 101:1 104:1 105:1 106:1 107:1 108:1 109:1 110:1 111:1 112:1 114:1 115:1 116:1 117:1 118:1 121:1 122:1 218:1 225:1 237:1 243:1 250:1 269:1 353:1 357:1 382:1 
12 9:1 10:1 13:1 32:1 44:1 46:1 78:1 80:1 84:1 86:1 97:1 99:1 100:1 101:1 102:1 104:1 105:1 106:1 107:1 108:1 109:1 110:1 111:1 112:1 114:1 115:1 116:1 117:1 118:1 121:1 122:1 225:1 233:1 237:1 244:1 253:1 353:1 382:1 
12 9:1 10:1 13:1 32:1 44:1 46:1 48:1 49:1 50:1 97:1 98:1 99:1 100:1 101:1 104:1 105:1 106:1 107:1 108:1 109:1 110:1 111:1 112:1 115:1 116:1 117:1 118:1 121:1 122:1 225:1 237:1 244:1 250:1 253:1 269:1 
12 9:1 10:1 13:1 32:1 44:1 46:1 48:1 49:1 57:1 97:1 98:1 99:1 100:1 101:1 104:1 105:1 106:1 107:1 108:1 109:1 110:1 111:1 112:1 114:1 115:1 116:1 117:1 118:1 121:1 122:1 
12 9:1 10:1 13:1 32:1 34:1 44:1 46:1 66:1 68:1 83:1 97:1 98:1 99:1 100:1 101:1 102:1 104:1 105:1 106:1 107:1 108:1 109:1 110:1 111:1 112:1 114:1 115:1 116:1 117:1 118:1 119:1 121:1 122:1 225:1 228:1 237:1 317:1 328:1 382:1 
12 9:1 10:1 13:1 32:1 44:1 46:1 48:1 50:1 55:1 82:1 97:1 98:1 99:1 100:1 101:1 104:1 105:1 106:1 107:1 108:1 109:1 110:1 111:1 112:1 114:1 115:1 116:1 117:1 118:1 121:1 122:1 225:1 228:1 237:1 269:1 353:1 382:1 8211:1 
12 9:1 10:1 13:1 32:1 44:1 46:1 48:1 50:1 52:1 53:1 54:1 55:1 66:1 68:1 77:1 83:1 86:1 90:1 97:1 98:1 99:1 100:1 101:1 102:1 103:1 104:1 105:1 106:1 107:1 108:1 109:1 110:1 111:1 112:1 114:1 115:1 116:1 117:1 118:1 122:1 
12 9:1 10:1 13:1 32:1 44:1 46:1 97:1 98:1 99:1 100:1 101:1 102:1 104:1 105:1 106:1 107:1 108:1 109:1 110:1 111:1 112:1 114:1 115:1 116:1 117:1 118:1 121:1 122:1 225:1 233:1 237:1 244:1 250:1 253:1 269:1 353:1 382:1 8211:1 
12 9:1 10:1 13:1 32:1 44:1 46:1 97:1 98:1 99:1 100:1 101:1 102:1 103:1 104:1 105:1 106:1 107:1 108:1 109:1 110:1 111:1 112:1 114:1 115:1 116:1 117:1 118:1 121:1 225:1 233:1 237:1 250:1 269:1 353:1 357:1 382:1 8220:1 8222:1 
12 9:1 10:1 13:1 32:1 44:1 46:1 48:1 53:1 68:1 97:1 99:1 100:1 101:1 102:1 104:1 105:1 106:1 107:1 108:1 109:1 110:1 111:1 112:1 114:1 115:1 116:1 117:1 118:1 119:1 121:1 122:1 237:1 253:1 269:1 382:1 
12 9:1 10:1 13:1 32:1 44:1 46:1 49:1 57:1 69:1 97:1 98:1 99:1 100:1 101:1 102:1 103:1 104:1 105:1 106:1 107:1 108:1 109:1 110:1 111:1 112:1 114:1 115:1 116:1 117:1 118:1 121:1 122:1 218:1 225:1 237:1 253:1 318:1 382:1 
12 9:1 10:1 13:1 32:1 44:1 46:1 82:1 97:1 98:1 99:1 100:1 101:1 102:1 103:1 104:1 105:1 106:1 107:1 108:1 109:1 110:1 111:1 112:1 114:1 115:1 116:1 117:1 118:1 121:1 122:1 225:1 228:1 233:1 237:1 243:1 244:1 250:1 253:1 269:1 353:1 382:1 
12 9:1 10:1 13:1 32:1 34:1 44:1 46:1 74:1 77:1 80:1 97:1 98:1 99:1 100:1 101:1 104:1 105:1 106:1 107:1 108:1 109:1 110:1 111:1 112:1 114:1 115:1 116:1 117:1 118:1 121:1 122:1 225:1 233:1 237:1 244:1 250:1 269:1 317:1 328:1 353:1 357:1 382:1 
12 9:1 10:1 13:1 32:1 44:1 46:1 48:1 50:1 51:1 52:1 55:1 56:1 70:1 78:1 97:1 98:1 100:1 101:1 104:1 105:1 106:1 107:1 108:1 109:1 110:1 111:1 114:1 115:1 116:1 117:1 118:1 121:1 122:1 225:1 233:1 237:1 253:1 269:1 271:1 318:1 
12 9:1 10:1 13:1 32:1 44:1 46:1 97:1 99:1 100:1 101:1 103:1 104:1 105:1 106:1 107:1 108:1 109:1 110:1 111:1 112:1 114:1 115:1 116:1 117:1 118:1 121:1 122:1 225:1 233:1 237:1 250:1 253:1 269:1 328:1 353:1 
12 9:1 10:1 13:1 32:1 44:1 46:1 66:1 75:1 77:1 83:1 97:1 98:1 100:1 101:1 104:1 105:1 106:1 107:1 108:1 109:1 110:1 111:1 112:1 114:1 115:1 116:1 117:1 118:1 121:1 225:1 233:1 253:1 271:1 318:1 328:1 357:1 382:1 8221:1 8222:1 
12 9:1 10:1 13:1 32:1 44:1 46:1 97:1 98:1 100:1 101:1 104:1 105:1 106:1 107:1 109:1 110:1 111:1 112:1 114:1 115:1 116:1 118:1 121:1 122:1 228:1 237:1 244:1 250:1 253:1 269:1 357:1 382:1 
12 9:1 10:1 13:1 32:1 44:1 46:1 48:1 49:1 50:1 53:1 54:1 97:1 98:1 99:1 100:1 101:1 103:1 104:1 105:1 106:1 107:1 108:1 109:1 110:1 111:1 112:1 114:1 115:1 116:1 117:1 118:1 119:1 121:1 122:1 225:1 233:1 237:1 250:1 253:1 269:1 271:1 353:1 382:1 
12 9:1 10:1 13:1 32:1 44:1 46:1 49:1 67:1 75:1 76:1 83:1 97:1 98:1 99:1 100:1 101:1 104:1 105:1 106:1 107:1 108:1 109:1 110:1 111:1 112:1 114:1 115:1 116:1 117:1 118:1 121:1 122:1 
12 9:1 10:1 13:1 32:1 44:1 46:1 78:1 82:1 86:1 90:1 97:1 98:1 99:1 100:1 101:1 102:1 103:1 104:1 105:1 106:1 107:1 108:1 109:1 110:1 111:1 112:1 114:1 115:1 116:1 117:1 118:1 121:1 122:1 225:1 233:1 237:1 244:1 250:1 253:1 269:1 318:1 353:1 357:1 382:1 8220:1 8222:1 
12 9:1 10:1 13:1 32:1 40:1 41:1 44:1 46:1 68:1 69:1 82:1 84:1 97:1 98:1 99:1 100:1 101:1 104:1 105:1 107:1 108:1 109:1 110:1 111:1 112:1 114:1 115:1 116:1 117:1 118:1 121:1 122:1 225:1 237:1 353:1 382:1 8211:1 
12 9:1 10:1 13:1 32:1 44:1 46:1 78:1 83:1 84:1 97:1 98:1 99:1 100:1 101:1 103:1 104:1 105:1 106:1 107:1 108:1 109:1 110:1 111:1 112:1 114:1 115:1 116:1 117:1 118:1 120:1 122:1 225:1 228:1 237:1 253:1 269:1 353:1 357:1 
12 9:1 10:1 13:1 32:1 44:1 46:1 75:1 97:1 98:1 99:1 100:1 101:1 104:1 105:1 106:1 107:1 108:1 109:1 110:1 111:1 112:1 114:1 115:1 116:1 118:1 122:1 225:1 237:1 243:1 253:1 269:1 318:1 357:1 382:1 8211:1 
12 9:1 10:1 13:1 32:1 44:1 46:1 97:1 98:1 99:1 100:1 101:1 104:1 105:1 106:1 107:1 108:1 109:1 110:1 111:1 112:1 114:1 115:1 116:1 117:1 118:1 121:1 122:1 225:1 233:1 244:1 250:1 269:1 318:1 353:1 357:1 382:1 
13 9:1 10:1 13:1 32:1 44:1 45:1 46:1 48:1 50:1 53:1 65:1 70:1 75:1 78:1 79:1 82:1 84:1 97:1 99:1 100:1 101:1 103:1 104:1 105:1 106:1 107:1 108:1 109:1 110:1 111:1 112:1 114:1 115:1 116:1 117:1 118:1 122:1 171:1 187:1 353:1 
13 9:1 10:1 13:1 32:1 40:1 41:1 44:1 45:1 46:1 54:1 65:1 73:1 74:1 75:1 77:1 78:1 82:1 84:1 85:1 97:1 99:1 100:1 101:1 103:1 105:1 106:1 107:1 108:1 109:1 110:1 111:1 112:1 114:1 115:1 116:1 117:1 118:1 122:1 263:1 
13 9:1 10:1 13:1 32:1 40:1 41:1 44:1 46:1 57:1 66:1 69:1 79:1 80:1 83:1 97:1 98:1 99:1 100:1 101:1 103:1 104:1 105:1 106:1 107:1 108:1 109:1 110:1 111:1 112:1 114:1 115:1 116:1 117:1 118:1 122:1 263:1 269:1 353:1 382:1 
13 9:1 10:1 13:1 32:1 34:1 44:1 46:1 75:1 77:1 83:1 97:1 98:1 99:1 100:1 101:1 102:1 104:1 105:1 106:1 107:1 108:1 109:1 110:1 111:1 112:1 114:1 115:1 116:1 117:1 118:1 122:1 269:1 353:1 382:1 
13 9:1 10:1 13:1 32:1 44:1 66:1 67:1 97:1 98:1 99:1 100:1 101:1 103:1 104:1 105:1 106:1 107:1 108:1 109:1 110:1 111:1 112:1 114:1 115:1 116:1 117:1 118:1 122:1 263:1 273:1 382:1 
13 9:1 10:1 13:1 32:1 44:1 46:1 66:1 84:1 97:1 98:1 99:1 100:1 101:1 102:1 103:1 104:1 105:1 106:1 107:1 108:1 109:1 110:1 111:1 112:1 114:1 115:1 116:1 117:1 118:1 122:1 263:1 269:1 353:1 
13 9:1 10:1 13:1 32:1 44:1 46:1 48:1 49:1 51:1 52:1 53:1 54:1 56:1 57:1 97:1 98:1 99:1 100:1 101:1 103:1 104:1 105:1 106:1 107:1 108:1 109:1 110:1 111:1 112:1 114:1 115:1 117:1 118:1 122:1 269:1 273:1 382:1 
13 9:1 10:1 13:1 32:1 44:1 46:1 97:1 98:1 99:1 100:1 101:1 103:1 104:1 105:1 106:1 107:1 108:1 109:1 110:1 111:1 112:1 114:1 115:1 116:1 117:1 118:1 122:1 269:1 273:1 
13 9:1 10:1 13:1 32:1 44:1 46:1 74:1 82:1 83:1 97:1 98:1 99:1 100:1 101:1 102:1 103:1 104:1 105:1 106:1 107:1 108:1 109:1 110:1 111:1 112:1 114:1 115:1 116:1 117:1 118:1 122:1 171:1 187:1 269:1 273:1 353:1 382:1 
13 9:1 10:1 13:1 32:1 44:1 46:1 48:1 52:1 65:1 66:1 73:1 75:1 77:1 78:1 79:1 80:1 82:1 83:1 86:1 97:1 98:1 99:1 100:1 101:1 103:1 105:1 106:1 107:1 108:1 109:1 110:1 111:1 112:1 114:1 115:1 116:1 117:1 118:1 122:1 269:1 353:1 
13 9:1 10:1 13:1 32:1 44:1 46:1 50:1 53:1 68:1 69:1 71:1 78:1 79:1 82:1 83:1 97:1 98:1 100:1 101:1 103:1 105:1 106:1 107:1 108:1 109:1 110:1 111:1 112:1 114:1 115:1 116:1 117:1 118:1 122:1 263:1 353:1 
13 9:1 10:1 13:1 32:1 34:1 44:1 46:1 66:1 78:1 83:1 97:1 99:1 100:1 101:1 103:1 105:1 106:1 107:1 108:1 109:1 110:1 111:1 112:1 114:1 115:1 116:1 117:1 118:1 122:1 263:1 273:1 382:1 
13 9:1 10:1 13:1 32:1 44:1 46:1 74:1 77:1 78:1 84:1 90:1 97:1 98:1 99:1 100:1 101:1 103:1 105:1 106:1 107:1 108:1 109:1 110:1 111:1 112:1 114:1 115:1 116:1 117:1 118:1 122:1 171:1 187:1 269:1 353:1 382:1 
13 9:1 10:1 13:1 32:1 44:1 46:1 48:1 53:1 66:1 68:1 79:1 82:1 83:1 86:1 97:1 98:1 99:1 100:1 101:1 102:1 103:1 104:1 105:1 106:1 107:1 108:1 109:1 110:1 111:1 112:1 114:1 115:1 116:1 117:1 118:1 122:1 263:1 269:1 353:1 382:1 
13 9:1 10:1 13:1 32:1 44:1 46:1 66:1 69:1 72:1 83:1 84:1 85:1 97:1 98:1 100:1 101:1 103:1 105:1 106:1 107:1 108:1 109:1 110:1 111:1 112:1 114:1 115:1 116:1 117:1 118:1 122:1 263:1 269:1 
13 9:1 10:1 13:1 32:1 44:1 46:1 79:1 82:1 84:1 97:1 99:1 100:1 101:1 102:1 103:1 105:1 106:1 107:1 108:1 109:1 110:1 111:1 112:1 114:1 115:1 116:1 117:1 118:1 122:1 171:1 187:1 263:1 353:1 382:1 
13 9:1 10:1 13:1 32:1 44:1 46:1 75:1 86:1 97:1 98:1 99:1 100:1 101:1 104:1 105:1 106:1 107:1 108:1 109:1 110:1 111:1 112:1 114:1 115:1 116:1 117:1 118:1 122:1 263:1 269:1 353:1 8220:1 
13 9:1 10:1 13:1 32:1 44:1 46:1 48:1 53:1 65:1 66:1 68:1 69:1 70:1 72:1 80:1 83:1 91:1 93:1 97:1 98:1 99:1 100:1 101:1 103:1 105:1 106:1 107:1 108:1 110:1 111:1 112:1 114:1 115:1 116:1 117:1 118:1 122:1 263:1 269:1 353:1 382:1 
13 9:1 10:1 13:1 32:1 34:1 44:1 46:1 72:1 82:1 83:1 86:1 97:1 99:1 100:1 101:1 103:1 105:1 106:1 107:1 108:1 109:1 110:1 111:1 112:1 114:1 115:1 116:1 117:1 118:1 122:1 353:1 
13 9:1 10:1 13:1 32:1 44:1 46:1 72:1 77:1 83:1 97:1 98:1 100:1 101:1 103:1 104:1 105:1 106:1 107:1 108:1 109:1 110:1 111:1 112:1 114:1 115:1 116:1 117:1 118:1 122:1 171:1 187:1 353:1 382:1 
13 9:1 10:1 13:1 32:1 44:1 46:1 65:1 77:1 78:1 79:1 83:1 84:1 97:1 98:1 100:1 101:1 103:1 105:1 106:1 107:1 108:1 109:1 110:1 111:1 112:1 114:1 115:1 116:1 118:1 122:1 353:1 8220:1 
13 9:1 10:1 13:1 32:1 44:1 46:1 66:1 68:1 97:1 98:1 99:1 100:1 101:1 103:1 104:1 105:1 106:1 107:1 108:1 109:1 110:1 111:1 112:1 114:1 115:1 116:1 117:1 118:1 122:1 171:1 187:1 269:1 353:1 382:1 
13 9:1 10:1 13:1 32:1 34:1 40:1 41:1 44:1 46:1 66:1 67:1 72:1 73:1 80:1 82:1 83:1 85:1 86:1 97:1 98:1 99:1 100:1 101:1 103:1 104:1 105:1 106:1 107:1 108:1 109:1 110:1 111:1 112:1 114:1 115:1 116:1 117:1 118:1 122:1 263:1 269:1 353:1 
13 9:1 10:1 13:1 32:1 44:1 45:1 46:1 70:1 77:1 80:1 97:1 98:1 99:1 100:1 101:1 102:1 103:1 105:1 106:1 107:1 108:1 109:1 110:1 111:1 112:1 114:1 115:1 116:1 117:1 118:1 122:1 171:1 187:1 269:1 273:1 353:1 
13 9:1 10:1 13:1 32:1 40:1 41:1 44:1 46:1 83:1 97:1 98:1 99:1 100:1 101:1 103:1 105:1 106:1 107:1 108:1 109:1 110:1 111:1 112:1 114:1 115:1 116:1 117:1 118:1 122:1 268:1 269:1 273:1 353:1 382:1 
13 9:1 10:1 13:1 32:1 44:1 46:1 70:1 77:1 78:1 84:1 97:1 100:1 101:1 102:1 103:1 104:1 105:1 106:1 107:1 108:1 109:1 110:1 111:1 112:1 114:1 115:1 116:1 117:1 118:1 122:1 171:1 187:1 273:1 
13 9:1 10:1 13:1 32:1 40:1 41:1 44:1 46:1 49:1 53:1 55:1 68:1 71:1 77:1 78:1 83:1 85:1 97:1 98:1 99:1 100:1 101:1 103:1 105:1 106:1 107:1 108:1 109:1 110:1 111:1 112:1 114:1 115:1 116:1 117:1 118:1 122:1 263:1 269:1 273:1 353:1 382:1 
13 9:1 10:1 13:1 32:1 44:1 46:1 66:1 71:1 72:1 75:1 77:1 82:1 84:1 97:1 98:1 99:1 100:1 101:1 103:1 105:1 106:1 107:1 108:1 109:1 110:1 111:1 112:1 114:1 115:1 116:1 117:1 118:1 122:1 263:1 269:1 382:1 
13 9:1 10:1 13:1 32:1 44:1 46:1 69:1 77:1 83:1 97:1 98:1 99:1 100:1 101:1 103:1 105:1 106:1 107:1 108:1 109:1 110:1 111:1 112:1 114:1 115:1 116:1 117:1 118:1 122:1 353:1 382:1 
13 9:1 10:1 13:1 32:1 44:1 46:1 48:1 50:1 52:1 65:1 71:1 75:1 97:1 98:1 99:1 100:1 101:1 103:1 105:1 106:1 107:1 108:1 109:1 110:1 111:1 112:1 114:1 115:1 116:1 117:1 118:1 263:1 269:1 353:1 382:1 
13 9:1 10:1 13:1 32:1 34:1 44:1 46:1 75:1 83:1 97:1 98:1 99:1 100:1 101:1 103:1 105:1 106:1 107:1 108:1 109:1 110:1 111:1 112:1 114:1 115:1 116:1 117:1 118:1 122:1 263:1 352:1 353:1 382:1 
13 9:1 10:1 13:1 32:1 44:1 46:1 74:1 97:1 98:1 100:1 101:1 103:1 104:1 105:1 106:1 107:1 108:1 109:1 110:1 111:1 112:1 114:1 115:1 116:1 117:1 118:1 122:1 263:1 269:1 382:1 
13 9:1 10:1 13:1 32:1 44:1 46:1 75:1 78:1 83:1 90:1 97:1 100:1 101:1 102:1 103:1 105:1 106:1 107:1 108:1 109:1 110:1 111:1 112:1 114:1 115:1 116:1 117:1 118:1 122:1 171:1 187:1 269:1 273:1 353:1 382:1 
13 9:1 10:1 13:1 32:1 44:1 45:1 46:1 66:1 68:1 71:1 77:1 82:1 83:1 84:1 85:1 86:1 97:1 98:1 99:1 100:1 101:1 103:1 104:1 105:1 106:1 107:1 108:1 109:1 110:1 111:1 112:1 114:1 115:1 116:1 117:1 118:1 122:1 263:1 269:1 353:1 382:1 
13 9:1 10:1 13:1 32:1 44:1 45:1 46:1 65:1 66:1 75:1 78:1 79:1 83:1 84:1 97:1 98:1 99:1 100:1 101:1 102:1 103:1 105:1 106:1 107:1 108:1 109:1 110:1 111:1 112:1 114:1 115:1 116:1 117:1 118:1 122:1 263:1 269:1 273:1 
13 9:1 10:1 13:1 32:1 44:1 46:1 49:1 57:1 75:1 97:1 98:1 99:1 100:1 101:1 103:1 104:1 105:1 106:1 107:1 108:1 109:1 110:1 111:1 112:1 114:1 115:1 116:1 117:1 118:1 122:1 263:1 353:1 382:1 
13 9:1 10:1 13:1 32:1 46:1 97:1 98:1 99:1 100:1 101:1 102:1 103:1 104:1 105:1 106:1 107:1 108:1 109:1 110:1 111:1 112:1 114:1 115:1 116:1 117:1 118:1 122:1 263:1 269:1 273:1 
13 9:1 10:1 13:1 32:1 44:1 46:1 49:1 50:1 55:1 56:1 57:1 75:1 97:1 98:1 99:1 100:1 101:1 102:1 103:1 104:1 105:1 106:1 107:1 108:1 109:1 110:1 111:1 112:1 114:1 115:1 116:1 117:1 118:1 122:1 263:1 269:1 273:1 353:1 
13 9:1 10:1 13:1 32:1 44:1 46:1 65:1 69:1 78:1 79:1 84:1 85:1 97:1 98:1 99:1 100:1 101:1 103:1 105:1 106:1 107:1 108:1 109:1 110:1 111:1 112:1 114:1 115:1 116:1 117:1 118:1 122:1 171:1 187:1 263:1 269:1 273:1 353:1 382:1 
13 9:1 10:1 13:1 32:1 44:1 46:1 48:1 52:1 65:1 66:1 76:1 84:1 97:1 98:1 99:1 100:1 101:1 103:1 105:1 106:1 107:1 108:1 109:1 110:1 111:1 112:1 114:1 115:1 116:1 117:1 118:1 122:1 263:1 269:1 273:1 353:1 382:1 
13 9:1 10:1 13:1 32:1 46:1 48:1 51:1 52:1 56:1 65:1 66:1 82:1 83:1 84:1 97:1 98:1 99:1 100:1 101:1 102:1 105:1 106:1 107:1 108:1 109:1 110:1 111:1 112:1 114:1 115:1 116:1 117:1 118:1 122:1 269:1 353:1 
13 9:1 10:1 13:1 32:1 44:1 46:1 49:1 50:1 66:1 83:1 84:1 97:1 98:1 99:1 100:1 101:1 103:1 105:1 106:1 107:1 108:1 109:1 110:1 111:1 112:1 114:1 115:1 116:1 117:1 118:1 122:1 263:1 269:1 273:1 353:1 382:1 
13 9:1 10:1 13:1 32:1 44:1 46:1 52:1 53:1 97:1 98:1 100:1 101:1 103:1 105:1 106:1 107:1 108:1 109:1 110:1 111:1 112:1 114:1 115:1 116:1 117:1 118:1 122:1 269:1 273:1 353:1 382:1 
13 9:1 10:1 13:1 32:1 34:1 46:1 66:1 69:1 73:1 74:1 79:1 84:1 97:1 100:1 101:1 103:1 104:1 105:1 106:1 107:1 108:1 109:1 110:1 111:1 112:1 114:1 115:1 116:1 117:1 118:1 122:1 263:1 273:1 353:1 382:1 
13 9:1 10:1 13:1 32:1 34:1 44:1 46:1 67:1 71:1 97:1 100:1 101:1 103:1 105:1 106:1 107:1 108:1 109:1 110:1 111:1 112:1 114:1 115:1 116:1 117:1 118:1 122:1 263:1 353:1 382:1 
13 9:1 10:1 13:1 32:1 44:1 46:1 67:1 68:1 71:1 80:1 83:1 97:1 98:1 100:1 101:1 103:1 105:1 106:1 107:1 108:1 109:1 110:1 111:1 112:1 114:1 115:1 116:1 117:1 118:1 122:1 263:1 273:1 382:1 
13 9:1 10:1 13:1 32:1 44:1 45:1 46:1 65:1 75:1 77:1 78:1 82:1 85:1 97:1 99:1 100:1 101:1 103:1 104:1 105:1 106:1 107:1 108:1 109:1 110:1 111:1 112:1 114:1 115:1 116:1 117:1 118:1 122:1 263:1 
13 9:1 10:1 13:1 32:1 44:1 46:1 69:1 77:1 82:1 83:1 97:1 98:1 99:1 100:1 101:1 103:1 104:1 105:1 106:1 107:1 108:1 109:1 110:1 111:1 112:1 114:1 115:1 116:1 117:1 118:1 122:1 171:1 187:1 263:1 269:1 353:1 382:1 
13 9:1 10:1 13:1 32:1 44:1 46:1 48:1 50:1 53:1 66:1 67:1 97:1 98:1 100:1 101:1 103:1 104:1 105:1 106:1 107:1 108:1 109:1 110:1 111:1 112:1 114:1 115:1 116:1 117:1 118:1 122:1 263:1 269:1 273:1 353:1 382:1 
13 9:1 10:1 13:1 32:1 44:1 46:1 85:1 97:1 98:1 99:1 100:1 101:1 103:1 105:1 106:1 107:1 108:1 109:1 110:1 111:1 112:1 114:1 115:1 116:1 117:1 118:1 122:1 171:1 187:1 263:1 269:1 353:1 382:1 
13 9:1 10:1 13:1 32:1 44:1 46:1 48:1 49:1 56:1 77:1 83:1 97:1 98:1 99:1 100:1 101:1 102:1 103:1 105:1 106:1 107:1 108:1 109:1 110:1 111:1 112:1 114:1 115:1 116:1 117:1 118:1 122:1 269:1 353:1 
13 9:1 10:1 13:1 32:1 44:1 46:1 65:1 78:1 84:1 97:1 98:1 100:1 101:1 103:1 105:1 106:1 107:1 108:1 109:1 110:1 111:1 112:1 114:1 115:1 116:1 117:1 118:1 122:1 171:1 187:1 269:1 273:1 
13 9:1 10:1 13:1 32:1 34:1 44:1 45:1 46:1 77:1 83:1 84:1 91:1 93:1 97:1 98:1 99:1 100:1 101:1 103:1 104:1 105:1 106:1 107:1 108:1 109:1 110:1 111:1 112:1 114:1 115:1 116:1 117:1 118:1 122:1 263:1 353:1 
13 9:1 10:1 13:1 32:1 44:1 46:1 48:1 55:1 65:1 97:1 98:1 99:1 100:1 101:1 103:1 104:1 105:1 106:1 107:1 108:1 109:1 110:1 111:1 112:1 114:1 115:1 116:1 117:1 118:1 122:1 269:1 273:1 
13 9:1 10:1 13:1 32:1 34:1 44:1 46:1 48:1 49:1 75:1 83:1 97:1 98:1 99:1 100:1 101:1 103:1 104:1 105:1 106:1 107:1 108:1 109:1 110:1 111:1 112:1 114:1 115:1 116:1 117:1 118:1 263:1 269:1 273:1 353:1 382:1 
13 9:1 10:1 13:1 32:1 44:1 45:1 46:1 54:1 75:1 97:1 98:1 99:1 100:1 101:1 102:1 103:1 105:1 106:1 107:1 108:1 109:1 110:1 111:1 112:1 114:1 115:1 116:1 117:1 118:1 122:1 269:1 353:1 
13 9:1 10:1 13:1 32:1 44:1 46:1 97:1 98:1 99:1 100:1 101:1 103:1 104:1 105:1 106:1 107:1 108:1 109:1 110:1 111:1 112:1 114:1 115:1 116:1 117:1 118:1 122:1 263:1 353:1 
13 9:1 10:1 13:1 32:1 46:1 82:1 83:1 97:1 98:1 99:1 100:1 101:1 102:1 103:1 105:1 106:1 107:1 108:1 109:1 110:1 111:1 112:1 114:1 115:1 116:1 117:1 118:1 122:1 263:1 273:1 353:1 
13 9:1 10:1 13:1 32:1 33:1 44:1 46:1 78:1 80:1 97:1 98:1 99:1 100:1 101:1 103:1 104:1 105:1 106:1 107:1 108:1 109:1 110:1 111:1 112:1 114:1 115:1 116:1 117:1 118:1 122:1 263:1 269:1 273:1 353:1 382:1 
13 9:1 10:1 13:1 32:1 40:1 41:1 46:1 82:1 83:1 97:1 98:1 99:1 100:1 101:1 102:1 104:1 105:1 106:1 107:1 108:1 109:1 110:1 111:1 112:1 114:1 115:1 116:1 117:1 118:1 122:1 269:1 273:1 353:1 382:1 
13 9:1 10:1 13:1 32:1 34:1 44:1 46:1 66:1 72:1 83:1 97:1 98:1 99:1 100:1 101:1 103:1 105:1 106:1 107:1 108:1 109:1 110:1 111:1 114:1 115:1 116:1 117:1 118:1 382:1 
13 9:1 10:1 13:1 32:1 44:1 46:1 48:1 49:1 50:1 53:1 55:1 56:1 97:1 98:1 99:1 100:1 101:1 103:1 105:1 106:1 107:1 109:1 110:1 111:1 112:1 114:1 115:1 116:1 117:1 118:1 122:1 353:1 382:1 
13 9:1 10:1 13:1 32:1 40:1 41:1 46:1 65:1 69:1 70:1 72:1 75:1 80:1 83:1 85:1 91:1 93:1 97:1 98:1 100:1 101:1 105:1 106:1 107:1 108:1 109:1 110:1 111:1 112:1 114:1 115:1 116:1 117:1 118:1 122:1 263:1 269:1 382:1 
13 9:1 10:1 13:1 32:1 44:1 46:1 65:1 78:1 84:1 97:1 98:1 100:1 101:1 105:1 106:1 107:1 108:1 109:1 110:1 111:1 112:1 114:1 115:1 116:1 117:1 118:1 122:1 263:1 269:1 353:1 8220:1 8222:1 
13 9:1 10:1 13:1 32:1 40:1 41:1 45:1 46:1 69:1 70:1 79:1 82:1 85:1 97:1 99:1 100:1 101:1 103:1 105:1 106:1 107:1 108:1 109:1 110:1 111:1 112:1 114:1 115:1 116:1 117:1 118:1 
13 9:1 10:1 13:1 32:1 46:1 97:1 98:1 99:1 100:1 101:1 105:1 106:1 107:1 108:1 109:1 110:1 111:1 112:1 114:1 115:1 116:1 117:1 118:1 122:1 263:1 269:1 273:1 353:1 382:1 
13 9:1 10:1 13:1 32:1 45:1 46:1 59:1 65:1 66:1 67:1 68:1 71:1 72:1 73:1 77:1 83:1 97:1 98:1 99:1 100:1 101:1 102:1 103:1 105:1 106:1 107:1 108:1 109:1 110:1 111:1 112:1 114:1 115:1 116:1 117:1 118:1 269:1 382:1 
13 9:1 10:1 13:1 32:1 44:1 46:1 71:1 79:1 80:1 97:1 98:1 99:1 100:1 101:1 103:1 104:1 105:1 106:1 107:1 108:1 109:1 110:1 111:1 112:1 114:1 115:1 116:1 117:1 118:1 122:1 263:1 353:1 382:1 
13 9:1 10:1 13:1 32:1 44:1 46:1 48:1 49:1 51:1 68:1 75:1 80:1 97:1 98:1 99:1 100:1 101:1 103:1 104:1 105:1 106:1 107:1 108:1 109:1 110:1 111:1 112:1 114:1 115:1 116:1 117:1 118:1 122:1 263:1 269:1 353:1 
13 9:1 10:1 13:1 32:1 34:1 44:1 46:1 65:1 75:1 77:1 80:1 97:1 98:1 99:1 100:1 101:1 102:1 103:1 105:1 106:1 107:1 108:1 109:1 110:1 111:1 112:1 114:1 115:1 116:1 117:1 118:1 122:1 263:1 353:1 382:1 
13 9:1 10:1 13:1 32:1 34:1 44:1 46:1 65:1 77:1 97:1 98:1 99:1 100:1 101:1 104:1 105:1 106:1 107:1 108:1 109:1 110:1 111:1 112:1 114:1 115:1 116:1 117:1 118:1 122:1 353:1 382:1 
13 9:1 10:1 13:1 32:1 44:1 46:1 48:1 49:1 66:1 73:1 77:1 80:1 82:1 83:1 90:1 97:1 98:1 99:1 100:1 101:1 103:1 104:1 105:1 106:1 107:1 108:1 109:1 110:1 111:1 112:1 114:1 115:1 116:1 117:1 118:1 122:1 263:1 269:1 
13 9:1 10:1 13:1 32:1 44:1 46:1 65:1 66:1 73:1 77:1 78:1 97:1 100:1 101:1 102:1 104:1 105:1 106:1 107:1 108:1 109:1 110:1 111:1 112:1 114:1 115:1 116:1 117:1 118:1 269:1 273:1 382:1 
13 9:1 10:1 13:1 32:1 44:1 46:1 83:1 97:1 98:1 99:1 100:1 101:1 103:1 104:1 105:1 106:1 107:1 108:1 109:1 110:1 111:1 112:1 114:1 115:1 116:1 117:1 118:1 122:1 263:1 353:1 8220:1 8221:1 
13 9:1 10:1 13:1 32:1 44:1 46:1 65:1 66:1 69:1 75:1 78:1 79:1 83:1 84:1 97:1 98:1 99:1 100:1 101:1 104:1 105:1 106:1 107:1 108:1 109:1 110:1 111:1 112:1 114:1 115:1 116:1 117:1 118:1 122:1 269:1 273:1 353:1 8220:1 8222:1 
13 9:1 10:1 13:1 32:1 40:1 41:1 44:1 46:1 68:1 75:1 83:1 86:1 97:1 98:1 99:1 100:1 101:1 103:1 104:1 105:1 106:1 107:1 108:1 109:1 110:1 111:1 112:1 114:1 115:1 116:1 117:1 118:1 122:1 269:1 273:1 353:1 
13 9:1 10:1 13:1 32:1 44:1 46:1 65:1 78:1 79:1 84:1 97:1 98:1 100:1 101:1 102:1 103:1 105:1 106:1 107:1 108:1 110:1 111:1 112:1 114:1 115:1 116:1 117:1 118:1 122:1 263:1 269:1 353:1 
13 9:1 10:1 13:1 32:1 45:1 46:1 55:1 77:1 97:1 98:1 99:1 100:1 101:1 103:1 105:1 106:1 107:1 108:1 109:1 110:1 111:1 112:1 114:1 115:1 116:1 117:1 118:1 122:1 353:1 
13 9:1 10:1 13:1 32:1 34:1 44:1 46:1 66:1 69:1 70:1 73:1 75:1 97:1 100:1 101:1 103:1 105:1 106:1 107:1 108:1 109:1 110:1 111:1 112:1 114:1 115:1 116:1 117:1 118:1 122:1 263:1 269:1 353:1 382:1 
13 9:1 10:1 13:1 32:1 44:1 46:1 69:1 75:1 83:1 85:1 91:1 93:1 97:1 98:1 99:1 100:1 101:1 103:1 104:1 105:1 106:1 107:1 108:1 109:1 110:1 111:1 112:1 114:1 115:1 116:1 117:1 118:1 122:1 269:1 273:1 353:1 8222:1 
13 9:1 10:1 13:1 32:1 40:1 41:1 44:1 46:1 50:1 51:1 75:1 77:1 79:1 84:1 86:1 97:1 98:1 100:1 101:1 103:1 105:1 106:1 107:1 108:1 109:1 110:1 111:1 112:1 114:1 115:1 116:1 117:1 118:1 122:1 263:1 269:1 273:1 382:1 
13 9:1 10:1 13:1 32:1 44:1 46:1 65:1 71:1 73:1 77:1 83:1 97:1 98:1 99:1 100:1 101:1 103:1 105:1 106:1 107:1 108:1 109:1 110:1 111:1 112:1 114:1 115:1 116:1 117:1 118:1 122:1 187:1 263:1 269:1 273:1 353:1 382:1 
13 9:1 10:1 13:1 32:1 46:1 65:1 69:1 75:1 78:1 83:1 84:1 97:1 99:1 100:1 101:1 102:1 103:1 105:1 106:1 107:1 108:1 109:1 110:1 111:1 112:1 114:1 115:1 116:1 117:1 118:1 122:1 263:1 269:1 353:1 
13 9:1 10:1 13:1 32:1 44:1 46:1 97:1 98:1 99:1 100:1 101:1 103:1 105:1 106:1 107:1 108:1 109:1 110:1 111:1 112:1 114:1 115:1 116:1 117:1 118:1 122:1 263:1 273:1 353:1 382:1 
13 9:1 10:1 13:1 32:1 44:1 46:1 50:1 51:1 67:1 70:1 73:1 75:1 78:1 80:1 81:1 82:1 85:1 90:1 97:1 98:1 99:1 100:1 101:1 102:1 103:1 104:1 105:1 106:1 107:1 108:1 109:1 110:1 111:1 112:1 114:1 115:1 116:1 117:1 118:1 120:1 122:1 263:1 269:1 273:1 353:1 382:1 
13 9:1 10:1 13:1 32:1 46:1 65:1 73:1 97:1 98:1 100:1 101:1 103:1 105:1 106:1 107:1 108:1 109:1 110:1 111:1 112:1 114:1 115:1 116:1 117:1 118:1 122:1 263:1 269:1 
13 9:1 10:1 13:1 32:1 34:1 44:1 46:1 65:1 70:1 73:1 75:1 77:1 82:1 83:1 85:1 86:1 97:1 98:1 99:1 100:1 101:1 102:1 103:1 104:1 105:1 106:1 107:1 108:1 109:1 110:1 111:1 112:1 114:1 115:1 116:1 117:1 118:1 122:1 263:1 269:1 353:1 382:1 
13 9:1 10:1 13:1 32:1 44:1 46:1 66:1 82:1 86:1 97:1 98:1 99:1 100:1 101:1 102:1 103:1 105:1 106:1 107:1 108:1 109:1 110:1 111:1 112:1 114:1 115:1 116:1 117:1 118:1 122:1 269:1 382:1 8220:1 8222:1 
13 9:1 10:1 13:1 32:1 44:1 46:1 48:1 50:1 55:1 66:1 69:1 73:1 74:1 78:1 85:1 97:1 98:1 99:1 100:1 101:1 103:1 105:1 106:1 107:1 108:1 109:1 110:1 111:1 112:1 114:1 115:1 116:1 117:1 118:1 122:1 171:1 187:1 263:1 269:1 353:1 
13 9:1 10:1 13:1 32:1 46:1 51:1 53:1 97:1 99:1 100:1 101:1 102:1 103:1 105:1 106:1 107:1 108:1 109:1 110:1 111:1 112:1 114:1 115:1 116:1 117:1 122:1 269:1 273:1 
13 9:1 10:1 13:1 32:1 40:1 41:1 46:1 66:1 69:1 70:1 71:1 73:1 76:1 78:1 80:1 86:1 91:1 93:1 97:1 98:1 99:1 100:1 101:1 102:1 103:1 105:1 106:1 107:1 108:1 109:1 110:1 111:1 112:1 114:1 115:1 116:1 117:1 118:1 122:1 382:1 
13 9:1 10:1 13:1 32:1 34:1 44:1 46:1 68:1 71:1 73:1 75:1 78:1 80:1 83:1 85:1 86:1 91:1 93:1 97:1 98:1 99:1 100:1 101:1 103:1 105:1 106:1 107:1 108:1 109:1 110:1 111:1 112:1 114:1 115:1 116:1 117:1 118:1 122:1 263:1 353:1 382:1 
13 9:1 10:1 13:1 32:1 44:1 46:1 65:1 70:1 77:1 80:1 83:1 97:1 98:1 99:1 100:1 101:1 102:1 103:1 105:1 106:1 107:1 109:1 110:1 111:1 112:1 114:1 115:1 116:1 117:1 118:1 122:1 171:1 187:1 263:1 353:1 
13 9:1 10:1 13:1 32:1 44:1 46:1 49:1 53:1 77:1 80:1 86:1 90:1 97:1 98:1 99:1 100:1 101:1 103:1 104:1 105:1 106:1 107:1 108:1 109:1 110:1 111:1 112:1 114:1 115:1 116:1 117:1 118:1 122:1 263:1 269:1 273:1 353:1 381:1 382:1 8220:1 8222:1 
13 9:1 10:1 13:1 32:1 40:1 41:1 46:1 49:1 56:1 65:1 66:1 70:1 73:1 77:1 82:1 97:1 98:1 99:1 100:1 101:1 103:1 105:1 106:1 107:1 108:1 109:1 110:1 111:1 112:1 114:1 115:1 116:1 117:1 118:1 122:1 269:1 273:1 
13 9:1 10:1 13:1 32:1 44:1 46:1 71:1 97:1 99:1 100:1 101:1 103:1 104:1 105:1 106:1 107:1 108:1 109:1 110:1 111:1 112:1 114:1 115:1 116:1 117:1 118:1 122:1 269:1 352:1 353:1 
13 9:1 10:1 13:1 32:1 34:1 44:1 46:1 75:1 80:1 97:1 98:1 99:1 100:1 101:1 102:1 103:1 104:1 105:1 106:1 107:1 108:1 109:1 110:1 111:1 112:1 114:1 115:1 116:1 117:1 118:1 122:1 263:1 269:1 353:1 
13 9:1 10:1 13:1 32:1 44:1 46:1 48:1 52:1 71:1 75:1 84:1 97:1 98:1 100:1 101:1 103:1 104:1 105:1 106:1 107:1 108:1 109:1 110:1 111:1 112:1 114:1 115:1 116:1 117:1 118:1 122:1 263:1 269:1 273:1 382:1 
13 9:1 10:1 13:1 32:1 40:1 41:1 44:1 46:1 68:1 80:1 83:1 97:1 98:1 99:1 100:1 101:1 103:1 104:1 105:1 106:1 107:1 108:1 109:1 110:1 111:1 112:1 114:1 115:1 116:1 117:1 118:1 122:1 269:1 353:1 
13 9:1 10:1 13:1 32:1 46:1 59:1 97:1 98:1 99:1 100:1 101:1 102:1 103:1 104:1 105:1 106:1 107:1 108:1 109:1 110:1 111:1 112:1 114:1 115:1 116:1 117:1 118:1 122:1 269:1 382:1 
13 9:1 10:1 13:1 32:1 34:1 44:1 46:1 72:1 77:1 79:1 83:1 97:1 98:1 99:1 100:1 101:1 103:1 105:1 106:1 107:1 108:1 109:1 110:1 111:1 112:1 114:1 115:1 116:1 117:1 118:1 122:1 263:1 269:1 353:1 
13 9:1 10:1 13:1 32:1 44:1 46:1 49:1 54:1 97:1 98:1 100:1 101:1 103:1 105:1 106:1 107:1 108:1 109:1 110:1 111:1 112:1 114:1 115:1 116:1 117:1 118:1 122:1 263:1 269:1 
13 9:1 10:1 13:1 32:1 34:1 44:1 46:1 78:1 97:1 98:1 100:1 101:1 102:1 103:1 105:1 106:1 107:1 108:1 109:1 110:1 111:1 112:1 114:1 115:1 116:1 117:1 118:1 263:1 269:1 273:1 353:1 382:1 
13 9:1 10:1 13:1 32:1 34:1 44:1 46:1 75:1 78:1 84:1 85:1 97:1 99:1 100:1 101:1 103:1 105:1 106:1 107:1 108:1 109:1 110:1 111:1 112:1 114:1 115:1 116:1 117:1 118:1 122:1 269:1 273:1 353:1 382:1 
13 9:1 10:1 13:1 32:1 40:1 41:1 44:1 46:1 50:1 53:1 67:1 71:1 73:1 83:1 97:1 98:1 99:1 100:1 101:1 103:1 104:1 105:1 106:1 107:1 108:1 109:1 110:1 111:1 112:1 114:1 115:1 116:1 117:1 118:1 122:1 171:1 187:1 263:1 269:1 273:1 353:1 382:1 
13 9:1 10:1 13:1 32:1 44:1 46:1 48:1 50:1 66:1 69:1 70:1 71:1 73:1 75:1 80:1 86:1 90:1 97:1 98:1 99:1 100:1 101:1 102:1 103:1 104:1 105:1 106:1 107:1 108:1 109:1 110:1 111:1 112:1 114:1 115:1 116:1 117:1 118:1 122:1 263:1 269:1 353:1 382:1 
13 9:1 10:1 13:1 32:1 44:1 46:1 69:1 85:1 97:1 98:1 99:1 100:1 101:1 104:1 105:1 106:1 107:1 108:1 109:1 110:1 111:1 112:1 114:1 115:1 116:1 117:1 118:1 122:1 269:1 382:1 
13 9:1 10:1 13:1 32:1 44:1 46:1 48:1 50:1 53:1 54:1 55:1 78:1 80:1 82:1 83:1 97:1 98:1 99:1 100:1 101:1 103:1 105:1 106:1 107:1 108:1 109:1 110:1 111:1 112:1 114:1 115:1 116:1 117:1 118:1 122:1 263:1 273:1 353:1 
13 9:1 10:1 13:1 32:1 39:1 44:1 46:1 69:1 71:1 78:1 86:1 97:1 98:1 100:1 101:1 102:1 103:1 105:1 106:1 107:1 108:1 109:1 110:1 111:1 112:1 114:1 115:1 116:1 117:1 118:1 122:1 269:1 382:1 8220:1 8222:1 
13 9:1 10:1 13:1 32:1 44:1 46:1 72:1 74:1 97:1 99:1 100:1 101:1 102:1 103:1 104:1 105:1 106:1 107:1 108:1 109:1 110:1 111:1 112:1 114:1 115:1 116:1 117:1 118:1 122:1 269:1 273:1 353:1 
13 9:1 10:1 13:1 32:1 44:1 46:1 97:1 98:1 99:1 100:1 101:1 103:1 105:1 106:1 107:1 108:1 109:1 110:1 111:1 112:1 114:1 115:1 116:1 117:1 118:1 122:1 269:1 273:1 
13 9:1 10:1 13:1 32:1 44:1 46:1 49:1 50:1 51:1 53:1 54:1 75:1 78:1 80:1 84:1 97:1 98:1 99:1 100:1 101:1 103:1 104:1 105:1 106:1 107:1 108:1 109:1 110:1 111:1 112:1 114:1 115:1 116:1 117:1 118:1 269:1 353:1 
13 9:1 10:1 13:1 32:1 40:1 41:1 44:1 46:1 66:1 68:1 72:1 75:1 79:1 82:1 97:1 98:1 99:1 100:1 101:1 103:1 104:1 105:1 106:1 107:1 108:1 109:1 110:1 111:1 112:1 114:1 115:1 116:1 117:1 118:1 122:1 263:1 273:1 382:1 
13 9:1 10:1 13:1 32:1 34:1 44:1 45:1 46:1 91:1 93:1 97:1 98:1 99:1 100:1 101:1 103:1 105:1 106:1 107:1 108:1 109:1 110:1 111:1 112:1 114:1 115:1 116:1 117:1 118:1 122:1 263:1 269:1 353:1 382:1 
13 9:1 10:1 13:1 32:1 40:1 41:1 44:1 46:1 48:1 49:1 66:1 72:1 77:1 82:1 83:1 97:1 98:1 99:1 100:1 101:1 102:1 103:1 104:1 105:1 106:1 107:1 108:1 109:1 110:1 111:1 112:1 114:1 115:1 116:1 117:1 118:1 122:1 263:1 269:1 273:1 353:1 382:1 
13 9:1 10:1 13:1 32:1 40:1 41:1 44:1 45:1 46:1 50:1 54:1 65:1 70:1 77:1 82:1 83:1 84:1 97:1 98:1 99:1 100:1 101:1 103:1 105:1 106:1 107:1 108:1 109:1 110:1 111:1 112:1 114:1 115:1 116:1 117:1 118:1 122:1 353:1 382:1 
13 9:1 10:1 13:1 32:1 46:1 48:1 49:1 50:1 51:1 53:1 56:1 68:1 72:1 77:1 84:1 90:1 97:1 98:1 99:1 100:1 101:1 102:1 103:1 104:1 105:1 106:1 107:1 108:1 109:1 110:1 111:1 112:1 114:1 115:1 116:1 117:1 118:1 122:1 263:1 353:1 382:1 
13 9:1 10:1 13:1 32:1 34:1 44:1 46:1 66:1 77:1 78:1 80:1 82:1 83:1 97:1 98:1 99:1 100:1 101:1 102:1 103:1 105:1 106:1 107:1 108:1 109:1 110:1 111:1 112:1 114:1 115:1 116:1 117:1 118:1 122:1 263:1 353:1 
13 9:1 10:1 13:1 32:1 34:1 44:1 46:1 66:1 75:1 78:1 80:1 83:1 97:1 98:1 99:1 100:1 101:1 103:1 105:1 106:1 107:1 108:1 109:1 110:1 111:1 112:1 114:1 115:1 116:1 117:1 118:1 122:1 269:1 382:1 
13 9:1 10:1 13:1 32:1 40:1 41:1 44:1 46:1 65:1 75:1 78:1 80:1 97:1 98:1 99:1 100:1 101:1 103:1 105:1 106:1 107:1 108:1 109:1 110:1 111:1 112:1 114:1 115:1 116:1 117:1 118:1 122:1 171:1 187:1 263:1 382:1 
13 9:1 10:1 13:1 32:1 44:1 46:1 66:1 68:1 69:1 72:1 85:1 97:1 98:1 99:1 100:1 101:1 102:1 103:1 105:1 106:1 107:1 108:1 109:1 110:1 111:1 112:1 114:1 115:1 116:1 117:1 118:1 122:1 269:1 273:1 353:1 382:1 
13 9:1 10:1 13:1 32:1 45:1 46:1 48:1 55:1 56:1 70:1 77:1 97:1 98:1 99:1 100:1 101:1 103:1 104:1 105:1 106:1 107:1 108:1 109:1 110:1 111:1 112:1 114:1 115:1 116:1 117:1 118:1 122:1 269:1 353:1 382:1 
13 9:1 10:1 13:1 32:1 34:1 44:1 46:1 69:1 72:1 73:1 76:1 83:1 85:1 90:1 97:1 98:1 99:1 100:1 101:1 103:1 104:1 105:1 106:1 107:1 108:1 109:1 110:1 111:1 112:1 114:1 115:1 116:1 117:1 118:1 122:1 263:1 269:1 273:1 353:1 
13 9:1 10:1 13:1 32:1 44:1 46:1 49:1 77:1 84:1 97:1 98:1 99:1 100:1 101:1 102:1 103:1 105:1 106:1 107:1 108:1 109:1 110:1 111:1 112:1 114:1 115:1 116:1 117:1 118:1 122:1 263:1 269:1 
13 9:1 10:1 13:1 32:1 44:1 46:1 48:1 50:1 54:1 97:1 98:1 100:1 101:1 103:1 105:1 106:1 107:1 108:1 109:1 110:1 111:1 112:1 114:1 115:1 116:1 117:1 118:1 122:1 269:1 
13 9:1 10:1 13:1 32:1 44:1 46:1 97:1 98:1 99:1 100:1 101:1 104:1 105:1 106:1 107:1 108:1 109:1 110:1 111:1 112:1 114:1 115:1 116:1 117:1 118:1 122:1 269:1 273:1 382:1 
13 9:1 10:1 13:1 32:1 34:1 40:1 41:1 44:1 46:1 97:1 98:1 99:1 100:1 101:1 103:1 105:1 106:1 107:1 108:1 109:1 110:1 111:1 112:1 114:1 115:1 116:1 117:1 118:1 122:1 263:1 269:1 273:1 353:1 382:1 
13 9:1 10:1 13:1 32:1 44:1 46:1 48:1 50:1 75:1 83:1 97:1 98:1 99:1 100:1 101:1 102:1 103:1 105:1 106:1 107:1 108:1 109:1 110:1 111:1 112:1 114:1 115:1 116:1 117:1 118:1 122:1 273:1 
13 9:1 10:1 13:1 32:1 44:1 45:1 46:1 65:1 66:1 77:1 78:1 79:1 84:1 97:1 98:1 99:1 100:1 101:1 102:1 103:1 104:1 105:1 106:1 107:1 108:1 109:1 110:1 111:1 112:1 114:1 115:1 116:1 117:1 118:1 122:1 262:1 263:1 273:1 353:1 382:1 
13 9:1 10:1 13:1 32:1 44:1 46:1 66:1 73:1 75:1 97:1 98:1 99:1 100:1 101:1 103:1 105:1 106:1 107:1 108:1 109:1 110:1 111:1 112:1 114:1 115:1 116:1 117:1 118:1 122:1 263:1 269:1 353:1 382:1 
13 9:1 10:1 13:1 32:1 34:1 44:1 46:1 75:1 77:1 78:1 80:1 83:1 85:1 97:1 98:1 100:1 101:1 103:1 104:1 105:1 106:1 107:1 108:1 109:1 110:1 111:1 112:1 114:1 115:1 116:1 117:1 118:1 263:1 273:1 353:1 382:1 
13 9:1 10:1 13:1 32:1 44:1 45:1 46:1 48:1 49:1 50:1 51:1 52:1 54:1 56:1 57:1 66:1 74:1 77:1 79:1 80:1 82:1 85:1 97:1 98:1 100:1 101:1 102:1 103:1 104:1 105:1 106:1 107:1 108:1 109:1 110:1 111:1 112:1 114:1 115:1 116:1 117:1 118:1 122:1 263:1 353:1 
13 9:1 10:1 13:1 32:1 40:1 41:1 44:1 46:1 50:1 53:1 67:1 69:1 71:1 75:1 76:1 78:1 80:1 83:1 85:1 97:1 98:1 99:1 100:1 101:1 103:1 105:1 106:1 107:1 108:1 109:1 110:1 111:1 112:1 114:1 115:1 116:1 117:1 118:1 122:1 171:1 187:1 263:1 269:1 353:1 382:1 
13 9:1 10:1 13:1 32:1 44:1 46:1 49:1 55:1 70:1 80:1 85:1 86:1 97:1 98:1 100:1 101:1 102:1 103:1 104:1 105:1 106:1 107:1 108:1 109:1 110:1 111:1 112:1 114:1 115:1 116:1 117:1 118:1 122:1 263:1 269:1 273:1 353:1 382:1 
13 9:1 10:1 13:1 32:1 34:1 44:1 46:1 48:1 50:1 52:1 66:1 69:1 83:1 90:1 97:1 98:1 99:1 100:1 101:1 103:1 104:1 105:1 106:1 107:1 108:1 109:1 110:1 111:1 112:1 114:1 115:1 116:1 117:1 118:1 122:1 269:1 273:1 353:1 382:1 
13 9:1 10:1 13:1 32:1 44:1 46:1 50:1 54:1 66:1 68:1 72:1 97:1 98:1 100:1 101:1 103:1 105:1 106:1 107:1 108:1 109:1 110:1 111:1 112:1 114:1 115:1 116:1 117:1 118:1 122:1 171:1 187:1 269:1 273:1 382:1 
13 9:1 10:1 13:1 32:1 44:1 46:1 69:1 82:1 83:1 84:1 90:1 97:1 98:1 100:1 101:1 103:1 105:1 106:1 107:1 108:1 109:1 110:1 111:1 112:1 114:1 115:1 116:1 117:1 118:1 122:1 263:1 273:1 353:1 8220:1 
13 9:1 10:1 13:1 32:1 44:1 46:1 48:1 50:1 65:1 70:1 77:1 78:1 84:1 97:1 98:1 99:1 100:1 101:1 103:1 105:1 106:1 107:1 108:1 109:1 110:1 111:1 112:1 114:1 115:1 116:1 117:1 118:1 263:1 269:1 381:1 
13 9:1 10:1 13:1 32:1 44:1 45:1 46:1 66:1 73:1 75:1 77:1 78:1 80:1 83:1 85:1 97:1 98:1 99:1 100:1 101:1 103:1 105:1 106:1 107:1 108:1 109:1 110:1 111:1 112:1 114:1 115:1 116:1 117:1 118:1 122:1 263:1 269:1 353:1 382:1 
13 9:1 10:1 13:1 32:1 44:1 46:1 49:1 50:1 51:1 79:1 97:1 98:1 99:1 100:1 101:1 103:1 105:1 106:1 107:1 108:1 109:1 110:1 111:1 112:1 114:1 115:1 116:1 117:1 118:1 122:1 263:1 353:1 382:1 
13 9:1 10:1 13:1 32:1 44:1 45:1 46:1 73:1 83:1 97:1 98:1 99:1 100:1 101:1 103:1 105:1 106:1 107:1 108:1 109:1 110:1 111:1 112:1 114:1 115:1 116:1 117:1 118:1 122:1 263:1 269:1 353:1 
13 9:1 10:1 13:1 32:1 40:1 41:1 44:1 45:1 46:1 65:1 73:1 77:1 80:1 84:1 97:1 99:1 100:1 101:1 103:1 105:1 106:1 107:1 110:1 111:1 112:1 114:1 115:1 116:1 117:1 118:1 121:1 122:1 263:1 353:1 382:1 
13 9:1 10:1 13:1 32:1 40:1 41:1 45:1 46:1 65:1 67:1 69:1 71:1 74:1 75:1 77:1 78:1 79:1 83:1 84:1 85:1 97:1 98:1 100:1 101:1 103:1 105:1 106:1 107:1 108:1 109:1 110:1 111:1 112:1 114:1 115:1 116:1 117:1 118:1 122:1 263:1 269:1 273:1 353:1 382:1 
13 9:1 10:1 13:1 32:1 45:1 46:1 65:1 78:1 80:1 82:1 85:1 97:1 98:1 99:1 100:1 101:1 103:1 105:1 106:1 107:1 108:1 109:1 110:1 111:1 112:1 114:1 115:1 116:1 117:1 118:1 122:1 353:1 
13 9:1 10:1 13:1 32:1 44:1 46:1 97:1 98:1 100:1 101:1 103:1 105:1 106:1 107:1 108:1 109:1 110:1 111:1 112:1 114:1 115:1 116:1 117:1 118:1 122:1 263:1 269:1 
13 9:1 10:1 13:1 32:1 44:1 46:1 48:1 49:1 51:1 52:1 55:1 65:1 69:1 71:1 77:1 78:1 79:1 83:1 97:1 98:1 99:1 100:1 101:1 103:1 104:1 105:1 106:1 107:1 108:1 109:1 110:1 111:1 112:1 114:1 115:1 116:1 117:1 118:1 122:1 263:1 269:1 353:1 382:1 
13 9:1 10:1 13:1 32:1 44:1 46:1 66:1 68:1 79:1 97:1 98:1 99:1 100:1 101:1 103:1 104:1 105:1 106:1 107:1 108:1 109:1 110:1 111:1 112:1 114:1 115:1 116:1 117:1 118:1 122:1 263:1 269:1 381:1 382:1 
13 9:1 10:1 13:1 32:1 44:1 46:1 71:1 84:1 97:1 99:1 100:1 101:1 103:1 104:1 105:1 106:1 107:1 108:1 109:1 110:1 111:1 112:1 114:1 115:1 116:1 117:1 118:1 122:1 263:1 269:1 353:1 
13 9:1 10:1 13:1 32:1 44:1 46:1 78:1 83:1 84:1 97:1 98:1 99:1 100:1 101:1 103:1 104:1 105:1 106:1 107:1 108:1 109:1 110:1 111:1 112:1 114:1 115:1 116:1 117:1 118:1 122:1 171:1 187:1 269:1 353:1 382:1 
13 9:1 10:1 13:1 32:1 44:1 46:1 49:1 51:1 54:1 57:1 69:1 75:1 84:1 85:1 97:1 99:1 100:1 101:1 103:1 105:1 106:1 107:1 108:1 109:1 110:1 111:1 112:1 114:1 115:1 116:1 117:1 118:1 122:1 263:1 269:1 353:1 382:1 
13 9:1 10:1 13:1 32:1 40:1 41:1 44:1 46:1 49:1 54:1 71:1 78:1 84:1 97:1 98:1 99:1 100:1 101:1 103:1 104:1 105:1 106:1 107:1 108:1 109:1 110:1 111:1 112:1 114:1 115:1 116:1 117:1 118:1 122:1 269:1 273:1 353:1 382:1 
13 9:1 10:1 13:1 32:1 44:1 46:1 69:1 71:1 75:1 77:1 78:1 79:1 82:1 85:1 86:1 97:1 98:1 99:1 100:1 101:1 103:1 104:1 105:1 106:1 107:1 108:1 109:1 110:1 111:1 112:1 114:1 115:1 116:1 117:1 118:1 122:1 171:1 187:1 269:1 353:1 382:1 
13 9:1 10:1 13:1 32:1 44:1 45:1 46:1 49:1 50:1 66:1 67:1 70:1 71:1 72:1 75:1 76:1 79:1 80:1 85:1 86:1 97:1 98:1 99:1 100:1 101:1 102:1 103:1 104:1 105:1 106:1 107:1 108:1 109:1 110:1 111:1 112:1 114:1 115:1 116:1 117:1 118:1 122:1 269:1 353:1 
13 9:1 10:1 13:1 32:1 34:1 40:1 41:1 44:1 46:1 59:1 66:1 69:1 73:1 75:1 77:1 97:1 100:1 101:1 103:1 105:1 106:1 107:1 108:1 109:1 110:1 111:1 112:1 114:1 115:1 117:1 118:1 122:1 381:1 
13 9:1 10:1 13:1 32:1 44:1 46:1 66:1 69:1 72:1 78:1 80:1 86:1 97:1 98:1 99:1 100:1 101:1 102:1 103:1 105:1 106:1 107:1 108:1 109:1 110:1 111:1 112:1 114:1 115:1 116:1 117:1 118:1 122:1 171:1 187:1 263:1 353:1 
13 9:1 10:1 13:1 32:1 44:1 46:1 66:1 72:1 75:1 77:1 83:1 84:1 97:1 98:1 99:1 100:1 101:1 103:1 104:1 105:1 106:1 107:1 108:1 109:1 110:1 111:1 112:1 114:1 115:1 116:1 117:1 118:1 120:1 122:1 269:1 382:1 
13 9:1 10:1 13:1 32:1 40:1 41:1 44:1 45:1 46:1 48:1 49:1 50:1 51:1 54:1 65:1 66:1 68:1 80:1 97:1 98:1 100:1 101:1 103:1 105:1 106:1 107:1 108:1 109:1 110:1 111:1 112:1 114:1 115:1 116:1 117:1 118:1 122:1 269:1 353:1 
13 9:1 10:1 13:1 32:1 44:1 45:1 46:1 48:1 50:1 51:1 53:1 55:1 66:1 75:1 82:1 83:1 84:1 97:1 98:1 99:1 100:1 101:1 103:1 104:1 105:1 106:1 107:1 108:1 109:1 110:1 111:1 112:1 114:1 115:1 116:1 117:1 118:1 122:1 263:1 353:1 
13 9:1 10:1 13:1 32:1 34:1 44:1 46:1 70:1 72:1 78:1 83:1 97:1 98:1 99:1 100:1 101:1 103:1 105:1 106:1 107:1 108:1 109:1 110:1 111:1 112:1 114:1 115:1 116:1 117:1 118:1 122:1 269:1 353:1 382:1 
13 9:1 10:1 13:1 32:1 44:1 45:1 46:1 97:1 98:1 99:1 100:1 101:1 105:1 106:1 107:1 108:1 109:1 110:1 111:1 112:1 114:1 115:1 116:1 117:1 118:1 122:1 353:1 382:1 
13 9:1 10:1 13:1 32:1 40:1 41:1 44:1 46:1 48:1 49:1 50:1 51:1 52:1 53:1 69:1 71:1 73:1 85:1 97:1 98:1 99:1 100:1 101:1 103:1 105:1 106:1 107:1 108:1 109:1 110:1 111:1 112:1 114:1 115:1 116:1 117:1 118:1 122:1 263:1 269:1 
13 9:1 10:1 13:1 32:1 40:1 41:1 44:1 46:1 50:1 55:1 66:1 69:1 79:1 80:1 97:1 98:1 99:1 100:1 101:1 102:1 103:1 105:1 106:1 107:1 108:1 109:1 110:1 111:1 112:1 114:1 115:1 116:1 117:1 118:1 122:1 269:1 353:1 382:1 
13 9:1 10:1 13:1 32:1 44:1 46:1 47:1 66:1 68:1 69:1 72:1 77:1 79:1 82:1 83:1 84:1 86:1 91:1 93:1 97:1 98:1 99:1 100:1 101:1 103:1 104:1 105:1 106:1 107:1 108:1 109:1 110:1 111:1 112:1 114:1 115:1 116:1 117:1 118:1 122:1 263:1 269:1 353:1 382:1 8220:1 8222:1 
13 9:1 10:1 13:1 32:1 40:1 41:1 45:1 46:1 50:1 57:1 65:1 66:1 71:1 72:1 73:1 74:1 75:1 78:1 79:1 83:1 84:1 91:1 93:1 97:1 98:1 100:1 101:1 102:1 103:1 104:1 105:1 106:1 107:1 108:1 109:1 110:1 111:1 112:1 114:1 115:1 116:1 117:1 118:1 122:1 269:1 353:1 382:1 
13 9:1 10:1 13:1 32:1 44:1 46:1 72:1 75:1 83:1 97:1 98:1 99:1 100:1 101:1 103:1 105:1 106:1 107:1 108:1 109:1 110:1 111:1 112:1 114:1 115:1 116:1 117:1 118:1 122:1 263:1 269:1 273:1 353:1 
13 9:1 10:1 13:1 32:1 34:1 44:1 46:1 48:1 50:1 56:1 97:1 98:1 99:1 100:1 101:1 103:1 105:1 106:1 107:1 108:1 109:1 110:1 111:1 112:1 114:1 115:1 116:1 117:1 118:1 269:1 
13 9:1 10:1 13:1 32:1 46:1 59:1 68:1 71:1 72:1 75:1 77:1 80:1 84:1 90:1 97:1 98:1 100:1 101:1 103:1 104:1 105:1 106:1 107:1 108:1 109:1 110:1 111:1 112:1 114:1 115:1 116:1 117:1 118:1 122:1 263:1 269:1 353:1 382:1 
13 9:1 10:1 13:1 32:1 44:1 46:1 48:1 49:1 50:1 51:1 65:1 97:1 100:1 101:1 103:1 105:1 106:1 107:1 108:1 109:1 110:1 111:1 112:1 114:1 115:1 116:1 117:1 118:1 263:1 273:1 353:1 382:1 
13 9:1 10:1 13:1 32:1 46:1 65:1 71:1 97:1 98:1 100:1 101:1 103:1 104:1 105:1 106:1 107:1 108:1 109:1 110:1 111:1 112:1 114:1 115:1 116:1 117:1 118:1 122:1 263:1 273:1 
13 9:1 10:1 13:1 32:1 44:1 46:1 66:1 69:1 71:1 72:1 73:1 75:1 76:1 78:1 79:1 80:1 83:1 84:1 90:1 97:1 98:1 100:1 101:1 104:1 105:1 106:1 107:1 108:1 109:1 110:1 111:1 112:1 114:1 115:1 116:1 117:1 118:1 122:1 269:1 382:1 
13 9:1 10:1 13:1 32:1 44:1 46:1 73:1 74:1 75:1 80:1 97:1 98:1 99:1 100:1 101:1 102:1 103:1 104:1 105:1 106:1 107:1 108:1 109:1 110:1 111:1 112:1 114:1 115:1 116:1 117:1 118:1 122:1 171:1 187:1 269:1 273:1 353:1 382:1 
13 9:1 10:1 13:1 32:1 44:1 46:1 72:1 78:1 82:1 83:1 85:1 97:1 98:1 99:1 100:1 101:1 102:1 103:1 105:1 106:1 107:1 108:1 109:1 110:1 111:1 112:1 114:1 115:1 116:1 117:1 118:1 122:1 263:1 269:1 353:1 
13 9:1 10:1 13:1 32:1 33:1 44:1 46:1 68:1 97:1 98:1 99:1 100:1 101:1 102:1 103:1 104:1 105:1 106:1 107:1 108:1 109:1 110:1 111:1 112:1 114:1 115:1 116:1 117:1 118:1 122:1 263:1 269:1 353:1 382:1 
13 9:1 10:1 13:1 32:1 44:1 46:1 48:1 49:1 50:1 55:1 56:1 57:1 66:1 97:1 99:1 100:1 101:1 103:1 104:1 105:1 106:1 107:1 108:1 109:1 110:1 111:1 112:1 114:1 115:1 116:1 117:1 118:1 122:1 269:1 273:1 353:1 
13 9:1 10:1 13:1 32:1 40:1 41:1 46:1 49:1 51:1 66:1 97:1 98:1 100:1 101:1 103:1 104:1 105:1 106:1 107:1 108:1 109:1 110:1 111:1 112:1 114:1 115:1 116:1 117:1 118:1 122:1 269:1 353:1 382:1 
13 9:1 10:1 13:1 32:1 44:1 46:1 49:1 69:1 75:1 85:1 97:1 98:1 100:1 101:1 102:1 103:1 105:1 106:1 107:1 108:1 109:1 110:1 111:1 112:1 114:1 115:1 116:1 117:1 118:1 263:1 269:1 382:1 
13 9:1 10:1 13:1 32:1 34:1 44:1 46:1 77:1 78:1 85:1 97:1 98:1 99:1 100:1 101:1 103:1 105:1 106:1 107:1 108:1 109:1 110:1 111:1 112:1 114:1 115:1 116:1 117:1 118:1 122:1 263:1 382:1 
13 9:1 10:1 13:1 32:1 40:1 41:1 46:1 49:1 53:1 54:1 56:1 66:1 71:1 76:1 79:1 80:1 85:1 97:1 98:1 99:1 100:1 101:1 103:1 105:1 106:1 107:1 108:1 109:1 110:1 111:1 112:1 114:1 115:1 116:1 117:1 118:1 122:1 269:1 353:1 
13 9:1 10:1 13:1 32:1 34:1 44:1 46:1 73:1 75:1 79:1 80:1 83:1 84:1 85:1 97:1 98:1 100:1 101:1 105:1 106:1 107:1 108:1 109:1 110:1 111:1 112:1 114:1 115:1 116:1 117:1 118:1 122:1 263:1 269:1 273:1 382:1 
13 9:1 10:1 13:1 32:1 46:1 49:1 50:1 77:1 80:1 83:1 97:1 98:1 99:1 100:1 101:1 102:1 103:1 104:1 105:1 106:1 107:1 108:1 109:1 110:1 111:1 112:1 114:1 115:1 116:1 117:1 118:1 122:1 263:1 382:1 
13 9:1 10:1 13:1 32:1 40:1 41:1 44:1 45:1 46:1 65:1 69:1 73:1 75:1 78:1 80:1 82:1 97:1 98:1 99:1 100:1 101:1 105:1 106:1 107:1 108:1 109:1 110:1 111:1 112:1 114:1 115:1 116:1 117:1 118:1 122:1 269:1 273:1 353:1 382:1 
13 9:1 10:1 13:1 32:1 34:1 44:1 46:1 66:1 69:1 80:1 97:1 98:1 99:1 100:1 101:1 103:1 104:1 105:1 106:1 107:1 108:1 110:1 111:1 112:1 114:1 115:1 116:1 117:1 118:1 122:1 263:1 269:1 
13 9:1 10:1 13:1 32:1 40:1 41:1 44:1 46:1 50:1 51:1 67:1 71:1 73:1 80:1 82:1 87:1 97:1 98:1 99:1 100:1 101:1 102:1 103:1 105:1 106:1 107:1 108:1 109:1 110:1 111:1 112:1 114:1 115:1 116:1 117:1 118:1 122:1 263:1 269:1 353:1 
13 9:1 10:1 13:1 32:1 40:1 41:1 44:1 46:1 49:1 54:1 66:1 71:1 72:1 75:1 86:1 90:1 97:1 98:1 99:1 100:1 101:1 103:1 105:1 106:1 107:1 108:1 109:1 110:1 111:1 112:1 114:1 115:1 116:1 117:1 118:1 122:1 263:1 269:1 353:1 382:1 
13 9:1 10:1 13:1 32:1 34:1 44:1 46:1 69:1 97:1 99:1 100:1 101:1 102:1 103:1 104:1 105:1 106:1 107:1 108:1 109:1 110:1 111:1 112:1 114:1 115:1 116:1 117:1 118:1 122:1 263:1 353:1 382:1 
13 9:1 10:1 13:1 32:1 44:1 45:1 46:1 65:1 66:1 67:1 71:1 72:1 75:1 77:1 82:1 83:1 84:1 97:1 98:1 99:1 100:1 101:1 102:1 103:1 104:1 105:1 106:1 107:1 108:1 109:1 110:1 111:1 112:1 114:1 115:1 116:1 117:1 118:1 122:1 269:1 273:1 
13 9:1 10:1 13:1 32:1 44:1 46:1 48:1 50:1 97:1 98:1 99:1 100:1 101:1 103:1 105:1 106:1 107:1 108:1 109:1 110:1 111:1 112:1 114:1 115:1 116:1 117:1 118:1 122:1 263:1 269:1 353:1 
13 9:1 10:1 13:1 32:1 40:1 41:1 44:1 46:1 67:1 68:1 75:1 80:1 83:1 97:1 98:1 99:1 100:1 101:1 103:1 105:1 106:1 107:1 108:1 109:1 110:1 111:1 112:1 114:1 115:1 116:1 117:1 118:1 122:1 263:1 269:1 382:1 
13 9:1 10:1 13:1 32:1 44:1 46:1 66:1 97:1 98:1 99:1 100:1 101:1 103:1 105:1 106:1 107:1 108:1 109:1 110:1 111:1 112:1 114:1 115:1 116:1 117:1 118:1 122:1 263:1 269:1 353:1 
13 9:1 10:1 13:1 32:1 34:1 44:1 46:1 69:1 75:1 77:1 82:1 85:1 97:1 99:1 100:1 101:1 103:1 104:1 105:1 106:1 107:1 108:1 109:1 110:1 111:1 112:1 114:1 115:1 116:1 117:1 118:1 122:1 263:1 273:1 353:1 382:1 
13 9:1 10:1 13:1 32:1 44:1 45:1 46:1 65:1 68:1 75:1 76:1 80:1 97:1 98:1 99:1 100:1 101:1 104:1 105:1 106:1 107:1 108:1 109:1 110:1 111:1 112:1 114:1 115:1 116:1 117:1 118:1 122:1 263:1 
13 9:1 10:1 13:1 32:1 34:1 39:1 44:1 46:1 65:1 75:1 78:1 83:1 97:1 98:1 100:1 101:1 102:1 103:1 104:1 105:1 106:1 107:1 108:1 109:1 110:1 111:1 112:1 114:1 115:1 116:1 117:1 118:1 122:1 269:1 353:1 382:1 
13 9:1 10:1 13:1 32:1 44:1 46:1 71:1 80:1 97:1 98:1 100:1 101:1 103:1 105:1 106:1 107:1 108:1 109:1 110:1 111:1 112:1 114:1 115:1 116:1 117:1 118:1 122:1 263:1 269:1 382:1 
13 9:1 10:1 13:1 32:1 34:1 44:1 46:1 77:1 79:1 80:1 83:1 97:1 98:1 99:1 100:1 101:1 103:1 104:1 105:1 106:1 107:1 108:1 109:1 110:1 111:1 112:1 114:1 115:1 116:1 117:1 118:1 122:1 263:1 269:1 353:1 382:1 
13 9:1 10:1 13:1 32:1 44:1 46:1 68:1 75:1 78:1 97:1 98:1 100:1 101:1 102:1 103:1 105:1 106:1 107:1 108:1 109:1 110:1 111:1 112:1 114:1 115:1 116:1 117:1 118:1 122:1 263:1 353:1 382:1 
13 9:1 10:1 13:1 32:1 44:1 46:1 69:1 72:1 75:1 83:1 84:1 97:1 99:1 100:1 101:1 103:1 104:1 105:1 106:1 107:1 108:1 109:1 110:1 111:1 112:1 114:1 115:1 116:1 117:1 118:1 122:1 263:1 353:1 8220:1 8222:1 
13 9:1 10:1 13:1 32:1 44:1 46:1 69:1 70:1 75:1 80:1 83:1 97:1 98:1 99:1 100:1 101:1 103:1 105:1 106:1 107:1 108:1 109:1 110:1 111:1 112:1 114:1 115:1 116:1 117:1 118:1 122:1 263:1 
13 9:1 10:1 13:1 32:1 44:1 46:1 97:1 98:1 99:1 100:1 101:1 102:1 103:1 104:1 105:1 106:1 107:1 108:1 109:1 110:1 111:1 112:1 114:1 115:1 116:1 117:1 118:1 122:1 263:1 269:1 273:1 382:1 
13 9:1 10:1 13:1 32:1 40:1 41:1 44:1 45:1 46:1 66:1 68:1 77:1 80:1 82:1 83:1 90:1 97:1 98:1 99:1 100:1 101:1 102:1 104:1 105:1 106:1 107:1 108:1 109:1 110:1 111:1 112:1 114:1 115:1 116:1 117:1 118:1 122:1 263:1 269:1 273:1 382:1 
13 9:1 10:1 13:1 32:1 34:1 44:1 46:1 65:1 73:1 80:1 85:1 97:1 98:1 99:1 100:1 101:1 102:1 103:1 104:1 105:1 106:1 107:1 108:1 109:1 110:1 111:1 112:1 114:1 115:1 116:1 117:1 118:1 122:1 263:1 353:1 
